[INFO] 24-03-2025 11:48:47 [main] [MethodUtil] - ✅ Scrolled to element Account Button
[INFO] 24-03-2025 11:48:49 [main] [MethodUtil] - ✅ Scrolled to element Sign In
[INFO] 24-03-2025 11:49:00 [main] [MethodUtil] - ✅ Scrolled to element Email
[INFO] 24-03-2025 11:49:01 [main] [MethodUtil] - ✅ Scrolled to element Password
[INFO] 24-03-2025 11:49:02 [main] [MethodUtil] - ✅ Scrolled to element Submit
[INFO] 24-03-2025 11:49:16 [main] [MethodUtil] - ✅ Scrolled to element Account Button
[INFO] 24-03-2025 11:49:17 [main] [MethodUtil] - ✅ Scrolled to element Manage Account
[INFO] 24-03-2025 11:49:18 [main] [MethodUtil] - ✅ Scrolled to element Billing pref
[INFO] 24-03-2025 11:49:19 [main] [MethodUtil] - ✅ Scrolled to element Add Address
[INFO] 24-03-2025 11:49:19 [main] [MethodUtil] - ✅ Scrolled to element BusinessName
[INFO] 24-03-2025 11:49:20 [main] [MethodUtil] - ✅ Scrolled to element Address Name
[INFO] 24-03-2025 11:49:20 [main] [MethodUtil] - ✅ Scrolled to element AddressLine1 
[INFO] 24-03-2025 11:49:21 [main] [MethodUtil] - ✅ Scrolled to element AddressLine2 
[INFO] 24-03-2025 11:49:21 [main] [MethodUtil] - ✅ Scrolled to element cith
[INFO] 24-03-2025 11:49:22 [main] [MethodUtil] - ✅ Scrolled to element Country
[INFO] 24-03-2025 11:49:23 [main] [MethodUtil] - Text Afghanistan is retrieved from country
[INFO] 24-03-2025 11:49:23 [main] [MethodUtil] - ✅ Scrolled to element country
[INFO] 24-03-2025 11:49:24 [main] [MethodUtil] - ✅ Scrolled to element State
[INFO] 24-03-2025 11:49:24 [main] [MethodUtil] - ✅ Scrolled to element postal code
[INFO] 24-03-2025 11:49:25 [main] [MethodUtil] - ✅ Scrolled to element Save
[INFO] 24-03-2025 12:34:41 [main] [MethodUtil] - ✅ Scrolled to element Account Button
[INFO] 24-03-2025 12:34:42 [main] [MethodUtil] - ✅ Scrolled to element Sign In
[INFO] 24-03-2025 12:34:51 [main] [MethodUtil] - ✅ Scrolled to element Email
[INFO] 24-03-2025 12:34:53 [main] [MethodUtil] - ✅ Scrolled to element Password
[INFO] 24-03-2025 12:34:54 [main] [MethodUtil] - ✅ Scrolled to element Submit
[INFO] 24-03-2025 12:35:09 [main] [MethodUtil] - ✅ Scrolled to element Account Button
[INFO] 24-03-2025 12:35:09 [main] [MethodUtil] - ✅ Scrolled to element Manage Account
[INFO] 24-03-2025 12:35:10 [main] [MethodUtil] - ✅ Scrolled to element Billing pref
[INFO] 24-03-2025 12:35:11 [main] [MethodUtil] - ✅ Scrolled to element Add Address
[INFO] 24-03-2025 12:35:12 [main] [MethodUtil] - ✅ Scrolled to element BusinessName
[INFO] 24-03-2025 12:35:12 [main] [MethodUtil] - ✅ Scrolled to element Address Name
[INFO] 24-03-2025 12:35:13 [main] [MethodUtil] - ✅ Scrolled to element AddressLine1 
[INFO] 24-03-2025 12:35:13 [main] [MethodUtil] - ✅ Scrolled to element AddressLine2 
[INFO] 24-03-2025 12:35:14 [main] [MethodUtil] - ✅ Scrolled to element cith
[INFO] 24-03-2025 12:35:14 [main] [MethodUtil] - ✅ Scrolled to element Country
[INFO] 24-03-2025 12:35:16 [main] [MethodUtil] - ✅ Scrolled to element State
[INFO] 24-03-2025 12:35:16 [main] [MethodUtil] - ✅ Scrolled to element postal code
[INFO] 24-03-2025 12:35:17 [main] [MethodUtil] - ✅ Scrolled to element Save
[INFO] 24-03-2025 12:46:18 [main] [MethodUtil] - ✅ Scrolled to element Account Button
[INFO] 24-03-2025 12:46:19 [main] [MethodUtil] - ✅ Scrolled to element Sign In
[INFO] 24-03-2025 12:46:29 [main] [MethodUtil] - ✅ Scrolled to element Email
[INFO] 24-03-2025 12:46:29 [main] [MethodUtil] - ✅ Scrolled to element Password
[INFO] 24-03-2025 12:46:30 [main] [MethodUtil] - ✅ Scrolled to element Submit
[INFO] 24-03-2025 12:46:44 [main] [MethodUtil] - ✅ Scrolled to element Account Button
[INFO] 24-03-2025 12:46:45 [main] [MethodUtil] - ✅ Scrolled to element Manage Account
[INFO] 24-03-2025 12:46:46 [main] [MethodUtil] - ✅ Scrolled to element Profile Mangement
[INFO] 24-03-2025 12:46:47 [main] [MethodUtil] - ✅ Scrolled to element Add Contact
[INFO] 24-03-2025 12:46:47 [main] [MethodUtil] - ✅ Scrolled to element Enter Contact
[INFO] 24-03-2025 12:46:48 [main] [MethodUtil] - ✅ Scrolled to element Save Contact
[INFO] 24-03-2025 15:58:02 [main] [MethodUtil] - ✅ Scrolled to element Account Button
[INFO] 24-03-2025 15:58:03 [main] [MethodUtil] - ✅ Scrolled to element Sign In
[INFO] 24-03-2025 15:58:13 [main] [MethodUtil] - ✅ Scrolled to element Email
[INFO] 24-03-2025 15:58:15 [main] [MethodUtil] - ✅ Scrolled to element Password
[INFO] 24-03-2025 15:58:16 [main] [MethodUtil] - ✅ Scrolled to element Submit
[INFO] 24-03-2025 15:59:50 [main] [MethodUtil] - ✅ Scrolled to element Account Button
[INFO] 24-03-2025 15:59:51 [main] [MethodUtil] - ✅ Scrolled to element Sign In
[INFO] 24-03-2025 16:00:00 [main] [MethodUtil] - ✅ Scrolled to element Email
[INFO] 24-03-2025 16:00:02 [main] [MethodUtil] - ✅ Scrolled to element Password
[INFO] 24-03-2025 16:00:02 [main] [MethodUtil] - ✅ Scrolled to element Submit
[INFO] 24-03-2025 16:02:17 [main] [MethodUtil] - ✅ Scrolled to element Account Button
[INFO] 24-03-2025 16:02:18 [main] [MethodUtil] - ✅ Scrolled to element Sign In
[INFO] 24-03-2025 16:02:27 [main] [MethodUtil] - ✅ Scrolled to element Email
[INFO] 24-03-2025 16:02:28 [main] [MethodUtil] - ✅ Scrolled to element Password
[INFO] 24-03-2025 16:02:29 [main] [MethodUtil] - ✅ Scrolled to element Submit
[INFO] 24-03-2025 16:02:48 [main] [MethodUtil] - ✅ Scrolled to element Account Button
[INFO] 24-03-2025 16:02:49 [main] [MethodUtil] - ✅ Scrolled to element Manage Account
[INFO] 24-03-2025 16:04:23 [main] [MethodUtil] - ✅ Scrolled to element Account Button
[INFO] 24-03-2025 16:04:24 [main] [MethodUtil] - ✅ Scrolled to element Sign In
[INFO] 24-03-2025 16:04:34 [main] [MethodUtil] - ✅ Scrolled to element Email
[INFO] 24-03-2025 16:04:35 [main] [MethodUtil] - ✅ Scrolled to element Password
[INFO] 24-03-2025 16:04:36 [main] [MethodUtil] - ✅ Scrolled to element Submit
[INFO] 24-03-2025 16:04:58 [main] [MethodUtil] - ✅ Scrolled to element Account Button
[INFO] 24-03-2025 16:04:58 [main] [MethodUtil] - ✅ Scrolled to element Manage Account
[INFO] 24-03-2025 16:04:59 [main] [MethodUtil] - ✅ Scrolled to element Billing pref
[INFO] 24-03-2025 16:05:03 [main] [MethodUtil] - ✅ Scrolled to element Add Address
[INFO] 24-03-2025 16:05:03 [main] [MethodUtil] - ✅ Scrolled to element BusinessName
[INFO] 24-03-2025 16:05:04 [main] [MethodUtil] - ✅ Scrolled to element Address Name
[INFO] 24-03-2025 16:05:04 [main] [MethodUtil] - ✅ Scrolled to element AddressLine1 
[INFO] 24-03-2025 16:05:05 [main] [MethodUtil] - ✅ Scrolled to element AddressLine2 
[INFO] 24-03-2025 16:05:05 [main] [MethodUtil] - ✅ Scrolled to element cith
[INFO] 24-03-2025 16:05:06 [main] [MethodUtil] - ✅ Scrolled to element Country
[INFO] 24-03-2025 16:05:07 [main] [MethodUtil] - Text Afghanistan is retrieved from country
[INFO] 24-03-2025 16:05:07 [main] [MethodUtil] - ✅ Scrolled to element country
[INFO] 24-03-2025 16:05:08 [main] [MethodUtil] - ✅ Scrolled to element State
[INFO] 24-03-2025 16:05:08 [main] [MethodUtil] - ✅ Scrolled to element postal code
[INFO] 24-03-2025 16:05:09 [main] [MethodUtil] - ✅ Scrolled to element Save
[INFO] 24-03-2025 16:06:33 [main] [MethodUtil] - ✅ Scrolled to element Account Button
[INFO] 24-03-2025 16:06:34 [main] [MethodUtil] - ✅ Scrolled to element Sign In
[INFO] 24-03-2025 16:06:43 [main] [MethodUtil] - ✅ Scrolled to element Email
[INFO] 24-03-2025 16:06:44 [main] [MethodUtil] - ✅ Scrolled to element Password
[INFO] 24-03-2025 16:06:45 [main] [MethodUtil] - ✅ Scrolled to element Submit
[INFO] 24-03-2025 16:07:01 [main] [MethodUtil] - ✅ Scrolled to element Account Button
[INFO] 24-03-2025 16:07:02 [main] [MethodUtil] - ✅ Scrolled to element Manage Account
[INFO] 24-03-2025 16:07:03 [main] [MethodUtil] - ✅ Scrolled to element Billing pref
[INFO] 24-03-2025 16:07:04 [main] [MethodUtil] - ✅ Scrolled to element Add Address
[INFO] 24-03-2025 16:07:05 [main] [MethodUtil] - ✅ Scrolled to element BusinessName
[INFO] 24-03-2025 16:07:05 [main] [MethodUtil] - ✅ Scrolled to element Address Name
[INFO] 24-03-2025 16:07:06 [main] [MethodUtil] - ✅ Scrolled to element AddressLine1 
[INFO] 24-03-2025 16:07:06 [main] [MethodUtil] - ✅ Scrolled to element AddressLine2 
[INFO] 24-03-2025 16:07:07 [main] [MethodUtil] - ✅ Scrolled to element cith
[INFO] 24-03-2025 16:07:08 [main] [MethodUtil] - ✅ Scrolled to element Country
[INFO] 24-03-2025 16:07:09 [main] [MethodUtil] - Text Afghanistan is retrieved from country
[INFO] 24-03-2025 16:07:09 [main] [MethodUtil] - ✅ Scrolled to element country
[INFO] 24-03-2025 16:07:09 [main] [MethodUtil] - ✅ Scrolled to element State
[INFO] 24-03-2025 16:07:10 [main] [MethodUtil] - ✅ Scrolled to element postal code
[INFO] 24-03-2025 16:07:10 [main] [MethodUtil] - ✅ Scrolled to element Save
[INFO] 24-03-2025 16:12:31 [main] [MethodUtil] - ✅ Scrolled to element Account Button
[INFO] 24-03-2025 16:12:32 [main] [MethodUtil] - ✅ Scrolled to element Sign In
[INFO] 24-03-2025 16:12:42 [main] [MethodUtil] - ✅ Scrolled to element Email
[INFO] 24-03-2025 16:12:44 [main] [MethodUtil] - ✅ Scrolled to element Password
[INFO] 24-03-2025 16:12:45 [main] [MethodUtil] - ✅ Scrolled to element Submit
[INFO] 24-03-2025 16:13:01 [main] [MethodUtil] - ✅ Scrolled to element Account Button
[INFO] 24-03-2025 16:13:02 [main] [MethodUtil] - ✅ Scrolled to element Manage Account
[INFO] 24-03-2025 16:13:03 [main] [MethodUtil] - ✅ Scrolled to element Billing pref
[INFO] 24-03-2025 16:13:04 [main] [MethodUtil] - ✅ Scrolled to element Add Address
[INFO] 24-03-2025 16:13:04 [main] [MethodUtil] - ✅ Scrolled to element BusinessName
[INFO] 24-03-2025 16:13:04 [main] [MethodUtil] - ✅ Scrolled to element Address Name
[INFO] 24-03-2025 16:13:05 [main] [MethodUtil] - ✅ Scrolled to element AddressLine1 
[INFO] 24-03-2025 16:13:06 [main] [MethodUtil] - ✅ Scrolled to element AddressLine2 
[INFO] 24-03-2025 16:13:06 [main] [MethodUtil] - ✅ Scrolled to element cith
[INFO] 24-03-2025 16:13:07 [main] [MethodUtil] - ✅ Scrolled to element Country
[INFO] 24-03-2025 16:13:08 [main] [MethodUtil] - Text Afghanistan is retrieved from country
[INFO] 24-03-2025 16:13:08 [main] [MethodUtil] - ✅ Scrolled to element country
[INFO] 24-03-2025 16:13:08 [main] [MethodUtil] - ✅ Scrolled to element State
[INFO] 24-03-2025 16:13:09 [main] [MethodUtil] - ✅ Scrolled to element postal code
[INFO] 24-03-2025 16:13:10 [main] [MethodUtil] - ✅ Scrolled to element Save
[INFO] 24-03-2025 16:13:11 [main] [MethodUtil] - ✅ Scrolled to element HomePage
[INFO] 24-03-2025 16:20:12 [main] [MethodUtil] - ✅ Scrolled to element Account Button
[INFO] 24-03-2025 16:20:13 [main] [MethodUtil] - ✅ Scrolled to element Sign In
[INFO] 24-03-2025 16:20:23 [main] [MethodUtil] - ✅ Scrolled to element Email
[INFO] 24-03-2025 16:20:23 [main] [MethodUtil] - ✅ Scrolled to element Password
[INFO] 24-03-2025 16:20:24 [main] [MethodUtil] - ✅ Scrolled to element Submit
[INFO] 24-03-2025 16:20:43 [main] [MethodUtil] - ✅ Scrolled to element Account Button
[INFO] 24-03-2025 16:20:44 [main] [MethodUtil] - ✅ Scrolled to element Manage Account
[INFO] 24-03-2025 16:20:45 [main] [MethodUtil] - ✅ Scrolled to element Billing pref
[INFO] 24-03-2025 16:20:49 [main] [MethodUtil] - ✅ Scrolled to element Add Address
[INFO] 24-03-2025 16:20:49 [main] [MethodUtil] - ✅ Scrolled to element BusinessName
[INFO] 24-03-2025 16:20:50 [main] [MethodUtil] - ✅ Scrolled to element Address Name
[INFO] 24-03-2025 16:20:50 [main] [MethodUtil] - ✅ Scrolled to element AddressLine1 
[INFO] 24-03-2025 16:20:51 [main] [MethodUtil] - ✅ Scrolled to element AddressLine2 
[INFO] 24-03-2025 16:20:52 [main] [MethodUtil] - ✅ Scrolled to element cith
[INFO] 24-03-2025 16:20:52 [main] [MethodUtil] - ✅ Scrolled to element Country
[INFO] 24-03-2025 16:20:53 [main] [MethodUtil] - Text Afghanistan is retrieved from country
[INFO] 24-03-2025 16:20:53 [main] [MethodUtil] - ✅ Scrolled to element country
[INFO] 24-03-2025 16:20:54 [main] [MethodUtil] - ✅ Scrolled to element State
[INFO] 24-03-2025 16:20:54 [main] [MethodUtil] - ✅ Scrolled to element postal code
[INFO] 24-03-2025 16:20:55 [main] [MethodUtil] - ✅ Scrolled to element Save
[INFO] 24-03-2025 16:20:56 [main] [MethodUtil] - ✅ Scrolled to element HomePage
[INFO] 24-03-2025 16:22:28 [main] [MethodUtil] - ✅ Scrolled to element Account Button
[INFO] 24-03-2025 16:22:29 [main] [MethodUtil] - ✅ Scrolled to element Sign In
[INFO] 24-03-2025 16:22:38 [main] [MethodUtil] - ✅ Scrolled to element Email
[INFO] 24-03-2025 16:22:39 [main] [MethodUtil] - ✅ Scrolled to element Password
[INFO] 24-03-2025 16:22:40 [main] [MethodUtil] - ✅ Scrolled to element Submit
[INFO] 24-03-2025 16:22:57 [main] [MethodUtil] - ✅ Scrolled to element Account Button
[INFO] 24-03-2025 16:22:57 [main] [MethodUtil] - ✅ Scrolled to element Manage Account
[INFO] 24-03-2025 16:22:59 [main] [MethodUtil] - ✅ Scrolled to element Billing pref
[INFO] 24-03-2025 16:23:01 [main] [MethodUtil] - ✅ Scrolled to element Add Address
[INFO] 24-03-2025 16:23:02 [main] [MethodUtil] - ✅ Scrolled to element BusinessName
[INFO] 24-03-2025 16:23:02 [main] [MethodUtil] - ✅ Scrolled to element Address Name
[INFO] 24-03-2025 16:23:03 [main] [MethodUtil] - ✅ Scrolled to element AddressLine1 
[INFO] 24-03-2025 16:23:03 [main] [MethodUtil] - ✅ Scrolled to element AddressLine2 
[INFO] 24-03-2025 16:23:04 [main] [MethodUtil] - ✅ Scrolled to element cith
[INFO] 24-03-2025 16:23:04 [main] [MethodUtil] - ✅ Scrolled to element Country
[INFO] 24-03-2025 16:23:06 [main] [MethodUtil] - Text Afghanistan is retrieved from country
[INFO] 24-03-2025 16:23:06 [main] [MethodUtil] - ✅ Scrolled to element country
[INFO] 24-03-2025 16:23:06 [main] [MethodUtil] - ✅ Scrolled to element State
[INFO] 24-03-2025 16:23:07 [main] [MethodUtil] - ✅ Scrolled to element postal code
[INFO] 24-03-2025 16:23:07 [main] [MethodUtil] - ✅ Scrolled to element Save
[INFO] 24-03-2025 16:23:13 [main] [MethodUtil] - ✅ Scrolled to element HomePage
[INFO] 24-03-2025 16:57:45 [main] [MethodUtil] - ✅ Scrolled to element Account Button
[INFO] 24-03-2025 16:57:45 [main] [MethodUtil] - ✅ Scrolled to element Sign In
[INFO] 24-03-2025 16:57:54 [main] [MethodUtil] - ✅ Scrolled to element Email
[INFO] 24-03-2025 16:57:55 [main] [MethodUtil] - ✅ Scrolled to element Password
[INFO] 24-03-2025 16:57:55 [main] [MethodUtil] - ✅ Scrolled to element Submit
[INFO] 24-03-2025 16:58:06 [main] [MethodUtil] - ✅ Scrolled to element Account Button
[INFO] 24-03-2025 16:58:06 [main] [MethodUtil] - ✅ Scrolled to element Manage Account
[INFO] 24-03-2025 16:58:07 [main] [MethodUtil] - ✅ Scrolled to element Billing pref
[INFO] 24-03-2025 16:58:08 [main] [MethodUtil] - ✅ Scrolled to element Add Address
[INFO] 24-03-2025 16:58:09 [main] [MethodUtil] - ✅ Scrolled to element BusinessName
[INFO] 24-03-2025 16:58:09 [main] [MethodUtil] - ✅ Scrolled to element Address Name
[INFO] 24-03-2025 16:58:09 [main] [MethodUtil] - ✅ Scrolled to element AddressLine1 
[INFO] 24-03-2025 16:58:10 [main] [MethodUtil] - ✅ Scrolled to element AddressLine2 
[INFO] 24-03-2025 16:58:11 [main] [MethodUtil] - ✅ Scrolled to element cith
[INFO] 24-03-2025 16:58:11 [main] [MethodUtil] - ✅ Scrolled to element Country
[INFO] 24-03-2025 16:58:12 [main] [MethodUtil] - Text Afghanistan is retrieved from country
[INFO] 24-03-2025 16:58:12 [main] [MethodUtil] - ✅ Scrolled to element country
[INFO] 24-03-2025 16:58:12 [main] [MethodUtil] - ✅ Scrolled to element State
[INFO] 24-03-2025 16:58:13 [main] [MethodUtil] - ✅ Scrolled to element postal code
[INFO] 24-03-2025 16:58:13 [main] [MethodUtil] - ✅ Scrolled to element Save
[INFO] 24-03-2025 16:58:20 [main] [MethodUtil] - ✅ Scrolled to element HomePage
[INFO] 24-03-2025 16:59:24 [main] [MethodUtil] - ✅ Scrolled to element Account Button
[INFO] 24-03-2025 16:59:25 [main] [MethodUtil] - ✅ Scrolled to element Sign In
[INFO] 24-03-2025 16:59:33 [main] [MethodUtil] - ✅ Scrolled to element Email
[INFO] 24-03-2025 16:59:34 [main] [MethodUtil] - ✅ Scrolled to element Password
[INFO] 24-03-2025 16:59:35 [main] [MethodUtil] - ✅ Scrolled to element Submit
[INFO] 24-03-2025 16:59:48 [main] [MethodUtil] - ✅ Scrolled to element Account Button
[INFO] 24-03-2025 16:59:48 [main] [MethodUtil] - ✅ Scrolled to element Manage Account
[INFO] 24-03-2025 16:59:49 [main] [MethodUtil] - ✅ Scrolled to element Billing pref
[INFO] 24-03-2025 16:59:50 [main] [MethodUtil] - ✅ Scrolled to element Add Address
[INFO] 24-03-2025 16:59:51 [main] [MethodUtil] - ✅ Scrolled to element BusinessName
[INFO] 24-03-2025 16:59:51 [main] [MethodUtil] - ✅ Scrolled to element Address Name
[INFO] 24-03-2025 16:59:51 [main] [MethodUtil] - ✅ Scrolled to element AddressLine1 
[INFO] 24-03-2025 16:59:52 [main] [MethodUtil] - ✅ Scrolled to element AddressLine2 
[INFO] 24-03-2025 16:59:52 [main] [MethodUtil] - ✅ Scrolled to element cith
[INFO] 24-03-2025 16:59:53 [main] [MethodUtil] - ✅ Scrolled to element Country
[INFO] 24-03-2025 16:59:54 [main] [MethodUtil] - Text Afghanistan is retrieved from country
[INFO] 24-03-2025 16:59:54 [main] [MethodUtil] - ✅ Scrolled to element country
[INFO] 24-03-2025 16:59:54 [main] [MethodUtil] - ✅ Scrolled to element State
[INFO] 24-03-2025 16:59:54 [main] [MethodUtil] - ✅ Scrolled to element postal code
[INFO] 24-03-2025 16:59:55 [main] [MethodUtil] - ✅ Scrolled to element Save
[INFO] 24-03-2025 17:00:01 [main] [MethodUtil] - ✅ Scrolled to element HomePage
[INFO] 24-03-2025 17:01:20 [main] [MethodUtil] - ✅ Scrolled to element Account Button
[INFO] 24-03-2025 17:01:21 [main] [MethodUtil] - ✅ Scrolled to element Sign In
[INFO] 24-03-2025 17:01:30 [main] [MethodUtil] - ✅ Scrolled to element Email
[INFO] 24-03-2025 17:01:30 [main] [MethodUtil] - ✅ Scrolled to element Password
[INFO] 24-03-2025 17:01:31 [main] [MethodUtil] - ✅ Scrolled to element Submit
[INFO] 24-03-2025 17:01:44 [main] [MethodUtil] - ✅ Scrolled to element Account Button
[INFO] 24-03-2025 17:01:45 [main] [MethodUtil] - ✅ Scrolled to element Manage Account
[INFO] 24-03-2025 17:01:45 [main] [MethodUtil] - ✅ Scrolled to element Billing pref
[INFO] 24-03-2025 17:01:46 [main] [MethodUtil] - ✅ Scrolled to element Add Address
[INFO] 24-03-2025 17:01:46 [main] [MethodUtil] - ✅ Scrolled to element BusinessName
[INFO] 24-03-2025 17:01:47 [main] [MethodUtil] - ✅ Scrolled to element Address Name
[INFO] 24-03-2025 17:01:47 [main] [MethodUtil] - ✅ Scrolled to element AddressLine1 
[INFO] 24-03-2025 17:01:47 [main] [MethodUtil] - ✅ Scrolled to element AddressLine2 
[INFO] 24-03-2025 17:01:48 [main] [MethodUtil] - ✅ Scrolled to element cith
[INFO] 24-03-2025 17:01:48 [main] [MethodUtil] - ✅ Scrolled to element Country
[INFO] 24-03-2025 17:01:49 [main] [MethodUtil] - Text Afghanistan is retrieved from country
[INFO] 24-03-2025 17:01:49 [main] [MethodUtil] - ✅ Scrolled to element country
[INFO] 24-03-2025 17:01:49 [main] [MethodUtil] - ✅ Scrolled to element State
[INFO] 24-03-2025 17:01:49 [main] [MethodUtil] - ✅ Scrolled to element postal code
[INFO] 24-03-2025 17:01:50 [main] [MethodUtil] - ✅ Scrolled to element Save
[INFO] 24-03-2025 17:02:06 [main] [MethodUtil] - ✅ Scrolled to element HomePage
[INFO] 24-03-2025 17:02:54 [main] [MethodUtil] - ✅ Scrolled to element Account Button
[INFO] 24-03-2025 17:02:54 [main] [MethodUtil] - ✅ Scrolled to element Sign In
[INFO] 24-03-2025 17:03:04 [main] [MethodUtil] - ✅ Scrolled to element Email
[INFO] 24-03-2025 17:03:05 [main] [MethodUtil] - ✅ Scrolled to element Password
[INFO] 24-03-2025 17:03:05 [main] [MethodUtil] - ✅ Scrolled to element Submit
[INFO] 24-03-2025 17:03:16 [main] [MethodUtil] - ✅ Scrolled to element Account Button
[INFO] 24-03-2025 17:03:16 [main] [MethodUtil] - ✅ Scrolled to element Manage Account
[INFO] 24-03-2025 17:03:17 [main] [MethodUtil] - ✅ Scrolled to element Billing pref
[INFO] 24-03-2025 17:03:18 [main] [MethodUtil] - ✅ Scrolled to element Add Address
[INFO] 24-03-2025 17:03:18 [main] [MethodUtil] - ✅ Scrolled to element BusinessName
[INFO] 24-03-2025 17:03:19 [main] [MethodUtil] - ✅ Scrolled to element Address Name
[INFO] 24-03-2025 17:03:19 [main] [MethodUtil] - ✅ Scrolled to element AddressLine1 
[INFO] 24-03-2025 17:03:19 [main] [MethodUtil] - ✅ Scrolled to element AddressLine2 
[INFO] 24-03-2025 17:03:20 [main] [MethodUtil] - ✅ Scrolled to element cith
[INFO] 24-03-2025 17:03:20 [main] [MethodUtil] - ✅ Scrolled to element Country
[INFO] 24-03-2025 17:03:21 [main] [MethodUtil] - Text Afghanistan is retrieved from country
[INFO] 24-03-2025 17:03:21 [main] [MethodUtil] - ✅ Scrolled to element country
[INFO] 24-03-2025 17:03:21 [main] [MethodUtil] - ✅ Scrolled to element State
[INFO] 24-03-2025 17:03:21 [main] [MethodUtil] - ✅ Scrolled to element postal code
[INFO] 24-03-2025 17:03:22 [main] [MethodUtil] - ✅ Scrolled to element Save
[INFO] 24-03-2025 17:03:23 [main] [MethodUtil] - ✅ Scrolled to element HomePage
[INFO] 24-03-2025 17:03:41 [main] [MethodUtil] - ✅ Scrolled to element Approve Button
[INFO] 24-03-2025 17:04:02 [main] [MethodUtil] - ✅ Scrolled to element Terms Of Use Checkbox
[INFO] 24-03-2025 17:04:02 [main] [MethodUtil] - ✅ Scrolled to element Approve Quote
[INFO] 24-03-2025 17:04:05 [main] [MethodUtil] - ✅ Scrolled to element Select Address
[INFO] 24-03-2025 17:04:05 [main] [MethodUtil] - ✅ Scrolled to element Next
[INFO] 24-03-2025 17:04:10 [main] [MethodUtil] - ✅ Scrolled to element Next
[INFO] 24-03-2025 17:04:14 [main] [MethodUtil] - ✅ Scrolled to element Card Number
[INFO] 24-03-2025 17:04:17 [main] [MethodUtil] - ✅ Scrolled to element Adfasf
[INFO] 24-03-2025 17:04:17 [main] [MethodUtil] - ✅ Scrolled to element Expiry Month
[INFO] 24-03-2025 17:04:17 [main] [MethodUtil] - ✅ Scrolled to element Year
[INFO] 24-03-2025 17:04:18 [main] [MethodUtil] - ✅ Scrolled to element Security Code
[INFO] 24-03-2025 17:04:18 [main] [MethodUtil] - ✅ Scrolled to element Submit Button
[INFO] 24-03-2025 17:53:55 [main] [MethodUtil] - ✅ Scrolled to element Account Button
[INFO] 24-03-2025 17:53:55 [main] [MethodUtil] - ✅ Scrolled to element Sign In
[INFO] 24-03-2025 17:54:05 [main] [MethodUtil] - ✅ Scrolled to element Email
[INFO] 24-03-2025 17:54:05 [main] [MethodUtil] - ✅ Scrolled to element Password
[INFO] 24-03-2025 17:54:06 [main] [MethodUtil] - ✅ Scrolled to element Submit
[INFO] 24-03-2025 17:54:19 [main] [MethodUtil] - ✅ Scrolled to element Account Button
[INFO] 24-03-2025 17:54:20 [main] [MethodUtil] - ✅ Scrolled to element Manage Account
[INFO] 24-03-2025 17:54:21 [main] [MethodUtil] - ✅ Scrolled to element Billing pref
[INFO] 24-03-2025 17:54:21 [main] [MethodUtil] - ✅ Scrolled to element Add Address
[INFO] 24-03-2025 17:54:22 [main] [MethodUtil] - ✅ Scrolled to element BusinessName
[INFO] 24-03-2025 17:54:22 [main] [MethodUtil] - ✅ Scrolled to element Address Name
[INFO] 24-03-2025 17:54:23 [main] [MethodUtil] - ✅ Scrolled to element AddressLine1 
[INFO] 24-03-2025 17:54:23 [main] [MethodUtil] - ✅ Scrolled to element AddressLine2 
[INFO] 24-03-2025 17:54:24 [main] [MethodUtil] - ✅ Scrolled to element cith
[INFO] 24-03-2025 17:54:24 [main] [MethodUtil] - ✅ Scrolled to element Country
[INFO] 24-03-2025 17:54:25 [main] [MethodUtil] - Text Afghanistan is retrieved from country
[INFO] 24-03-2025 17:54:25 [main] [MethodUtil] - ✅ Scrolled to element country
[INFO] 24-03-2025 17:54:26 [main] [MethodUtil] - ✅ Scrolled to element State
[INFO] 24-03-2025 17:54:26 [main] [MethodUtil] - ✅ Scrolled to element postal code
[INFO] 24-03-2025 17:54:27 [main] [MethodUtil] - ✅ Scrolled to element Save
[INFO] 24-03-2025 17:54:28 [main] [MethodUtil] - ✅ Scrolled to element HomePage
[INFO] 24-03-2025 17:59:51 [main] [MethodUtil] - ✅ Scrolled to element Account Button
[INFO] 24-03-2025 17:59:52 [main] [MethodUtil] - ✅ Scrolled to element Sign In
[INFO] 24-03-2025 18:00:01 [main] [MethodUtil] - ✅ Scrolled to element Email
[INFO] 24-03-2025 18:00:02 [main] [MethodUtil] - ✅ Scrolled to element Password
[INFO] 24-03-2025 18:00:02 [main] [MethodUtil] - ✅ Scrolled to element Submit
[INFO] 24-03-2025 18:00:16 [main] [MethodUtil] - ✅ Scrolled to element Account Button
[INFO] 24-03-2025 18:00:16 [main] [MethodUtil] - ✅ Scrolled to element Manage Account
[INFO] 24-03-2025 18:00:17 [main] [MethodUtil] - ✅ Scrolled to element Billing pref
[INFO] 24-03-2025 18:00:18 [main] [MethodUtil] - ✅ Scrolled to element Add Address
[INFO] 24-03-2025 18:00:19 [main] [MethodUtil] - ✅ Scrolled to element BusinessName
[INFO] 24-03-2025 18:00:19 [main] [MethodUtil] - ✅ Scrolled to element Address Name
[INFO] 24-03-2025 18:00:19 [main] [MethodUtil] - ✅ Scrolled to element AddressLine1 
[INFO] 24-03-2025 18:00:19 [main] [MethodUtil] - ✅ Scrolled to element AddressLine2 
[INFO] 24-03-2025 18:00:20 [main] [MethodUtil] - ✅ Scrolled to element cith
[INFO] 24-03-2025 18:00:20 [main] [MethodUtil] - ✅ Scrolled to element Country
[INFO] 24-03-2025 18:00:21 [main] [MethodUtil] - ✅ Scrolled to element State
[INFO] 24-03-2025 18:00:21 [main] [MethodUtil] - ✅ Scrolled to element postal code
[INFO] 24-03-2025 18:00:22 [main] [MethodUtil] - ✅ Scrolled to element Save
[INFO] 24-03-2025 18:00:23 [main] [MethodUtil] - ✅ Scrolled to element HomePage
[INFO] 24-03-2025 18:00:41 [main] [MethodUtil] - ✅ Scrolled to element Approve Button
[INFO] 24-03-2025 18:01:01 [main] [MethodUtil] - ✅ Scrolled to element Terms Of Use Checkbox
[INFO] 24-03-2025 18:01:02 [main] [MethodUtil] - ✅ Scrolled to element Approve Quote
