[INFO] 06-03-2025 10:21:55 [main] [MethodUtil] - ✅ Scrolled to element Register
[INFO] 06-03-2025 10:22:03 [main] [MethodUtil] - ✅ Scrolled to element Email
[INFO] 06-03-2025 10:22:03 [main] [MethodUtil] - ✅ Scrolled to element Password
[INFO] 06-03-2025 10:22:03 [main] [MethodUtil] - ✅ Scrolled to element Submit
[INFO] 06-03-2025 12:02:30 [main] [MethodUtil] - ✅ Scrolled to element Register
[INFO] 06-03-2025 12:02:43 [main] [MethodUtil] - ✅ Scrolled to element Email
[INFO] 06-03-2025 12:02:43 [main] [MethodUtil] - ✅ Scrolled to element Password
[INFO] 06-03-2025 12:02:43 [main] [MethodUtil] - ✅ Scrolled to element Submit
[INFO] 06-03-2025 13:25:52 [main] [MethodUtil] - ✅ Scrolled to element Register
[INFO] 06-03-2025 13:26:03 [main] [MethodUtil] - ✅ Scrolled to element Email
[INFO] 06-03-2025 13:26:03 [main] [MethodUtil] - ✅ Scrolled to element Password
[INFO] 06-03-2025 13:26:03 [main] [MethodUtil] - ✅ Scrolled to element Submit
[INFO] 06-03-2025 13:28:53 [main] [MethodUtil] - ✅ Scrolled to element Register
[INFO] 06-03-2025 13:29:04 [main] [MethodUtil] - ✅ Scrolled to element Email
[INFO] 06-03-2025 13:29:05 [main] [MethodUtil] - ✅ Scrolled to element Password
[INFO] 06-03-2025 13:29:05 [main] [MethodUtil] - ✅ Scrolled to element Submit
[INFO] 06-03-2025 13:30:58 [main] [MethodUtil] - ✅ Scrolled to element Register
[INFO] 06-03-2025 13:31:07 [main] [MethodUtil] - ✅ Scrolled to element Email
[INFO] 06-03-2025 13:31:08 [main] [MethodUtil] - ✅ Scrolled to element Password
[INFO] 06-03-2025 13:31:08 [main] [MethodUtil] - ✅ Scrolled to element Submit
[INFO] 06-03-2025 13:32:02 [main] [MethodUtil] - ✅ Scrolled to element Register
[INFO] 06-03-2025 13:32:13 [main] [MethodUtil] - ✅ Scrolled to element Email
[INFO] 06-03-2025 13:32:13 [main] [MethodUtil] - ✅ Scrolled to element Password
[INFO] 06-03-2025 13:32:14 [main] [MethodUtil] - ✅ Scrolled to element Submit
[INFO] 06-03-2025 13:36:01 [main] [MethodUtil] - ✅ Scrolled to element Register
[INFO] 06-03-2025 13:36:13 [main] [MethodUtil] - ✅ Scrolled to element Email
[INFO] 06-03-2025 13:36:13 [main] [MethodUtil] - ✅ Scrolled to element Password
[INFO] 06-03-2025 13:36:14 [main] [MethodUtil] - ✅ Scrolled to element Submit
[INFO] 06-03-2025 13:43:55 [main] [MethodUtil] - ✅ Scrolled to element Register
[INFO] 06-03-2025 13:44:07 [main] [MethodUtil] - ✅ Scrolled to element Email
[INFO] 06-03-2025 13:44:07 [main] [MethodUtil] - ✅ Scrolled to element Password
[INFO] 06-03-2025 13:44:08 [main] [MethodUtil] - ✅ Scrolled to element Submit
[INFO] 06-03-2025 13:46:29 [main] [MethodUtil] - ✅ Scrolled to element Register
[INFO] 06-03-2025 13:46:39 [main] [MethodUtil] - ✅ Scrolled to element Email
[INFO] 06-03-2025 13:46:39 [main] [MethodUtil] - ✅ Scrolled to element Password
[INFO] 06-03-2025 13:46:40 [main] [MethodUtil] - ✅ Scrolled to element Submit
[INFO] 06-03-2025 13:47:46 [main] [MethodUtil] - ✅ Scrolled to element Register
[INFO] 06-03-2025 13:47:55 [main] [MethodUtil] - ✅ Scrolled to element Email
[INFO] 06-03-2025 13:47:56 [main] [MethodUtil] - ✅ Scrolled to element Password
[INFO] 06-03-2025 13:47:56 [main] [MethodUtil] - ✅ Scrolled to element Submit
[INFO] 06-03-2025 13:48:07 [main] [MethodUtil] - ✅ Scrolled to element Request Quote
[INFO] 06-03-2025 13:48:08 [main] [MethodUtil] - ✅ Scrolled to element Country List
[INFO] 06-03-2025 13:48:08 [main] [MethodUtil] - Text China (Mainland) is retrieved from Country List
[INFO] 06-03-2025 13:48:08 [main] [MethodUtil] - ✅ Scrolled to element Next Button
[INFO] 06-03-2025 15:20:31 [main] [MethodUtil] - ✅ Scrolled to element Register
[INFO] 06-03-2025 15:20:40 [main] [MethodUtil] - ✅ Scrolled to element Email
[INFO] 06-03-2025 15:20:40 [main] [MethodUtil] - ✅ Scrolled to element Password
[INFO] 06-03-2025 15:20:40 [main] [MethodUtil] - ✅ Scrolled to element Submit
[INFO] 06-03-2025 15:20:52 [main] [MethodUtil] - ✅ Scrolled to element Request Quote
[INFO] 06-03-2025 15:20:53 [main] [MethodUtil] - ✅ Scrolled to element Country List
[INFO] 06-03-2025 15:20:53 [main] [MethodUtil] - Text China (Mainland) is retrieved from Country List
[INFO] 06-03-2025 15:20:53 [main] [MethodUtil] - ✅ Scrolled to element Next Button
[INFO] 06-03-2025 15:22:24 [main] [MethodUtil] - ✅ Scrolled to element Register
[INFO] 06-03-2025 15:22:31 [main] [MethodUtil] - ✅ Scrolled to element Email
[INFO] 06-03-2025 15:22:32 [main] [MethodUtil] - ✅ Scrolled to element Password
[INFO] 06-03-2025 15:22:32 [main] [MethodUtil] - ✅ Scrolled to element Submit
[INFO] 06-03-2025 15:22:41 [main] [MethodUtil] - ✅ Scrolled to element Request Quote
[INFO] 06-03-2025 15:22:42 [main] [MethodUtil] - ✅ Scrolled to element Country List
[INFO] 06-03-2025 15:22:42 [main] [MethodUtil] - Text China (Mainland) is retrieved from Country List
[INFO] 06-03-2025 15:22:42 [main] [MethodUtil] - ✅ Scrolled to element Next Button
[INFO] 06-03-2025 15:26:23 [main] [MethodUtil] - ✅ Scrolled to element Register
[INFO] 06-03-2025 15:26:30 [main] [MethodUtil] - ✅ Scrolled to element Email
[INFO] 06-03-2025 15:26:31 [main] [MethodUtil] - ✅ Scrolled to element Password
[INFO] 06-03-2025 15:26:31 [main] [MethodUtil] - ✅ Scrolled to element Submit
[INFO] 06-03-2025 15:26:42 [main] [MethodUtil] - ✅ Scrolled to element Request Quote
[INFO] 06-03-2025 15:26:42 [main] [MethodUtil] - ✅ Scrolled to element Country List Button
[INFO] 06-03-2025 15:26:46 [main] [MethodUtil] - Text China (Mainland) is retrieved from Country List
[INFO] 06-03-2025 15:26:46 [main] [MethodUtil] - ✅ Scrolled to element Next Button
[INFO] 06-03-2025 15:40:10 [main] [MethodUtil] - ✅ Scrolled to element Register
[INFO] 06-03-2025 15:40:18 [main] [MethodUtil] - ✅ Scrolled to element Email
[INFO] 06-03-2025 15:40:18 [main] [MethodUtil] - ✅ Scrolled to element Password
[INFO] 06-03-2025 15:40:18 [main] [MethodUtil] - ✅ Scrolled to element Submit
[INFO] 06-03-2025 15:40:29 [main] [MethodUtil] - ✅ Scrolled to element Request Quote
[INFO] 06-03-2025 15:40:30 [main] [MethodUtil] - ✅ Scrolled to element Country List Button
[INFO] 06-03-2025 15:40:33 [main] [MethodUtil] - Text China (Mainland) is retrieved from Country List
[INFO] 06-03-2025 15:40:33 [main] [MethodUtil] - Text United Kingdom (UK) is retrieved from Country List
[INFO] 06-03-2025 15:40:33 [main] [MethodUtil] - Text Isle of Man is retrieved from Country List
[INFO] 06-03-2025 15:40:33 [main] [MethodUtil] - Text Guernsey is retrieved from Country List
[INFO] 06-03-2025 15:40:33 [main] [MethodUtil] - Text Singapore is retrieved from Country List
[INFO] 06-03-2025 15:40:33 [main] [MethodUtil] - Text Other countries/territories is retrieved from Country List
[INFO] 06-03-2025 15:40:33 [main] [MethodUtil] - Text Malaysia is retrieved from Country List
[INFO] 06-03-2025 15:40:33 [main] [MethodUtil] - Text Australia is retrieved from Country List
[INFO] 06-03-2025 15:40:33 [main] [MethodUtil] - Text Egypt is retrieved from Country List
[INFO] 06-03-2025 15:40:33 [main] [MethodUtil] - ✅ Scrolled to element Country List
[INFO] 06-03-2025 15:40:33 [main] [MethodUtil] - ✅ Scrolled to element Next Button
