[INFO] 22-04-2025 14:40:48 [runScenario@0] [MethodUtil] - ✅ Scrolled to element HomePage
[INFO] 22-04-2025 14:41:04 [runScenario@0] [MethodUtil] - ✅ Scrolled to element Account Button
[INFO] 22-04-2025 14:41:05 [runScenario@0] [MethodUtil] - ✅ Scrolled to element Sign In
[INFO] 22-04-2025 14:41:16 [runScenario@0] [MethodUtil] - ✅ Scrolled to element Email
[INFO] 22-04-2025 14:41:17 [runScenario@0] [MethodUtil] - ✅ Scrolled to element Password
[INFO] 22-04-2025 14:41:17 [runScenario@0] [MethodUtil] - ✅ Scrolled to element Submit
[INFO] 22-04-2025 14:41:31 [runScenario@0] [MethodUtil] - ✅ Scrolled to element Account Button
[INFO] 22-04-2025 14:41:32 [runScenario@0] [MethodUtil] - ✅ Scrolled to element Manage Account
[INFO] 22-04-2025 14:41:33 [runScenario@0] [MethodUtil] - ✅ Scrolled to element Profile Mangement
[INFO] 22-04-2025 14:42:35 [runScenario@0] [MethodUtil] - ✅ Scrolled to element HomePage
[INFO] 22-04-2025 14:42:50 [runScenario@0] [MethodUtil] - ✅ Scrolled to element Account Button
[INFO] 22-04-2025 14:43:11 [runScenario@0] [MethodUtil] - ✅ Scrolled to element Account Button
[INFO] 22-04-2025 14:43:11 [runScenario@0] [MethodUtil] - ✅ Scrolled to element Manage Account
[INFO] 22-04-2025 14:43:13 [runScenario@0] [MethodUtil] - ✅ Scrolled to element Billing pref
[INFO] 22-04-2025 14:43:14 [runScenario@0] [MethodUtil] - ✅ Scrolled to element Add Address
[INFO] 22-04-2025 14:43:18 [runScenario@0] [MethodUtil] - ✅ Scrolled to element BusinessName
[INFO] 22-04-2025 14:43:18 [runScenario@0] [MethodUtil] - ✅ Scrolled to element Address Name
[INFO] 22-04-2025 14:43:19 [runScenario@0] [MethodUtil] - ✅ Scrolled to element AddressLine1 
[INFO] 22-04-2025 14:43:19 [runScenario@0] [MethodUtil] - ✅ Scrolled to element AddressLine2 
[INFO] 22-04-2025 14:43:20 [runScenario@0] [MethodUtil] - ✅ Scrolled to element citY
[INFO] 22-04-2025 14:43:20 [runScenario@0] [MethodUtil] - ✅ Scrolled to element Country
[INFO] 22-04-2025 14:43:22 [runScenario@0] [MethodUtil] - Text Afghanistan is retrieved from country
[INFO] 22-04-2025 14:43:22 [runScenario@0] [MethodUtil] - ✅ Scrolled to element country
[INFO] 22-04-2025 14:43:22 [runScenario@0] [MethodUtil] - ✅ Scrolled to element State
[INFO] 22-04-2025 14:43:23 [runScenario@0] [MethodUtil] - ✅ Scrolled to element postal code
[INFO] 22-04-2025 14:43:23 [runScenario@0] [MethodUtil] - ✅ Scrolled to element Save
[INFO] 22-04-2025 14:43:25 [runScenario@0] [MethodUtil] - ✅ Scrolled to element HomePage
[INFO] 22-04-2025 14:43:40 [runScenario@0] [MethodUtil] - ✅ Scrolled to element Account Button
[INFO] 22-04-2025 14:43:41 [runScenario@0] [MethodUtil] - ✅ Scrolled to element Manage Account
[INFO] 22-04-2025 14:43:42 [runScenario@0] [MethodUtil] - ✅ Scrolled to element Billing pref
[INFO] 22-04-2025 14:43:43 [runScenario@0] [MethodUtil] - ✅ Scrolled to element Add Address
[INFO] 22-04-2025 14:43:47 [runScenario@0] [MethodUtil] - ✅ Scrolled to element BusinessName
[INFO] 22-04-2025 14:43:47 [runScenario@0] [MethodUtil] - ✅ Scrolled to element Address Name
[INFO] 22-04-2025 14:43:48 [runScenario@0] [MethodUtil] - ✅ Scrolled to element AddressLine1 
[INFO] 22-04-2025 14:43:48 [runScenario@0] [MethodUtil] - ✅ Scrolled to element AddressLine2 
[INFO] 22-04-2025 14:43:49 [runScenario@0] [MethodUtil] - ✅ Scrolled to element citY
[INFO] 22-04-2025 14:43:49 [runScenario@0] [MethodUtil] - ✅ Scrolled to element Country
[INFO] 22-04-2025 14:43:51 [runScenario@0] [MethodUtil] - Text Afghanistan is retrieved from country
[INFO] 22-04-2025 14:43:51 [runScenario@0] [MethodUtil] - ✅ Scrolled to element country
[INFO] 22-04-2025 14:43:51 [runScenario@0] [MethodUtil] - ✅ Scrolled to element State
[INFO] 22-04-2025 14:43:52 [runScenario@0] [MethodUtil] - ✅ Scrolled to element postal code
[INFO] 22-04-2025 14:43:52 [runScenario@0] [MethodUtil] - ✅ Scrolled to element Save
[INFO] 22-04-2025 14:43:53 [runScenario@0] [MethodUtil] - ✅ Scrolled to element HomePage
[INFO] 22-04-2025 16:29:43 [main] [MethodUtil] - ✅ Scrolled to element HomePage
[INFO] 22-04-2025 16:29:58 [main] [MethodUtil] - ✅ Scrolled to element Account Button
[INFO] 22-04-2025 16:29:59 [main] [MethodUtil] - ✅ Scrolled to element Sign In
[INFO] 22-04-2025 16:52:04 [main] [MethodUtil] - ✅ Scrolled to element HomePage
[INFO] 22-04-2025 16:52:20 [main] [MethodUtil] - ✅ Scrolled to element Account Button
[INFO] 22-04-2025 16:52:21 [main] [MethodUtil] - ✅ Scrolled to element Sign In
[INFO] 22-04-2025 16:52:31 [main] [MethodUtil] - ✅ Scrolled to element Email
[INFO] 22-04-2025 16:52:32 [main] [MethodUtil] - ✅ Scrolled to element Password
[INFO] 22-04-2025 16:52:34 [main] [MethodUtil] - ✅ Scrolled to element Submit
[INFO] 22-04-2025 16:52:48 [main] [MethodUtil] - ✅ Scrolled to element Account Button
[INFO] 22-04-2025 16:52:49 [main] [MethodUtil] - ✅ Scrolled to element Manage Account
[INFO] 22-04-2025 16:52:51 [main] [MethodUtil] - ✅ Scrolled to element Profile Mangement
[INFO] 22-04-2025 16:53:53 [main] [MethodUtil] - ✅ Scrolled to element HomePage
[INFO] 22-04-2025 16:54:09 [main] [MethodUtil] - ✅ Scrolled to element Account Button
[INFO] 22-04-2025 16:54:30 [main] [MethodUtil] - ✅ Scrolled to element Account Button
[INFO] 22-04-2025 16:54:31 [main] [MethodUtil] - ✅ Scrolled to element Manage Account
[INFO] 22-04-2025 16:54:32 [main] [MethodUtil] - ✅ Scrolled to element Billing pref
[INFO] 22-04-2025 16:54:34 [main] [MethodUtil] - ✅ Scrolled to element Add Address
[INFO] 22-04-2025 16:54:38 [main] [MethodUtil] - ✅ Scrolled to element BusinessName
[INFO] 22-04-2025 16:54:38 [main] [MethodUtil] - ✅ Scrolled to element Address Name
[INFO] 22-04-2025 16:54:40 [main] [MethodUtil] - ✅ Scrolled to element AddressLine1 
[INFO] 22-04-2025 16:54:41 [main] [MethodUtil] - ✅ Scrolled to element AddressLine2 
[INFO] 22-04-2025 16:54:42 [main] [MethodUtil] - ✅ Scrolled to element citY
[INFO] 22-04-2025 16:54:42 [main] [MethodUtil] - ✅ Scrolled to element Country
[INFO] 22-04-2025 16:54:44 [main] [MethodUtil] - Text Afghanistan is retrieved from country
[INFO] 22-04-2025 16:54:44 [main] [MethodUtil] - ✅ Scrolled to element country
[INFO] 22-04-2025 16:54:45 [main] [MethodUtil] - ✅ Scrolled to element State
[INFO] 22-04-2025 16:54:46 [main] [MethodUtil] - ✅ Scrolled to element postal code
[INFO] 22-04-2025 16:54:47 [main] [MethodUtil] - ✅ Scrolled to element Save
[INFO] 22-04-2025 16:54:49 [main] [MethodUtil] - ✅ Scrolled to element HomePage
[INFO] 22-04-2025 16:55:05 [main] [MethodUtil] - ✅ Scrolled to element Account Button
[INFO] 22-04-2025 16:55:06 [main] [MethodUtil] - ✅ Scrolled to element Manage Account
[INFO] 22-04-2025 16:55:07 [main] [MethodUtil] - ✅ Scrolled to element Billing pref
[INFO] 22-04-2025 16:55:08 [main] [MethodUtil] - ✅ Scrolled to element Add Address
[INFO] 22-04-2025 16:55:12 [main] [MethodUtil] - ✅ Scrolled to element BusinessName
[INFO] 22-04-2025 16:55:13 [main] [MethodUtil] - ✅ Scrolled to element Address Name
[INFO] 22-04-2025 16:55:14 [main] [MethodUtil] - ✅ Scrolled to element AddressLine1 
[INFO] 22-04-2025 16:55:15 [main] [MethodUtil] - ✅ Scrolled to element AddressLine2 
[INFO] 22-04-2025 16:55:15 [main] [MethodUtil] - ✅ Scrolled to element citY
[INFO] 22-04-2025 16:55:16 [main] [MethodUtil] - ✅ Scrolled to element Country
[INFO] 22-04-2025 16:55:18 [main] [MethodUtil] - Text Afghanistan is retrieved from country
[INFO] 22-04-2025 16:55:18 [main] [MethodUtil] - ✅ Scrolled to element country
[INFO] 22-04-2025 16:55:19 [main] [MethodUtil] - ✅ Scrolled to element State
[INFO] 22-04-2025 16:55:20 [main] [MethodUtil] - ✅ Scrolled to element postal code
[INFO] 22-04-2025 16:55:21 [main] [MethodUtil] - ✅ Scrolled to element Save
[INFO] 22-04-2025 16:55:23 [main] [MethodUtil] - ✅ Scrolled to element HomePage
[INFO] 22-04-2025 17:39:28 [main] [MethodUtil] - ✅ Scrolled to element HomePage
[INFO] 22-04-2025 17:39:45 [main] [MethodUtil] - ✅ Scrolled to element Account Button
[INFO] 22-04-2025 17:39:47 [main] [MethodUtil] - ✅ Scrolled to element Sign In
[INFO] 22-04-2025 17:39:58 [main] [MethodUtil] - ✅ Scrolled to element Email
[INFO] 22-04-2025 17:40:00 [main] [MethodUtil] - ✅ Scrolled to element Password
[INFO] 22-04-2025 17:40:02 [main] [MethodUtil] - ✅ Scrolled to element Submit
[INFO] 22-04-2025 17:40:20 [main] [MethodUtil] - ✅ Scrolled to element Account Button
[INFO] 22-04-2025 17:40:21 [main] [MethodUtil] - ✅ Scrolled to element Manage Account
[INFO] 22-04-2025 17:40:23 [main] [MethodUtil] - ✅ Scrolled to element Profile Mangement
[INFO] 22-04-2025 17:41:26 [main] [MethodUtil] - ✅ Scrolled to element HomePage
[INFO] 22-04-2025 17:41:42 [main] [MethodUtil] - ✅ Scrolled to element Account Button
[INFO] 22-04-2025 17:42:04 [main] [MethodUtil] - ✅ Scrolled to element Account Button
[INFO] 22-04-2025 17:42:05 [main] [MethodUtil] - ✅ Scrolled to element Manage Account
[INFO] 22-04-2025 17:42:07 [main] [MethodUtil] - ✅ Scrolled to element Billing pref
[INFO] 22-04-2025 17:42:08 [main] [MethodUtil] - ✅ Scrolled to element Add Address
[INFO] 22-04-2025 17:42:13 [main] [MethodUtil] - ✅ Scrolled to element BusinessName
[INFO] 22-04-2025 17:42:13 [main] [MethodUtil] - ✅ Scrolled to element Address Name
[INFO] 22-04-2025 17:42:15 [main] [MethodUtil] - ✅ Scrolled to element AddressLine1 
[INFO] 22-04-2025 17:42:16 [main] [MethodUtil] - ✅ Scrolled to element AddressLine2 
[INFO] 22-04-2025 17:42:17 [main] [MethodUtil] - ✅ Scrolled to element citY
[INFO] 22-04-2025 17:42:18 [main] [MethodUtil] - ✅ Scrolled to element Country
[INFO] 22-04-2025 17:42:20 [main] [MethodUtil] - Text Afghanistan is retrieved from country
[INFO] 22-04-2025 17:42:20 [main] [MethodUtil] - ✅ Scrolled to element country
[INFO] 22-04-2025 17:42:21 [main] [MethodUtil] - ✅ Scrolled to element State
[INFO] 22-04-2025 17:42:22 [main] [MethodUtil] - ✅ Scrolled to element postal code
[INFO] 22-04-2025 17:42:24 [main] [MethodUtil] - ✅ Scrolled to element Save
[INFO] 22-04-2025 17:42:27 [main] [MethodUtil] - ✅ Scrolled to element HomePage
[INFO] 22-04-2025 17:42:43 [main] [MethodUtil] - ✅ Scrolled to element Account Button
[INFO] 22-04-2025 17:42:44 [main] [MethodUtil] - ✅ Scrolled to element Manage Account
[INFO] 22-04-2025 17:42:46 [main] [MethodUtil] - ✅ Scrolled to element Billing pref
[INFO] 22-04-2025 17:42:47 [main] [MethodUtil] - ✅ Scrolled to element Add Address
[INFO] 22-04-2025 17:42:52 [main] [MethodUtil] - ✅ Scrolled to element BusinessName
[INFO] 22-04-2025 17:42:53 [main] [MethodUtil] - ✅ Scrolled to element Address Name
[INFO] 22-04-2025 17:42:54 [main] [MethodUtil] - ✅ Scrolled to element AddressLine1 
[INFO] 22-04-2025 17:42:55 [main] [MethodUtil] - ✅ Scrolled to element AddressLine2 
[INFO] 22-04-2025 17:42:56 [main] [MethodUtil] - ✅ Scrolled to element citY
[INFO] 22-04-2025 17:42:57 [main] [MethodUtil] - ✅ Scrolled to element Country
[INFO] 22-04-2025 17:42:59 [main] [MethodUtil] - Text Afghanistan is retrieved from country
[INFO] 22-04-2025 17:42:59 [main] [MethodUtil] - ✅ Scrolled to element country
[INFO] 22-04-2025 17:43:00 [main] [MethodUtil] - ✅ Scrolled to element State
[INFO] 22-04-2025 17:43:01 [main] [MethodUtil] - ✅ Scrolled to element postal code
[INFO] 22-04-2025 17:43:03 [main] [MethodUtil] - ✅ Scrolled to element Save
[INFO] 22-04-2025 17:43:06 [main] [MethodUtil] - ✅ Scrolled to element HomePage
