[INFO] 11-03-2025 13:23:27 [main] [MethodUtil] - ✅ Scrolled to element Account Button
[INFO] 11-03-2025 13:25:40 [main] [MethodUtil] - ✅ Scrolled to element Account Button
[INFO] 11-03-2025 13:25:40 [main] [MethodUtil] - ✅ Scrolled to element Sign In
[INFO] 11-03-2025 13:25:49 [main] [MethodUtil] - ✅ Scrolled to element Email
[INFO] 11-03-2025 13:25:49 [main] [MethodUtil] - ✅ Scrolled to element Password
[INFO] 11-03-2025 13:25:50 [main] [MethodUtil] - ✅ Scrolled to element Submit
[INFO] 11-03-2025 13:27:26 [main] [MethodUtil] - ✅ Scrolled to element Path
[INFO] 11-03-2025 13:27:42 [main] [MethodUtil] - ✅ Scrolled to element Next Button
[INFO] 11-03-2025 13:27:42 [main] [MethodUtil] - ✅ Scrolled to element Translate From
[INFO] 11-03-2025 13:27:42 [main] [MethodUtil] - Text Arabic (Saudi Arabia) is retrieved from Translate From Option
[INFO] 11-03-2025 13:27:42 [main] [MethodUtil] - Text Chinese (Simplified, China) is retrieved from Translate From Option
[INFO] 11-03-2025 13:27:42 [main] [MethodUtil] - ✅ Scrolled to element Translate From Option
[INFO] 11-03-2025 13:27:43 [main] [MethodUtil] - ✅ Scrolled to element Translate to
[INFO] 11-03-2025 13:28:03 [main] [MethodUtil] - ✅ Scrolled to element Next Button
[INFO] 11-03-2025 13:28:04 [main] [MethodUtil] - ✅ Scrolled to element Send Me A Quote
[INFO] 11-03-2025 13:30:37 [main] [MethodUtil] - ✅ Scrolled to element Account Button
[INFO] 11-03-2025 13:30:37 [main] [MethodUtil] - ✅ Scrolled to element Sign In
[INFO] 11-03-2025 13:30:46 [main] [MethodUtil] - ✅ Scrolled to element Email
[INFO] 11-03-2025 13:30:47 [main] [MethodUtil] - ✅ Scrolled to element Password
[INFO] 11-03-2025 13:30:47 [main] [MethodUtil] - ✅ Scrolled to element Submit
[INFO] 11-03-2025 13:32:22 [main] [MethodUtil] - ✅ Scrolled to element Path
[INFO] 11-03-2025 13:32:37 [main] [MethodUtil] - ✅ Scrolled to element Next Button
[INFO] 11-03-2025 13:33:17 [main] [MethodUtil] - ✅ Scrolled to element Account Button
[INFO] 11-03-2025 13:33:18 [main] [MethodUtil] - ✅ Scrolled to element Sign In
[INFO] 11-03-2025 13:33:26 [main] [MethodUtil] - ✅ Scrolled to element Email
[INFO] 11-03-2025 13:33:27 [main] [MethodUtil] - ✅ Scrolled to element Password
[INFO] 11-03-2025 13:33:27 [main] [MethodUtil] - ✅ Scrolled to element Submit
[INFO] 11-03-2025 13:34:06 [main] [MethodUtil] - ✅ Scrolled to element Path
[INFO] 11-03-2025 13:34:37 [main] [MethodUtil] - ✅ Scrolled to element Next Button
[INFO] 11-03-2025 13:34:37 [main] [MethodUtil] - ✅ Scrolled to element Translate From
[INFO] 11-03-2025 13:34:37 [main] [MethodUtil] - Text Arabic (Saudi Arabia) is retrieved from Translate From Option
[INFO] 11-03-2025 13:34:37 [main] [MethodUtil] - Text Chinese (Simplified, China) is retrieved from Translate From Option
[INFO] 11-03-2025 13:34:37 [main] [MethodUtil] - ✅ Scrolled to element Translate From Option
[INFO] 11-03-2025 13:34:38 [main] [MethodUtil] - ✅ Scrolled to element Translate to
[INFO] 11-03-2025 13:34:58 [main] [MethodUtil] - ✅ Scrolled to element Next Button
[INFO] 11-03-2025 13:43:08 [main] [MethodUtil] - ✅ Scrolled to element Account Button
[INFO] 11-03-2025 13:43:09 [main] [MethodUtil] - ✅ Scrolled to element Sign In
[INFO] 11-03-2025 13:43:17 [main] [MethodUtil] - ✅ Scrolled to element Email
[INFO] 11-03-2025 13:43:18 [main] [MethodUtil] - ✅ Scrolled to element Password
[INFO] 11-03-2025 13:43:18 [main] [MethodUtil] - ✅ Scrolled to element Submit
[INFO] 11-03-2025 13:44:00 [main] [MethodUtil] - ✅ Scrolled to element Path
[INFO] 11-03-2025 13:44:30 [main] [MethodUtil] - ✅ Scrolled to element Next Button
[INFO] 11-03-2025 13:44:30 [main] [MethodUtil] - ✅ Scrolled to element Translate From
[INFO] 11-03-2025 13:44:31 [main] [MethodUtil] - Text Arabic (Saudi Arabia) is retrieved from Translate From Option
[INFO] 11-03-2025 13:44:31 [main] [MethodUtil] - Text Chinese (Simplified, China) is retrieved from Translate From Option
[INFO] 11-03-2025 13:44:31 [main] [MethodUtil] - ✅ Scrolled to element Translate From Option
[INFO] 11-03-2025 13:44:31 [main] [MethodUtil] - ✅ Scrolled to element Translate to
[INFO] 11-03-2025 13:44:31 [main] [MethodUtil] - Text  is retrieved from Translate to
[INFO] 11-03-2025 13:44:31 [main] [MethodUtil] - Text  is retrieved from Translate to
[INFO] 11-03-2025 13:44:31 [main] [MethodUtil] - ✅ Scrolled to element Next Button
[INFO] 11-03-2025 13:53:26 [main] [MethodUtil] - ✅ Scrolled to element Account Button
[INFO] 11-03-2025 13:53:26 [main] [MethodUtil] - ✅ Scrolled to element Sign In
[INFO] 11-03-2025 13:53:35 [main] [MethodUtil] - ✅ Scrolled to element Email
[INFO] 11-03-2025 13:53:36 [main] [MethodUtil] - ✅ Scrolled to element Password
[INFO] 11-03-2025 13:53:36 [main] [MethodUtil] - ✅ Scrolled to element Submit
[INFO] 11-03-2025 13:54:18 [main] [MethodUtil] - ✅ Scrolled to element Path
[INFO] 11-03-2025 13:54:33 [main] [MethodUtil] - ✅ Scrolled to element Next Button
[INFO] 11-03-2025 13:57:46 [main] [MethodUtil] - ✅ Scrolled to element Account Button
[INFO] 11-03-2025 13:57:46 [main] [MethodUtil] - ✅ Scrolled to element Sign In
[INFO] 11-03-2025 13:57:56 [main] [MethodUtil] - ✅ Scrolled to element Email
[INFO] 11-03-2025 13:57:57 [main] [MethodUtil] - ✅ Scrolled to element Password
[INFO] 11-03-2025 13:57:57 [main] [MethodUtil] - ✅ Scrolled to element Submit
[INFO] 11-03-2025 13:58:36 [main] [MethodUtil] - ✅ Scrolled to element Path
[INFO] 11-03-2025 13:59:07 [main] [MethodUtil] - ✅ Scrolled to element Next Button
[INFO] 11-03-2025 13:59:08 [main] [MethodUtil] - ✅ Scrolled to element Translate From
[INFO] 11-03-2025 13:59:08 [main] [MethodUtil] - Text Arabic (Saudi Arabia) is retrieved from Translate From Option
[INFO] 11-03-2025 13:59:08 [main] [MethodUtil] - Text Chinese (Simplified, China) is retrieved from Translate From Option
[INFO] 11-03-2025 13:59:08 [main] [MethodUtil] - ✅ Scrolled to element Translate From Option
[INFO] 11-03-2025 13:59:09 [main] [MethodUtil] - ✅ Scrolled to element Translate to
[INFO] 11-03-2025 13:59:09 [main] [MethodUtil] - ✅ Scrolled to element Translate to
[INFO] 11-03-2025 13:59:09 [main] [MethodUtil] - ✅ Scrolled to element Next Button
[INFO] 11-03-2025 13:59:09 [main] [MethodUtil] - ✅ Scrolled to element Send Me A Quote
[INFO] 11-03-2025 16:04:43 [main] [MethodUtil] - ✅ Scrolled to element Account Button
[INFO] 11-03-2025 16:04:43 [main] [MethodUtil] - ✅ Scrolled to element Sign In
[INFO] 11-03-2025 16:04:51 [main] [MethodUtil] - ✅ Scrolled to element Email
[INFO] 11-03-2025 16:04:52 [main] [MethodUtil] - ✅ Scrolled to element Password
[INFO] 11-03-2025 16:04:52 [main] [MethodUtil] - ✅ Scrolled to element Submit
[INFO] 11-03-2025 16:09:30 [main] [MethodUtil] - ✅ Scrolled to element Account Button
[INFO] 11-03-2025 16:09:30 [main] [MethodUtil] - ✅ Scrolled to element Sign In
[INFO] 11-03-2025 16:09:40 [main] [MethodUtil] - ✅ Scrolled to element Email
[INFO] 11-03-2025 16:09:40 [main] [MethodUtil] - ✅ Scrolled to element Password
[INFO] 11-03-2025 16:09:40 [main] [MethodUtil] - ✅ Scrolled to element Submit
[INFO] 11-03-2025 16:12:02 [main] [MethodUtil] - ✅ Scrolled to element Account Button
[INFO] 11-03-2025 16:12:02 [main] [MethodUtil] - ✅ Scrolled to element Sign In
[INFO] 11-03-2025 16:12:10 [main] [MethodUtil] - ✅ Scrolled to element Email
[INFO] 11-03-2025 16:12:10 [main] [MethodUtil] - ✅ Scrolled to element Password
[INFO] 11-03-2025 16:12:10 [main] [MethodUtil] - ✅ Scrolled to element Submit
[INFO] 11-03-2025 16:14:34 [main] [MethodUtil] - ✅ Scrolled to element Account Button
[INFO] 11-03-2025 16:14:34 [main] [MethodUtil] - ✅ Scrolled to element Sign In
[INFO] 11-03-2025 16:14:42 [main] [MethodUtil] - ✅ Scrolled to element Email
[INFO] 11-03-2025 16:14:42 [main] [MethodUtil] - ✅ Scrolled to element Password
[INFO] 11-03-2025 16:14:42 [main] [MethodUtil] - ✅ Scrolled to element Submit
[INFO] 11-03-2025 16:14:54 [main] [MethodUtil] - ✅ Scrolled to element Query Button
[INFO] 11-03-2025 16:16:41 [main] [MethodUtil] - ✅ Scrolled to element Account Button
[INFO] 11-03-2025 16:16:41 [main] [MethodUtil] - ✅ Scrolled to element Sign In
[INFO] 11-03-2025 16:16:49 [main] [MethodUtil] - ✅ Scrolled to element Email
[INFO] 11-03-2025 16:16:50 [main] [MethodUtil] - ✅ Scrolled to element Password
[INFO] 11-03-2025 16:16:50 [main] [MethodUtil] - ✅ Scrolled to element Submit
[INFO] 11-03-2025 16:17:02 [main] [MethodUtil] - ✅ Scrolled to element Query Button
[INFO] 11-03-2025 16:17:03 [main] [MethodUtil] - ✅ Scrolled to element Reject Reason
[INFO] 11-03-2025 16:17:04 [main] [MethodUtil] - Text Click to select is retrieved from Reject Reasons
[INFO] 11-03-2025 16:17:04 [main] [MethodUtil] - Text I'd like to add or remove a language. is retrieved from Reject Reasons
[INFO] 11-03-2025 16:17:04 [main] [MethodUtil] - Text I need my translation sooner. is retrieved from Reject Reasons
[INFO] 11-03-2025 16:17:04 [main] [MethodUtil] - Text The quote seems a bit expensive. is retrieved from Reject Reasons
[INFO] 11-03-2025 16:17:04 [main] [MethodUtil] - Text Reject quote altogether. is retrieved from Reject Reasons
[INFO] 11-03-2025 16:17:04 [main] [MethodUtil] - Text Other is retrieved from Reject Reasons
[INFO] 11-03-2025 16:17:04 [main] [MethodUtil] - ✅ Scrolled to element Reject Reasons
[INFO] 11-03-2025 16:26:07 [main] [MethodUtil] - ✅ Scrolled to element Account Button
[INFO] 11-03-2025 16:26:08 [main] [MethodUtil] - ✅ Scrolled to element Sign In
[INFO] 11-03-2025 16:26:16 [main] [MethodUtil] - ✅ Scrolled to element Email
[INFO] 11-03-2025 16:26:17 [main] [MethodUtil] - ✅ Scrolled to element Password
[INFO] 11-03-2025 16:26:17 [main] [MethodUtil] - ✅ Scrolled to element Submit
[INFO] 11-03-2025 16:26:29 [main] [MethodUtil] - ✅ Scrolled to element Query Button
[INFO] 11-03-2025 16:26:30 [main] [MethodUtil] - ✅ Scrolled to element Reject Reason
[INFO] 11-03-2025 16:26:30 [main] [MethodUtil] - Text Click to select is retrieved from Reject Reasons
[INFO] 11-03-2025 16:26:30 [main] [MethodUtil] - Text I'd like to add or remove a language. is retrieved from Reject Reasons
[INFO] 11-03-2025 16:26:30 [main] [MethodUtil] - Text I need my translation sooner. is retrieved from Reject Reasons
[INFO] 11-03-2025 16:26:30 [main] [MethodUtil] - Text The quote seems a bit expensive. is retrieved from Reject Reasons
[INFO] 11-03-2025 16:26:30 [main] [MethodUtil] - Text Reject quote altogether. is retrieved from Reject Reasons
[INFO] 11-03-2025 16:26:30 [main] [MethodUtil] - Text Other is retrieved from Reject Reasons
[INFO] 11-03-2025 16:26:30 [main] [MethodUtil] - ✅ Scrolled to element Reject Reasons
[INFO] 11-03-2025 16:28:23 [main] [MethodUtil] - ✅ Scrolled to element Account Button
[INFO] 11-03-2025 16:28:24 [main] [MethodUtil] - ✅ Scrolled to element Sign In
[INFO] 11-03-2025 16:28:32 [main] [MethodUtil] - ✅ Scrolled to element Email
[INFO] 11-03-2025 16:28:32 [main] [MethodUtil] - ✅ Scrolled to element Password
[INFO] 11-03-2025 16:28:32 [main] [MethodUtil] - ✅ Scrolled to element Submit
[INFO] 11-03-2025 16:28:44 [main] [MethodUtil] - ✅ Scrolled to element Query Button
[INFO] 11-03-2025 16:28:45 [main] [MethodUtil] - ✅ Scrolled to element Reject Reason
[INFO] 11-03-2025 16:28:46 [main] [MethodUtil] - Text Click to select is retrieved from Reject Reasons
[INFO] 11-03-2025 16:28:46 [main] [MethodUtil] - Text I'd like to add or remove a language. is retrieved from Reject Reasons
[INFO] 11-03-2025 16:28:46 [main] [MethodUtil] - Text I need my translation sooner. is retrieved from Reject Reasons
[INFO] 11-03-2025 16:28:46 [main] [MethodUtil] - Text The quote seems a bit expensive. is retrieved from Reject Reasons
[INFO] 11-03-2025 16:28:46 [main] [MethodUtil] - Text Reject quote altogether. is retrieved from Reject Reasons
[INFO] 11-03-2025 16:28:46 [main] [MethodUtil] - Text Other is retrieved from Reject Reasons
[INFO] 11-03-2025 16:28:46 [main] [MethodUtil] - ✅ Scrolled to element Reject Reasons
[INFO] 11-03-2025 16:30:33 [main] [MethodUtil] - ✅ Scrolled to element Account Button
[INFO] 11-03-2025 16:30:33 [main] [MethodUtil] - ✅ Scrolled to element Sign In
[INFO] 11-03-2025 16:30:42 [main] [MethodUtil] - ✅ Scrolled to element Email
[INFO] 11-03-2025 16:30:42 [main] [MethodUtil] - ✅ Scrolled to element Password
[INFO] 11-03-2025 16:30:42 [main] [MethodUtil] - ✅ Scrolled to element Submit
[INFO] 11-03-2025 16:30:55 [main] [MethodUtil] - ✅ Scrolled to element Query Button
[INFO] 11-03-2025 16:30:57 [main] [MethodUtil] - ✅ Scrolled to element Reject Reason
[INFO] 11-03-2025 16:30:57 [main] [MethodUtil] - Text Click to select is retrieved from Reject Reasons
[INFO] 11-03-2025 16:30:57 [main] [MethodUtil] - Text I'd like to add or remove a language. is retrieved from Reject Reasons
[INFO] 11-03-2025 16:30:57 [main] [MethodUtil] - Text I need my translation sooner. is retrieved from Reject Reasons
[INFO] 11-03-2025 16:30:57 [main] [MethodUtil] - Text The quote seems a bit expensive. is retrieved from Reject Reasons
[INFO] 11-03-2025 16:30:57 [main] [MethodUtil] - Text Reject quote altogether. is retrieved from Reject Reasons
[INFO] 11-03-2025 16:30:57 [main] [MethodUtil] - Text Other is retrieved from Reject Reasons
[INFO] 11-03-2025 16:30:57 [main] [MethodUtil] - ✅ Scrolled to element Reject Reasons
[INFO] 11-03-2025 16:35:11 [main] [MethodUtil] - ✅ Scrolled to element Account Button
[INFO] 11-03-2025 16:35:11 [main] [MethodUtil] - ✅ Scrolled to element Sign In
[INFO] 11-03-2025 16:35:19 [main] [MethodUtil] - ✅ Scrolled to element Email
[INFO] 11-03-2025 16:35:19 [main] [MethodUtil] - ✅ Scrolled to element Password
[INFO] 11-03-2025 16:35:20 [main] [MethodUtil] - ✅ Scrolled to element Submit
[INFO] 11-03-2025 16:35:31 [main] [MethodUtil] - ✅ Scrolled to element Query Button
[INFO] 11-03-2025 16:35:33 [main] [MethodUtil] - ✅ Scrolled to element Reject Reason
[INFO] 11-03-2025 16:35:33 [main] [MethodUtil] - Text Click to select is retrieved from Reject Reasons
[INFO] 11-03-2025 16:35:33 [main] [MethodUtil] - Text I'd like to add or remove a language. is retrieved from Reject Reasons
[INFO] 11-03-2025 16:35:33 [main] [MethodUtil] - Text I need my translation sooner. is retrieved from Reject Reasons
[INFO] 11-03-2025 16:35:33 [main] [MethodUtil] - Text The quote seems a bit expensive. is retrieved from Reject Reasons
[INFO] 11-03-2025 16:35:33 [main] [MethodUtil] - Text Reject quote altogether. is retrieved from Reject Reasons
[INFO] 11-03-2025 16:35:33 [main] [MethodUtil] - Text Other is retrieved from Reject Reasons
[INFO] 11-03-2025 16:35:33 [main] [MethodUtil] - ✅ Scrolled to element Reject Reasons
[INFO] 11-03-2025 16:36:37 [main] [MethodUtil] - ✅ Scrolled to element Account Button
[INFO] 11-03-2025 16:36:37 [main] [MethodUtil] - ✅ Scrolled to element Sign In
[INFO] 11-03-2025 16:36:45 [main] [MethodUtil] - ✅ Scrolled to element Email
[INFO] 11-03-2025 16:36:45 [main] [MethodUtil] - ✅ Scrolled to element Password
[INFO] 11-03-2025 16:36:45 [main] [MethodUtil] - ✅ Scrolled to element Submit
[INFO] 11-03-2025 16:36:57 [main] [MethodUtil] - ✅ Scrolled to element Query Button
[INFO] 11-03-2025 16:36:59 [main] [MethodUtil] - ✅ Scrolled to element Reject Reason
[INFO] 11-03-2025 16:36:59 [main] [MethodUtil] - Text Click to select is retrieved from Reject Reasons
[INFO] 11-03-2025 16:36:59 [main] [MethodUtil] - Text I'd like to add or remove a language. is retrieved from Reject Reasons
[INFO] 11-03-2025 16:36:59 [main] [MethodUtil] - Text I need my translation sooner. is retrieved from Reject Reasons
[INFO] 11-03-2025 16:36:59 [main] [MethodUtil] - Text The quote seems a bit expensive. is retrieved from Reject Reasons
[INFO] 11-03-2025 16:36:59 [main] [MethodUtil] - Text Reject quote altogether. is retrieved from Reject Reasons
[INFO] 11-03-2025 16:36:59 [main] [MethodUtil] - Text Other is retrieved from Reject Reasons
[INFO] 11-03-2025 16:36:59 [main] [MethodUtil] - ✅ Scrolled to element Reject Reasons
[INFO] 11-03-2025 16:39:25 [main] [MethodUtil] - ✅ Scrolled to element Account Button
[INFO] 11-03-2025 16:39:25 [main] [MethodUtil] - ✅ Scrolled to element Sign In
[INFO] 11-03-2025 16:39:33 [main] [MethodUtil] - ✅ Scrolled to element Email
[INFO] 11-03-2025 16:39:33 [main] [MethodUtil] - ✅ Scrolled to element Password
[INFO] 11-03-2025 16:39:33 [main] [MethodUtil] - ✅ Scrolled to element Submit
[INFO] 11-03-2025 16:39:45 [main] [MethodUtil] - ✅ Scrolled to element Query Button
[INFO] 11-03-2025 16:39:47 [main] [MethodUtil] - ✅ Scrolled to element Reject Reason
[INFO] 11-03-2025 16:39:47 [main] [MethodUtil] - Text Click to select is retrieved from Reject Reasons
[INFO] 11-03-2025 16:39:47 [main] [MethodUtil] - Text I'd like to add or remove a language. is retrieved from Reject Reasons
[INFO] 11-03-2025 16:39:47 [main] [MethodUtil] - Text I need my translation sooner. is retrieved from Reject Reasons
[INFO] 11-03-2025 16:39:47 [main] [MethodUtil] - Text The quote seems a bit expensive. is retrieved from Reject Reasons
[INFO] 11-03-2025 16:39:47 [main] [MethodUtil] - Text Reject quote altogether. is retrieved from Reject Reasons
[INFO] 11-03-2025 16:39:47 [main] [MethodUtil] - Text Other is retrieved from Reject Reasons
[INFO] 11-03-2025 16:39:47 [main] [MethodUtil] - ✅ Scrolled to element Reject Reasons
[INFO] 11-03-2025 16:42:59 [main] [MethodUtil] - ✅ Scrolled to element Account Button
[INFO] 11-03-2025 16:42:59 [main] [MethodUtil] - ✅ Scrolled to element Sign In
[INFO] 11-03-2025 16:43:07 [main] [MethodUtil] - ✅ Scrolled to element Email
[INFO] 11-03-2025 16:43:07 [main] [MethodUtil] - ✅ Scrolled to element Password
[INFO] 11-03-2025 16:43:07 [main] [MethodUtil] - ✅ Scrolled to element Submit
[INFO] 11-03-2025 16:43:19 [main] [MethodUtil] - ✅ Scrolled to element Query Button
[INFO] 11-03-2025 16:43:21 [main] [MethodUtil] - ✅ Scrolled to element Reject Reason
[INFO] 11-03-2025 16:43:21 [main] [MethodUtil] - Text Click to select is retrieved from Reject Reasons
[INFO] 11-03-2025 16:43:21 [main] [MethodUtil] - Text I'd like to add or remove a language. is retrieved from Reject Reasons
[INFO] 11-03-2025 16:43:21 [main] [MethodUtil] - Text I need my translation sooner. is retrieved from Reject Reasons
[INFO] 11-03-2025 16:43:21 [main] [MethodUtil] - Text The quote seems a bit expensive. is retrieved from Reject Reasons
[INFO] 11-03-2025 16:43:21 [main] [MethodUtil] - Text Reject quote altogether. is retrieved from Reject Reasons
[INFO] 11-03-2025 16:43:21 [main] [MethodUtil] - Text Other is retrieved from Reject Reasons
[INFO] 11-03-2025 16:43:21 [main] [MethodUtil] - ✅ Scrolled to element Reject Reasons
[INFO] 11-03-2025 16:43:23 [main] [MethodUtil] - ✅ Scrolled to element Write Reason
[INFO] 11-03-2025 16:59:21 [main] [MethodUtil] - ✅ Scrolled to element Account Button
[INFO] 11-03-2025 16:59:21 [main] [MethodUtil] - ✅ Scrolled to element Sign In
[INFO] 11-03-2025 16:59:29 [main] [MethodUtil] - ✅ Scrolled to element Email
[INFO] 11-03-2025 16:59:30 [main] [MethodUtil] - ✅ Scrolled to element Password
[INFO] 11-03-2025 16:59:30 [main] [MethodUtil] - ✅ Scrolled to element Submit
[INFO] 11-03-2025 16:59:41 [main] [MethodUtil] - ✅ Scrolled to element Query Button
[INFO] 11-03-2025 16:59:43 [main] [MethodUtil] - ✅ Scrolled to element Reject Reason
[INFO] 11-03-2025 16:59:43 [main] [MethodUtil] - Text Click to select is retrieved from Reject Reasons
[INFO] 11-03-2025 16:59:43 [main] [MethodUtil] - Text I'd like to add or remove a language. is retrieved from Reject Reasons
[INFO] 11-03-2025 16:59:43 [main] [MethodUtil] - Text I need my translation sooner. is retrieved from Reject Reasons
[INFO] 11-03-2025 16:59:43 [main] [MethodUtil] - Text The quote seems a bit expensive. is retrieved from Reject Reasons
[INFO] 11-03-2025 16:59:43 [main] [MethodUtil] - Text Reject quote altogether. is retrieved from Reject Reasons
[INFO] 11-03-2025 16:59:43 [main] [MethodUtil] - Text Other is retrieved from Reject Reasons
[INFO] 11-03-2025 16:59:43 [main] [MethodUtil] - ✅ Scrolled to element Reject Reasons
[INFO] 11-03-2025 16:59:46 [main] [MethodUtil] - ✅ Scrolled to element Write Reason
[INFO] 11-03-2025 16:59:46 [main] [MethodUtil] - ✅ Scrolled to element Send
[INFO] 11-03-2025 17:43:29 [main] [MethodUtil] - ✅ Scrolled to element Account Button
[INFO] 11-03-2025 17:43:29 [main] [MethodUtil] - ✅ Scrolled to element Sign In
[INFO] 11-03-2025 17:43:39 [main] [MethodUtil] - ✅ Scrolled to element Email
[INFO] 11-03-2025 17:43:40 [main] [MethodUtil] - ✅ Scrolled to element Password
[INFO] 11-03-2025 17:43:40 [main] [MethodUtil] - ✅ Scrolled to element Submit
[INFO] 11-03-2025 17:44:00 [main] [MethodUtil] - ✅ Scrolled to element Query Button
[INFO] 11-03-2025 17:44:03 [main] [MethodUtil] - ✅ Scrolled to element Reject Reason
[INFO] 11-03-2025 17:44:04 [main] [MethodUtil] - Text Click to select is retrieved from Reject Reasons
[INFO] 11-03-2025 17:44:04 [main] [MethodUtil] - Text I'd like to add or remove a language. is retrieved from Reject Reasons
[INFO] 11-03-2025 17:44:04 [main] [MethodUtil] - Text I need my translation sooner. is retrieved from Reject Reasons
[INFO] 11-03-2025 17:44:04 [main] [MethodUtil] - Text The quote seems a bit expensive. is retrieved from Reject Reasons
[INFO] 11-03-2025 17:44:04 [main] [MethodUtil] - Text Reject quote altogether. is retrieved from Reject Reasons
[INFO] 11-03-2025 17:44:04 [main] [MethodUtil] - Text Other is retrieved from Reject Reasons
[INFO] 11-03-2025 17:44:04 [main] [MethodUtil] - ✅ Scrolled to element Reject Reasons
[INFO] 11-03-2025 17:44:06 [main] [MethodUtil] - ✅ Scrolled to element Write Reason
[INFO] 11-03-2025 17:44:06 [main] [MethodUtil] - ✅ Scrolled to element Send
[INFO] 11-03-2025 18:30:05 [main] [MethodUtil] - ✅ Scrolled to element Account Button
[INFO] 11-03-2025 18:30:05 [main] [MethodUtil] - ✅ Scrolled to element Sign In
[INFO] 11-03-2025 18:30:15 [main] [MethodUtil] - ✅ Scrolled to element Email
[INFO] 11-03-2025 18:30:15 [main] [MethodUtil] - ✅ Scrolled to element Password
[INFO] 11-03-2025 18:30:15 [main] [MethodUtil] - ✅ Scrolled to element Submit
[INFO] 11-03-2025 18:31:07 [main] [MethodUtil] - ✅ Scrolled to element Account Button
[INFO] 11-03-2025 18:31:07 [main] [MethodUtil] - ✅ Scrolled to element Sign In
[INFO] 11-03-2025 18:31:10 [main] [MethodUtil] - ✅ Scrolled to element Forgot Password
[INFO] 11-03-2025 18:31:11 [main] [MethodUtil] - ✅ Scrolled to element Email
[INFO] 11-03-2025 18:31:11 [main] [MethodUtil] - ✅ Scrolled to element Send Password
