[INFO] 14-04-2025 12:49:21 [main] [MethodUtil] - ✅ Scrolled to element Account Button
[INFO] 14-04-2025 12:49:22 [main] [MethodUtil] - ✅ Scrolled to element Sign In
[INFO] 14-04-2025 12:49:32 [main] [MethodUtil] - ✅ Scrolled to element Email
[INFO] 14-04-2025 12:49:32 [main] [MethodUtil] - ✅ Scrolled to element Password
[INFO] 14-04-2025 12:49:33 [main] [MethodUtil] - ✅ Scrolled to element Submit
[INFO] 14-04-2025 12:49:48 [main] [MethodUtil] - ✅ Scrolled to element Account Button
[INFO] 14-04-2025 12:49:48 [main] [MethodUtil] - ✅ Scrolled to element Manage Account
[INFO] 14-04-2025 12:49:49 [main] [MethodUtil] - ✅ Scrolled to element Billing pref
[INFO] 14-04-2025 12:49:50 [main] [MethodUtil] - ✅ Scrolled to element Add Address
[INFO] 14-04-2025 12:49:53 [main] [MethodUtil] - ✅ Scrolled to element citY
[INFO] 14-04-2025 12:49:54 [main] [MethodUtil] - ✅ Scrolled to element Country
[INFO] 14-04-2025 12:49:55 [main] [MethodUtil] - Text Afghanistan is retrieved from country
[INFO] 14-04-2025 12:49:55 [main] [MethodUtil] - ✅ Scrolled to element country
[INFO] 14-04-2025 12:49:55 [main] [MethodUtil] - ✅ Scrolled to element State
[INFO] 14-04-2025 12:49:56 [main] [MethodUtil] - ✅ Scrolled to element postal code
[INFO] 14-04-2025 12:49:56 [main] [MethodUtil] - ✅ Scrolled to element Save
[INFO] 14-04-2025 12:54:58 [main] [MethodUtil] - ✅ Scrolled to element Account Button
[INFO] 14-04-2025 12:54:59 [main] [MethodUtil] - ✅ Scrolled to element Sign In
[INFO] 14-04-2025 12:55:08 [main] [MethodUtil] - ✅ Scrolled to element Email
[INFO] 14-04-2025 12:55:09 [main] [MethodUtil] - ✅ Scrolled to element Password
[INFO] 14-04-2025 12:55:10 [main] [MethodUtil] - ✅ Scrolled to element Submit
[INFO] 14-04-2025 12:55:24 [main] [MethodUtil] - ✅ Scrolled to element Account Button
[INFO] 14-04-2025 12:55:24 [main] [MethodUtil] - ✅ Scrolled to element Manage Account
[INFO] 14-04-2025 12:55:25 [main] [MethodUtil] - ✅ Scrolled to element Billing pref
[INFO] 14-04-2025 12:55:37 [main] [MethodUtil] - ✅ Scrolled to element Add Address
[INFO] 14-04-2025 12:57:41 [main] [MethodUtil] - ✅ Scrolled to element Account Button
[INFO] 14-04-2025 12:57:42 [main] [MethodUtil] - ✅ Scrolled to element Sign In
[INFO] 14-04-2025 12:57:51 [main] [MethodUtil] - ✅ Scrolled to element Email
[INFO] 14-04-2025 12:57:52 [main] [MethodUtil] - ✅ Scrolled to element Password
[INFO] 14-04-2025 12:57:52 [main] [MethodUtil] - ✅ Scrolled to element Submit
[INFO] 14-04-2025 12:58:03 [main] [MethodUtil] - ✅ Scrolled to element Account Button
[INFO] 14-04-2025 12:58:03 [main] [MethodUtil] - ✅ Scrolled to element Manage Account
[INFO] 14-04-2025 12:58:14 [main] [MethodUtil] - ✅ Scrolled to element Billing pref
[INFO] 14-04-2025 12:58:15 [main] [MethodUtil] - ✅ Scrolled to element Add Address
[INFO] 14-04-2025 12:58:18 [main] [MethodUtil] - ✅ Scrolled to element BusinessName
[INFO] 14-04-2025 12:58:19 [main] [MethodUtil] - ✅ Scrolled to element Address Name
[INFO] 14-04-2025 12:58:19 [main] [MethodUtil] - ✅ Scrolled to element AddressLine1 
[INFO] 14-04-2025 12:58:19 [main] [MethodUtil] - ✅ Scrolled to element AddressLine2 
[INFO] 14-04-2025 12:58:20 [main] [MethodUtil] - ✅ Scrolled to element citY
[INFO] 14-04-2025 12:58:20 [main] [MethodUtil] - ✅ Scrolled to element Country
[INFO] 14-04-2025 12:58:21 [main] [MethodUtil] - Text Afghanistan is retrieved from country
[INFO] 14-04-2025 12:58:21 [main] [MethodUtil] - ✅ Scrolled to element country
[INFO] 14-04-2025 12:58:22 [main] [MethodUtil] - ✅ Scrolled to element State
[INFO] 14-04-2025 12:58:22 [main] [MethodUtil] - ✅ Scrolled to element postal code
[INFO] 14-04-2025 12:58:23 [main] [MethodUtil] - ✅ Scrolled to element Save
[INFO] 14-04-2025 13:02:48 [main] [MethodUtil] - ✅ Scrolled to element Account Button
[INFO] 14-04-2025 13:02:48 [main] [MethodUtil] - ✅ Scrolled to element Sign In
[INFO] 14-04-2025 13:02:57 [main] [MethodUtil] - ✅ Scrolled to element Email
[INFO] 14-04-2025 13:02:58 [main] [MethodUtil] - ✅ Scrolled to element Password
[INFO] 14-04-2025 13:02:59 [main] [MethodUtil] - ✅ Scrolled to element Submit
[INFO] 14-04-2025 13:03:09 [main] [MethodUtil] - ✅ Scrolled to element Account Button
[INFO] 14-04-2025 13:03:10 [main] [MethodUtil] - ✅ Scrolled to element Manage Account
[INFO] 14-04-2025 13:03:10 [main] [MethodUtil] - ✅ Scrolled to element Billing pref
[INFO] 14-04-2025 13:03:11 [main] [MethodUtil] - ✅ Scrolled to element Add Address
[INFO] 14-04-2025 13:03:15 [main] [MethodUtil] - ✅ Scrolled to element BusinessName
[INFO] 14-04-2025 13:03:15 [main] [MethodUtil] - ✅ Scrolled to element Address Name
[INFO] 14-04-2025 13:03:16 [main] [MethodUtil] - ✅ Scrolled to element AddressLine1 
[INFO] 14-04-2025 13:03:16 [main] [MethodUtil] - ✅ Scrolled to element AddressLine2 
[INFO] 14-04-2025 13:03:16 [main] [MethodUtil] - ✅ Scrolled to element citY
[INFO] 14-04-2025 13:03:17 [main] [MethodUtil] - ✅ Scrolled to element Country
[INFO] 14-04-2025 13:03:18 [main] [MethodUtil] - Text Afghanistan is retrieved from country
[INFO] 14-04-2025 13:03:18 [main] [MethodUtil] - ✅ Scrolled to element country
[INFO] 14-04-2025 13:03:18 [main] [MethodUtil] - ✅ Scrolled to element State
[INFO] 14-04-2025 13:03:19 [main] [MethodUtil] - ✅ Scrolled to element postal code
[INFO] 14-04-2025 13:03:19 [main] [MethodUtil] - ✅ Scrolled to element Save
[INFO] 14-04-2025 13:03:20 [main] [MethodUtil] - ✅ Scrolled to element HomePage
[INFO] 14-04-2025 13:06:34 [main] [MethodUtil] - ✅ Scrolled to element Account Button
[INFO] 14-04-2025 13:06:35 [main] [MethodUtil] - ✅ Scrolled to element Sign In
[INFO] 14-04-2025 13:06:44 [main] [MethodUtil] - ✅ Scrolled to element Email
[INFO] 14-04-2025 13:06:44 [main] [MethodUtil] - ✅ Scrolled to element Password
[INFO] 14-04-2025 13:06:45 [main] [MethodUtil] - ✅ Scrolled to element Submit
[INFO] 14-04-2025 13:06:56 [main] [MethodUtil] - ✅ Scrolled to element Account Button
[INFO] 14-04-2025 13:06:56 [main] [MethodUtil] - ✅ Scrolled to element Manage Account
[INFO] 14-04-2025 13:06:57 [main] [MethodUtil] - ✅ Scrolled to element Billing pref
[INFO] 14-04-2025 13:06:58 [main] [MethodUtil] - ✅ Scrolled to element Add Address
[INFO] 14-04-2025 13:07:01 [main] [MethodUtil] - ✅ Scrolled to element BusinessName
[INFO] 14-04-2025 13:07:01 [main] [MethodUtil] - ✅ Scrolled to element Address Name
[INFO] 14-04-2025 13:07:02 [main] [MethodUtil] - ✅ Scrolled to element AddressLine1 
[INFO] 14-04-2025 13:07:02 [main] [MethodUtil] - ✅ Scrolled to element AddressLine2 
[INFO] 14-04-2025 13:07:03 [main] [MethodUtil] - ✅ Scrolled to element citY
[INFO] 14-04-2025 13:07:03 [main] [MethodUtil] - ✅ Scrolled to element Country
[INFO] 14-04-2025 13:07:04 [main] [MethodUtil] - Text Afghanistan is retrieved from country
[INFO] 14-04-2025 13:07:04 [main] [MethodUtil] - ✅ Scrolled to element country
[INFO] 14-04-2025 13:07:04 [main] [MethodUtil] - ✅ Scrolled to element State
[INFO] 14-04-2025 13:07:05 [main] [MethodUtil] - ✅ Scrolled to element postal code
[INFO] 14-04-2025 13:07:05 [main] [MethodUtil] - ✅ Scrolled to element Save
[INFO] 14-04-2025 13:07:07 [main] [MethodUtil] - ✅ Scrolled to element HomePage
[INFO] 14-04-2025 13:07:25 [main] [MethodUtil] - ✅ Scrolled to element Approve Button
[INFO] 14-04-2025 13:07:45 [main] [MethodUtil] - ✅ Scrolled to element Terms Of Use Checkbox
[INFO] 14-04-2025 13:07:46 [main] [MethodUtil] - ✅ Scrolled to element Approve Quote
[INFO] 14-04-2025 13:07:49 [main] [MethodUtil] - ✅ Scrolled to element Select Address
[INFO] 14-04-2025 13:07:49 [main] [MethodUtil] - ✅ Scrolled to element Next
[INFO] 14-04-2025 13:07:54 [main] [MethodUtil] - ✅ Scrolled to element Next
[INFO] 14-04-2025 13:07:59 [main] [MethodUtil] - ✅ Scrolled to element Card Number
[INFO] 14-04-2025 13:08:02 [main] [MethodUtil] - ✅ Scrolled to element Adfasf
[INFO] 14-04-2025 13:08:02 [main] [MethodUtil] - ✅ Scrolled to element Expiry Month
[INFO] 14-04-2025 13:08:03 [main] [MethodUtil] - ✅ Scrolled to element Year
[INFO] 14-04-2025 13:08:03 [main] [MethodUtil] - ✅ Scrolled to element Security Code
[INFO] 14-04-2025 13:08:03 [main] [MethodUtil] - ✅ Scrolled to element Submit Button
[INFO] 14-04-2025 13:29:57 [main] [MethodUtil] - ✅ Scrolled to element Account Button
[INFO] 14-04-2025 13:29:58 [main] [MethodUtil] - ✅ Scrolled to element Sign In
[INFO] 14-04-2025 13:30:09 [main] [MethodUtil] - ✅ Scrolled to element Email
[INFO] 14-04-2025 13:30:10 [main] [MethodUtil] - ✅ Scrolled to element Password
[INFO] 14-04-2025 13:30:10 [main] [MethodUtil] - ✅ Scrolled to element Submit
[INFO] 14-04-2025 13:30:25 [main] [MethodUtil] - ✅ Scrolled to element Account Button
[INFO] 14-04-2025 13:30:26 [main] [MethodUtil] - ✅ Scrolled to element Manage Account
[INFO] 14-04-2025 13:30:27 [main] [MethodUtil] - ✅ Scrolled to element Profile Mangement
[INFO] 14-04-2025 13:31:29 [main] [MethodUtil] - ✅ Scrolled to element Account Button
[INFO] 14-04-2025 13:33:07 [main] [MethodUtil] - ✅ Scrolled to element Account Button
[INFO] 14-04-2025 13:33:07 [main] [MethodUtil] - ✅ Scrolled to element Manage Account
[INFO] 14-04-2025 13:33:08 [main] [MethodUtil] - ✅ Scrolled to element Billing pref
[INFO] 14-04-2025 13:33:10 [main] [MethodUtil] - ✅ Scrolled to element Add Address
[INFO] 14-04-2025 13:33:13 [main] [MethodUtil] - ✅ Scrolled to element BusinessName
[INFO] 14-04-2025 13:33:14 [main] [MethodUtil] - ✅ Scrolled to element Address Name
[INFO] 14-04-2025 13:33:14 [main] [MethodUtil] - ✅ Scrolled to element AddressLine1 
[INFO] 14-04-2025 13:33:15 [main] [MethodUtil] - ✅ Scrolled to element AddressLine2 
[INFO] 14-04-2025 13:33:15 [main] [MethodUtil] - ✅ Scrolled to element citY
[INFO] 14-04-2025 13:33:16 [main] [MethodUtil] - ✅ Scrolled to element Country
[INFO] 14-04-2025 13:33:17 [main] [MethodUtil] - Text Afghanistan is retrieved from country
[INFO] 14-04-2025 13:33:17 [main] [MethodUtil] - ✅ Scrolled to element country
[INFO] 14-04-2025 13:33:17 [main] [MethodUtil] - ✅ Scrolled to element State
[INFO] 14-04-2025 13:33:18 [main] [MethodUtil] - ✅ Scrolled to element postal code
[INFO] 14-04-2025 13:33:19 [main] [MethodUtil] - ✅ Scrolled to element Save
[INFO] 14-04-2025 13:33:20 [main] [MethodUtil] - ✅ Scrolled to element Account Button
[INFO] 14-04-2025 13:34:58 [main] [MethodUtil] - ✅ Scrolled to element Account Button
[INFO] 14-04-2025 13:34:58 [main] [MethodUtil] - ✅ Scrolled to element Manage Account
[INFO] 14-04-2025 13:35:00 [main] [MethodUtil] - ✅ Scrolled to element Billing pref
[INFO] 14-04-2025 13:35:01 [main] [MethodUtil] - ✅ Scrolled to element Add Address
[INFO] 14-04-2025 13:35:04 [main] [MethodUtil] - ✅ Scrolled to element BusinessName
[INFO] 14-04-2025 13:35:05 [main] [MethodUtil] - ✅ Scrolled to element Address Name
[INFO] 14-04-2025 13:35:05 [main] [MethodUtil] - ✅ Scrolled to element AddressLine1 
[INFO] 14-04-2025 13:35:06 [main] [MethodUtil] - ✅ Scrolled to element AddressLine2 
[INFO] 14-04-2025 13:35:06 [main] [MethodUtil] - ✅ Scrolled to element citY
[INFO] 14-04-2025 13:35:07 [main] [MethodUtil] - ✅ Scrolled to element Country
[INFO] 14-04-2025 13:35:08 [main] [MethodUtil] - Text Afghanistan is retrieved from country
[INFO] 14-04-2025 13:35:08 [main] [MethodUtil] - ✅ Scrolled to element country
[INFO] 14-04-2025 13:35:08 [main] [MethodUtil] - ✅ Scrolled to element State
[INFO] 14-04-2025 13:35:09 [main] [MethodUtil] - ✅ Scrolled to element postal code
[INFO] 14-04-2025 13:35:09 [main] [MethodUtil] - ✅ Scrolled to element Save
[INFO] 14-04-2025 13:35:11 [main] [MethodUtil] - ✅ Scrolled to element HomePage
[INFO] 14-04-2025 13:42:19 [main] [MethodUtil] - ✅ Scrolled to element Account Button
[INFO] 14-04-2025 13:42:20 [main] [MethodUtil] - ✅ Scrolled to element Sign In
[INFO] 14-04-2025 13:42:40 [main] [MethodUtil] - ✅ Scrolled to element Email
[INFO] 14-04-2025 13:42:41 [main] [MethodUtil] - ✅ Scrolled to element Password
[INFO] 14-04-2025 13:42:41 [main] [MethodUtil] - ✅ Scrolled to element Submit
[INFO] 14-04-2025 13:42:56 [main] [MethodUtil] - ✅ Scrolled to element Account Button
[INFO] 14-04-2025 13:42:57 [main] [MethodUtil] - ✅ Scrolled to element Manage Account
[INFO] 14-04-2025 13:42:58 [main] [MethodUtil] - ✅ Scrolled to element Profile Mangement
[INFO] 14-04-2025 13:43:59 [main] [MethodUtil] - ✅ Scrolled to element Account Button
[INFO] 14-04-2025 13:45:37 [main] [MethodUtil] - ✅ Scrolled to element Account Button
[INFO] 14-04-2025 13:45:38 [main] [MethodUtil] - ✅ Scrolled to element Manage Account
[INFO] 14-04-2025 13:45:43 [main] [MethodUtil] - ✅ Scrolled to element Billing pref
[INFO] 14-04-2025 13:45:45 [main] [MethodUtil] - ✅ Scrolled to element Add Address
[INFO] 14-04-2025 13:45:48 [main] [MethodUtil] - ✅ Scrolled to element BusinessName
[INFO] 14-04-2025 13:45:49 [main] [MethodUtil] - ✅ Scrolled to element Address Name
[INFO] 14-04-2025 13:45:49 [main] [MethodUtil] - ✅ Scrolled to element AddressLine1 
[INFO] 14-04-2025 13:45:50 [main] [MethodUtil] - ✅ Scrolled to element AddressLine2 
[INFO] 14-04-2025 13:45:51 [main] [MethodUtil] - ✅ Scrolled to element citY
[INFO] 14-04-2025 13:45:51 [main] [MethodUtil] - ✅ Scrolled to element Country
[INFO] 14-04-2025 13:45:53 [main] [MethodUtil] - Text Afghanistan is retrieved from country
[INFO] 14-04-2025 13:45:53 [main] [MethodUtil] - ✅ Scrolled to element country
[INFO] 14-04-2025 13:45:53 [main] [MethodUtil] - ✅ Scrolled to element State
[INFO] 14-04-2025 13:45:54 [main] [MethodUtil] - ✅ Scrolled to element postal code
[INFO] 14-04-2025 13:45:54 [main] [MethodUtil] - ✅ Scrolled to element Save
[INFO] 14-04-2025 13:45:56 [main] [MethodUtil] - ✅ Scrolled to element Account Button
[INFO] 14-04-2025 13:45:57 [main] [MethodUtil] - ✅ Scrolled to element Manage Account
[INFO] 14-04-2025 13:45:58 [main] [MethodUtil] - ✅ Scrolled to element Billing pref
[INFO] 14-04-2025 13:45:59 [main] [MethodUtil] - ✅ Scrolled to element Add Address
[INFO] 14-04-2025 13:46:03 [main] [MethodUtil] - ✅ Scrolled to element BusinessName
[INFO] 14-04-2025 13:46:03 [main] [MethodUtil] - ✅ Scrolled to element Address Name
[INFO] 14-04-2025 13:46:04 [main] [MethodUtil] - ✅ Scrolled to element AddressLine1 
[INFO] 14-04-2025 13:46:04 [main] [MethodUtil] - ✅ Scrolled to element AddressLine2 
[INFO] 14-04-2025 13:46:04 [main] [MethodUtil] - ✅ Scrolled to element citY
[INFO] 14-04-2025 13:46:05 [main] [MethodUtil] - ✅ Scrolled to element Country
[INFO] 14-04-2025 13:46:06 [main] [MethodUtil] - Text Afghanistan is retrieved from country
[INFO] 14-04-2025 13:46:06 [main] [MethodUtil] - ✅ Scrolled to element country
[INFO] 14-04-2025 13:46:07 [main] [MethodUtil] - ✅ Scrolled to element State
[INFO] 14-04-2025 13:46:07 [main] [MethodUtil] - ✅ Scrolled to element postal code
[INFO] 14-04-2025 13:46:08 [main] [MethodUtil] - ✅ Scrolled to element Save
[INFO] 14-04-2025 13:52:01 [main] [MethodUtil] - ✅ Scrolled to element Account Button
[INFO] 14-04-2025 13:52:02 [main] [MethodUtil] - ✅ Scrolled to element Sign In
[INFO] 14-04-2025 13:52:12 [main] [MethodUtil] - ✅ Scrolled to element Email
[INFO] 14-04-2025 13:52:13 [main] [MethodUtil] - ✅ Scrolled to element Password
[INFO] 14-04-2025 13:52:14 [main] [MethodUtil] - ✅ Scrolled to element Submit
[INFO] 14-04-2025 13:52:30 [main] [MethodUtil] - ✅ Scrolled to element Account Button
[INFO] 14-04-2025 13:52:31 [main] [MethodUtil] - ✅ Scrolled to element Manage Account
[INFO] 14-04-2025 13:52:32 [main] [MethodUtil] - ✅ Scrolled to element Profile Mangement
[INFO] 14-04-2025 13:53:34 [main] [MethodUtil] - ✅ Scrolled to element Account Button
[INFO] 14-04-2025 13:53:54 [main] [MethodUtil] - ✅ Scrolled to element Account Button
[INFO] 14-04-2025 13:53:55 [main] [MethodUtil] - ✅ Scrolled to element Manage Account
[INFO] 14-04-2025 13:53:56 [main] [MethodUtil] - ✅ Scrolled to element Billing pref
[INFO] 14-04-2025 13:53:58 [main] [MethodUtil] - ✅ Scrolled to element Add Address
[INFO] 14-04-2025 13:54:02 [main] [MethodUtil] - ✅ Scrolled to element BusinessName
[INFO] 14-04-2025 13:54:03 [main] [MethodUtil] - ✅ Scrolled to element Address Name
[INFO] 14-04-2025 13:54:04 [main] [MethodUtil] - ✅ Scrolled to element AddressLine1 
[INFO] 14-04-2025 13:54:05 [main] [MethodUtil] - ✅ Scrolled to element AddressLine2 
[INFO] 14-04-2025 13:54:06 [main] [MethodUtil] - ✅ Scrolled to element citY
[INFO] 14-04-2025 13:54:06 [main] [MethodUtil] - ✅ Scrolled to element Country
[INFO] 14-04-2025 13:54:08 [main] [MethodUtil] - Text Afghanistan is retrieved from country
[INFO] 14-04-2025 13:54:08 [main] [MethodUtil] - ✅ Scrolled to element country
[INFO] 14-04-2025 13:54:09 [main] [MethodUtil] - ✅ Scrolled to element State
[INFO] 14-04-2025 13:54:10 [main] [MethodUtil] - ✅ Scrolled to element postal code
[INFO] 14-04-2025 13:54:11 [main] [MethodUtil] - ✅ Scrolled to element Save
[INFO] 14-04-2025 13:54:12 [main] [MethodUtil] - ✅ Scrolled to element Account Button
[INFO] 14-04-2025 13:54:13 [main] [MethodUtil] - ✅ Scrolled to element Manage Account
[INFO] 14-04-2025 13:54:14 [main] [MethodUtil] - ✅ Scrolled to element Billing pref
[INFO] 14-04-2025 13:54:16 [main] [MethodUtil] - ✅ Scrolled to element Add Address
[INFO] 14-04-2025 13:54:19 [main] [MethodUtil] - ✅ Scrolled to element BusinessName
[INFO] 14-04-2025 13:54:20 [main] [MethodUtil] - ✅ Scrolled to element Address Name
[INFO] 14-04-2025 13:54:21 [main] [MethodUtil] - ✅ Scrolled to element AddressLine1 
[INFO] 14-04-2025 13:54:21 [main] [MethodUtil] - ✅ Scrolled to element AddressLine2 
[INFO] 14-04-2025 13:54:22 [main] [MethodUtil] - ✅ Scrolled to element citY
[INFO] 14-04-2025 13:54:23 [main] [MethodUtil] - ✅ Scrolled to element Country
[INFO] 14-04-2025 13:54:24 [main] [MethodUtil] - Text Afghanistan is retrieved from country
[INFO] 14-04-2025 13:54:24 [main] [MethodUtil] - ✅ Scrolled to element country
[INFO] 14-04-2025 13:54:24 [main] [MethodUtil] - ✅ Scrolled to element State
[INFO] 14-04-2025 13:54:25 [main] [MethodUtil] - ✅ Scrolled to element postal code
[INFO] 14-04-2025 13:54:26 [main] [MethodUtil] - ✅ Scrolled to element Save
[INFO] 14-04-2025 13:57:12 [main] [MethodUtil] - ✅ Scrolled to element Account Button
[INFO] 14-04-2025 13:57:13 [main] [MethodUtil] - ✅ Scrolled to element Sign In
[INFO] 14-04-2025 13:57:23 [main] [MethodUtil] - ✅ Scrolled to element Email
[INFO] 14-04-2025 13:57:24 [main] [MethodUtil] - ✅ Scrolled to element Password
[INFO] 14-04-2025 13:57:25 [main] [MethodUtil] - ✅ Scrolled to element Submit
[INFO] 14-04-2025 13:57:40 [main] [MethodUtil] - ✅ Scrolled to element Account Button
[INFO] 14-04-2025 13:57:40 [main] [MethodUtil] - ✅ Scrolled to element Manage Account
[INFO] 14-04-2025 13:57:41 [main] [MethodUtil] - ✅ Scrolled to element Profile Mangement
[INFO] 14-04-2025 13:58:43 [main] [MethodUtil] - ✅ Scrolled to element Account Button
[INFO] 14-04-2025 13:59:04 [main] [MethodUtil] - ✅ Scrolled to element Account Button
[INFO] 14-04-2025 13:59:04 [main] [MethodUtil] - ✅ Scrolled to element Manage Account
[INFO] 14-04-2025 13:59:05 [main] [MethodUtil] - ✅ Scrolled to element Billing pref
[INFO] 14-04-2025 14:00:03 [main] [MethodUtil] - ✅ Scrolled to element Add Address
[INFO] 14-04-2025 14:02:30 [main] [MethodUtil] - ✅ Scrolled to element Account Button
[INFO] 14-04-2025 14:02:30 [main] [MethodUtil] - ✅ Scrolled to element Sign In
[INFO] 14-04-2025 14:02:40 [main] [MethodUtil] - ✅ Scrolled to element Email
[INFO] 14-04-2025 14:02:41 [main] [MethodUtil] - ✅ Scrolled to element Password
[INFO] 14-04-2025 14:02:41 [main] [MethodUtil] - ✅ Scrolled to element Submit
[INFO] 14-04-2025 14:02:57 [main] [MethodUtil] - ✅ Scrolled to element Account Button
[INFO] 14-04-2025 14:02:57 [main] [MethodUtil] - ✅ Scrolled to element Manage Account
[INFO] 14-04-2025 14:02:58 [main] [MethodUtil] - ✅ Scrolled to element Profile Mangement
[INFO] 14-04-2025 14:04:00 [main] [MethodUtil] - ✅ Scrolled to element Account Button
[INFO] 14-04-2025 14:04:21 [main] [MethodUtil] - ✅ Scrolled to element Account Button
[INFO] 14-04-2025 14:04:21 [main] [MethodUtil] - ✅ Scrolled to element Manage Account
[INFO] 14-04-2025 14:04:26 [main] [MethodUtil] - ✅ Scrolled to element Billing pref
[INFO] 14-04-2025 14:04:27 [main] [MethodUtil] - ✅ Scrolled to element Add Address
[INFO] 14-04-2025 14:04:31 [main] [MethodUtil] - ✅ Scrolled to element BusinessName
[INFO] 14-04-2025 14:04:31 [main] [MethodUtil] - ✅ Scrolled to element Address Name
[INFO] 14-04-2025 14:04:32 [main] [MethodUtil] - ✅ Scrolled to element AddressLine1 
[INFO] 14-04-2025 14:04:32 [main] [MethodUtil] - ✅ Scrolled to element AddressLine2 
[INFO] 14-04-2025 14:04:33 [main] [MethodUtil] - ✅ Scrolled to element citY
[INFO] 14-04-2025 14:04:34 [main] [MethodUtil] - ✅ Scrolled to element Country
[INFO] 14-04-2025 14:04:35 [main] [MethodUtil] - Text Afghanistan is retrieved from country
[INFO] 14-04-2025 14:04:35 [main] [MethodUtil] - ✅ Scrolled to element country
[INFO] 14-04-2025 14:04:35 [main] [MethodUtil] - ✅ Scrolled to element State
[INFO] 14-04-2025 14:04:36 [main] [MethodUtil] - ✅ Scrolled to element postal code
[INFO] 14-04-2025 14:04:36 [main] [MethodUtil] - ✅ Scrolled to element Save
[INFO] 14-04-2025 14:04:37 [main] [MethodUtil] - ✅ Scrolled to element Account Button
[INFO] 14-04-2025 14:04:38 [main] [MethodUtil] - ✅ Scrolled to element Manage Account
[INFO] 14-04-2025 14:04:39 [main] [MethodUtil] - ✅ Scrolled to element Billing pref
[INFO] 14-04-2025 14:04:41 [main] [MethodUtil] - ✅ Scrolled to element Add Address
[INFO] 14-04-2025 14:04:44 [main] [MethodUtil] - ✅ Scrolled to element BusinessName
[INFO] 14-04-2025 14:04:44 [main] [MethodUtil] - ✅ Scrolled to element Address Name
[INFO] 14-04-2025 14:04:45 [main] [MethodUtil] - ✅ Scrolled to element AddressLine1 
[INFO] 14-04-2025 14:04:46 [main] [MethodUtil] - ✅ Scrolled to element AddressLine2 
[INFO] 14-04-2025 14:04:46 [main] [MethodUtil] - ✅ Scrolled to element citY
[INFO] 14-04-2025 14:04:47 [main] [MethodUtil] - ✅ Scrolled to element Country
[INFO] 14-04-2025 14:04:48 [main] [MethodUtil] - Text Afghanistan is retrieved from country
[INFO] 14-04-2025 14:04:48 [main] [MethodUtil] - ✅ Scrolled to element country
[INFO] 14-04-2025 14:04:48 [main] [MethodUtil] - ✅ Scrolled to element State
[INFO] 14-04-2025 14:04:49 [main] [MethodUtil] - ✅ Scrolled to element postal code
[INFO] 14-04-2025 14:04:49 [main] [MethodUtil] - ✅ Scrolled to element Save
[INFO] 14-04-2025 14:04:50 [main] [MethodUtil] - ✅ Scrolled to element HomePage
[INFO] 14-04-2025 14:05:09 [main] [MethodUtil] - ✅ Scrolled to element Approve Button
[INFO] 14-04-2025 14:05:29 [main] [MethodUtil] - ✅ Scrolled to element Terms Of Use Checkbox
[INFO] 14-04-2025 14:05:30 [main] [MethodUtil] - ✅ Scrolled to element Approve Quote
[INFO] 14-04-2025 15:47:30 [main] [MethodUtil] - ✅ Scrolled to element HomePage
[INFO] 14-04-2025 15:47:46 [main] [MethodUtil] - ✅ Scrolled to element Account Button
[INFO] 14-04-2025 15:47:46 [main] [MethodUtil] - ✅ Scrolled to element Sign In
[INFO] 14-04-2025 15:47:57 [main] [MethodUtil] - ✅ Scrolled to element Email
[INFO] 14-04-2025 15:47:58 [main] [MethodUtil] - ✅ Scrolled to element Password
[INFO] 14-04-2025 15:47:59 [main] [MethodUtil] - ✅ Scrolled to element Submit
[INFO] 14-04-2025 15:48:14 [main] [MethodUtil] - ✅ Scrolled to element Account Button
[INFO] 14-04-2025 15:48:14 [main] [MethodUtil] - ✅ Scrolled to element Manage Account
[INFO] 14-04-2025 15:48:15 [main] [MethodUtil] - ✅ Scrolled to element Profile Mangement
[INFO] 14-04-2025 15:49:17 [main] [MethodUtil] - ✅ Scrolled to element HomePage
[INFO] 14-04-2025 15:49:32 [main] [MethodUtil] - ✅ Scrolled to element Account Button
[INFO] 14-04-2025 15:49:53 [main] [MethodUtil] - ✅ Scrolled to element Account Button
[INFO] 14-04-2025 15:49:53 [main] [MethodUtil] - ✅ Scrolled to element Manage Account
[INFO] 14-04-2025 15:49:55 [main] [MethodUtil] - ✅ Scrolled to element Billing pref
[INFO] 14-04-2025 15:49:56 [main] [MethodUtil] - ✅ Scrolled to element Add Address
[INFO] 14-04-2025 15:50:00 [main] [MethodUtil] - ✅ Scrolled to element BusinessName
[INFO] 14-04-2025 15:50:00 [main] [MethodUtil] - ✅ Scrolled to element Address Name
[INFO] 14-04-2025 15:50:01 [main] [MethodUtil] - ✅ Scrolled to element AddressLine1 
[INFO] 14-04-2025 15:50:01 [main] [MethodUtil] - ✅ Scrolled to element AddressLine2 
[INFO] 14-04-2025 15:50:02 [main] [MethodUtil] - ✅ Scrolled to element citY
[INFO] 14-04-2025 15:50:02 [main] [MethodUtil] - ✅ Scrolled to element Country
[INFO] 14-04-2025 15:50:03 [main] [MethodUtil] - Text Afghanistan is retrieved from country
[INFO] 14-04-2025 15:50:03 [main] [MethodUtil] - ✅ Scrolled to element country
[INFO] 14-04-2025 15:50:04 [main] [MethodUtil] - ✅ Scrolled to element State
[INFO] 14-04-2025 15:50:05 [main] [MethodUtil] - ✅ Scrolled to element postal code
[INFO] 14-04-2025 15:50:05 [main] [MethodUtil] - ✅ Scrolled to element Save
[INFO] 14-04-2025 15:50:06 [main] [MethodUtil] - ✅ Scrolled to element HomePage
[INFO] 14-04-2025 15:50:22 [main] [MethodUtil] - ✅ Scrolled to element Account Button
[INFO] 14-04-2025 15:50:22 [main] [MethodUtil] - ✅ Scrolled to element Manage Account
[INFO] 14-04-2025 15:50:24 [main] [MethodUtil] - ✅ Scrolled to element Billing pref
[INFO] 14-04-2025 15:50:25 [main] [MethodUtil] - ✅ Scrolled to element Add Address
[INFO] 14-04-2025 15:50:29 [main] [MethodUtil] - ✅ Scrolled to element BusinessName
[INFO] 14-04-2025 15:50:29 [main] [MethodUtil] - ✅ Scrolled to element Address Name
[INFO] 14-04-2025 15:50:30 [main] [MethodUtil] - ✅ Scrolled to element AddressLine1 
[INFO] 14-04-2025 15:50:30 [main] [MethodUtil] - ✅ Scrolled to element AddressLine2 
[INFO] 14-04-2025 15:50:31 [main] [MethodUtil] - ✅ Scrolled to element citY
[INFO] 14-04-2025 15:50:31 [main] [MethodUtil] - ✅ Scrolled to element Country
[INFO] 14-04-2025 15:50:33 [main] [MethodUtil] - Text Afghanistan is retrieved from country
[INFO] 14-04-2025 15:50:33 [main] [MethodUtil] - ✅ Scrolled to element country
[INFO] 14-04-2025 15:50:33 [main] [MethodUtil] - ✅ Scrolled to element State
[INFO] 14-04-2025 15:50:34 [main] [MethodUtil] - ✅ Scrolled to element postal code
[INFO] 14-04-2025 15:50:34 [main] [MethodUtil] - ✅ Scrolled to element Save
[INFO] 14-04-2025 15:50:36 [main] [MethodUtil] - ✅ Scrolled to element HomePage
[INFO] 14-04-2025 15:50:54 [main] [MethodUtil] - ✅ Scrolled to element Approve Button
[INFO] 14-04-2025 15:51:15 [main] [MethodUtil] - ✅ Scrolled to element Terms Of Use Checkbox
[INFO] 14-04-2025 15:51:16 [main] [MethodUtil] - ✅ Scrolled to element Approve Quote
[INFO] 14-04-2025 15:51:18 [main] [MethodUtil] - ✅ Scrolled to element Select Address
[INFO] 14-04-2025 15:51:19 [main] [MethodUtil] - ✅ Scrolled to element Next
[INFO] 14-04-2025 15:51:23 [main] [MethodUtil] - ✅ Scrolled to element Next
[INFO] 14-04-2025 15:51:27 [main] [MethodUtil] - ✅ Scrolled to element Card Number
[INFO] 14-04-2025 15:51:30 [main] [MethodUtil] - ✅ Scrolled to element Adfasf
[INFO] 14-04-2025 15:51:31 [main] [MethodUtil] - ✅ Scrolled to element Expiry Month
[INFO] 14-04-2025 15:51:31 [main] [MethodUtil] - ✅ Scrolled to element Year
[INFO] 14-04-2025 15:51:32 [main] [MethodUtil] - ✅ Scrolled to element Security Code
[INFO] 14-04-2025 15:51:32 [main] [MethodUtil] - ✅ Scrolled to element Submit Button
[INFO] 14-04-2025 15:53:43 [main] [MethodUtil] - ✅ Scrolled to element HomePage
[INFO] 14-04-2025 15:53:59 [main] [MethodUtil] - ✅ Scrolled to element Account Button
[INFO] 14-04-2025 15:53:59 [main] [MethodUtil] - ✅ Scrolled to element Sign In
[INFO] 14-04-2025 15:54:10 [main] [MethodUtil] - ✅ Scrolled to element Email
[INFO] 14-04-2025 15:54:11 [main] [MethodUtil] - ✅ Scrolled to element Password
[INFO] 14-04-2025 15:54:12 [main] [MethodUtil] - ✅ Scrolled to element Submit
[INFO] 14-04-2025 15:54:26 [main] [MethodUtil] - ✅ Scrolled to element Account Button
[INFO] 14-04-2025 15:54:26 [main] [MethodUtil] - ✅ Scrolled to element Manage Account
[INFO] 14-04-2025 15:54:27 [main] [MethodUtil] - ✅ Scrolled to element Profile Mangement
[INFO] 14-04-2025 15:55:29 [main] [MethodUtil] - ✅ Scrolled to element HomePage
[INFO] 14-04-2025 15:55:44 [main] [MethodUtil] - ✅ Scrolled to element Account Button
[INFO] 14-04-2025 15:56:05 [main] [MethodUtil] - ✅ Scrolled to element Account Button
[INFO] 14-04-2025 15:56:05 [main] [MethodUtil] - ✅ Scrolled to element Manage Account
[INFO] 14-04-2025 15:56:07 [main] [MethodUtil] - ✅ Scrolled to element Billing pref
[INFO] 14-04-2025 15:56:08 [main] [MethodUtil] - ✅ Scrolled to element Add Address
[INFO] 14-04-2025 15:56:11 [main] [MethodUtil] - ✅ Scrolled to element BusinessName
[INFO] 14-04-2025 15:56:12 [main] [MethodUtil] - ✅ Scrolled to element Address Name
[INFO] 14-04-2025 15:56:12 [main] [MethodUtil] - ✅ Scrolled to element AddressLine1 
[INFO] 14-04-2025 15:56:13 [main] [MethodUtil] - ✅ Scrolled to element AddressLine2 
[INFO] 14-04-2025 15:56:13 [main] [MethodUtil] - ✅ Scrolled to element citY
[INFO] 14-04-2025 15:56:14 [main] [MethodUtil] - ✅ Scrolled to element Country
[INFO] 14-04-2025 15:56:15 [main] [MethodUtil] - Text Afghanistan is retrieved from country
[INFO] 14-04-2025 15:56:15 [main] [MethodUtil] - ✅ Scrolled to element country
[INFO] 14-04-2025 15:56:15 [main] [MethodUtil] - ✅ Scrolled to element State
[INFO] 14-04-2025 15:56:16 [main] [MethodUtil] - ✅ Scrolled to element postal code
[INFO] 14-04-2025 15:56:16 [main] [MethodUtil] - ✅ Scrolled to element Save
[INFO] 14-04-2025 15:56:18 [main] [MethodUtil] - ✅ Scrolled to element HomePage
[INFO] 14-04-2025 15:56:33 [main] [MethodUtil] - ✅ Scrolled to element Account Button
[INFO] 14-04-2025 15:56:34 [main] [MethodUtil] - ✅ Scrolled to element Manage Account
[INFO] 14-04-2025 15:56:35 [main] [MethodUtil] - ✅ Scrolled to element Billing pref
[INFO] 14-04-2025 15:56:36 [main] [MethodUtil] - ✅ Scrolled to element Add Address
[INFO] 14-04-2025 15:56:39 [main] [MethodUtil] - ✅ Scrolled to element BusinessName
[INFO] 14-04-2025 15:56:40 [main] [MethodUtil] - ✅ Scrolled to element Address Name
[INFO] 14-04-2025 15:56:40 [main] [MethodUtil] - ✅ Scrolled to element AddressLine1 
[INFO] 14-04-2025 15:56:41 [main] [MethodUtil] - ✅ Scrolled to element AddressLine2 
[INFO] 14-04-2025 15:56:41 [main] [MethodUtil] - ✅ Scrolled to element citY
[INFO] 14-04-2025 15:56:42 [main] [MethodUtil] - ✅ Scrolled to element Country
[INFO] 14-04-2025 15:56:43 [main] [MethodUtil] - Text Afghanistan is retrieved from country
[INFO] 14-04-2025 15:56:43 [main] [MethodUtil] - ✅ Scrolled to element country
[INFO] 14-04-2025 15:56:43 [main] [MethodUtil] - ✅ Scrolled to element State
[INFO] 14-04-2025 15:56:44 [main] [MethodUtil] - ✅ Scrolled to element postal code
[INFO] 14-04-2025 15:56:44 [main] [MethodUtil] - ✅ Scrolled to element Save
[INFO] 14-04-2025 15:56:45 [main] [MethodUtil] - ✅ Scrolled to element HomePage
