[INFO] 02-05-2025 11:52:17 [main] [MethodUtil] - ✅ Scrolled to element Account Button
[INFO] 02-05-2025 11:52:18 [main] [MethodUtil] - ✅ Scrolled to element Sign In
[INFO] 02-05-2025 11:52:28 [main] [MethodUtil] - ✅ Scrolled to element Email
[INFO] 02-05-2025 11:52:29 [main] [MethodUtil] - ✅ Scrolled to element Password
[INFO] 02-05-2025 11:52:29 [main] [MethodUtil] - ✅ Scrolled to element Submit
[INFO] 02-05-2025 11:52:44 [main] [MethodUtil] - ✅ Scrolled to element HomePage
[INFO] 02-05-2025 11:53:19 [main] [MethodUtil] - ✅ Scrolled to element Account Button
[INFO] 02-05-2025 11:53:20 [main] [MethodUtil] - ✅ Scrolled to element Manage Account
[INFO] 02-05-2025 11:53:21 [main] [MethodUtil] - ✅ Scrolled to element Profile Mangement
[INFO] 02-05-2025 11:54:22 [main] [MethodUtil] - ✅ Scrolled to element Account Button
[INFO] 02-05-2025 11:54:43 [main] [MethodUtil] - ✅ Scrolled to element HomePage
[INFO] 02-05-2025 11:55:18 [main] [MethodUtil] - ✅ Scrolled to element Account Button
[INFO] 02-05-2025 11:55:19 [main] [MethodUtil] - ✅ Scrolled to element Manage Account
[INFO] 02-05-2025 11:55:20 [main] [MethodUtil] - ✅ Scrolled to element Billing pref
[INFO] 02-05-2025 11:55:21 [main] [MethodUtil] - ✅ Scrolled to element Add Address
[INFO] 02-05-2025 11:55:25 [main] [MethodUtil] - ✅ Scrolled to element BusinessName
[INFO] 02-05-2025 11:55:26 [main] [MethodUtil] - ✅ Scrolled to element Address Name
[INFO] 02-05-2025 11:55:26 [main] [MethodUtil] - ✅ Scrolled to element AddressLine1 
[INFO] 02-05-2025 11:55:27 [main] [MethodUtil] - ✅ Scrolled to element AddressLine2 
[INFO] 02-05-2025 11:55:27 [main] [MethodUtil] - ✅ Scrolled to element citY
[INFO] 02-05-2025 11:55:28 [main] [MethodUtil] - ✅ Scrolled to element Country
[INFO] 02-05-2025 11:55:29 [main] [MethodUtil] - Text Afghanistan is retrieved from country
[INFO] 02-05-2025 11:55:29 [main] [MethodUtil] - ✅ Scrolled to element country
[INFO] 02-05-2025 11:55:29 [main] [MethodUtil] - ✅ Scrolled to element State
[INFO] 02-05-2025 11:55:30 [main] [MethodUtil] - ✅ Scrolled to element postal code
[INFO] 02-05-2025 11:55:31 [main] [MethodUtil] - ✅ Scrolled to element Save
[INFO] 02-05-2025 11:56:12 [main] [MethodUtil] - ✅ Scrolled to element Account Button
[INFO] 02-05-2025 11:56:33 [main] [MethodUtil] - ✅ Scrolled to element HomePage
[INFO] 02-05-2025 11:57:09 [main] [MethodUtil] - ✅ Scrolled to element Account Button
[INFO] 02-05-2025 11:57:09 [main] [MethodUtil] - ✅ Scrolled to element Manage Account
[INFO] 02-05-2025 11:57:10 [main] [MethodUtil] - ✅ Scrolled to element Billing pref
[INFO] 02-05-2025 11:57:12 [main] [MethodUtil] - ✅ Scrolled to element Add Address
[INFO] 02-05-2025 11:57:15 [main] [MethodUtil] - ✅ Scrolled to element BusinessName
[INFO] 02-05-2025 11:57:16 [main] [MethodUtil] - ✅ Scrolled to element Address Name
[INFO] 02-05-2025 11:57:16 [main] [MethodUtil] - ✅ Scrolled to element AddressLine1 
[INFO] 02-05-2025 11:57:17 [main] [MethodUtil] - ✅ Scrolled to element AddressLine2 
[INFO] 02-05-2025 11:57:17 [main] [MethodUtil] - ✅ Scrolled to element citY
[INFO] 02-05-2025 11:57:18 [main] [MethodUtil] - ✅ Scrolled to element Country
[INFO] 02-05-2025 11:57:19 [main] [MethodUtil] - Text Afghanistan is retrieved from country
[INFO] 02-05-2025 11:57:19 [main] [MethodUtil] - ✅ Scrolled to element country
[INFO] 02-05-2025 11:57:19 [main] [MethodUtil] - ✅ Scrolled to element State
[INFO] 02-05-2025 11:57:20 [main] [MethodUtil] - ✅ Scrolled to element postal code
[INFO] 02-05-2025 11:57:21 [main] [MethodUtil] - ✅ Scrolled to element Save
[INFO] 02-05-2025 11:57:22 [main] [MethodUtil] - ✅ Scrolled to element HomePage
[INFO] 02-05-2025 11:57:40 [main] [MethodUtil] - ✅ Scrolled to element Account Button
[INFO] 02-05-2025 11:58:27 [main] [MethodUtil] - ✅ Scrolled to element Filter Button
[INFO] 02-05-2025 11:58:28 [main] [MethodUtil] - ✅ Scrolled to element Translate From Button
[INFO] 02-05-2025 11:58:31 [main] [MethodUtil] - ✅ Scrolled to element Translate from language
[INFO] 02-05-2025 11:58:31 [main] [MethodUtil] - ✅ Scrolled to element Translate From Language
[INFO] 02-05-2025 11:58:34 [main] [MethodUtil] - ✅ Scrolled to element Translate To Button
[INFO] 02-05-2025 11:58:34 [main] [MethodUtil] - ✅ Scrolled to element Translate to language
[INFO] 02-05-2025 11:58:35 [main] [MethodUtil] - ✅ Scrolled to element Translate to language
[INFO] 02-05-2025 11:58:37 [main] [MethodUtil] - ✅ Scrolled to element Apply Button
[INFO] 02-05-2025 12:03:29 [main] [MethodUtil] - ✅ Scrolled to element Account Button
[INFO] 02-05-2025 12:03:31 [main] [MethodUtil] - ✅ Scrolled to element Sign In
[INFO] 02-05-2025 12:10:47 [main] [MethodUtil] - ✅ Scrolled to element Account Button
[INFO] 02-05-2025 12:10:48 [main] [MethodUtil] - ✅ Scrolled to element Sign In
[INFO] 02-05-2025 12:10:58 [main] [MethodUtil] - ✅ Scrolled to element Email
[INFO] 02-05-2025 12:10:59 [main] [MethodUtil] - ✅ Scrolled to element Password
[INFO] 02-05-2025 12:11:00 [main] [MethodUtil] - ✅ Scrolled to element Submit
[INFO] 02-05-2025 12:11:15 [main] [MethodUtil] - ✅ Scrolled to element HomePage
[INFO] 02-05-2025 12:13:10 [main] [MethodUtil] - ✅ Scrolled to element Account Button
[INFO] 02-05-2025 12:13:12 [main] [MethodUtil] - ✅ Scrolled to element Sign In
[INFO] 02-05-2025 12:13:22 [main] [MethodUtil] - ✅ Scrolled to element Email
[INFO] 02-05-2025 12:13:24 [main] [MethodUtil] - ✅ Scrolled to element Password
[INFO] 02-05-2025 12:13:25 [main] [MethodUtil] - ✅ Scrolled to element Submit
[INFO] 02-05-2025 12:13:41 [main] [MethodUtil] - ✅ Scrolled to element HomePage
[INFO] 02-05-2025 12:14:16 [main] [MethodUtil] - ✅ Scrolled to element Path
[INFO] 02-05-2025 12:15:50 [main] [MethodUtil] - ✅ Scrolled to element Account Button
[INFO] 02-05-2025 12:16:10 [main] [MethodUtil] - ✅ Scrolled to element HomePage
[INFO] 02-05-2025 12:16:26 [main] [MethodUtil] - ✅ Scrolled to element Review Button
[INFO] 02-05-2025 12:16:28 [main] [MethodUtil] - ✅ Scrolled to element Reject Reason
[INFO] 02-05-2025 12:16:30 [main] [MethodUtil] - Text Click to select is retrieved from Reject Reasons
[INFO] 02-05-2025 12:16:30 [main] [MethodUtil] - Text I'd like to add or remove a language. is retrieved from Reject Reasons
[INFO] 02-05-2025 12:16:30 [main] [MethodUtil] - Text I need my translation sooner. is retrieved from Reject Reasons
[INFO] 02-05-2025 12:16:30 [main] [MethodUtil] - Text The quote seems a bit expensive. is retrieved from Reject Reasons
[INFO] 02-05-2025 12:16:30 [main] [MethodUtil] - Text Reject quote altogether. is retrieved from Reject Reasons
[INFO] 02-05-2025 12:16:30 [main] [MethodUtil] - Text Other is retrieved from Reject Reasons
[INFO] 02-05-2025 12:16:30 [main] [MethodUtil] - ✅ Scrolled to element Reject Reasons
[INFO] 02-05-2025 12:16:33 [main] [MethodUtil] - ✅ Scrolled to element Write Reason
[INFO] 02-05-2025 12:16:34 [main] [MethodUtil] - ✅ Scrolled to element Send
[INFO] 02-05-2025 12:16:35 [main] [MethodUtil] - ✅ Scrolled to element Account Button
[INFO] 02-05-2025 12:16:56 [main] [MethodUtil] - ✅ Scrolled to element HomePage
[INFO] 02-05-2025 12:17:45 [main] [MethodUtil] - ✅ Scrolled to element Account Button
[INFO] 02-05-2025 12:17:46 [main] [MethodUtil] - ✅ Scrolled to element Sign In
[INFO] 02-05-2025 12:17:56 [main] [MethodUtil] - ✅ Scrolled to element Email
[INFO] 02-05-2025 12:17:57 [main] [MethodUtil] - ✅ Scrolled to element Password
[INFO] 02-05-2025 12:17:57 [main] [MethodUtil] - ✅ Scrolled to element Submit
[INFO] 02-05-2025 12:18:12 [main] [MethodUtil] - ✅ Scrolled to element HomePage
[INFO] 02-05-2025 12:18:47 [main] [MethodUtil] - ✅ Scrolled to element Account Button
[INFO] 02-05-2025 12:18:48 [main] [MethodUtil] - ✅ Scrolled to element Manage Account
[INFO] 02-05-2025 12:18:55 [main] [MethodUtil] - ✅ Scrolled to element Profile Mangement
[INFO] 02-05-2025 12:19:57 [main] [MethodUtil] - ✅ Scrolled to element Account Button
[INFO] 02-05-2025 12:20:17 [main] [MethodUtil] - ✅ Scrolled to element HomePage
[INFO] 02-05-2025 12:20:53 [main] [MethodUtil] - ✅ Scrolled to element Account Button
[INFO] 02-05-2025 12:20:53 [main] [MethodUtil] - ✅ Scrolled to element Manage Account
[INFO] 02-05-2025 12:20:55 [main] [MethodUtil] - ✅ Scrolled to element Billing pref
[INFO] 02-05-2025 12:20:56 [main] [MethodUtil] - ✅ Scrolled to element Add Address
[INFO] 02-05-2025 12:21:00 [main] [MethodUtil] - ✅ Scrolled to element BusinessName
[INFO] 02-05-2025 12:21:00 [main] [MethodUtil] - ✅ Scrolled to element Address Name
[INFO] 02-05-2025 12:21:01 [main] [MethodUtil] - ✅ Scrolled to element AddressLine1 
[INFO] 02-05-2025 12:21:01 [main] [MethodUtil] - ✅ Scrolled to element AddressLine2 
[INFO] 02-05-2025 12:21:02 [main] [MethodUtil] - ✅ Scrolled to element citY
[INFO] 02-05-2025 12:21:03 [main] [MethodUtil] - ✅ Scrolled to element Country
[INFO] 02-05-2025 12:21:04 [main] [MethodUtil] - Text Afghanistan is retrieved from country
[INFO] 02-05-2025 12:21:04 [main] [MethodUtil] - ✅ Scrolled to element country
[INFO] 02-05-2025 12:21:04 [main] [MethodUtil] - ✅ Scrolled to element State
[INFO] 02-05-2025 12:21:05 [main] [MethodUtil] - ✅ Scrolled to element postal code
[INFO] 02-05-2025 12:21:05 [main] [MethodUtil] - ✅ Scrolled to element Save
[INFO] 02-05-2025 12:21:47 [main] [MethodUtil] - ✅ Scrolled to element Account Button
[INFO] 02-05-2025 12:22:08 [main] [MethodUtil] - ✅ Scrolled to element HomePage
[INFO] 02-05-2025 12:22:43 [main] [MethodUtil] - ✅ Scrolled to element Account Button
[INFO] 02-05-2025 12:22:44 [main] [MethodUtil] - ✅ Scrolled to element Manage Account
[INFO] 02-05-2025 12:22:45 [main] [MethodUtil] - ✅ Scrolled to element Billing pref
[INFO] 02-05-2025 12:22:46 [main] [MethodUtil] - ✅ Scrolled to element Add Address
[INFO] 02-05-2025 12:22:50 [main] [MethodUtil] - ✅ Scrolled to element BusinessName
[INFO] 02-05-2025 12:22:50 [main] [MethodUtil] - ✅ Scrolled to element Address Name
[INFO] 02-05-2025 12:22:51 [main] [MethodUtil] - ✅ Scrolled to element AddressLine1 
[INFO] 02-05-2025 12:22:51 [main] [MethodUtil] - ✅ Scrolled to element AddressLine2 
[INFO] 02-05-2025 12:22:52 [main] [MethodUtil] - ✅ Scrolled to element citY
[INFO] 02-05-2025 12:22:52 [main] [MethodUtil] - ✅ Scrolled to element Country
[INFO] 02-05-2025 12:22:53 [main] [MethodUtil] - Text Afghanistan is retrieved from country
[INFO] 02-05-2025 12:22:53 [main] [MethodUtil] - ✅ Scrolled to element country
[INFO] 02-05-2025 12:22:54 [main] [MethodUtil] - ✅ Scrolled to element State
[INFO] 02-05-2025 12:22:54 [main] [MethodUtil] - ✅ Scrolled to element postal code
[INFO] 02-05-2025 12:22:55 [main] [MethodUtil] - ✅ Scrolled to element Save
[INFO] 02-05-2025 12:22:56 [main] [MethodUtil] - ✅ Scrolled to element HomePage
[INFO] 02-05-2025 12:23:45 [main] [MethodUtil] - ✅ Scrolled to element Account Button
[INFO] 02-05-2025 12:23:45 [main] [MethodUtil] - ✅ Scrolled to element Sign In
[INFO] 02-05-2025 12:23:55 [main] [MethodUtil] - ✅ Scrolled to element Email
[INFO] 02-05-2025 12:23:56 [main] [MethodUtil] - ✅ Scrolled to element Password
[INFO] 02-05-2025 12:23:57 [main] [MethodUtil] - ✅ Scrolled to element Submit
[INFO] 02-05-2025 12:24:37 [main] [MethodUtil] - ✅ Scrolled to element Filter Button
[INFO] 02-05-2025 12:24:37 [main] [MethodUtil] - ✅ Scrolled to element Translate From Button
[INFO] 02-05-2025 12:24:41 [main] [MethodUtil] - ✅ Scrolled to element Translate from language
[INFO] 02-05-2025 12:24:42 [main] [MethodUtil] - ✅ Scrolled to element Translate From Language
[INFO] 02-05-2025 12:24:44 [main] [MethodUtil] - ✅ Scrolled to element Translate To Button
[INFO] 02-05-2025 12:24:45 [main] [MethodUtil] - ✅ Scrolled to element Translate to language
[INFO] 02-05-2025 12:24:46 [main] [MethodUtil] - ✅ Scrolled to element Translate to language
[INFO] 02-05-2025 12:24:48 [main] [MethodUtil] - ✅ Scrolled to element Apply Button
[INFO] 02-05-2025 12:29:11 [main] [MethodUtil] - ✅ Scrolled to element Account Button
[INFO] 02-05-2025 12:29:12 [main] [MethodUtil] - ✅ Scrolled to element Sign In
[INFO] 02-05-2025 12:29:21 [main] [MethodUtil] - ✅ Scrolled to element Email
[INFO] 02-05-2025 12:29:22 [main] [MethodUtil] - ✅ Scrolled to element Password
[INFO] 02-05-2025 12:29:23 [main] [MethodUtil] - ✅ Scrolled to element Submit
[INFO] 02-05-2025 12:29:37 [main] [MethodUtil] - ✅ Scrolled to element HomePage
[INFO] 02-05-2025 12:30:12 [main] [MethodUtil] - ✅ Scrolled to element Path
[INFO] 02-05-2025 12:32:17 [main] [MethodUtil] - ✅ Scrolled to element Account Button
[INFO] 02-05-2025 12:32:18 [main] [MethodUtil] - ✅ Scrolled to element Sign In
[INFO] 02-05-2025 12:32:28 [main] [MethodUtil] - ✅ Scrolled to element Email
[INFO] 02-05-2025 12:32:30 [main] [MethodUtil] - ✅ Scrolled to element Password
[INFO] 02-05-2025 12:32:31 [main] [MethodUtil] - ✅ Scrolled to element Submit
[INFO] 02-05-2025 12:32:46 [main] [MethodUtil] - ✅ Scrolled to element HomePage
[INFO] 02-05-2025 12:33:22 [main] [MethodUtil] - ✅ Scrolled to element Path
[INFO] 02-05-2025 12:38:31 [main] [MethodUtil] - ✅ Scrolled to element Account Button
[INFO] 02-05-2025 12:38:32 [main] [MethodUtil] - ✅ Scrolled to element Sign In
[INFO] 02-05-2025 12:38:52 [main] [MethodUtil] - ✅ Scrolled to element Email
[INFO] 02-05-2025 12:38:53 [main] [MethodUtil] - ✅ Scrolled to element Password
[INFO] 02-05-2025 12:38:54 [main] [MethodUtil] - ✅ Scrolled to element Submit
[INFO] 02-05-2025 12:39:10 [main] [MethodUtil] - ✅ Scrolled to element HomePage
[INFO] 02-05-2025 12:39:45 [main] [MethodUtil] - ✅ Scrolled to element Path
[INFO] 02-05-2025 12:40:17 [main] [MethodUtil] - ✅ Scrolled to element Next Button
[INFO] 02-05-2025 12:40:17 [main] [MethodUtil] - ✅ Scrolled to element Translate From
[INFO] 02-05-2025 12:40:18 [main] [MethodUtil] - Text Arabic (Saudi Arabia) is retrieved from Translate From Option
[INFO] 02-05-2025 12:40:18 [main] [MethodUtil] - Text Chinese (Simplified, China) is retrieved from Translate From Option
[INFO] 02-05-2025 12:40:18 [main] [MethodUtil] - ✅ Scrolled to element Translate From Option
[INFO] 02-05-2025 12:40:19 [main] [MethodUtil] - ✅ Scrolled to element Translate to
[INFO] 02-05-2025 12:40:20 [main] [MethodUtil] - ✅ Scrolled to element Translate to
[INFO] 02-05-2025 12:40:20 [main] [MethodUtil] - ✅ Scrolled to element Next Button
[INFO] 02-05-2025 12:40:21 [main] [MethodUtil] - ✅ Scrolled to element Send Me A Quote
[INFO] 02-05-2025 12:40:30 [main] [MethodUtil] - ✅ Scrolled to element Account Button
[INFO] 02-05-2025 12:40:51 [main] [MethodUtil] - ✅ Scrolled to element HomePage
[INFO] 02-05-2025 12:41:06 [main] [MethodUtil] - ✅ Scrolled to element Review Button
[INFO] 02-05-2025 12:41:08 [main] [MethodUtil] - ✅ Scrolled to element Reject Reason
[INFO] 02-05-2025 12:41:09 [main] [MethodUtil] - Text Click to select is retrieved from Reject Reasons
[INFO] 02-05-2025 12:41:09 [main] [MethodUtil] - Text I'd like to add or remove a language. is retrieved from Reject Reasons
[INFO] 02-05-2025 12:41:09 [main] [MethodUtil] - Text I need my translation sooner. is retrieved from Reject Reasons
[INFO] 02-05-2025 12:41:09 [main] [MethodUtil] - Text The quote seems a bit expensive. is retrieved from Reject Reasons
[INFO] 02-05-2025 12:41:09 [main] [MethodUtil] - Text Reject quote altogether. is retrieved from Reject Reasons
[INFO] 02-05-2025 12:41:09 [main] [MethodUtil] - Text Other is retrieved from Reject Reasons
[INFO] 02-05-2025 12:41:09 [main] [MethodUtil] - ✅ Scrolled to element Reject Reasons
[INFO] 02-05-2025 12:41:12 [main] [MethodUtil] - ✅ Scrolled to element Write Reason
[INFO] 02-05-2025 12:41:12 [main] [MethodUtil] - ✅ Scrolled to element Send
[INFO] 02-05-2025 12:41:14 [main] [MethodUtil] - ✅ Scrolled to element Account Button
[INFO] 02-05-2025 12:41:35 [main] [MethodUtil] - ✅ Scrolled to element HomePage
[INFO] 02-05-2025 12:41:53 [main] [MethodUtil] - ✅ Scrolled to element Approve Button
[INFO] 02-05-2025 12:42:14 [main] [MethodUtil] - ✅ Scrolled to element Terms Of Use Checkbox
[INFO] 02-05-2025 12:42:15 [main] [MethodUtil] - ✅ Scrolled to element Approve Quote
[INFO] 02-05-2025 12:49:34 [main] [MethodUtil] - ✅ Scrolled to element Account Button
[INFO] 02-05-2025 12:49:35 [main] [MethodUtil] - ✅ Scrolled to element Sign In
[INFO] 02-05-2025 12:49:44 [main] [MethodUtil] - ✅ Scrolled to element Email
[INFO] 02-05-2025 12:49:44 [main] [MethodUtil] - ✅ Scrolled to element Password
[INFO] 02-05-2025 12:49:45 [main] [MethodUtil] - ✅ Scrolled to element Submit
[INFO] 02-05-2025 12:49:55 [main] [MethodUtil] - ✅ Scrolled to element HomePage
[INFO] 02-05-2025 12:50:31 [main] [MethodUtil] - ✅ Scrolled to element Path
[INFO] 02-05-2025 12:50:56 [main] [MethodUtil] - ✅ Scrolled to element Next Button
[INFO] 02-05-2025 12:50:57 [main] [MethodUtil] - ✅ Scrolled to element Translate From
[INFO] 02-05-2025 12:50:58 [main] [MethodUtil] - Text Arabic (Saudi Arabia) is retrieved from Translate From Option
[INFO] 02-05-2025 12:50:58 [main] [MethodUtil] - Text Chinese (Simplified, China) is retrieved from Translate From Option
[INFO] 02-05-2025 12:50:58 [main] [MethodUtil] - ✅ Scrolled to element Translate From Option
[INFO] 02-05-2025 12:50:58 [main] [MethodUtil] - ✅ Scrolled to element Translate to
[INFO] 02-05-2025 12:50:59 [main] [MethodUtil] - ✅ Scrolled to element Translate to
[INFO] 02-05-2025 12:50:59 [main] [MethodUtil] - ✅ Scrolled to element Next Button
[INFO] 02-05-2025 12:50:59 [main] [MethodUtil] - ✅ Scrolled to element Send Me A Quote
[INFO] 02-05-2025 12:51:08 [main] [MethodUtil] - ✅ Scrolled to element Account Button
[INFO] 02-05-2025 12:51:29 [main] [MethodUtil] - ✅ Scrolled to element HomePage
[INFO] 02-05-2025 12:51:44 [main] [MethodUtil] - ✅ Scrolled to element Review Button
[INFO] 02-05-2025 12:51:47 [main] [MethodUtil] - ✅ Scrolled to element Reject Reason
[INFO] 02-05-2025 12:51:47 [main] [MethodUtil] - Text Click to select is retrieved from Reject Reasons
[INFO] 02-05-2025 12:51:47 [main] [MethodUtil] - Text I'd like to add or remove a language. is retrieved from Reject Reasons
[INFO] 02-05-2025 12:51:47 [main] [MethodUtil] - Text I need my translation sooner. is retrieved from Reject Reasons
[INFO] 02-05-2025 12:51:47 [main] [MethodUtil] - Text The quote seems a bit expensive. is retrieved from Reject Reasons
[INFO] 02-05-2025 12:51:47 [main] [MethodUtil] - Text Reject quote altogether. is retrieved from Reject Reasons
[INFO] 02-05-2025 12:51:47 [main] [MethodUtil] - Text Other is retrieved from Reject Reasons
[INFO] 02-05-2025 12:51:47 [main] [MethodUtil] - ✅ Scrolled to element Reject Reasons
[INFO] 02-05-2025 12:51:50 [main] [MethodUtil] - ✅ Scrolled to element Write Reason
[INFO] 02-05-2025 12:51:50 [main] [MethodUtil] - ✅ Scrolled to element Send
[INFO] 02-05-2025 12:51:51 [main] [MethodUtil] - ✅ Scrolled to element Account Button
[INFO] 02-05-2025 12:52:12 [main] [MethodUtil] - ✅ Scrolled to element HomePage
[INFO] 02-05-2025 12:52:30 [main] [MethodUtil] - ✅ Scrolled to element Approve Button
[INFO] 02-05-2025 12:52:51 [main] [MethodUtil] - ✅ Scrolled to element Terms Of Use Checkbox
[INFO] 02-05-2025 12:52:52 [main] [MethodUtil] - ✅ Scrolled to element Approve Quote
[INFO] 02-05-2025 12:52:54 [main] [MethodUtil] - ✅ Scrolled to element Select Address
[INFO] 02-05-2025 12:52:54 [main] [MethodUtil] - ✅ Scrolled to element Next
[INFO] 02-05-2025 12:52:58 [main] [MethodUtil] - ✅ Scrolled to element Next
[INFO] 02-05-2025 12:53:02 [main] [MethodUtil] - ✅ Scrolled to element Card Number
[INFO] 02-05-2025 12:53:06 [main] [MethodUtil] - ✅ Scrolled to element Adfasf
[INFO] 02-05-2025 12:53:06 [main] [MethodUtil] - ✅ Scrolled to element Expiry Month
[INFO] 02-05-2025 12:53:06 [main] [MethodUtil] - ✅ Scrolled to element Year
[INFO] 02-05-2025 12:53:06 [main] [MethodUtil] - ✅ Scrolled to element Security Code
[INFO] 02-05-2025 12:53:07 [main] [MethodUtil] - ✅ Scrolled to element Submit Button
[INFO] 02-05-2025 12:53:43 [main] [MethodUtil] - ✅ Scrolled to element Account Button
[INFO] 02-05-2025 12:53:44 [main] [MethodUtil] - ✅ Scrolled to element Sign In
[INFO] 02-05-2025 12:53:53 [main] [MethodUtil] - ✅ Scrolled to element Email
[INFO] 02-05-2025 12:53:54 [main] [MethodUtil] - ✅ Scrolled to element Password
[INFO] 02-05-2025 12:53:54 [main] [MethodUtil] - ✅ Scrolled to element Submit
[INFO] 02-05-2025 12:54:05 [main] [MethodUtil] - ✅ Scrolled to element HomePage
[INFO] 02-05-2025 12:54:40 [main] [MethodUtil] - ✅ Scrolled to element Account Button
[INFO] 02-05-2025 12:54:40 [main] [MethodUtil] - ✅ Scrolled to element Manage Account
[INFO] 02-05-2025 12:54:42 [main] [MethodUtil] - ✅ Scrolled to element Profile Mangement
[INFO] 02-05-2025 12:55:43 [main] [MethodUtil] - ✅ Scrolled to element Account Button
[INFO] 02-05-2025 12:56:04 [main] [MethodUtil] - ✅ Scrolled to element HomePage
[INFO] 02-05-2025 12:56:40 [main] [MethodUtil] - ✅ Scrolled to element Account Button
[INFO] 02-05-2025 12:56:40 [main] [MethodUtil] - ✅ Scrolled to element Manage Account
[INFO] 02-05-2025 12:56:41 [main] [MethodUtil] - ✅ Scrolled to element Billing pref
[INFO] 02-05-2025 12:56:42 [main] [MethodUtil] - ✅ Scrolled to element Add Address
[INFO] 02-05-2025 12:56:46 [main] [MethodUtil] - ✅ Scrolled to element BusinessName
[INFO] 02-05-2025 12:56:46 [main] [MethodUtil] - ✅ Scrolled to element Address Name
[INFO] 02-05-2025 12:56:46 [main] [MethodUtil] - ✅ Scrolled to element AddressLine1 
[INFO] 02-05-2025 12:56:47 [main] [MethodUtil] - ✅ Scrolled to element AddressLine2 
[INFO] 02-05-2025 12:56:47 [main] [MethodUtil] - ✅ Scrolled to element citY
[INFO] 02-05-2025 12:56:47 [main] [MethodUtil] - ✅ Scrolled to element Country
[INFO] 02-05-2025 12:56:48 [main] [MethodUtil] - Text Afghanistan is retrieved from country
[INFO] 02-05-2025 12:56:48 [main] [MethodUtil] - ✅ Scrolled to element country
[INFO] 02-05-2025 12:56:48 [main] [MethodUtil] - ✅ Scrolled to element State
[INFO] 02-05-2025 12:56:49 [main] [MethodUtil] - ✅ Scrolled to element postal code
[INFO] 02-05-2025 12:56:49 [main] [MethodUtil] - ✅ Scrolled to element Save
[INFO] 02-05-2025 12:57:31 [main] [MethodUtil] - ✅ Scrolled to element Account Button
[INFO] 02-05-2025 12:57:52 [main] [MethodUtil] - ✅ Scrolled to element HomePage
[INFO] 02-05-2025 12:58:27 [main] [MethodUtil] - ✅ Scrolled to element Account Button
[INFO] 02-05-2025 12:58:28 [main] [MethodUtil] - ✅ Scrolled to element Manage Account
[INFO] 02-05-2025 12:58:29 [main] [MethodUtil] - ✅ Scrolled to element Billing pref
[INFO] 02-05-2025 12:58:30 [main] [MethodUtil] - ✅ Scrolled to element Add Address
[INFO] 02-05-2025 12:58:33 [main] [MethodUtil] - ✅ Scrolled to element BusinessName
[INFO] 02-05-2025 12:58:33 [main] [MethodUtil] - ✅ Scrolled to element Address Name
[INFO] 02-05-2025 12:58:34 [main] [MethodUtil] - ✅ Scrolled to element AddressLine1 
[INFO] 02-05-2025 12:58:34 [main] [MethodUtil] - ✅ Scrolled to element AddressLine2 
[INFO] 02-05-2025 12:58:34 [main] [MethodUtil] - ✅ Scrolled to element citY
[INFO] 02-05-2025 12:58:35 [main] [MethodUtil] - ✅ Scrolled to element Country
[INFO] 02-05-2025 12:58:36 [main] [MethodUtil] - Text Afghanistan is retrieved from country
[INFO] 02-05-2025 12:58:36 [main] [MethodUtil] - ✅ Scrolled to element country
[INFO] 02-05-2025 12:58:36 [main] [MethodUtil] - ✅ Scrolled to element State
[INFO] 02-05-2025 12:58:36 [main] [MethodUtil] - ✅ Scrolled to element postal code
[INFO] 02-05-2025 12:58:36 [main] [MethodUtil] - ✅ Scrolled to element Save
[INFO] 02-05-2025 12:58:37 [main] [MethodUtil] - ✅ Scrolled to element HomePage
[INFO] 02-05-2025 12:58:56 [main] [MethodUtil] - ✅ Scrolled to element Approve Button
[INFO] 02-05-2025 12:59:16 [main] [MethodUtil] - ✅ Scrolled to element Terms Of Use Checkbox
[INFO] 02-05-2025 12:59:17 [main] [MethodUtil] - ✅ Scrolled to element Approve Quote
[INFO] 02-05-2025 12:59:19 [main] [MethodUtil] - ✅ Scrolled to element Select Address
[INFO] 02-05-2025 12:59:19 [main] [MethodUtil] - ✅ Scrolled to element Next
[INFO] 02-05-2025 12:59:24 [main] [MethodUtil] - ✅ Scrolled to element Next
[INFO] 02-05-2025 12:59:51 [main] [MethodUtil] - ✅ Scrolled to element Account Button
[INFO] 02-05-2025 12:59:51 [main] [MethodUtil] - ✅ Scrolled to element Sign In
[INFO] 02-05-2025 13:00:02 [main] [MethodUtil] - ✅ Scrolled to element Email
[INFO] 02-05-2025 13:00:03 [main] [MethodUtil] - ✅ Scrolled to element Password
[INFO] 02-05-2025 13:00:03 [main] [MethodUtil] - ✅ Scrolled to element Submit
[INFO] 02-05-2025 13:00:40 [main] [MethodUtil] - ✅ Scrolled to element Filter Button
[INFO] 02-05-2025 13:00:40 [main] [MethodUtil] - ✅ Scrolled to element Translate From Button
[INFO] 02-05-2025 13:00:43 [main] [MethodUtil] - ✅ Scrolled to element Translate from language
[INFO] 02-05-2025 13:00:44 [main] [MethodUtil] - ✅ Scrolled to element Translate From Language
[INFO] 02-05-2025 13:00:46 [main] [MethodUtil] - ✅ Scrolled to element Translate To Button
[INFO] 02-05-2025 13:00:46 [main] [MethodUtil] - ✅ Scrolled to element Translate to language
[INFO] 02-05-2025 13:00:46 [main] [MethodUtil] - ✅ Scrolled to element Translate to language
[INFO] 02-05-2025 13:00:48 [main] [MethodUtil] - ✅ Scrolled to element Apply Button
[DEBUG] 02-05-2025 16:16:34 [main] [PackageRelationshipCollection] - Parsing relationship: /xl/_rels/workbook.xml.rels
[DEBUG] 02-05-2025 16:16:34 [main] [PackageRelationshipCollection] - Parsing relationship: /_rels/.rels
[DEBUG] 02-05-2025 16:18:04 [main] [PackageRelationshipCollection] - Parsing relationship: /xl/_rels/workbook.xml.rels
[DEBUG] 02-05-2025 16:18:04 [main] [PackageRelationshipCollection] - Parsing relationship: /_rels/.rels
[DEBUG] 02-05-2025 16:24:12 [main] [PackageRelationshipCollection] - Parsing relationship: /xl/drawings/_rels/drawing1.xml.rels
[DEBUG] 02-05-2025 16:24:12 [main] [PackageRelationshipCollection] - Parsing relationship: /xl/_rels/workbook.xml.rels
[DEBUG] 02-05-2025 16:24:12 [main] [PackageRelationshipCollection] - Parsing relationship: /xl/worksheets/_rels/sheet2.xml.rels
[DEBUG] 02-05-2025 16:24:12 [main] [PackageRelationshipCollection] - Parsing relationship: /_rels/.rels
