[INFO] 17-03-2025 12:40:57 [main] [MethodUtil] - ✅ Scrolled to element Account Button
[INFO] 17-03-2025 12:40:57 [main] [MethodUtil] - ✅ Scrolled to element Sign In
[INFO] 17-03-2025 12:41:05 [main] [MethodUtil] - ✅ Scrolled to element Email
[INFO] 17-03-2025 12:41:05 [main] [MethodUtil] - ✅ Scrolled to element Password
[INFO] 17-03-2025 12:41:06 [main] [MethodUtil] - ✅ Scrolled to element Submit
[INFO] 17-03-2025 12:41:19 [main] [MethodUtil] - ✅ Scrolled to element Start New Project
[INFO] 17-03-2025 12:41:19 [main] [MethodUtil] - ✅ Scrolled to element Translate from
[INFO] 17-03-2025 12:49:43 [main] [MethodUtil] - ✅ Scrolled to element Account Button
[INFO] 17-03-2025 12:49:43 [main] [MethodUtil] - ✅ Scrolled to element Sign In
[INFO] 17-03-2025 12:49:52 [main] [MethodUtil] - ✅ Scrolled to element Email
[INFO] 17-03-2025 12:49:52 [main] [MethodUtil] - ✅ Scrolled to element Password
[INFO] 17-03-2025 12:49:52 [main] [MethodUtil] - ✅ Scrolled to element Submit
[INFO] 17-03-2025 12:50:04 [main] [MethodUtil] - ✅ Scrolled to element Start New Project
[INFO] 17-03-2025 12:50:05 [main] [MethodUtil] - ✅ Scrolled to element Translate from
[INFO] 17-03-2025 12:50:08 [main] [MethodUtil] - Text Arabic (Saudi Arabia) is retrieved from asfsdf
[INFO] 17-03-2025 12:50:08 [main] [MethodUtil] - ✅ Scrolled to element Translate From Option
[INFO] 17-03-2025 12:56:47 [main] [MethodUtil] - ✅ Scrolled to element Account Button
[INFO] 17-03-2025 12:56:48 [main] [MethodUtil] - ✅ Scrolled to element Sign In
[INFO] 17-03-2025 12:56:56 [main] [MethodUtil] - ✅ Scrolled to element Email
[INFO] 17-03-2025 12:56:57 [main] [MethodUtil] - ✅ Scrolled to element Password
[INFO] 17-03-2025 12:56:57 [main] [MethodUtil] - ✅ Scrolled to element Submit
[INFO] 17-03-2025 12:57:11 [main] [MethodUtil] - ✅ Scrolled to element Start New Project
[INFO] 17-03-2025 12:57:11 [main] [MethodUtil] - ✅ Scrolled to element Translate from
[INFO] 17-03-2025 12:57:14 [main] [MethodUtil] - Text Arabic (Saudi Arabia) is retrieved from asfsdf
[INFO] 17-03-2025 12:57:14 [main] [MethodUtil] - ✅ Scrolled to element Translate From Option
[INFO] 17-03-2025 13:08:29 [main] [MethodUtil] - ✅ Scrolled to element Account Button
[INFO] 17-03-2025 13:08:29 [main] [MethodUtil] - ✅ Scrolled to element Sign In
[INFO] 17-03-2025 13:08:37 [main] [MethodUtil] - ✅ Scrolled to element Email
[INFO] 17-03-2025 13:08:38 [main] [MethodUtil] - ✅ Scrolled to element Password
[INFO] 17-03-2025 13:08:38 [main] [MethodUtil] - ✅ Scrolled to element Submit
[INFO] 17-03-2025 13:08:49 [main] [MethodUtil] - ✅ Scrolled to element Start New Project
[INFO] 17-03-2025 13:21:59 [main] [MethodUtil] - ✅ Scrolled to element Account Button
[INFO] 17-03-2025 13:21:59 [main] [MethodUtil] - ✅ Scrolled to element Sign In
[INFO] 17-03-2025 13:22:07 [main] [MethodUtil] - ✅ Scrolled to element Email
[INFO] 17-03-2025 13:22:07 [main] [MethodUtil] - ✅ Scrolled to element Password
[INFO] 17-03-2025 13:22:08 [main] [MethodUtil] - ✅ Scrolled to element Submit
[INFO] 17-03-2025 13:22:20 [main] [MethodUtil] - ✅ Scrolled to element Start New Project
[INFO] 17-03-2025 13:22:21 [main] [MethodUtil] - ✅ Scrolled to element Translate from
[INFO] 17-03-2025 13:32:19 [main] [MethodUtil] - ✅ Scrolled to element Account Button
[INFO] 17-03-2025 13:32:19 [main] [MethodUtil] - ✅ Scrolled to element Sign In
[INFO] 17-03-2025 13:32:27 [main] [MethodUtil] - ✅ Scrolled to element Email
[INFO] 17-03-2025 13:32:28 [main] [MethodUtil] - ✅ Scrolled to element Password
[INFO] 17-03-2025 13:32:28 [main] [MethodUtil] - ✅ Scrolled to element Submit
[INFO] 17-03-2025 13:32:41 [main] [MethodUtil] - ✅ Scrolled to element Start New Project
[INFO] 17-03-2025 13:32:41 [main] [MethodUtil] - ✅ Scrolled to element Translate from
[INFO] 17-03-2025 13:35:22 [main] [MethodUtil] - ✅ Scrolled to element Account Button
[INFO] 17-03-2025 13:35:23 [main] [MethodUtil] - ✅ Scrolled to element Sign In
[INFO] 17-03-2025 13:35:31 [main] [MethodUtil] - ✅ Scrolled to element Email
[INFO] 17-03-2025 13:35:31 [main] [MethodUtil] - ✅ Scrolled to element Password
[INFO] 17-03-2025 13:35:31 [main] [MethodUtil] - ✅ Scrolled to element Submit
[INFO] 17-03-2025 13:35:44 [main] [MethodUtil] - ✅ Scrolled to element Start New Project
[INFO] 17-03-2025 13:35:44 [main] [MethodUtil] - ✅ Scrolled to element Translate from
[INFO] 17-03-2025 13:37:21 [main] [MethodUtil] - ✅ Scrolled to element Account Button
[INFO] 17-03-2025 13:37:21 [main] [MethodUtil] - ✅ Scrolled to element Sign In
[INFO] 17-03-2025 13:37:29 [main] [MethodUtil] - ✅ Scrolled to element Email
[INFO] 17-03-2025 13:37:29 [main] [MethodUtil] - ✅ Scrolled to element Password
[INFO] 17-03-2025 13:37:29 [main] [MethodUtil] - ✅ Scrolled to element Submit
[INFO] 17-03-2025 13:37:40 [main] [MethodUtil] - ✅ Scrolled to element Start New Project
[INFO] 17-03-2025 13:38:04 [main] [MethodUtil] - ✅ Scrolled to element Translate From Option
[INFO] 17-03-2025 13:38:07 [main] [MethodUtil] - ✅ Scrolled to element Translate To
[INFO] 17-03-2025 13:38:10 [main] [MethodUtil] - ✅ Scrolled to element Translate From
[INFO] 17-03-2025 13:38:44 [main] [MethodUtil] - ✅ Scrolled to element Account Button
[INFO] 17-03-2025 13:38:45 [main] [MethodUtil] - ✅ Scrolled to element Sign In
[INFO] 17-03-2025 13:38:53 [main] [MethodUtil] - ✅ Scrolled to element Email
[INFO] 17-03-2025 13:38:53 [main] [MethodUtil] - ✅ Scrolled to element Password
[INFO] 17-03-2025 13:38:53 [main] [MethodUtil] - ✅ Scrolled to element Submit
[INFO] 17-03-2025 13:39:04 [main] [MethodUtil] - ✅ Scrolled to element Start New Project
[INFO] 17-03-2025 13:39:28 [main] [MethodUtil] - ✅ Scrolled to element Translate From Option
[INFO] 17-03-2025 13:39:31 [main] [MethodUtil] - ✅ Scrolled to element Translate To
[INFO] 17-03-2025 13:39:34 [main] [MethodUtil] - ✅ Scrolled to element Translate From
[INFO] 17-03-2025 13:46:02 [main] [MethodUtil] - ✅ Scrolled to element Account Button
[INFO] 17-03-2025 13:46:02 [main] [MethodUtil] - ✅ Scrolled to element Sign In
[INFO] 17-03-2025 13:46:10 [main] [MethodUtil] - ✅ Scrolled to element Email
[INFO] 17-03-2025 13:46:10 [main] [MethodUtil] - ✅ Scrolled to element Password
[INFO] 17-03-2025 13:46:10 [main] [MethodUtil] - ✅ Scrolled to element Submit
[INFO] 17-03-2025 14:06:31 [main] [MethodUtil] - ✅ Scrolled to element Account Button
[INFO] 17-03-2025 14:06:32 [main] [MethodUtil] - ✅ Scrolled to element Sign In
[INFO] 17-03-2025 14:06:40 [main] [MethodUtil] - ✅ Scrolled to element Email
[INFO] 17-03-2025 14:06:40 [main] [MethodUtil] - ✅ Scrolled to element Password
[INFO] 17-03-2025 14:06:40 [main] [MethodUtil] - ✅ Scrolled to element Submit
[INFO] 17-03-2025 14:06:53 [main] [MethodUtil] - ✅ Scrolled to element Start New Project
[INFO] 17-03-2025 14:06:54 [main] [MethodUtil] - ✅ Scrolled to element Translate from
[INFO] 17-03-2025 14:06:57 [main] [MethodUtil] - ✅ Scrolled to element Translate From Option
[INFO] 17-03-2025 14:09:04 [main] [MethodUtil] - ✅ Scrolled to element Account Button
[INFO] 17-03-2025 14:09:04 [main] [MethodUtil] - ✅ Scrolled to element Sign In
[INFO] 17-03-2025 14:09:12 [main] [MethodUtil] - ✅ Scrolled to element Email
[INFO] 17-03-2025 14:09:13 [main] [MethodUtil] - ✅ Scrolled to element Password
[INFO] 17-03-2025 14:09:13 [main] [MethodUtil] - ✅ Scrolled to element Submit
[INFO] 17-03-2025 14:09:26 [main] [MethodUtil] - ✅ Scrolled to element Start New Project
[INFO] 17-03-2025 14:09:26 [main] [MethodUtil] - ✅ Scrolled to element Translate from
[INFO] 17-03-2025 14:09:30 [main] [MethodUtil] - ✅ Scrolled to element Translate From Option
[INFO] 17-03-2025 14:47:16 [main] [MethodUtil] - ✅ Scrolled to element Account Button
[INFO] 17-03-2025 14:47:16 [main] [MethodUtil] - ✅ Scrolled to element Sign In
[INFO] 17-03-2025 14:47:24 [main] [MethodUtil] - ✅ Scrolled to element Email
[INFO] 17-03-2025 14:47:25 [main] [MethodUtil] - ✅ Scrolled to element Password
[INFO] 17-03-2025 14:47:25 [main] [MethodUtil] - ✅ Scrolled to element Submit
[INFO] 17-03-2025 14:47:39 [main] [MethodUtil] - ✅ Scrolled to element Start New Project
[INFO] 17-03-2025 14:47:39 [main] [MethodUtil] - ✅ Scrolled to element Translate from
[INFO] 17-03-2025 14:48:02 [main] [MethodUtil] - ✅ Scrolled to element Translate From Option
[INFO] 17-03-2025 14:49:43 [main] [MethodUtil] - ✅ Scrolled to element Account Button
[INFO] 17-03-2025 14:49:43 [main] [MethodUtil] - ✅ Scrolled to element Sign In
[INFO] 17-03-2025 14:49:52 [main] [MethodUtil] - ✅ Scrolled to element Email
[INFO] 17-03-2025 14:49:53 [main] [MethodUtil] - ✅ Scrolled to element Password
[INFO] 17-03-2025 14:49:53 [main] [MethodUtil] - ✅ Scrolled to element Submit
[INFO] 17-03-2025 14:50:06 [main] [MethodUtil] - ✅ Scrolled to element Start New Project
[INFO] 17-03-2025 14:50:06 [main] [MethodUtil] - ✅ Scrolled to element Translate from
[INFO] 17-03-2025 14:50:30 [main] [MethodUtil] - ✅ Scrolled to element Translate From Option
[INFO] 17-03-2025 15:01:15 [main] [MethodUtil] - ✅ Scrolled to element Account Button
[INFO] 17-03-2025 15:01:15 [main] [MethodUtil] - ✅ Scrolled to element Sign In
[INFO] 17-03-2025 15:01:23 [main] [MethodUtil] - ✅ Scrolled to element Email
[INFO] 17-03-2025 15:01:24 [main] [MethodUtil] - ✅ Scrolled to element Password
[INFO] 17-03-2025 15:01:24 [main] [MethodUtil] - ✅ Scrolled to element Submit
[INFO] 17-03-2025 15:01:37 [main] [MethodUtil] - ✅ Scrolled to element Start New Project
[INFO] 17-03-2025 15:01:37 [main] [MethodUtil] - ✅ Scrolled to element Translate from
[INFO] 17-03-2025 15:02:01 [main] [MethodUtil] - ✅ Scrolled to element Translate From Option
[INFO] 17-03-2025 15:08:13 [main] [MethodUtil] - ✅ Scrolled to element Account Button
[INFO] 17-03-2025 15:08:13 [main] [MethodUtil] - ✅ Scrolled to element Sign In
[INFO] 17-03-2025 15:08:22 [main] [MethodUtil] - ✅ Scrolled to element Email
[INFO] 17-03-2025 15:08:22 [main] [MethodUtil] - ✅ Scrolled to element Password
[INFO] 17-03-2025 15:08:22 [main] [MethodUtil] - ✅ Scrolled to element Submit
[INFO] 17-03-2025 15:08:36 [main] [MethodUtil] - ✅ Scrolled to element Start New Project
[INFO] 17-03-2025 15:08:37 [main] [MethodUtil] - ✅ Scrolled to element Translate from
[INFO] 17-03-2025 15:09:01 [main] [MethodUtil] - ✅ Scrolled to element Translate From Option
[INFO] 17-03-2025 15:12:48 [main] [MethodUtil] - ✅ Scrolled to element Account Button
[INFO] 17-03-2025 15:12:48 [main] [MethodUtil] - ✅ Scrolled to element Sign In
[INFO] 17-03-2025 15:12:57 [main] [MethodUtil] - ✅ Scrolled to element Email
[INFO] 17-03-2025 15:12:57 [main] [MethodUtil] - ✅ Scrolled to element Password
[INFO] 17-03-2025 15:12:57 [main] [MethodUtil] - ✅ Scrolled to element Submit
[INFO] 17-03-2025 15:13:10 [main] [MethodUtil] - ✅ Scrolled to element Start New Project
[INFO] 17-03-2025 15:13:10 [main] [MethodUtil] - ✅ Scrolled to element Translate from
[INFO] 17-03-2025 15:13:14 [main] [MethodUtil] - Text Arabic (Saudi Arabia) is retrieved from asfsdf
[INFO] 17-03-2025 15:13:34 [main] [MethodUtil] - ✅ Scrolled to element Translate From Option
[INFO] 17-03-2025 15:20:13 [main] [MethodUtil] - ✅ Scrolled to element Account Button
[INFO] 17-03-2025 15:20:14 [main] [MethodUtil] - ✅ Scrolled to element Sign In
[INFO] 17-03-2025 15:20:22 [main] [MethodUtil] - ✅ Scrolled to element Email
[INFO] 17-03-2025 15:20:23 [main] [MethodUtil] - ✅ Scrolled to element Password
[INFO] 17-03-2025 15:20:23 [main] [MethodUtil] - ✅ Scrolled to element Submit
[INFO] 17-03-2025 15:20:36 [main] [MethodUtil] - ✅ Scrolled to element Start New Project
[INFO] 17-03-2025 15:23:10 [main] [MethodUtil] - ✅ Scrolled to element Account Button
[INFO] 17-03-2025 15:23:10 [main] [MethodUtil] - ✅ Scrolled to element Sign In
[INFO] 17-03-2025 15:23:18 [main] [MethodUtil] - ✅ Scrolled to element Email
[INFO] 17-03-2025 15:23:19 [main] [MethodUtil] - ✅ Scrolled to element Password
[INFO] 17-03-2025 15:23:19 [main] [MethodUtil] - ✅ Scrolled to element Submit
[INFO] 17-03-2025 15:23:33 [main] [MethodUtil] - ✅ Scrolled to element Start New Project
[INFO] 17-03-2025 15:23:33 [main] [MethodUtil] - ✅ Scrolled to element Translate from
[INFO] 17-03-2025 15:35:16 [main] [MethodUtil] - ✅ Scrolled to element Account Button
[INFO] 17-03-2025 15:35:16 [main] [MethodUtil] - ✅ Scrolled to element Sign In
[INFO] 17-03-2025 15:35:25 [main] [MethodUtil] - ✅ Scrolled to element Email
[INFO] 17-03-2025 15:35:25 [main] [MethodUtil] - ✅ Scrolled to element Password
[INFO] 17-03-2025 15:35:25 [main] [MethodUtil] - ✅ Scrolled to element Submit
[INFO] 17-03-2025 15:35:38 [main] [MethodUtil] - ✅ Scrolled to element Start New Project
[INFO] 17-03-2025 15:35:38 [main] [MethodUtil] - ✅ Scrolled to element Translate from
[INFO] 17-03-2025 15:35:42 [main] [MethodUtil] - Text  is retrieved from asfsdf
[INFO] 17-03-2025 15:36:02 [main] [MethodUtil] - ✅ Scrolled to element Translate From Option
[INFO] 17-03-2025 15:37:15 [main] [MethodUtil] - ✅ Scrolled to element Account Button
[INFO] 17-03-2025 15:37:15 [main] [MethodUtil] - ✅ Scrolled to element Sign In
[INFO] 17-03-2025 15:37:23 [main] [MethodUtil] - ✅ Scrolled to element Email
[INFO] 17-03-2025 15:37:24 [main] [MethodUtil] - ✅ Scrolled to element Password
[INFO] 17-03-2025 15:37:24 [main] [MethodUtil] - ✅ Scrolled to element Submit
[INFO] 17-03-2025 15:37:37 [main] [MethodUtil] - ✅ Scrolled to element Start New Project
[INFO] 17-03-2025 15:37:38 [main] [MethodUtil] - ✅ Scrolled to element Translate from
[INFO] 17-03-2025 15:37:41 [main] [MethodUtil] - Text  is retrieved from asfsdf
[INFO] 17-03-2025 15:37:41 [main] [MethodUtil] - ✅ Scrolled to element Translate From Option
[INFO] 17-03-2025 15:40:01 [main] [MethodUtil] - ✅ Scrolled to element Account Button
[INFO] 17-03-2025 15:40:01 [main] [MethodUtil] - ✅ Scrolled to element Sign In
[INFO] 17-03-2025 15:40:10 [main] [MethodUtil] - ✅ Scrolled to element Email
[INFO] 17-03-2025 15:40:10 [main] [MethodUtil] - ✅ Scrolled to element Password
[INFO] 17-03-2025 15:40:10 [main] [MethodUtil] - ✅ Scrolled to element Submit
[INFO] 17-03-2025 15:40:23 [main] [MethodUtil] - ✅ Scrolled to element Start New Project
[INFO] 17-03-2025 15:40:23 [main] [MethodUtil] - ✅ Scrolled to element Translate from
[INFO] 17-03-2025 15:40:26 [main] [MethodUtil] - Text  is retrieved from asfsdf
[INFO] 17-03-2025 15:40:27 [main] [MethodUtil] - ✅ Scrolled to element Translate From Option
[INFO] 17-03-2025 15:41:26 [main] [MethodUtil] - ✅ Scrolled to element Account Button
[INFO] 17-03-2025 15:41:26 [main] [MethodUtil] - ✅ Scrolled to element Sign In
[INFO] 17-03-2025 15:41:34 [main] [MethodUtil] - ✅ Scrolled to element Email
[INFO] 17-03-2025 15:41:35 [main] [MethodUtil] - ✅ Scrolled to element Password
[INFO] 17-03-2025 15:41:35 [main] [MethodUtil] - ✅ Scrolled to element Submit
[INFO] 17-03-2025 15:41:48 [main] [MethodUtil] - ✅ Scrolled to element Start New Project
[INFO] 17-03-2025 15:41:48 [main] [MethodUtil] - ✅ Scrolled to element Translate from
[INFO] 17-03-2025 15:41:52 [main] [MethodUtil] - Text Arabic (Saudi Arabia) is retrieved from asfsdf
[INFO] 17-03-2025 15:41:52 [main] [MethodUtil] - ✅ Scrolled to element Translate From Option
[INFO] 17-03-2025 16:02:53 [main] [MethodUtil] - ✅ Scrolled to element Account Button
[INFO] 17-03-2025 16:02:53 [main] [MethodUtil] - ✅ Scrolled to element Sign In
[INFO] 17-03-2025 16:03:02 [main] [MethodUtil] - ✅ Scrolled to element Email
[INFO] 17-03-2025 16:03:02 [main] [MethodUtil] - ✅ Scrolled to element Password
[INFO] 17-03-2025 16:03:02 [main] [MethodUtil] - ✅ Scrolled to element Submit
[INFO] 17-03-2025 16:03:15 [main] [MethodUtil] - ✅ Scrolled to element Start New Project
[INFO] 17-03-2025 16:03:15 [main] [MethodUtil] - ✅ Scrolled to element Translate from
[INFO] 17-03-2025 16:03:19 [main] [MethodUtil] - Text Arabic (Saudi Arabia) is retrieved from asfsdf
[INFO] 17-03-2025 16:03:19 [main] [MethodUtil] - ✅ Scrolled to element Translate From Option
[INFO] 17-03-2025 16:05:45 [main] [MethodUtil] - ✅ Scrolled to element Account Button
[INFO] 17-03-2025 16:05:46 [main] [MethodUtil] - ✅ Scrolled to element Sign In
[INFO] 17-03-2025 16:05:55 [main] [MethodUtil] - ✅ Scrolled to element Email
[INFO] 17-03-2025 16:05:56 [main] [MethodUtil] - ✅ Scrolled to element Password
[INFO] 17-03-2025 16:05:57 [main] [MethodUtil] - ✅ Scrolled to element Submit
[INFO] 17-03-2025 16:06:11 [main] [MethodUtil] - ✅ Scrolled to element Start New Project
[INFO] 17-03-2025 16:06:12 [main] [MethodUtil] - ✅ Scrolled to element Translate from
[INFO] 17-03-2025 16:06:15 [main] [MethodUtil] - Text Arabic (Saudi Arabia) is retrieved from asfsdf
[INFO] 17-03-2025 16:06:15 [main] [MethodUtil] - ✅ Scrolled to element Translate From Option
[INFO] 17-03-2025 16:08:36 [main] [MethodUtil] - ✅ Scrolled to element Account Button
[INFO] 17-03-2025 16:08:37 [main] [MethodUtil] - ✅ Scrolled to element Sign In
[INFO] 17-03-2025 16:08:46 [main] [MethodUtil] - ✅ Scrolled to element Email
[INFO] 17-03-2025 16:08:47 [main] [MethodUtil] - ✅ Scrolled to element Password
[INFO] 17-03-2025 16:08:48 [main] [MethodUtil] - ✅ Scrolled to element Submit
[INFO] 17-03-2025 16:09:02 [main] [MethodUtil] - ✅ Scrolled to element Start New Project
[INFO] 17-03-2025 16:09:02 [main] [MethodUtil] - ✅ Scrolled to element Translate from
[INFO] 17-03-2025 16:09:06 [main] [MethodUtil] - Text Arabic (Saudi Arabia) is retrieved from asfsdf
[INFO] 17-03-2025 16:09:06 [main] [MethodUtil] - ✅ Scrolled to element Translate From Option
[INFO] 17-03-2025 16:13:02 [main] [MethodUtil] - ✅ Scrolled to element Account Button
[INFO] 17-03-2025 16:13:03 [main] [MethodUtil] - ✅ Scrolled to element Sign In
[INFO] 17-03-2025 16:13:12 [main] [MethodUtil] - ✅ Scrolled to element Email
[INFO] 17-03-2025 16:13:13 [main] [MethodUtil] - ✅ Scrolled to element Password
[INFO] 17-03-2025 16:13:14 [main] [MethodUtil] - ✅ Scrolled to element Submit
[INFO] 17-03-2025 16:13:28 [main] [MethodUtil] - ✅ Scrolled to element Start New Project
[INFO] 17-03-2025 16:13:28 [main] [MethodUtil] - ✅ Scrolled to element Translate from
[INFO] 17-03-2025 16:13:32 [main] [MethodUtil] - ✅ Scrolled to element Translate From Option
[INFO] 17-03-2025 16:17:53 [main] [MethodUtil] - ✅ Scrolled to element Account Button
[INFO] 17-03-2025 16:17:53 [main] [MethodUtil] - ✅ Scrolled to element Sign In
[INFO] 17-03-2025 16:18:03 [main] [MethodUtil] - ✅ Scrolled to element Email
[INFO] 17-03-2025 16:18:04 [main] [MethodUtil] - ✅ Scrolled to element Password
[INFO] 17-03-2025 16:18:04 [main] [MethodUtil] - ✅ Scrolled to element Submit
[INFO] 17-03-2025 16:18:18 [main] [MethodUtil] - ✅ Scrolled to element Start New Project
[INFO] 17-03-2025 16:18:19 [main] [MethodUtil] - ✅ Scrolled to element Translate from
[INFO] 17-03-2025 16:18:23 [main] [MethodUtil] - ✅ Scrolled to element Translate From Option
[INFO] 17-03-2025 16:30:43 [main] [MethodUtil] - ✅ Scrolled to element Account Button
[INFO] 17-03-2025 16:30:44 [main] [MethodUtil] - ✅ Scrolled to element Sign In
[INFO] 17-03-2025 16:30:53 [main] [MethodUtil] - ✅ Scrolled to element Email
[INFO] 17-03-2025 16:30:54 [main] [MethodUtil] - ✅ Scrolled to element Password
[INFO] 17-03-2025 16:30:55 [main] [MethodUtil] - ✅ Scrolled to element Submit
[INFO] 17-03-2025 16:31:09 [main] [MethodUtil] - ✅ Scrolled to element Start New Project
[INFO] 17-03-2025 16:31:09 [main] [MethodUtil] - ✅ Scrolled to element Translate from
[INFO] 17-03-2025 16:31:13 [main] [MethodUtil] - Text Arabic (Saudi Arabia) is retrieved from 
[INFO] 17-03-2025 16:32:30 [main] [MethodUtil] - ✅ Scrolled to element Account Button
[INFO] 17-03-2025 16:32:31 [main] [MethodUtil] - ✅ Scrolled to element Sign In
[INFO] 17-03-2025 16:32:40 [main] [MethodUtil] - ✅ Scrolled to element Email
[INFO] 17-03-2025 16:32:41 [main] [MethodUtil] - ✅ Scrolled to element Password
[INFO] 17-03-2025 16:32:42 [main] [MethodUtil] - ✅ Scrolled to element Submit
[INFO] 17-03-2025 16:32:55 [main] [MethodUtil] - ✅ Scrolled to element Start New Project
[INFO] 17-03-2025 16:32:56 [main] [MethodUtil] - ✅ Scrolled to element Translate from
[INFO] 17-03-2025 16:33:00 [main] [MethodUtil] - Text Arabic (Saudi Arabia) is retrieved from 
[INFO] 17-03-2025 16:40:56 [main] [MethodUtil] - ✅ Scrolled to element Account Button
[INFO] 17-03-2025 16:40:57 [main] [MethodUtil] - ✅ Scrolled to element Sign In
[INFO] 17-03-2025 16:41:06 [main] [MethodUtil] - ✅ Scrolled to element Email
[INFO] 17-03-2025 16:41:07 [main] [MethodUtil] - ✅ Scrolled to element Password
[INFO] 17-03-2025 16:41:08 [main] [MethodUtil] - ✅ Scrolled to element Submit
[INFO] 17-03-2025 16:41:22 [main] [MethodUtil] - ✅ Scrolled to element Start New Project
[INFO] 17-03-2025 16:41:23 [main] [MethodUtil] - ✅ Scrolled to element Translate from
[INFO] 17-03-2025 16:41:27 [main] [MethodUtil] - ✅ Scrolled to element 
[INFO] 17-03-2025 16:42:13 [main] [MethodUtil] - ✅ Scrolled to element Account Button
[INFO] 17-03-2025 16:42:14 [main] [MethodUtil] - ✅ Scrolled to element Sign In
[INFO] 17-03-2025 16:42:23 [main] [MethodUtil] - ✅ Scrolled to element Email
[INFO] 17-03-2025 16:42:24 [main] [MethodUtil] - ✅ Scrolled to element Password
[INFO] 17-03-2025 16:42:25 [main] [MethodUtil] - ✅ Scrolled to element Submit
[INFO] 17-03-2025 16:42:41 [main] [MethodUtil] - ✅ Scrolled to element Start New Project
[INFO] 17-03-2025 16:42:42 [main] [MethodUtil] - ✅ Scrolled to element Translate from
[INFO] 17-03-2025 16:42:46 [main] [MethodUtil] - ✅ Scrolled to element 
[INFO] 17-03-2025 16:45:46 [main] [MethodUtil] - ✅ Scrolled to element Account Button
[INFO] 17-03-2025 16:45:47 [main] [MethodUtil] - ✅ Scrolled to element Sign In
[INFO] 17-03-2025 16:45:56 [main] [MethodUtil] - ✅ Scrolled to element Email
[INFO] 17-03-2025 16:45:57 [main] [MethodUtil] - ✅ Scrolled to element Password
[INFO] 17-03-2025 16:45:58 [main] [MethodUtil] - ✅ Scrolled to element Submit
[INFO] 17-03-2025 16:46:11 [main] [MethodUtil] - ✅ Scrolled to element Start New Project
[INFO] 17-03-2025 16:46:12 [main] [MethodUtil] - ✅ Scrolled to element Translate from
[INFO] 17-03-2025 16:46:16 [main] [MethodUtil] - ✅ Scrolled to element 
[INFO] 17-03-2025 16:51:29 [main] [MethodUtil] - ✅ Scrolled to element Account Button
[INFO] 17-03-2025 16:51:30 [main] [MethodUtil] - ✅ Scrolled to element Sign In
[INFO] 17-03-2025 16:51:40 [main] [MethodUtil] - ✅ Scrolled to element Email
[INFO] 17-03-2025 16:51:41 [main] [MethodUtil] - ✅ Scrolled to element Password
[INFO] 17-03-2025 16:51:42 [main] [MethodUtil] - ✅ Scrolled to element Submit
[INFO] 17-03-2025 16:51:55 [main] [MethodUtil] - ✅ Scrolled to element Start New Project
[INFO] 17-03-2025 16:51:56 [main] [MethodUtil] - ✅ Scrolled to element Translate from
[INFO] 17-03-2025 16:52:00 [main] [MethodUtil] - ✅ Scrolled to element 
[INFO] 17-03-2025 16:57:00 [main] [MethodUtil] - ✅ Scrolled to element Account Button
[INFO] 17-03-2025 16:57:01 [main] [MethodUtil] - ✅ Scrolled to element Sign In
[INFO] 17-03-2025 16:57:11 [main] [MethodUtil] - ✅ Scrolled to element Email
[INFO] 17-03-2025 16:57:12 [main] [MethodUtil] - ✅ Scrolled to element Password
[INFO] 17-03-2025 16:57:13 [main] [MethodUtil] - ✅ Scrolled to element Submit
[INFO] 17-03-2025 16:57:27 [main] [MethodUtil] - ✅ Scrolled to element Start New Project
[INFO] 17-03-2025 16:57:27 [main] [MethodUtil] - ✅ Scrolled to element Translate from
[INFO] 17-03-2025 16:57:31 [main] [MethodUtil] - ✅ Scrolled to element hui
[INFO] 17-03-2025 16:57:35 [main] [MethodUtil] - ✅ Scrolled to element Arabic (Saudi Arabia)
[INFO] 17-03-2025 17:01:16 [main] [MethodUtil] - ✅ Scrolled to element Account Button
[INFO] 17-03-2025 17:01:17 [main] [MethodUtil] - ✅ Scrolled to element Sign In
[INFO] 17-03-2025 17:01:26 [main] [MethodUtil] - ✅ Scrolled to element Email
[INFO] 17-03-2025 17:01:27 [main] [MethodUtil] - ✅ Scrolled to element Password
[INFO] 17-03-2025 17:01:28 [main] [MethodUtil] - ✅ Scrolled to element Submit
[INFO] 17-03-2025 17:01:42 [main] [MethodUtil] - ✅ Scrolled to element Start New Project
[INFO] 17-03-2025 17:01:43 [main] [MethodUtil] - ✅ Scrolled to element Translate from
[INFO] 17-03-2025 17:01:47 [main] [MethodUtil] - ✅ Scrolled to element hui
[INFO] 17-03-2025 17:01:51 [main] [MethodUtil] - ✅ Scrolled to element Arabic (Saudi Arabia)
[INFO] 17-03-2025 17:04:33 [main] [MethodUtil] - ✅ Scrolled to element Account Button
[INFO] 17-03-2025 17:04:34 [main] [MethodUtil] - ✅ Scrolled to element Sign In
[INFO] 17-03-2025 17:04:43 [main] [MethodUtil] - ✅ Scrolled to element Email
[INFO] 17-03-2025 17:04:45 [main] [MethodUtil] - ✅ Scrolled to element Password
[INFO] 17-03-2025 17:04:46 [main] [MethodUtil] - ✅ Scrolled to element Submit
[INFO] 17-03-2025 17:05:01 [main] [MethodUtil] - ✅ Scrolled to element Start New Project
[INFO] 17-03-2025 17:05:02 [main] [MethodUtil] - ✅ Scrolled to element Translate from
[INFO] 17-03-2025 17:05:06 [main] [MethodUtil] - ✅ Scrolled to element hui
[INFO] 17-03-2025 17:05:10 [main] [MethodUtil] - ✅ Scrolled to element Arabic (Saudi Arabia)
[INFO] 17-03-2025 17:05:58 [main] [MethodUtil] - ✅ Scrolled to element Account Button
[INFO] 17-03-2025 17:05:59 [main] [MethodUtil] - ✅ Scrolled to element Sign In
[INFO] 17-03-2025 17:06:08 [main] [MethodUtil] - ✅ Scrolled to element Email
[INFO] 17-03-2025 17:06:09 [main] [MethodUtil] - ✅ Scrolled to element Password
[INFO] 17-03-2025 17:06:10 [main] [MethodUtil] - ✅ Scrolled to element Submit
[INFO] 17-03-2025 17:06:24 [main] [MethodUtil] - ✅ Scrolled to element Start New Project
[INFO] 17-03-2025 17:06:24 [main] [MethodUtil] - ✅ Scrolled to element Translate from
[INFO] 17-03-2025 17:06:29 [main] [MethodUtil] - ✅ Scrolled to element hui
[INFO] 17-03-2025 17:06:32 [main] [MethodUtil] - ✅ Scrolled to element Arabic (Saudi Arabia)
[INFO] 17-03-2025 17:11:20 [main] [MethodUtil] - ✅ Scrolled to element Account Button
[INFO] 17-03-2025 17:11:21 [main] [MethodUtil] - ✅ Scrolled to element Sign In
[INFO] 17-03-2025 17:11:30 [main] [MethodUtil] - ✅ Scrolled to element Email
[INFO] 17-03-2025 17:11:31 [main] [MethodUtil] - ✅ Scrolled to element Password
[INFO] 17-03-2025 17:11:32 [main] [MethodUtil] - ✅ Scrolled to element Submit
[INFO] 17-03-2025 17:11:46 [main] [MethodUtil] - ✅ Scrolled to element Start New Project
[INFO] 17-03-2025 17:11:46 [main] [MethodUtil] - ✅ Scrolled to element Translate from
[INFO] 17-03-2025 17:11:50 [main] [MethodUtil] - ✅ Scrolled to element hui
[INFO] 17-03-2025 17:11:54 [main] [MethodUtil] - ✅ Scrolled to element Arabic (Saudi Arabia)
[INFO] 17-03-2025 17:33:51 [main] [MethodUtil] - ✅ Scrolled to element Account Button
[INFO] 17-03-2025 17:33:52 [main] [MethodUtil] - ✅ Scrolled to element Sign In
[INFO] 17-03-2025 17:34:01 [main] [MethodUtil] - ✅ Scrolled to element Email
[INFO] 17-03-2025 17:34:02 [main] [MethodUtil] - ✅ Scrolled to element Password
[INFO] 17-03-2025 17:34:02 [main] [MethodUtil] - ✅ Scrolled to element Submit
[INFO] 17-03-2025 17:34:16 [main] [MethodUtil] - ✅ Scrolled to element Start New Project
[INFO] 17-03-2025 17:34:16 [main] [MethodUtil] - ✅ Scrolled to element Translate from
[INFO] 17-03-2025 17:34:21 [main] [MethodUtil] - ✅ Scrolled to element hui
[INFO] 17-03-2025 17:34:24 [main] [MethodUtil] - ✅ Scrolled to element Arabic (Saudi Arabia)
[INFO] 17-03-2025 17:39:22 [main] [MethodUtil] - ✅ Scrolled to element Account Button
[INFO] 17-03-2025 17:39:22 [main] [MethodUtil] - ✅ Scrolled to element Sign In
[INFO] 17-03-2025 17:39:31 [main] [MethodUtil] - ✅ Scrolled to element Email
[INFO] 17-03-2025 17:39:32 [main] [MethodUtil] - ✅ Scrolled to element Password
[INFO] 17-03-2025 17:39:32 [main] [MethodUtil] - ✅ Scrolled to element Submit
[INFO] 17-03-2025 17:39:45 [main] [MethodUtil] - ✅ Scrolled to element Start New Project
[INFO] 17-03-2025 17:40:55 [main] [MethodUtil] - ✅ Scrolled to element Account Button
[INFO] 17-03-2025 17:40:55 [main] [MethodUtil] - ✅ Scrolled to element Sign In
[INFO] 17-03-2025 17:41:04 [main] [MethodUtil] - ✅ Scrolled to element Email
[INFO] 17-03-2025 17:41:04 [main] [MethodUtil] - ✅ Scrolled to element Password
[INFO] 17-03-2025 17:41:05 [main] [MethodUtil] - ✅ Scrolled to element Submit
[INFO] 17-03-2025 17:41:17 [main] [MethodUtil] - ✅ Scrolled to element Start New Project
[INFO] 17-03-2025 17:42:20 [main] [MethodUtil] - ✅ Scrolled to element Account Button
[INFO] 17-03-2025 17:42:20 [main] [MethodUtil] - ✅ Scrolled to element Sign In
[INFO] 17-03-2025 17:42:29 [main] [MethodUtil] - ✅ Scrolled to element Email
[INFO] 17-03-2025 17:42:30 [main] [MethodUtil] - ✅ Scrolled to element Password
[INFO] 17-03-2025 17:42:30 [main] [MethodUtil] - ✅ Scrolled to element Submit
[INFO] 17-03-2025 17:42:43 [main] [MethodUtil] - ✅ Scrolled to element Start New Project
[INFO] 17-03-2025 17:47:12 [main] [MethodUtil] - ✅ Scrolled to element Account Button
[INFO] 17-03-2025 17:47:13 [main] [MethodUtil] - ✅ Scrolled to element Sign In
[INFO] 17-03-2025 17:47:21 [main] [MethodUtil] - ✅ Scrolled to element Email
[INFO] 17-03-2025 17:47:22 [main] [MethodUtil] - ✅ Scrolled to element Password
[INFO] 17-03-2025 17:47:23 [main] [MethodUtil] - ✅ Scrolled to element Submit
[INFO] 17-03-2025 17:47:36 [main] [MethodUtil] - ✅ Scrolled to element Start New Project
[INFO] 17-03-2025 17:48:43 [main] [MethodUtil] - ✅ Scrolled to element Account Button
[INFO] 17-03-2025 17:48:43 [main] [MethodUtil] - ✅ Scrolled to element Sign In
[INFO] 17-03-2025 17:48:52 [main] [MethodUtil] - ✅ Scrolled to element Email
[INFO] 17-03-2025 17:48:53 [main] [MethodUtil] - ✅ Scrolled to element Password
[INFO] 17-03-2025 17:48:54 [main] [MethodUtil] - ✅ Scrolled to element Submit
[INFO] 17-03-2025 17:49:08 [main] [MethodUtil] - ✅ Scrolled to element Start New Project
[INFO] 17-03-2025 17:51:44 [main] [MethodUtil] - ✅ Scrolled to element Account Button
[INFO] 17-03-2025 17:51:45 [main] [MethodUtil] - ✅ Scrolled to element Sign In
[INFO] 17-03-2025 17:51:53 [main] [MethodUtil] - ✅ Scrolled to element Email
[INFO] 17-03-2025 17:51:54 [main] [MethodUtil] - ✅ Scrolled to element Password
[INFO] 17-03-2025 17:51:54 [main] [MethodUtil] - ✅ Scrolled to element Submit
[INFO] 17-03-2025 17:52:06 [main] [MethodUtil] - ✅ Scrolled to element Start New Project
[INFO] 17-03-2025 17:52:06 [main] [MethodUtil] - ✅ Scrolled to element Translate from
[INFO] 17-03-2025 17:52:10 [main] [MethodUtil] - ✅ Scrolled to element hui
[INFO] 17-03-2025 17:52:14 [main] [MethodUtil] - ✅ Scrolled to element Arabic (Saudi Arabia)
[INFO] 17-03-2025 17:52:52 [main] [MethodUtil] - ✅ Scrolled to element Account Button
[INFO] 17-03-2025 17:52:53 [main] [MethodUtil] - ✅ Scrolled to element Sign In
[INFO] 17-03-2025 17:53:02 [main] [MethodUtil] - ✅ Scrolled to element Email
[INFO] 17-03-2025 17:53:02 [main] [MethodUtil] - ✅ Scrolled to element Password
[INFO] 17-03-2025 17:53:03 [main] [MethodUtil] - ✅ Scrolled to element Submit
[INFO] 17-03-2025 17:53:16 [main] [MethodUtil] - ✅ Scrolled to element Start New Project
[INFO] 17-03-2025 17:53:16 [main] [MethodUtil] - ✅ Scrolled to element Translate from
[INFO] 17-03-2025 17:53:20 [main] [MethodUtil] - ✅ Scrolled to element hui
[INFO] 17-03-2025 17:53:23 [main] [MethodUtil] - ✅ Scrolled to element Arabic (Saudi Arabia)
