[INFO] 12-03-2025 13:35:58 [main] [MethodUtil] - ✅ Scrolled to element Account Button
[INFO] 12-03-2025 13:35:58 [main] [MethodUtil] - ✅ Scrolled to element Sign In
[INFO] 12-03-2025 13:36:08 [main] [MethodUtil] - ✅ Scrolled to element Email
[INFO] 12-03-2025 13:36:08 [main] [MethodUtil] - ✅ Scrolled to element Password
[INFO] 12-03-2025 13:36:08 [main] [MethodUtil] - ✅ Scrolled to element Submit
[INFO] 12-03-2025 13:36:22 [main] [MethodUtil] - ✅ Scrolled to element Start New Project
[INFO] 12-03-2025 13:40:07 [main] [MethodUtil] - ✅ Scrolled to element Account Button
[INFO] 12-03-2025 13:40:07 [main] [MethodUtil] - ✅ Scrolled to element Sign In
[INFO] 12-03-2025 13:40:15 [main] [MethodUtil] - ✅ Scrolled to element Email
[INFO] 12-03-2025 13:40:16 [main] [MethodUtil] - ✅ Scrolled to element Password
[INFO] 12-03-2025 13:40:16 [main] [MethodUtil] - ✅ Scrolled to element Submit
[INFO] 12-03-2025 13:40:28 [main] [MethodUtil] - ✅ Scrolled to element Start New Project
[INFO] 12-03-2025 13:48:14 [main] [MethodUtil] - ✅ Scrolled to element Account Button
[INFO] 12-03-2025 13:48:14 [main] [MethodUtil] - ✅ Scrolled to element Sign In
[INFO] 12-03-2025 13:48:23 [main] [MethodUtil] - ✅ Scrolled to element Email
[INFO] 12-03-2025 13:48:24 [main] [MethodUtil] - ✅ Scrolled to element Password
[INFO] 12-03-2025 13:48:24 [main] [MethodUtil] - ✅ Scrolled to element Submit
[INFO] 12-03-2025 13:48:36 [main] [MethodUtil] - ✅ Scrolled to element Start New Project
[INFO] 12-03-2025 13:49:50 [main] [MethodUtil] - ✅ Scrolled to element Account Button
[INFO] 12-03-2025 13:49:50 [main] [MethodUtil] - ✅ Scrolled to element Sign In
[INFO] 12-03-2025 13:49:59 [main] [MethodUtil] - ✅ Scrolled to element Email
[INFO] 12-03-2025 13:49:59 [main] [MethodUtil] - ✅ Scrolled to element Password
[INFO] 12-03-2025 13:50:00 [main] [MethodUtil] - ✅ Scrolled to element Submit
[INFO] 12-03-2025 13:50:13 [main] [MethodUtil] - ✅ Scrolled to element Start New Project
[INFO] 12-03-2025 14:49:42 [main] [MethodUtil] - ✅ Scrolled to element Account Button
[INFO] 12-03-2025 14:49:42 [main] [MethodUtil] - ✅ Scrolled to element Sign In
[INFO] 12-03-2025 14:49:51 [main] [MethodUtil] - ✅ Scrolled to element Email
[INFO] 12-03-2025 14:49:51 [main] [MethodUtil] - ✅ Scrolled to element Password
[INFO] 12-03-2025 14:49:52 [main] [MethodUtil] - ✅ Scrolled to element Submit
[INFO] 12-03-2025 14:50:05 [main] [MethodUtil] - ✅ Scrolled to element Start New Project
[INFO] 12-03-2025 14:50:06 [main] [MethodUtil] - ✅ Scrolled to element Translate from
[INFO] 12-03-2025 14:53:46 [main] [MethodUtil] - ✅ Scrolled to element Account Button
[INFO] 12-03-2025 14:53:46 [main] [MethodUtil] - ✅ Scrolled to element Sign In
[INFO] 12-03-2025 14:53:55 [main] [MethodUtil] - ✅ Scrolled to element Email
[INFO] 12-03-2025 14:53:55 [main] [MethodUtil] - ✅ Scrolled to element Password
[INFO] 12-03-2025 14:53:55 [main] [MethodUtil] - ✅ Scrolled to element Submit
[INFO] 12-03-2025 14:54:15 [main] [MethodUtil] - ✅ Scrolled to element Start New Project
[INFO] 12-03-2025 14:54:15 [main] [MethodUtil] - ✅ Scrolled to element Translate from
[INFO] 12-03-2025 14:55:44 [main] [MethodUtil] - ✅ Scrolled to element Account Button
[INFO] 12-03-2025 14:55:44 [main] [MethodUtil] - ✅ Scrolled to element Sign In
[INFO] 12-03-2025 14:55:54 [main] [MethodUtil] - ✅ Scrolled to element Email
[INFO] 12-03-2025 14:55:55 [main] [MethodUtil] - ✅ Scrolled to element Password
[INFO] 12-03-2025 14:55:55 [main] [MethodUtil] - ✅ Scrolled to element Submit
[INFO] 12-03-2025 14:56:12 [main] [MethodUtil] - ✅ Scrolled to element Start New Project
[INFO] 12-03-2025 14:56:13 [main] [MethodUtil] - ✅ Scrolled to element Translate from
[INFO] 12-03-2025 15:01:50 [main] [MethodUtil] - ✅ Scrolled to element Account Button
[INFO] 12-03-2025 15:01:50 [main] [MethodUtil] - ✅ Scrolled to element Sign In
[INFO] 12-03-2025 15:01:59 [main] [MethodUtil] - ✅ Scrolled to element Email
[INFO] 12-03-2025 15:01:59 [main] [MethodUtil] - ✅ Scrolled to element Password
[INFO] 12-03-2025 15:01:59 [main] [MethodUtil] - ✅ Scrolled to element Submit
[INFO] 12-03-2025 15:02:14 [main] [MethodUtil] - ✅ Scrolled to element Start New Project
[INFO] 12-03-2025 15:02:14 [main] [MethodUtil] - ✅ Scrolled to element Translate from
[INFO] 12-03-2025 15:02:15 [main] [MethodUtil] - ✅ Scrolled to element Translate From
[INFO] 12-03-2025 15:02:15 [main] [MethodUtil] - ✅ Scrolled to element Translate To
[INFO] 12-03-2025 15:05:15 [main] [MethodUtil] - ✅ Scrolled to element Account Button
[INFO] 12-03-2025 15:05:15 [main] [MethodUtil] - ✅ Scrolled to element Sign In
[INFO] 12-03-2025 15:05:24 [main] [MethodUtil] - ✅ Scrolled to element Email
[INFO] 12-03-2025 15:05:24 [main] [MethodUtil] - ✅ Scrolled to element Password
[INFO] 12-03-2025 15:05:24 [main] [MethodUtil] - ✅ Scrolled to element Submit
[INFO] 12-03-2025 15:05:45 [main] [MethodUtil] - ✅ Scrolled to element Start New Project
[INFO] 12-03-2025 15:05:45 [main] [MethodUtil] - ✅ Scrolled to element Translate from
[INFO] 12-03-2025 15:05:45 [main] [MethodUtil] - ✅ Scrolled to element Translate From
[INFO] 12-03-2025 15:05:46 [main] [MethodUtil] - ✅ Scrolled to element Translate To
[INFO] 12-03-2025 15:15:21 [main] [MethodUtil] - ✅ Scrolled to element Account Button
[INFO] 12-03-2025 15:15:21 [main] [MethodUtil] - ✅ Scrolled to element Sign In
[INFO] 12-03-2025 15:15:30 [main] [MethodUtil] - ✅ Scrolled to element Email
[INFO] 12-03-2025 15:15:30 [main] [MethodUtil] - ✅ Scrolled to element Password
[INFO] 12-03-2025 15:15:31 [main] [MethodUtil] - ✅ Scrolled to element Submit
[INFO] 12-03-2025 15:17:02 [main] [MethodUtil] - ✅ Scrolled to element Account Button
[INFO] 12-03-2025 15:17:02 [main] [MethodUtil] - ✅ Scrolled to element Sign In
[INFO] 12-03-2025 15:17:11 [main] [MethodUtil] - ✅ Scrolled to element Email
[INFO] 12-03-2025 15:17:11 [main] [MethodUtil] - ✅ Scrolled to element Password
[INFO] 12-03-2025 15:17:11 [main] [MethodUtil] - ✅ Scrolled to element Submit
[INFO] 12-03-2025 15:19:30 [main] [MethodUtil] - ✅ Scrolled to element Account Button
[INFO] 12-03-2025 15:19:30 [main] [MethodUtil] - ✅ Scrolled to element Sign In
[INFO] 12-03-2025 15:19:39 [main] [MethodUtil] - ✅ Scrolled to element Email
[INFO] 12-03-2025 15:19:40 [main] [MethodUtil] - ✅ Scrolled to element Password
[INFO] 12-03-2025 15:19:40 [main] [MethodUtil] - ✅ Scrolled to element Submit
[INFO] 12-03-2025 15:20:01 [main] [MethodUtil] - ✅ Scrolled to element Start New Project
[INFO] 12-03-2025 15:20:02 [main] [MethodUtil] - ✅ Scrolled to element Translate from
[INFO] 12-03-2025 15:20:02 [main] [MethodUtil] - ✅ Scrolled to element Translate From
[INFO] 12-03-2025 15:23:26 [main] [MethodUtil] - ✅ Scrolled to element Account Button
[INFO] 12-03-2025 15:23:26 [main] [MethodUtil] - ✅ Scrolled to element Sign In
[INFO] 12-03-2025 15:23:37 [main] [MethodUtil] - ✅ Scrolled to element Email
[INFO] 12-03-2025 15:23:37 [main] [MethodUtil] - ✅ Scrolled to element Password
[INFO] 12-03-2025 15:23:37 [main] [MethodUtil] - ✅ Scrolled to element Submit
[INFO] 12-03-2025 15:23:51 [main] [MethodUtil] - ✅ Scrolled to element Start New Project
[INFO] 12-03-2025 15:23:51 [main] [MethodUtil] - ✅ Scrolled to element Translate from
[INFO] 12-03-2025 15:23:51 [main] [MethodUtil] - ✅ Scrolled to element Translate From
[INFO] 12-03-2025 15:25:02 [main] [MethodUtil] - ✅ Scrolled to element Account Button
[INFO] 12-03-2025 15:25:02 [main] [MethodUtil] - ✅ Scrolled to element Sign In
[INFO] 12-03-2025 15:25:11 [main] [MethodUtil] - ✅ Scrolled to element Email
[INFO] 12-03-2025 15:25:11 [main] [MethodUtil] - ✅ Scrolled to element Password
[INFO] 12-03-2025 15:25:11 [main] [MethodUtil] - ✅ Scrolled to element Submit
[INFO] 12-03-2025 15:25:32 [main] [MethodUtil] - ✅ Scrolled to element Start New Project
[INFO] 12-03-2025 15:25:32 [main] [MethodUtil] - ✅ Scrolled to element Translate from
[INFO] 12-03-2025 15:25:32 [main] [MethodUtil] - ✅ Scrolled to element Translate From
[INFO] 12-03-2025 15:27:17 [main] [MethodUtil] - ✅ Scrolled to element Account Button
[INFO] 12-03-2025 15:27:17 [main] [MethodUtil] - ✅ Scrolled to element Sign In
[INFO] 12-03-2025 15:27:25 [main] [MethodUtil] - ✅ Scrolled to element Email
[INFO] 12-03-2025 15:27:26 [main] [MethodUtil] - ✅ Scrolled to element Password
[INFO] 12-03-2025 15:27:26 [main] [MethodUtil] - ✅ Scrolled to element Submit
[INFO] 12-03-2025 15:27:46 [main] [MethodUtil] - ✅ Scrolled to element Start New Project
[INFO] 12-03-2025 15:27:47 [main] [MethodUtil] - ✅ Scrolled to element Translate from
[INFO] 12-03-2025 15:27:50 [main] [MethodUtil] - ✅ Scrolled to element Translate From
[INFO] 12-03-2025 15:28:52 [main] [MethodUtil] - ✅ Scrolled to element Account Button
[INFO] 12-03-2025 15:28:52 [main] [MethodUtil] - ✅ Scrolled to element Sign In
[INFO] 12-03-2025 15:29:01 [main] [MethodUtil] - ✅ Scrolled to element Email
[INFO] 12-03-2025 15:29:01 [main] [MethodUtil] - ✅ Scrolled to element Password
[INFO] 12-03-2025 15:29:01 [main] [MethodUtil] - ✅ Scrolled to element Submit
[INFO] 12-03-2025 15:30:08 [main] [MethodUtil] - ✅ Scrolled to element Account Button
[INFO] 12-03-2025 15:30:08 [main] [MethodUtil] - ✅ Scrolled to element Sign In
[INFO] 12-03-2025 15:30:18 [main] [MethodUtil] - ✅ Scrolled to element Email
[INFO] 12-03-2025 15:30:19 [main] [MethodUtil] - ✅ Scrolled to element Password
[INFO] 12-03-2025 15:30:19 [main] [MethodUtil] - ✅ Scrolled to element Submit
[INFO] 12-03-2025 15:30:38 [main] [MethodUtil] - ✅ Scrolled to element Start New Project
[INFO] 12-03-2025 15:30:39 [main] [MethodUtil] - ✅ Scrolled to element Translate from
[INFO] 12-03-2025 15:30:42 [main] [MethodUtil] - ✅ Scrolled to element Translate From Option
[INFO] 12-03-2025 15:31:47 [main] [MethodUtil] - ✅ Scrolled to element Account Button
[INFO] 12-03-2025 15:31:47 [main] [MethodUtil] - ✅ Scrolled to element Sign In
[INFO] 12-03-2025 15:31:56 [main] [MethodUtil] - ✅ Scrolled to element Email
[INFO] 12-03-2025 15:31:56 [main] [MethodUtil] - ✅ Scrolled to element Password
[INFO] 12-03-2025 15:31:56 [main] [MethodUtil] - ✅ Scrolled to element Submit
[INFO] 12-03-2025 15:32:13 [main] [MethodUtil] - ✅ Scrolled to element Start New Project
[INFO] 12-03-2025 15:32:14 [main] [MethodUtil] - ✅ Scrolled to element Translate from
[INFO] 12-03-2025 15:32:17 [main] [MethodUtil] - ✅ Scrolled to element Translate From Option
[INFO] 12-03-2025 15:45:27 [main] [MethodUtil] - ✅ Scrolled to element Account Button
[INFO] 12-03-2025 15:45:28 [main] [MethodUtil] - ✅ Scrolled to element Sign In
[INFO] 12-03-2025 15:45:36 [main] [MethodUtil] - ✅ Scrolled to element Email
[INFO] 12-03-2025 15:45:37 [main] [MethodUtil] - ✅ Scrolled to element Password
[INFO] 12-03-2025 15:45:37 [main] [MethodUtil] - ✅ Scrolled to element Submit
[INFO] 12-03-2025 15:57:44 [main] [MethodUtil] - ✅ Scrolled to element Account Button
[INFO] 12-03-2025 15:57:44 [main] [MethodUtil] - ✅ Scrolled to element Sign In
[INFO] 12-03-2025 15:57:53 [main] [MethodUtil] - ✅ Scrolled to element Email
[INFO] 12-03-2025 15:57:53 [main] [MethodUtil] - ✅ Scrolled to element Password
[INFO] 12-03-2025 15:57:53 [main] [MethodUtil] - ✅ Scrolled to element Submit
[INFO] 12-03-2025 15:59:10 [main] [MethodUtil] - ✅ Scrolled to element Account Button
[INFO] 12-03-2025 15:59:10 [main] [MethodUtil] - ✅ Scrolled to element Sign In
[INFO] 12-03-2025 15:59:21 [main] [MethodUtil] - ✅ Scrolled to element Email
[INFO] 12-03-2025 15:59:21 [main] [MethodUtil] - ✅ Scrolled to element Password
[INFO] 12-03-2025 15:59:22 [main] [MethodUtil] - ✅ Scrolled to element Submit
[INFO] 12-03-2025 16:02:23 [main] [MethodUtil] - ✅ Scrolled to element Account Button
[INFO] 12-03-2025 16:02:23 [main] [MethodUtil] - ✅ Scrolled to element Sign In
[INFO] 12-03-2025 16:02:32 [main] [MethodUtil] - ✅ Scrolled to element Email
[INFO] 12-03-2025 16:02:32 [main] [MethodUtil] - ✅ Scrolled to element Password
[INFO] 12-03-2025 16:02:32 [main] [MethodUtil] - ✅ Scrolled to element Submit
[INFO] 12-03-2025 16:02:50 [main] [MethodUtil] - ✅ Scrolled to element Start New Project
[INFO] 12-03-2025 16:02:50 [main] [MethodUtil] - ✅ Scrolled to element Translate from
[INFO] 12-03-2025 16:04:46 [main] [MethodUtil] - ✅ Scrolled to element Account Button
[INFO] 12-03-2025 16:04:46 [main] [MethodUtil] - ✅ Scrolled to element Sign In
[INFO] 12-03-2025 16:04:56 [main] [MethodUtil] - ✅ Scrolled to element Email
[INFO] 12-03-2025 16:04:56 [main] [MethodUtil] - ✅ Scrolled to element Password
[INFO] 12-03-2025 16:04:56 [main] [MethodUtil] - ✅ Scrolled to element Submit
[INFO] 12-03-2025 16:05:14 [main] [MethodUtil] - ✅ Scrolled to element Start New Project
[INFO] 12-03-2025 16:05:15 [main] [MethodUtil] - ✅ Scrolled to element Translate from
[INFO] 12-03-2025 16:13:30 [main] [MethodUtil] - ✅ Scrolled to element Account Button
[INFO] 12-03-2025 16:13:30 [main] [MethodUtil] - ✅ Scrolled to element Sign In
[INFO] 12-03-2025 16:13:39 [main] [MethodUtil] - ✅ Scrolled to element Email
[INFO] 12-03-2025 16:13:39 [main] [MethodUtil] - ✅ Scrolled to element Password
[INFO] 12-03-2025 16:13:39 [main] [MethodUtil] - ✅ Scrolled to element Submit
[INFO] 12-03-2025 16:14:37 [main] [MethodUtil] - ✅ Scrolled to element Account Button
[INFO] 12-03-2025 16:14:37 [main] [MethodUtil] - ✅ Scrolled to element Sign In
[INFO] 12-03-2025 16:14:46 [main] [MethodUtil] - ✅ Scrolled to element Email
[INFO] 12-03-2025 16:14:47 [main] [MethodUtil] - ✅ Scrolled to element Password
[INFO] 12-03-2025 16:14:47 [main] [MethodUtil] - ✅ Scrolled to element Submit
[INFO] 12-03-2025 16:15:11 [main] [MethodUtil] - ✅ Scrolled to element Start New Project
[INFO] 12-03-2025 16:15:12 [main] [MethodUtil] - ✅ Scrolled to element Translate from
[INFO] 12-03-2025 16:18:19 [main] [MethodUtil] - ✅ Scrolled to element Account Button
[INFO] 12-03-2025 16:18:19 [main] [MethodUtil] - ✅ Scrolled to element Sign In
[INFO] 12-03-2025 16:18:28 [main] [MethodUtil] - ✅ Scrolled to element Email
[INFO] 12-03-2025 16:18:28 [main] [MethodUtil] - ✅ Scrolled to element Password
[INFO] 12-03-2025 16:18:28 [main] [MethodUtil] - ✅ Scrolled to element Submit
[INFO] 12-03-2025 16:18:47 [main] [MethodUtil] - ✅ Scrolled to element Start New Project
[INFO] 12-03-2025 16:18:48 [main] [MethodUtil] - ✅ Scrolled to element Translate from
[INFO] 12-03-2025 16:19:59 [main] [MethodUtil] - ✅ Scrolled to element Account Button
[INFO] 12-03-2025 16:19:59 [main] [MethodUtil] - ✅ Scrolled to element Sign In
[INFO] 12-03-2025 16:20:09 [main] [MethodUtil] - ✅ Scrolled to element Email
[INFO] 12-03-2025 16:20:09 [main] [MethodUtil] - ✅ Scrolled to element Password
[INFO] 12-03-2025 16:20:10 [main] [MethodUtil] - ✅ Scrolled to element Submit
[INFO] 12-03-2025 16:21:58 [main] [MethodUtil] - ✅ Scrolled to element Account Button
[INFO] 12-03-2025 16:21:58 [main] [MethodUtil] - ✅ Scrolled to element Sign In
[INFO] 12-03-2025 16:22:06 [main] [MethodUtil] - ✅ Scrolled to element Email
[INFO] 12-03-2025 16:22:07 [main] [MethodUtil] - ✅ Scrolled to element Password
[INFO] 12-03-2025 16:22:07 [main] [MethodUtil] - ✅ Scrolled to element Submit
[INFO] 12-03-2025 16:22:24 [main] [MethodUtil] - ✅ Scrolled to element Start New Project
[INFO] 12-03-2025 16:22:24 [main] [MethodUtil] - ✅ Scrolled to element Translate from
[INFO] 12-03-2025 16:26:21 [main] [MethodUtil] - ✅ Scrolled to element Account Button
[INFO] 12-03-2025 16:26:21 [main] [MethodUtil] - ✅ Scrolled to element Sign In
[INFO] 12-03-2025 16:26:31 [main] [MethodUtil] - ✅ Scrolled to element Email
[INFO] 12-03-2025 16:26:31 [main] [MethodUtil] - ✅ Scrolled to element Password
[INFO] 12-03-2025 16:26:31 [main] [MethodUtil] - ✅ Scrolled to element Submit
[INFO] 12-03-2025 16:26:47 [main] [MethodUtil] - ✅ Scrolled to element Start New Project
[INFO] 12-03-2025 16:26:47 [main] [MethodUtil] - ✅ Scrolled to element Translate from
[INFO] 12-03-2025 16:30:27 [main] [MethodUtil] - ✅ Scrolled to element Account Button
[INFO] 12-03-2025 16:30:28 [main] [MethodUtil] - ✅ Scrolled to element Sign In
[INFO] 12-03-2025 16:30:37 [main] [MethodUtil] - ✅ Scrolled to element Email
[INFO] 12-03-2025 16:30:37 [main] [MethodUtil] - ✅ Scrolled to element Password
[INFO] 12-03-2025 16:30:37 [main] [MethodUtil] - ✅ Scrolled to element Submit
[INFO] 12-03-2025 16:31:00 [main] [MethodUtil] - ✅ Scrolled to element Start New Project
[INFO] 12-03-2025 16:31:00 [main] [MethodUtil] - ✅ Scrolled to element Translate from
[INFO] 12-03-2025 16:31:24 [main] [MethodUtil] - ✅ Scrolled to element Translate From Option
[INFO] 12-03-2025 16:36:44 [main] [MethodUtil] - ✅ Scrolled to element Account Button
[INFO] 12-03-2025 16:36:45 [main] [MethodUtil] - ✅ Scrolled to element Sign In
[INFO] 12-03-2025 16:36:53 [main] [MethodUtil] - ✅ Scrolled to element Email
[INFO] 12-03-2025 16:36:54 [main] [MethodUtil] - ✅ Scrolled to element Password
[INFO] 12-03-2025 16:36:54 [main] [MethodUtil] - ✅ Scrolled to element Submit
[INFO] 12-03-2025 16:37:05 [main] [MethodUtil] - ✅ Scrolled to element Start New Project
[INFO] 12-03-2025 16:37:06 [main] [MethodUtil] - ✅ Scrolled to element Translate from
[INFO] 12-03-2025 16:37:29 [main] [MethodUtil] - ✅ Scrolled to element Translate From Option
[INFO] 12-03-2025 16:38:17 [main] [MethodUtil] - ✅ Scrolled to element Account Button
[INFO] 12-03-2025 16:38:18 [main] [MethodUtil] - ✅ Scrolled to element Sign In
[INFO] 12-03-2025 16:38:25 [main] [MethodUtil] - ✅ Scrolled to element Email
[INFO] 12-03-2025 16:38:26 [main] [MethodUtil] - ✅ Scrolled to element Password
[INFO] 12-03-2025 16:38:26 [main] [MethodUtil] - ✅ Scrolled to element Submit
[INFO] 12-03-2025 16:38:38 [main] [MethodUtil] - ✅ Scrolled to element Start New Project
[INFO] 12-03-2025 16:38:38 [main] [MethodUtil] - ✅ Scrolled to element Translate from
[INFO] 12-03-2025 16:39:02 [main] [MethodUtil] - ✅ Scrolled to element Translate From Option
[INFO] 12-03-2025 16:41:56 [main] [MethodUtil] - ✅ Scrolled to element Account Button
[INFO] 12-03-2025 16:41:56 [main] [MethodUtil] - ✅ Scrolled to element Sign In
[INFO] 12-03-2025 16:42:04 [main] [MethodUtil] - ✅ Scrolled to element Email
[INFO] 12-03-2025 16:42:04 [main] [MethodUtil] - ✅ Scrolled to element Password
[INFO] 12-03-2025 16:42:05 [main] [MethodUtil] - ✅ Scrolled to element Submit
[INFO] 12-03-2025 16:42:16 [main] [MethodUtil] - ✅ Scrolled to element Start New Project
[INFO] 12-03-2025 16:42:16 [main] [MethodUtil] - ✅ Scrolled to element Translate from
[INFO] 12-03-2025 16:46:06 [main] [MethodUtil] - ✅ Scrolled to element Account Button
[INFO] 12-03-2025 16:46:06 [main] [MethodUtil] - ✅ Scrolled to element Sign In
[INFO] 12-03-2025 16:46:14 [main] [MethodUtil] - ✅ Scrolled to element Email
[INFO] 12-03-2025 16:46:14 [main] [MethodUtil] - ✅ Scrolled to element Password
[INFO] 12-03-2025 16:46:14 [main] [MethodUtil] - ✅ Scrolled to element Submit
[INFO] 12-03-2025 16:46:26 [main] [MethodUtil] - ✅ Scrolled to element Start New Project
[INFO] 12-03-2025 16:46:26 [main] [MethodUtil] - ✅ Scrolled to element Translate from
[INFO] 12-03-2025 16:48:26 [main] [MethodUtil] - ✅ Scrolled to element Account Button
[INFO] 12-03-2025 16:48:26 [main] [MethodUtil] - ✅ Scrolled to element Sign In
[INFO] 12-03-2025 16:48:34 [main] [MethodUtil] - ✅ Scrolled to element Email
[INFO] 12-03-2025 16:48:35 [main] [MethodUtil] - ✅ Scrolled to element Password
[INFO] 12-03-2025 16:48:35 [main] [MethodUtil] - ✅ Scrolled to element Submit
[INFO] 12-03-2025 16:48:46 [main] [MethodUtil] - ✅ Scrolled to element Start New Project
[INFO] 12-03-2025 16:48:46 [main] [MethodUtil] - ✅ Scrolled to element Translate from
[INFO] 12-03-2025 16:49:35 [main] [MethodUtil] - ✅ Scrolled to element Account Button
[INFO] 12-03-2025 16:49:35 [main] [MethodUtil] - ✅ Scrolled to element Sign In
[INFO] 12-03-2025 16:49:43 [main] [MethodUtil] - ✅ Scrolled to element Email
[INFO] 12-03-2025 16:49:43 [main] [MethodUtil] - ✅ Scrolled to element Password
[INFO] 12-03-2025 16:49:43 [main] [MethodUtil] - ✅ Scrolled to element Submit
[INFO] 12-03-2025 16:49:54 [main] [MethodUtil] - ✅ Scrolled to element Start New Project
[INFO] 12-03-2025 16:49:55 [main] [MethodUtil] - ✅ Scrolled to element Translate from
[INFO] 12-03-2025 18:26:38 [main] [MethodUtil] - ✅ Scrolled to element Account Button
[INFO] 12-03-2025 18:26:38 [main] [MethodUtil] - ✅ Scrolled to element Sign In
[INFO] 12-03-2025 18:26:46 [main] [MethodUtil] - ✅ Scrolled to element Email
[INFO] 12-03-2025 18:26:47 [main] [MethodUtil] - ✅ Scrolled to element Password
[INFO] 12-03-2025 18:26:47 [main] [MethodUtil] - ✅ Scrolled to element Submit
[INFO] 12-03-2025 18:27:11 [main] [MethodUtil] - ✅ Scrolled to element Start New Project
[INFO] 12-03-2025 18:27:11 [main] [MethodUtil] - ✅ Scrolled to element Translate from
[INFO] 12-03-2025 18:28:53 [main] [MethodUtil] - ✅ Scrolled to element Account Button
[INFO] 12-03-2025 18:28:53 [main] [MethodUtil] - ✅ Scrolled to element Sign In
[INFO] 12-03-2025 18:29:02 [main] [MethodUtil] - ✅ Scrolled to element Email
[INFO] 12-03-2025 18:29:02 [main] [MethodUtil] - ✅ Scrolled to element Password
[INFO] 12-03-2025 18:29:02 [main] [MethodUtil] - ✅ Scrolled to element Submit
[INFO] 12-03-2025 18:29:21 [main] [MethodUtil] - ✅ Scrolled to element Start New Project
[INFO] 12-03-2025 18:29:21 [main] [MethodUtil] - ✅ Scrolled to element Translate from
[INFO] 12-03-2025 18:34:36 [main] [MethodUtil] - ✅ Scrolled to element Account Button
[INFO] 12-03-2025 18:34:36 [main] [MethodUtil] - ✅ Scrolled to element Sign In
[INFO] 12-03-2025 18:34:46 [main] [MethodUtil] - ✅ Scrolled to element Email
[INFO] 12-03-2025 18:34:46 [main] [MethodUtil] - ✅ Scrolled to element Password
[INFO] 12-03-2025 18:34:47 [main] [MethodUtil] - ✅ Scrolled to element Submit
[INFO] 12-03-2025 18:35:11 [main] [MethodUtil] - ✅ Scrolled to element Start New Project
[INFO] 12-03-2025 18:35:12 [main] [MethodUtil] - ✅ Scrolled to element Translate from
[INFO] 12-03-2025 18:38:21 [main] [MethodUtil] - ✅ Scrolled to element Account Button
[INFO] 12-03-2025 18:38:22 [main] [MethodUtil] - ✅ Scrolled to element Sign In
[INFO] 12-03-2025 18:38:30 [main] [MethodUtil] - ✅ Scrolled to element Email
[INFO] 12-03-2025 18:38:31 [main] [MethodUtil] - ✅ Scrolled to element Password
[INFO] 12-03-2025 18:38:31 [main] [MethodUtil] - ✅ Scrolled to element Submit
[INFO] 12-03-2025 18:38:46 [main] [MethodUtil] - ✅ Scrolled to element Start New Project
[INFO] 12-03-2025 18:38:46 [main] [MethodUtil] - ✅ Scrolled to element Translate from
[INFO] 12-03-2025 18:45:03 [main] [MethodUtil] - ✅ Scrolled to element Account Button
[INFO] 12-03-2025 18:45:22 [main] [MethodUtil] - ✅ Scrolled to element Sign In
[INFO] 12-03-2025 18:45:38 [main] [MethodUtil] - ✅ Scrolled to element Email
[INFO] 12-03-2025 18:45:38 [main] [MethodUtil] - ✅ Scrolled to element Password
[INFO] 12-03-2025 18:45:39 [main] [MethodUtil] - ✅ Scrolled to element Submit
[INFO] 12-03-2025 18:45:56 [main] [MethodUtil] - ✅ Scrolled to element Start New Project
[INFO] 12-03-2025 18:45:56 [main] [MethodUtil] - ✅ Scrolled to element Translate from
