[INFO] 13-03-2025 10:56:06 [main] [MethodUtil] - ✅ Scrolled to element Account Button
[INFO] 13-03-2025 10:56:07 [main] [MethodUtil] - ✅ Scrolled to element Sign In
[INFO] 13-03-2025 10:56:15 [main] [MethodUtil] - ✅ Scrolled to element Email
[INFO] 13-03-2025 10:56:15 [main] [MethodUtil] - ✅ Scrolled to element Password
[INFO] 13-03-2025 10:56:16 [main] [MethodUtil] - ✅ Scrolled to element Submit
[INFO] 13-03-2025 10:56:29 [main] [MethodUtil] - ✅ Scrolled to element Start New Project
[INFO] 13-03-2025 10:56:29 [main] [MethodUtil] - ✅ Scrolled to element Translate from
[INFO] 13-03-2025 10:56:33 [main] [MethodUtil] - ✅ Scrolled to element Translate From Option
[INFO] 13-03-2025 10:59:00 [main] [MethodUtil] - ✅ Scrolled to element Account Button
[INFO] 13-03-2025 10:59:00 [main] [MethodUtil] - ✅ Scrolled to element Sign In
[INFO] 13-03-2025 10:59:09 [main] [MethodUtil] - ✅ Scrolled to element Email
[INFO] 13-03-2025 10:59:09 [main] [MethodUtil] - ✅ Scrolled to element Password
[INFO] 13-03-2025 10:59:09 [main] [MethodUtil] - ✅ Scrolled to element Submit
[INFO] 13-03-2025 10:59:22 [main] [MethodUtil] - ✅ Scrolled to element Start New Project
[INFO] 13-03-2025 10:59:22 [main] [MethodUtil] - ✅ Scrolled to element Translate from
[INFO] 13-03-2025 10:59:26 [main] [MethodUtil] - ✅ Scrolled to element Translate From Option
[INFO] 13-03-2025 11:00:22 [main] [MethodUtil] - ✅ Scrolled to element Account Button
[INFO] 13-03-2025 11:00:22 [main] [MethodUtil] - ✅ Scrolled to element Sign In
[INFO] 13-03-2025 11:00:30 [main] [MethodUtil] - ✅ Scrolled to element Email
[INFO] 13-03-2025 11:00:30 [main] [MethodUtil] - ✅ Scrolled to element Password
[INFO] 13-03-2025 11:00:31 [main] [MethodUtil] - ✅ Scrolled to element Submit
[INFO] 13-03-2025 11:00:44 [main] [MethodUtil] - ✅ Scrolled to element Start New Project
[INFO] 13-03-2025 11:00:45 [main] [MethodUtil] - ✅ Scrolled to element Translate from
[INFO] 13-03-2025 11:00:48 [main] [MethodUtil] - ✅ Scrolled to element Translate From Option
[INFO] 13-03-2025 11:04:47 [main] [MethodUtil] - ✅ Scrolled to element Account Button
[INFO] 13-03-2025 11:04:47 [main] [MethodUtil] - ✅ Scrolled to element Sign In
[INFO] 13-03-2025 11:04:55 [main] [MethodUtil] - ✅ Scrolled to element Email
[INFO] 13-03-2025 11:04:56 [main] [MethodUtil] - ✅ Scrolled to element Password
[INFO] 13-03-2025 11:04:56 [main] [MethodUtil] - ✅ Scrolled to element Submit
[INFO] 13-03-2025 11:05:09 [main] [MethodUtil] - ✅ Scrolled to element Start New Project
[INFO] 13-03-2025 11:05:09 [main] [MethodUtil] - ✅ Scrolled to element Translate from
[INFO] 13-03-2025 11:05:13 [main] [MethodUtil] - Text Arabic (Saudi Arabia) is retrieved from asfsdf
[INFO] 13-03-2025 11:05:13 [main] [MethodUtil] - ✅ Scrolled to element Translate From Option
[INFO] 13-03-2025 11:07:52 [main] [MethodUtil] - ✅ Scrolled to element Account Button
[INFO] 13-03-2025 11:07:52 [main] [MethodUtil] - ✅ Scrolled to element Sign In
[INFO] 13-03-2025 11:08:01 [main] [MethodUtil] - ✅ Scrolled to element Email
[INFO] 13-03-2025 11:08:01 [main] [MethodUtil] - ✅ Scrolled to element Password
[INFO] 13-03-2025 11:08:01 [main] [MethodUtil] - ✅ Scrolled to element Submit
[INFO] 13-03-2025 11:08:14 [main] [MethodUtil] - ✅ Scrolled to element Start New Project
[INFO] 13-03-2025 11:08:14 [main] [MethodUtil] - ✅ Scrolled to element Translate from
[INFO] 13-03-2025 11:08:18 [main] [MethodUtil] - Text Arabic (Saudi Arabia) is retrieved from asfsdf
[INFO] 13-03-2025 11:08:18 [main] [MethodUtil] - ✅ Scrolled to element Translate From Option
[INFO] 13-03-2025 11:18:58 [main] [MethodUtil] - ✅ Scrolled to element Account Button
[INFO] 13-03-2025 11:18:58 [main] [MethodUtil] - ✅ Scrolled to element Sign In
[INFO] 13-03-2025 11:19:06 [main] [MethodUtil] - ✅ Scrolled to element Email
[INFO] 13-03-2025 11:19:06 [main] [MethodUtil] - ✅ Scrolled to element Password
[INFO] 13-03-2025 11:19:07 [main] [MethodUtil] - ✅ Scrolled to element Submit
[INFO] 13-03-2025 11:19:19 [main] [MethodUtil] - ✅ Scrolled to element Start New Project
[INFO] 13-03-2025 11:19:19 [main] [MethodUtil] - ✅ Scrolled to element Translate from
[INFO] 13-03-2025 11:19:23 [main] [MethodUtil] - Text Arabic (Saudi Arabia) is retrieved from asfsdf
[INFO] 13-03-2025 11:19:43 [main] [MethodUtil] - ✅ Scrolled to element Translate From Option
[INFO] 13-03-2025 11:29:25 [main] [MethodUtil] - ✅ Scrolled to element Account Button
[INFO] 13-03-2025 11:29:25 [main] [MethodUtil] - ✅ Scrolled to element Sign In
[INFO] 13-03-2025 11:29:33 [main] [MethodUtil] - ✅ Scrolled to element Email
[INFO] 13-03-2025 11:29:33 [main] [MethodUtil] - ✅ Scrolled to element Password
[INFO] 13-03-2025 11:29:33 [main] [MethodUtil] - ✅ Scrolled to element Submit
[INFO] 13-03-2025 11:29:45 [main] [MethodUtil] - ✅ Scrolled to element Start New Project
[INFO] 13-03-2025 11:29:46 [main] [MethodUtil] - ✅ Scrolled to element Translate from
[INFO] 13-03-2025 11:29:49 [main] [MethodUtil] - Text Arabic (Saudi Arabia) is retrieved from asfsdf
[INFO] 13-03-2025 11:29:49 [main] [MethodUtil] - ✅ Scrolled to element Translate From Option
[INFO] 13-03-2025 12:17:16 [main] [MethodUtil] - ✅ Scrolled to element Account Button
[INFO] 13-03-2025 12:17:16 [main] [MethodUtil] - ✅ Scrolled to element Sign In
[INFO] 13-03-2025 12:17:25 [main] [MethodUtil] - ✅ Scrolled to element Email
[INFO] 13-03-2025 12:17:25 [main] [MethodUtil] - ✅ Scrolled to element Password
[INFO] 13-03-2025 12:17:25 [main] [MethodUtil] - ✅ Scrolled to element Submit
[INFO] 13-03-2025 12:17:37 [main] [MethodUtil] - ✅ Scrolled to element Start New Project
[INFO] 13-03-2025 12:17:38 [main] [MethodUtil] - ✅ Scrolled to element Translate from
[INFO] 13-03-2025 12:17:41 [main] [MethodUtil] - Text Arabic (Saudi Arabia) is retrieved from asfsdf
[INFO] 13-03-2025 12:17:41 [main] [MethodUtil] - ✅ Scrolled to element Translate From Option
[INFO] 13-03-2025 12:18:16 [main] [MethodUtil] - ✅ Scrolled to element Account Button
[INFO] 13-03-2025 12:18:16 [main] [MethodUtil] - ✅ Scrolled to element Sign In
[INFO] 13-03-2025 12:18:24 [main] [MethodUtil] - ✅ Scrolled to element Email
[INFO] 13-03-2025 12:18:25 [main] [MethodUtil] - ✅ Scrolled to element Password
[INFO] 13-03-2025 12:18:25 [main] [MethodUtil] - ✅ Scrolled to element Submit
[INFO] 13-03-2025 12:18:35 [main] [MethodUtil] - ✅ Scrolled to element Start New Project
[INFO] 13-03-2025 12:18:35 [main] [MethodUtil] - ✅ Scrolled to element Translate from
[INFO] 13-03-2025 12:20:08 [main] [MethodUtil] - ✅ Scrolled to element Account Button
[INFO] 13-03-2025 12:20:08 [main] [MethodUtil] - ✅ Scrolled to element Sign In
[INFO] 13-03-2025 12:20:16 [main] [MethodUtil] - ✅ Scrolled to element Email
[INFO] 13-03-2025 12:20:16 [main] [MethodUtil] - ✅ Scrolled to element Password
[INFO] 13-03-2025 12:20:17 [main] [MethodUtil] - ✅ Scrolled to element Submit
[INFO] 13-03-2025 12:20:29 [main] [MethodUtil] - ✅ Scrolled to element Start New Project
[INFO] 13-03-2025 12:20:29 [main] [MethodUtil] - ✅ Scrolled to element Translate from
[INFO] 13-03-2025 12:20:32 [main] [MethodUtil] - Text Arabic (Saudi Arabia) is retrieved from asfsdf
[INFO] 13-03-2025 12:20:32 [main] [MethodUtil] - ✅ Scrolled to element Translate From Option
[INFO] 13-03-2025 12:22:50 [main] [MethodUtil] - ✅ Scrolled to element Account Button
[INFO] 13-03-2025 12:22:50 [main] [MethodUtil] - ✅ Scrolled to element Sign In
[INFO] 13-03-2025 12:22:58 [main] [MethodUtil] - ✅ Scrolled to element Email
[INFO] 13-03-2025 12:22:59 [main] [MethodUtil] - ✅ Scrolled to element Password
[INFO] 13-03-2025 12:22:59 [main] [MethodUtil] - ✅ Scrolled to element Submit
[INFO] 13-03-2025 12:23:10 [main] [MethodUtil] - ✅ Scrolled to element Start New Project
[INFO] 13-03-2025 12:23:10 [main] [MethodUtil] - ✅ Scrolled to element Translate from
[INFO] 13-03-2025 12:23:13 [main] [MethodUtil] - Text Arabic (Saudi Arabia) is retrieved from asfsdf
[INFO] 13-03-2025 12:23:13 [main] [MethodUtil] - ✅ Scrolled to element Translate From Option
[INFO] 13-03-2025 12:30:31 [main] [MethodUtil] - ✅ Scrolled to element Account Button
[INFO] 13-03-2025 12:30:31 [main] [MethodUtil] - ✅ Scrolled to element Sign In
[INFO] 13-03-2025 12:30:39 [main] [MethodUtil] - ✅ Scrolled to element Email
[INFO] 13-03-2025 12:30:39 [main] [MethodUtil] - ✅ Scrolled to element Password
[INFO] 13-03-2025 12:30:39 [main] [MethodUtil] - ✅ Scrolled to element Submit
[INFO] 13-03-2025 12:30:51 [main] [MethodUtil] - ✅ Scrolled to element Start New Project
[INFO] 13-03-2025 12:31:34 [main] [MethodUtil] - ✅ Scrolled to element Account Button
[INFO] 13-03-2025 12:31:34 [main] [MethodUtil] - ✅ Scrolled to element Sign In
[INFO] 13-03-2025 12:31:42 [main] [MethodUtil] - ✅ Scrolled to element Email
[INFO] 13-03-2025 12:31:42 [main] [MethodUtil] - ✅ Scrolled to element Password
[INFO] 13-03-2025 12:31:43 [main] [MethodUtil] - ✅ Scrolled to element Submit
[INFO] 13-03-2025 12:31:54 [main] [MethodUtil] - ✅ Scrolled to element Start New Project
[INFO] 13-03-2025 12:31:54 [main] [MethodUtil] - ✅ Scrolled to element Translate from
[INFO] 13-03-2025 12:32:33 [main] [MethodUtil] - ✅ Scrolled to element Account Button
[INFO] 13-03-2025 12:32:33 [main] [MethodUtil] - ✅ Scrolled to element Sign In
[INFO] 13-03-2025 12:32:41 [main] [MethodUtil] - ✅ Scrolled to element Email
[INFO] 13-03-2025 12:32:41 [main] [MethodUtil] - ✅ Scrolled to element Password
[INFO] 13-03-2025 12:32:41 [main] [MethodUtil] - ✅ Scrolled to element Submit
[INFO] 13-03-2025 12:32:53 [main] [MethodUtil] - ✅ Scrolled to element Start New Project
[INFO] 13-03-2025 12:32:53 [main] [MethodUtil] - ✅ Scrolled to element Translate from
[INFO] 13-03-2025 12:32:56 [main] [MethodUtil] - Text Arabic (Saudi Arabia) is retrieved from asfsdf
[INFO] 13-03-2025 12:32:56 [main] [MethodUtil] - ✅ Scrolled to element Translate From Option
[INFO] 13-03-2025 12:43:20 [main] [MethodUtil] - ✅ Scrolled to element Account Button
[INFO] 13-03-2025 12:43:21 [main] [MethodUtil] - ✅ Scrolled to element Sign In
[INFO] 13-03-2025 12:43:29 [main] [MethodUtil] - ✅ Scrolled to element Email
[INFO] 13-03-2025 12:43:29 [main] [MethodUtil] - ✅ Scrolled to element Password
[INFO] 13-03-2025 12:43:30 [main] [MethodUtil] - ✅ Scrolled to element Submit
[INFO] 13-03-2025 12:43:41 [main] [MethodUtil] - ✅ Scrolled to element Start New Project
[INFO] 13-03-2025 12:43:42 [main] [MethodUtil] - ✅ Scrolled to element Translate from
[INFO] 13-03-2025 12:43:45 [main] [MethodUtil] - Text Arabic (Saudi Arabia) is retrieved from asfsdf
[INFO] 13-03-2025 12:43:45 [main] [MethodUtil] - ✅ Scrolled to element Translate From Option
[INFO] 13-03-2025 12:45:00 [main] [MethodUtil] - ✅ Scrolled to element Account Button
[INFO] 13-03-2025 12:45:00 [main] [MethodUtil] - ✅ Scrolled to element Sign In
[INFO] 13-03-2025 12:45:08 [main] [MethodUtil] - ✅ Scrolled to element Email
[INFO] 13-03-2025 12:45:09 [main] [MethodUtil] - ✅ Scrolled to element Password
[INFO] 13-03-2025 12:45:09 [main] [MethodUtil] - ✅ Scrolled to element Submit
[INFO] 13-03-2025 12:45:20 [main] [MethodUtil] - ✅ Scrolled to element Start New Project
[INFO] 13-03-2025 12:45:20 [main] [MethodUtil] - ✅ Scrolled to element Translate from
[INFO] 13-03-2025 12:45:24 [main] [MethodUtil] - Text Arabic (Saudi Arabia) is retrieved from asfsdf
[INFO] 13-03-2025 12:45:24 [main] [MethodUtil] - ✅ Scrolled to element Translate From Option
