[INFO] 29-04-2025 11:27:48 [main] [MethodUtil] - ✅ Scrolled to element Account Button
[INFO] 29-04-2025 11:27:49 [main] [MethodUtil] - ✅ Scrolled to element Sign In
[INFO] 29-04-2025 11:28:00 [main] [MethodUtil] - ✅ Scrolled to element Email
[INFO] 29-04-2025 11:28:00 [main] [MethodUtil] - ✅ Scrolled to element Password
[INFO] 29-04-2025 11:28:01 [main] [MethodUtil] - ✅ Scrolled to element Submit
[INFO] 29-04-2025 11:28:36 [main] [MethodUtil] - ✅ Scrolled to element Path
[INFO] 29-04-2025 11:28:52 [main] [MethodUtil] - ✅ Scrolled to element Next Button
[INFO] 29-04-2025 11:31:28 [main] [MethodUtil] - ✅ Scrolled to element Account Button
[INFO] 29-04-2025 11:31:30 [main] [MethodUtil] - ✅ Scrolled to element Sign In
[INFO] 29-04-2025 11:31:42 [main] [MethodUtil] - ✅ Scrolled to element Email
[INFO] 29-04-2025 11:31:43 [main] [MethodUtil] - ✅ Scrolled to element Password
[INFO] 29-04-2025 11:31:45 [main] [MethodUtil] - ✅ Scrolled to element Submit
[INFO] 29-04-2025 11:32:21 [main] [MethodUtil] - ✅ Scrolled to element Path
[INFO] 29-04-2025 11:32:53 [main] [MethodUtil] - ✅ Scrolled to element Next Button
[INFO] 29-04-2025 11:32:54 [main] [MethodUtil] - ✅ Scrolled to element Translate From
[INFO] 29-04-2025 11:32:55 [main] [MethodUtil] - Text Arabic (Saudi Arabia) is retrieved from Translate From Option
[INFO] 29-04-2025 11:32:55 [main] [MethodUtil] - Text Chinese (Simplified, China) is retrieved from Translate From Option
[INFO] 29-04-2025 11:32:55 [main] [MethodUtil] - ✅ Scrolled to element Translate From Option
[INFO] 29-04-2025 11:32:55 [main] [MethodUtil] - ✅ Scrolled to element Translate to
[INFO] 29-04-2025 11:32:56 [main] [MethodUtil] - ✅ Scrolled to element Translate to
[INFO] 29-04-2025 11:32:57 [main] [MethodUtil] - ✅ Scrolled to element Next Button
[INFO] 29-04-2025 11:32:57 [main] [MethodUtil] - ✅ Scrolled to element Send Me A Quote
[INFO] 29-04-2025 11:41:34 [main] [MethodUtil] - ✅ Scrolled to element Account Button
[INFO] 29-04-2025 11:41:36 [main] [MethodUtil] - ✅ Scrolled to element Sign In
[INFO] 29-04-2025 11:41:46 [main] [MethodUtil] - ✅ Scrolled to element Email
[INFO] 29-04-2025 11:41:48 [main] [MethodUtil] - ✅ Scrolled to element Password
[INFO] 29-04-2025 11:41:50 [main] [MethodUtil] - ✅ Scrolled to element Submit
[INFO] 29-04-2025 18:53:00 [main] [MethodUtil] - ✅ Scrolled to element Account Button
[INFO] 29-04-2025 18:53:01 [main] [MethodUtil] - ✅ Scrolled to element Sign In
[INFO] 29-04-2025 18:53:10 [main] [MethodUtil] - ✅ Scrolled to element Email
[INFO] 29-04-2025 18:53:10 [main] [MethodUtil] - ✅ Scrolled to element Password
[INFO] 29-04-2025 18:53:11 [main] [MethodUtil] - ✅ Scrolled to element Submit
[INFO] 29-04-2025 18:53:41 [main] [MethodUtil] - ✅ Scrolled to element Path
[INFO] 29-04-2025 18:54:12 [main] [MethodUtil] - ✅ Scrolled to element Next Button
[INFO] 29-04-2025 18:54:12 [main] [MethodUtil] - ✅ Scrolled to element Translate From
[INFO] 29-04-2025 18:54:13 [main] [MethodUtil] - Text Arabic (Saudi Arabia) is retrieved from Translate From Option
[INFO] 29-04-2025 18:54:13 [main] [MethodUtil] - Text Chinese (Simplified, China) is retrieved from Translate From Option
[INFO] 29-04-2025 18:54:13 [main] [MethodUtil] - ✅ Scrolled to element Translate From Option
[INFO] 29-04-2025 18:54:14 [main] [MethodUtil] - ✅ Scrolled to element Translate to
[INFO] 29-04-2025 18:54:15 [main] [MethodUtil] - ✅ Scrolled to element Translate to
[INFO] 29-04-2025 18:54:15 [main] [MethodUtil] - ✅ Scrolled to element Next Button
[INFO] 29-04-2025 18:54:15 [main] [MethodUtil] - ✅ Scrolled to element Send Me A Quote
[INFO] 29-04-2025 18:54:24 [main] [MethodUtil] - ✅ Scrolled to element Account Button
[INFO] 29-04-2025 18:58:46 [main] [MethodUtil] - ✅ Scrolled to element Account Button
[INFO] 29-04-2025 18:58:46 [main] [MethodUtil] - ✅ Scrolled to element Sign In
[INFO] 29-04-2025 18:58:56 [main] [MethodUtil] - ✅ Scrolled to element Email
[INFO] 29-04-2025 18:58:56 [main] [MethodUtil] - ✅ Scrolled to element Password
[INFO] 29-04-2025 18:58:57 [main] [MethodUtil] - ✅ Scrolled to element Submit
[INFO] 29-04-2025 18:59:07 [main] [MethodUtil] - ✅ Scrolled to element HomePage
[INFO] 29-04-2025 18:59:42 [main] [MethodUtil] - ✅ Scrolled to element Path
[INFO] 29-04-2025 19:00:13 [main] [MethodUtil] - ✅ Scrolled to element Next Button
[INFO] 29-04-2025 19:00:14 [main] [MethodUtil] - ✅ Scrolled to element Translate From
[INFO] 29-04-2025 19:00:14 [main] [MethodUtil] - Text Arabic (Saudi Arabia) is retrieved from Translate From Option
[INFO] 29-04-2025 19:00:14 [main] [MethodUtil] - Text Chinese (Simplified, China) is retrieved from Translate From Option
[INFO] 29-04-2025 19:00:14 [main] [MethodUtil] - ✅ Scrolled to element Translate From Option
[INFO] 29-04-2025 19:00:15 [main] [MethodUtil] - ✅ Scrolled to element Translate to
[INFO] 29-04-2025 19:00:16 [main] [MethodUtil] - ✅ Scrolled to element Translate to
[INFO] 29-04-2025 19:00:16 [main] [MethodUtil] - ✅ Scrolled to element Next Button
[INFO] 29-04-2025 19:00:16 [main] [MethodUtil] - ✅ Scrolled to element Send Me A Quote
[INFO] 29-04-2025 19:00:25 [main] [MethodUtil] - ✅ Scrolled to element Account Button
[INFO] 29-04-2025 19:00:45 [main] [MethodUtil] - ✅ Scrolled to element HomePage
