[INFO] 21-03-2025 10:21:00 [main] [MethodUtil] - ✅ Scrolled to element Account Button
[INFO] 21-03-2025 10:21:01 [main] [MethodUtil] - ✅ Scrolled to element Sign In
[INFO] 21-03-2025 10:21:10 [main] [MethodUtil] - ✅ Scrolled to element Email
[INFO] 21-03-2025 10:21:10 [main] [MethodUtil] - ✅ Scrolled to element Password
[INFO] 21-03-2025 10:21:11 [main] [MethodUtil] - ✅ Scrolled to element Submit
[INFO] 21-03-2025 10:21:25 [main] [MethodUtil] - ✅ Scrolled to element Approve Button
[INFO] 21-03-2025 10:21:45 [main] [MethodUtil] - ✅ Scrolled to element Terms Of Use Checkbox
[INFO] 21-03-2025 10:21:46 [main] [MethodUtil] - ✅ Scrolled to element Approve Quote
[INFO] 21-03-2025 10:21:48 [main] [MethodUtil] - ✅ Scrolled to element Select Address
[INFO] 21-03-2025 10:21:49 [main] [MethodUtil] - ✅ Scrolled to element Next
[INFO] 21-03-2025 10:21:52 [main] [MethodUtil] - ✅ Scrolled to element Next
[INFO] 21-03-2025 10:21:55 [main] [MethodUtil] - ✅ Scrolled to element Card Number
[INFO] 21-03-2025 10:21:59 [main] [MethodUtil] - ✅ Scrolled to element Adfasf
[INFO] 21-03-2025 10:21:59 [main] [MethodUtil] - ✅ Scrolled to element Expiry Month
[INFO] 21-03-2025 10:21:59 [main] [MethodUtil] - ✅ Scrolled to element Year
[INFO] 21-03-2025 10:21:59 [main] [MethodUtil] - ✅ Scrolled to element Security Code
[INFO] 21-03-2025 10:22:00 [main] [MethodUtil] - ✅ Scrolled to element Submit Button
[INFO] 21-03-2025 10:25:59 [main] [MethodUtil] - ✅ Scrolled to element Account Button
[INFO] 21-03-2025 10:25:59 [main] [MethodUtil] - ✅ Scrolled to element Sign In
[INFO] 21-03-2025 10:26:08 [main] [MethodUtil] - ✅ Scrolled to element Email
[INFO] 21-03-2025 10:26:09 [main] [MethodUtil] - ✅ Scrolled to element Password
[INFO] 21-03-2025 10:26:09 [main] [MethodUtil] - ✅ Scrolled to element Submit
[INFO] 21-03-2025 10:26:26 [main] [MethodUtil] - ✅ Scrolled to element Approve Button
[INFO] 21-03-2025 10:26:47 [main] [MethodUtil] - ✅ Scrolled to element Terms Of Use Checkbox
[INFO] 21-03-2025 10:26:48 [main] [MethodUtil] - ✅ Scrolled to element Approve Quote
[INFO] 21-03-2025 10:26:50 [main] [MethodUtil] - ✅ Scrolled to element Select Address
[INFO] 21-03-2025 10:26:50 [main] [MethodUtil] - ✅ Scrolled to element Next
[INFO] 21-03-2025 10:26:54 [main] [MethodUtil] - ✅ Scrolled to element Next
[INFO] 21-03-2025 10:26:57 [main] [MethodUtil] - ✅ Scrolled to element Card Number
[INFO] 21-03-2025 10:27:00 [main] [MethodUtil] - ✅ Scrolled to element Adfasf
[INFO] 21-03-2025 10:27:01 [main] [MethodUtil] - ✅ Scrolled to element Expiry Month
[INFO] 21-03-2025 10:27:01 [main] [MethodUtil] - ✅ Scrolled to element Year
[INFO] 21-03-2025 10:27:01 [main] [MethodUtil] - ✅ Scrolled to element Security Code
[INFO] 21-03-2025 10:27:01 [main] [MethodUtil] - ✅ Scrolled to element Submit Button
[INFO] 21-03-2025 10:36:53 [main] [MethodUtil] - ✅ Scrolled to element Account Button
[INFO] 21-03-2025 10:36:54 [main] [MethodUtil] - ✅ Scrolled to element Sign In
[INFO] 21-03-2025 10:37:05 [main] [MethodUtil] - ✅ Scrolled to element Email
[INFO] 21-03-2025 10:37:06 [main] [MethodUtil] - ✅ Scrolled to element Password
[INFO] 21-03-2025 10:37:06 [main] [MethodUtil] - ✅ Scrolled to element Submit
[INFO] 21-03-2025 10:37:23 [main] [MethodUtil] - ✅ Scrolled to element Approve Button
[INFO] 21-03-2025 10:37:44 [main] [MethodUtil] - ✅ Scrolled to element Terms Of Use Checkbox
[INFO] 21-03-2025 10:37:45 [main] [MethodUtil] - ✅ Scrolled to element Approve Quote
[INFO] 21-03-2025 10:37:47 [main] [MethodUtil] - ✅ Scrolled to element Select Address
[INFO] 21-03-2025 10:37:48 [main] [MethodUtil] - ✅ Scrolled to element Next
[INFO] 21-03-2025 10:37:51 [main] [MethodUtil] - ✅ Scrolled to element Next
[INFO] 21-03-2025 10:37:54 [main] [MethodUtil] - ✅ Scrolled to element Card Number
[INFO] 21-03-2025 10:37:58 [main] [MethodUtil] - ✅ Scrolled to element Adfasf
[INFO] 21-03-2025 10:37:58 [main] [MethodUtil] - ✅ Scrolled to element Expiry Month
[INFO] 21-03-2025 10:37:58 [main] [MethodUtil] - ✅ Scrolled to element Year
[INFO] 21-03-2025 10:37:58 [main] [MethodUtil] - ✅ Scrolled to element Security Code
[INFO] 21-03-2025 10:37:59 [main] [MethodUtil] - ✅ Scrolled to element Submit Button
[INFO] 21-03-2025 10:44:02 [main] [MethodUtil] - ✅ Scrolled to element Account Button
[INFO] 21-03-2025 10:44:03 [main] [MethodUtil] - ✅ Scrolled to element Sign In
[INFO] 21-03-2025 10:44:12 [main] [MethodUtil] - ✅ Scrolled to element Email
[INFO] 21-03-2025 10:44:13 [main] [MethodUtil] - ✅ Scrolled to element Password
[INFO] 21-03-2025 10:44:14 [main] [MethodUtil] - ✅ Scrolled to element Submit
[INFO] 21-03-2025 10:49:23 [main] [MethodUtil] - ✅ Scrolled to element Account Button
[INFO] 21-03-2025 10:49:24 [main] [MethodUtil] - ✅ Scrolled to element Sign In
[INFO] 21-03-2025 10:49:33 [main] [MethodUtil] - ✅ Scrolled to element Email
[INFO] 21-03-2025 10:49:33 [main] [MethodUtil] - ✅ Scrolled to element Password
[INFO] 21-03-2025 10:49:34 [main] [MethodUtil] - ✅ Scrolled to element Submit
[INFO] 21-03-2025 10:50:53 [main] [MethodUtil] - ✅ Scrolled to element Account Button
[INFO] 21-03-2025 10:50:54 [main] [MethodUtil] - ✅ Scrolled to element Sign In
[INFO] 21-03-2025 10:51:02 [main] [MethodUtil] - ✅ Scrolled to element Email
[INFO] 21-03-2025 10:51:03 [main] [MethodUtil] - ✅ Scrolled to element Password
[INFO] 21-03-2025 10:51:03 [main] [MethodUtil] - ✅ Scrolled to element Submit
[INFO] 21-03-2025 10:51:20 [main] [MethodUtil] - ✅ Scrolled to element Approve Button
[INFO] 21-03-2025 10:51:40 [main] [MethodUtil] - ✅ Scrolled to element Terms Of Use Checkbox
[INFO] 21-03-2025 10:51:41 [main] [MethodUtil] - ✅ Scrolled to element Approve Quote
[INFO] 21-03-2025 10:51:43 [main] [MethodUtil] - ✅ Scrolled to element Select Address
[INFO] 21-03-2025 10:51:44 [main] [MethodUtil] - ✅ Scrolled to element Next
[INFO] 21-03-2025 10:51:47 [main] [MethodUtil] - ✅ Scrolled to element Next
[INFO] 21-03-2025 10:51:50 [main] [MethodUtil] - ✅ Scrolled to element Card Number
[INFO] 21-03-2025 10:51:54 [main] [MethodUtil] - ✅ Scrolled to element Adfasf
[INFO] 21-03-2025 10:51:54 [main] [MethodUtil] - ✅ Scrolled to element Expiry Month
[INFO] 21-03-2025 10:51:54 [main] [MethodUtil] - ✅ Scrolled to element Year
[INFO] 21-03-2025 10:51:54 [main] [MethodUtil] - ✅ Scrolled to element Security Code
[INFO] 21-03-2025 10:51:55 [main] [MethodUtil] - ✅ Scrolled to element Submit Button
[INFO] 21-03-2025 11:02:12 [main] [MethodUtil] - ✅ Scrolled to element Account Button
[INFO] 21-03-2025 11:02:13 [main] [MethodUtil] - ✅ Scrolled to element Sign In
[INFO] 21-03-2025 11:02:21 [main] [MethodUtil] - ✅ Scrolled to element Email
[INFO] 21-03-2025 11:02:22 [main] [MethodUtil] - ✅ Scrolled to element Password
[INFO] 21-03-2025 11:02:23 [main] [MethodUtil] - ✅ Scrolled to element Submit
[INFO] 21-03-2025 11:02:39 [main] [MethodUtil] - ✅ Scrolled to element Approve Button
[INFO] 21-03-2025 11:02:59 [main] [MethodUtil] - ✅ Scrolled to element Terms Of Use Checkbox
[INFO] 21-03-2025 11:03:00 [main] [MethodUtil] - ✅ Scrolled to element Approve Quote
[INFO] 21-03-2025 11:03:02 [main] [MethodUtil] - ✅ Scrolled to element Select Address
[INFO] 21-03-2025 11:03:03 [main] [MethodUtil] - ✅ Scrolled to element Next
[INFO] 21-03-2025 11:03:07 [main] [MethodUtil] - ✅ Scrolled to element Next
[INFO] 21-03-2025 11:03:10 [main] [MethodUtil] - ✅ Scrolled to element Card Number
[INFO] 21-03-2025 11:03:14 [main] [MethodUtil] - ✅ Scrolled to element Adfasf
[INFO] 21-03-2025 11:03:14 [main] [MethodUtil] - ✅ Scrolled to element Expiry Month
[INFO] 21-03-2025 11:03:14 [main] [MethodUtil] - ✅ Scrolled to element Year
[INFO] 21-03-2025 11:03:15 [main] [MethodUtil] - ✅ Scrolled to element Security Code
[INFO] 21-03-2025 11:03:15 [main] [MethodUtil] - ✅ Scrolled to element Submit Button
[INFO] 21-03-2025 11:23:52 [main] [MethodUtil] - ✅ Scrolled to element Account Button
[INFO] 21-03-2025 11:23:53 [main] [MethodUtil] - ✅ Scrolled to element Sign In
[INFO] 21-03-2025 11:24:02 [main] [MethodUtil] - ✅ Scrolled to element Email
[INFO] 21-03-2025 11:24:03 [main] [MethodUtil] - ✅ Scrolled to element Password
[INFO] 21-03-2025 11:24:03 [main] [MethodUtil] - ✅ Scrolled to element Submit
[INFO] 21-03-2025 11:30:04 [main] [MethodUtil] - ✅ Scrolled to element Account Button
[INFO] 21-03-2025 11:30:05 [main] [MethodUtil] - ✅ Scrolled to element Sign In
[INFO] 21-03-2025 11:30:14 [main] [MethodUtil] - ✅ Scrolled to element Email
[INFO] 21-03-2025 11:30:14 [main] [MethodUtil] - ✅ Scrolled to element Password
[INFO] 21-03-2025 11:30:15 [main] [MethodUtil] - ✅ Scrolled to element Submit
[INFO] 21-03-2025 11:30:26 [main] [MethodUtil] - ✅ Scrolled to element Account Button
[INFO] 21-03-2025 11:30:26 [main] [MethodUtil] - ✅ Scrolled to element Manage Account
[INFO] 21-03-2025 11:30:27 [main] [MethodUtil] - ✅ Scrolled to element Notification
[INFO] 21-03-2025 11:31:08 [main] [MethodUtil] - ✅ Scrolled to element Anyone
[INFO] 21-03-2025 11:31:09 [main] [MethodUtil] - ✅ Scrolled to element Save
[INFO] 21-03-2025 11:33:06 [main] [MethodUtil] - ✅ Scrolled to element Account Button
[INFO] 21-03-2025 11:33:07 [main] [MethodUtil] - ✅ Scrolled to element Sign In
[INFO] 21-03-2025 11:33:16 [main] [MethodUtil] - ✅ Scrolled to element Email
[INFO] 21-03-2025 11:33:17 [main] [MethodUtil] - ✅ Scrolled to element Password
[INFO] 21-03-2025 11:33:17 [main] [MethodUtil] - ✅ Scrolled to element Submit
[INFO] 21-03-2025 11:33:31 [main] [MethodUtil] - ✅ Scrolled to element Account Button
[INFO] 21-03-2025 11:33:31 [main] [MethodUtil] - ✅ Scrolled to element Manage Account
[INFO] 21-03-2025 11:33:32 [main] [MethodUtil] - ✅ Scrolled to element Notification
[INFO] 21-03-2025 11:34:13 [main] [MethodUtil] - ✅ Scrolled to element Anyone
[INFO] 21-03-2025 11:34:13 [main] [MethodUtil] - ✅ Scrolled to element Save
[INFO] 21-03-2025 11:36:05 [main] [MethodUtil] - ✅ Scrolled to element Account Button
[INFO] 21-03-2025 11:36:05 [main] [MethodUtil] - ✅ Scrolled to element Sign In
[INFO] 21-03-2025 11:36:14 [main] [MethodUtil] - ✅ Scrolled to element Email
[INFO] 21-03-2025 11:36:15 [main] [MethodUtil] - ✅ Scrolled to element Password
[INFO] 21-03-2025 11:36:15 [main] [MethodUtil] - ✅ Scrolled to element Submit
[INFO] 21-03-2025 11:36:28 [main] [MethodUtil] - ✅ Scrolled to element Account Button
[INFO] 21-03-2025 11:36:29 [main] [MethodUtil] - ✅ Scrolled to element Manage Account
[INFO] 21-03-2025 11:37:35 [main] [MethodUtil] - ✅ Scrolled to element Account Button
[INFO] 21-03-2025 11:37:35 [main] [MethodUtil] - ✅ Scrolled to element Sign In
[INFO] 21-03-2025 11:37:44 [main] [MethodUtil] - ✅ Scrolled to element Email
[INFO] 21-03-2025 11:37:44 [main] [MethodUtil] - ✅ Scrolled to element Password
[INFO] 21-03-2025 11:37:45 [main] [MethodUtil] - ✅ Scrolled to element Submit
[INFO] 21-03-2025 11:37:58 [main] [MethodUtil] - ✅ Scrolled to element Account Button
[INFO] 21-03-2025 11:37:59 [main] [MethodUtil] - ✅ Scrolled to element Manage Account
[INFO] 21-03-2025 11:38:00 [main] [MethodUtil] - ✅ Scrolled to element Notification
[INFO] 21-03-2025 11:38:40 [main] [MethodUtil] - ✅ Scrolled to element Anyone
[INFO] 21-03-2025 11:38:46 [main] [MethodUtil] - ✅ Scrolled to element Save
[INFO] 21-03-2025 13:36:44 [main] [MethodUtil] - ✅ Scrolled to element Account Button
[INFO] 21-03-2025 13:36:45 [main] [MethodUtil] - ✅ Scrolled to element Sign In
[INFO] 21-03-2025 13:36:54 [main] [MethodUtil] - ✅ Scrolled to element Email
[INFO] 21-03-2025 13:36:55 [main] [MethodUtil] - ✅ Scrolled to element Password
[INFO] 21-03-2025 13:36:56 [main] [MethodUtil] - ✅ Scrolled to element Submit
[INFO] 21-03-2025 13:37:09 [main] [MethodUtil] - ✅ Scrolled to element Account Button
[INFO] 21-03-2025 13:37:10 [main] [MethodUtil] - ✅ Scrolled to element Manage Account
[INFO] 21-03-2025 13:37:11 [main] [MethodUtil] - ✅ Scrolled to element Notification
[INFO] 21-03-2025 13:37:53 [main] [MethodUtil] - ✅ Scrolled to element Anyone
[INFO] 21-03-2025 13:37:58 [main] [MethodUtil] - ✅ Scrolled to element Save
[INFO] 21-03-2025 13:44:59 [main] [MethodUtil] - ✅ Scrolled to element Account Button
[INFO] 21-03-2025 13:45:00 [main] [MethodUtil] - ✅ Scrolled to element Sign In
[INFO] 21-03-2025 13:45:09 [main] [MethodUtil] - ✅ Scrolled to element Email
[INFO] 21-03-2025 13:45:10 [main] [MethodUtil] - ✅ Scrolled to element Password
[INFO] 21-03-2025 13:45:11 [main] [MethodUtil] - ✅ Scrolled to element Submit
[INFO] 21-03-2025 13:45:25 [main] [MethodUtil] - ✅ Scrolled to element Account Button
[INFO] 21-03-2025 13:45:26 [main] [MethodUtil] - ✅ Scrolled to element Manage Account
[INFO] 21-03-2025 13:45:27 [main] [MethodUtil] - ✅ Scrolled to element Billing pref
[INFO] 21-03-2025 13:45:28 [main] [MethodUtil] - ✅ Scrolled to element Add Address
[INFO] 21-03-2025 13:45:28 [main] [MethodUtil] - ✅ Scrolled to element BusinessName
[INFO] 21-03-2025 13:45:29 [main] [MethodUtil] - ✅ Scrolled to element Address Name
[INFO] 21-03-2025 13:45:30 [main] [MethodUtil] - ✅ Scrolled to element AddressLine1 
[INFO] 21-03-2025 13:45:30 [main] [MethodUtil] - ✅ Scrolled to element AddressLine2 
[INFO] 21-03-2025 13:45:31 [main] [MethodUtil] - ✅ Scrolled to element cith
[INFO] 21-03-2025 13:45:32 [main] [MethodUtil] - ✅ Scrolled to element Country
[INFO] 21-03-2025 13:45:33 [main] [MethodUtil] - Text Afghanistan is retrieved from country
[INFO] 21-03-2025 13:45:33 [main] [MethodUtil] - ✅ Scrolled to element country
[INFO] 21-03-2025 13:45:33 [main] [MethodUtil] - ✅ Scrolled to element State
[INFO] 21-03-2025 13:45:34 [main] [MethodUtil] - ✅ Scrolled to element postal code
[INFO] 21-03-2025 13:45:34 [main] [MethodUtil] - ✅ Scrolled to element Save
