[INFO] 20-03-2025 10:49:59 [main] [MethodUtil] - ✅ Scrolled to element Account Button
[INFO] 20-03-2025 10:50:00 [main] [MethodUtil] - ✅ Scrolled to element Sign In
[INFO] 20-03-2025 10:50:09 [main] [MethodUtil] - ✅ Scrolled to element Email
[INFO] 20-03-2025 10:50:10 [main] [MethodUtil] - ✅ Scrolled to element Password
[INFO] 20-03-2025 10:50:11 [main] [MethodUtil] - ✅ Scrolled to element Submit
[INFO] 20-03-2025 10:50:28 [main] [MethodUtil] - ✅ Scrolled to element Approve Button
[INFO] 20-03-2025 10:50:49 [main] [MethodUtil] - ✅ Scrolled to element Terms Of Use Checkbox
[INFO] 20-03-2025 10:50:50 [main] [MethodUtil] - ✅ Scrolled to element Approve Quote
[INFO] 20-03-2025 10:50:52 [main] [MethodUtil] - ✅ Scrolled to element Select Address
[INFO] 20-03-2025 10:50:52 [main] [MethodUtil] - ✅ Scrolled to element Next
[INFO] 20-03-2025 10:50:55 [main] [MethodUtil] - ✅ Scrolled to element Next
[INFO] 20-03-2025 11:07:23 [main] [MethodUtil] - ✅ Scrolled to element Account Button
[INFO] 20-03-2025 11:07:23 [main] [MethodUtil] - ✅ Scrolled to element Sign In
[INFO] 20-03-2025 11:07:32 [main] [MethodUtil] - ✅ Scrolled to element Email
[INFO] 20-03-2025 11:07:33 [main] [MethodUtil] - ✅ Scrolled to element Password
[INFO] 20-03-2025 11:07:33 [main] [MethodUtil] - ✅ Scrolled to element Submit
[INFO] 20-03-2025 11:07:50 [main] [MethodUtil] - ✅ Scrolled to element Approve Button
[INFO] 20-03-2025 11:08:10 [main] [MethodUtil] - ✅ Scrolled to element Terms Of Use Checkbox
[INFO] 20-03-2025 11:08:11 [main] [MethodUtil] - ✅ Scrolled to element Approve Quote
[INFO] 20-03-2025 11:08:14 [main] [MethodUtil] - ✅ Scrolled to element Select Address
[INFO] 20-03-2025 11:08:14 [main] [MethodUtil] - ✅ Scrolled to element Next
[INFO] 20-03-2025 11:08:17 [main] [MethodUtil] - ✅ Scrolled to element Next
[INFO] 20-03-2025 11:10:27 [main] [MethodUtil] - ✅ Scrolled to element Account Button
[INFO] 20-03-2025 11:10:27 [main] [MethodUtil] - ✅ Scrolled to element Sign In
[INFO] 20-03-2025 11:10:36 [main] [MethodUtil] - ✅ Scrolled to element Email
[INFO] 20-03-2025 11:10:37 [main] [MethodUtil] - ✅ Scrolled to element Password
[INFO] 20-03-2025 11:10:37 [main] [MethodUtil] - ✅ Scrolled to element Submit
[INFO] 20-03-2025 11:10:55 [main] [MethodUtil] - ✅ Scrolled to element Approve Button
[INFO] 20-03-2025 11:11:16 [main] [MethodUtil] - ✅ Scrolled to element Terms Of Use Checkbox
[INFO] 20-03-2025 11:11:17 [main] [MethodUtil] - ✅ Scrolled to element Approve Quote
[INFO] 20-03-2025 11:11:19 [main] [MethodUtil] - ✅ Scrolled to element Select Address
[INFO] 20-03-2025 11:11:19 [main] [MethodUtil] - ✅ Scrolled to element Next
[INFO] 20-03-2025 11:11:23 [main] [MethodUtil] - ✅ Scrolled to element Next
[INFO] 20-03-2025 11:12:47 [main] [MethodUtil] - ✅ Scrolled to element Account Button
[INFO] 20-03-2025 11:12:48 [main] [MethodUtil] - ✅ Scrolled to element Sign In
[INFO] 20-03-2025 11:12:57 [main] [MethodUtil] - ✅ Scrolled to element Email
[INFO] 20-03-2025 11:12:57 [main] [MethodUtil] - ✅ Scrolled to element Password
[INFO] 20-03-2025 11:12:58 [main] [MethodUtil] - ✅ Scrolled to element Submit
[INFO] 20-03-2025 11:13:11 [main] [MethodUtil] - ✅ Scrolled to element Approve Button
[INFO] 20-03-2025 11:13:32 [main] [MethodUtil] - ✅ Scrolled to element Terms Of Use Checkbox
[INFO] 20-03-2025 11:13:33 [main] [MethodUtil] - ✅ Scrolled to element Approve Quote
[INFO] 20-03-2025 11:13:35 [main] [MethodUtil] - ✅ Scrolled to element Select Address
[INFO] 20-03-2025 11:13:36 [main] [MethodUtil] - ✅ Scrolled to element Next
[INFO] 20-03-2025 11:13:39 [main] [MethodUtil] - ✅ Scrolled to element Next
[INFO] 20-03-2025 11:28:35 [main] [MethodUtil] - ✅ Scrolled to element Account Button
[INFO] 20-03-2025 11:28:36 [main] [MethodUtil] - ✅ Scrolled to element Sign In
[INFO] 20-03-2025 11:28:45 [main] [MethodUtil] - ✅ Scrolled to element Email
[INFO] 20-03-2025 11:28:46 [main] [MethodUtil] - ✅ Scrolled to element Password
[INFO] 20-03-2025 11:28:46 [main] [MethodUtil] - ✅ Scrolled to element Submit
[INFO] 20-03-2025 11:29:03 [main] [MethodUtil] - ✅ Scrolled to element Approve Button
[INFO] 20-03-2025 11:29:23 [main] [MethodUtil] - ✅ Scrolled to element Terms Of Use Checkbox
[INFO] 20-03-2025 11:29:24 [main] [MethodUtil] - ✅ Scrolled to element Approve Quote
[INFO] 20-03-2025 11:29:26 [main] [MethodUtil] - ✅ Scrolled to element Select Address
[INFO] 20-03-2025 11:29:27 [main] [MethodUtil] - ✅ Scrolled to element Next
[INFO] 20-03-2025 11:29:30 [main] [MethodUtil] - ✅ Scrolled to element Next
[INFO] 20-03-2025 11:33:52 [main] [MethodUtil] - ✅ Scrolled to element Account Button
[INFO] 20-03-2025 11:33:52 [main] [MethodUtil] - ✅ Scrolled to element Sign In
[INFO] 20-03-2025 11:34:01 [main] [MethodUtil] - ✅ Scrolled to element Email
[INFO] 20-03-2025 11:34:02 [main] [MethodUtil] - ✅ Scrolled to element Password
[INFO] 20-03-2025 11:34:02 [main] [MethodUtil] - ✅ Scrolled to element Submit
[INFO] 20-03-2025 11:34:16 [main] [MethodUtil] - ✅ Scrolled to element Approve Button
[INFO] 20-03-2025 11:34:37 [main] [MethodUtil] - ✅ Scrolled to element Terms Of Use Checkbox
[INFO] 20-03-2025 11:34:38 [main] [MethodUtil] - ✅ Scrolled to element Approve Quote
[INFO] 20-03-2025 11:34:40 [main] [MethodUtil] - ✅ Scrolled to element Select Address
[INFO] 20-03-2025 11:34:40 [main] [MethodUtil] - ✅ Scrolled to element Next
[INFO] 20-03-2025 11:34:43 [main] [MethodUtil] - ✅ Scrolled to element Next
[INFO] 20-03-2025 11:34:47 [main] [MethodUtil] - ✅ Scrolled to element Adfasf
[INFO] 20-03-2025 11:34:47 [main] [MethodUtil] - ✅ Scrolled to element Expiry Month
[INFO] 20-03-2025 11:35:08 [main] [MethodUtil] - ✅ Scrolled to element Security Code
[INFO] 20-03-2025 11:35:08 [main] [MethodUtil] - ✅ Scrolled to element Submit Button
[INFO] 20-03-2025 11:38:52 [main] [MethodUtil] - ✅ Scrolled to element Account Button
[INFO] 20-03-2025 11:38:53 [main] [MethodUtil] - ✅ Scrolled to element Sign In
[INFO] 20-03-2025 11:39:02 [main] [MethodUtil] - ✅ Scrolled to element Email
[INFO] 20-03-2025 11:39:02 [main] [MethodUtil] - ✅ Scrolled to element Password
[INFO] 20-03-2025 11:39:03 [main] [MethodUtil] - ✅ Scrolled to element Submit
[INFO] 20-03-2025 11:39:19 [main] [MethodUtil] - ✅ Scrolled to element Approve Button
[INFO] 20-03-2025 11:39:40 [main] [MethodUtil] - ✅ Scrolled to element Terms Of Use Checkbox
[INFO] 20-03-2025 11:39:41 [main] [MethodUtil] - ✅ Scrolled to element Approve Quote
[INFO] 20-03-2025 11:39:43 [main] [MethodUtil] - ✅ Scrolled to element Select Address
[INFO] 20-03-2025 11:39:43 [main] [MethodUtil] - ✅ Scrolled to element Next
[INFO] 20-03-2025 11:39:46 [main] [MethodUtil] - ✅ Scrolled to element Next
[INFO] 20-03-2025 11:41:28 [main] [MethodUtil] - ✅ Scrolled to element Account Button
[INFO] 20-03-2025 11:41:28 [main] [MethodUtil] - ✅ Scrolled to element Sign In
[INFO] 20-03-2025 11:41:37 [main] [MethodUtil] - ✅ Scrolled to element Email
[INFO] 20-03-2025 11:41:38 [main] [MethodUtil] - ✅ Scrolled to element Password
[INFO] 20-03-2025 11:41:38 [main] [MethodUtil] - ✅ Scrolled to element Submit
[INFO] 20-03-2025 11:41:55 [main] [MethodUtil] - ✅ Scrolled to element Approve Button
[INFO] 20-03-2025 11:42:15 [main] [MethodUtil] - ✅ Scrolled to element Terms Of Use Checkbox
[INFO] 20-03-2025 11:42:16 [main] [MethodUtil] - ✅ Scrolled to element Approve Quote
[INFO] 20-03-2025 11:42:18 [main] [MethodUtil] - ✅ Scrolled to element Select Address
[INFO] 20-03-2025 11:42:19 [main] [MethodUtil] - ✅ Scrolled to element Next
[INFO] 20-03-2025 11:42:23 [main] [MethodUtil] - ✅ Scrolled to element Next
[INFO] 20-03-2025 11:42:26 [main] [MethodUtil] - ✅ Scrolled to element Adfasf
[INFO] 20-03-2025 11:42:27 [main] [MethodUtil] - ✅ Scrolled to element Expiry Month
[INFO] 20-03-2025 11:42:27 [main] [MethodUtil] - ✅ Scrolled to element Year
[INFO] 20-03-2025 11:42:27 [main] [MethodUtil] - ✅ Scrolled to element Security Code
[INFO] 20-03-2025 11:42:28 [main] [MethodUtil] - ✅ Scrolled to element Submit Button
[INFO] 20-03-2025 11:47:32 [main] [MethodUtil] - ✅ Scrolled to element Account Button
[INFO] 20-03-2025 11:47:33 [main] [MethodUtil] - ✅ Scrolled to element Sign In
[INFO] 20-03-2025 11:47:42 [main] [MethodUtil] - ✅ Scrolled to element Email
[INFO] 20-03-2025 11:47:43 [main] [MethodUtil] - ✅ Scrolled to element Password
[INFO] 20-03-2025 11:47:43 [main] [MethodUtil] - ✅ Scrolled to element Submit
[INFO] 20-03-2025 11:53:06 [main] [MethodUtil] - ✅ Scrolled to element Account Button
[INFO] 20-03-2025 11:53:07 [main] [MethodUtil] - ✅ Scrolled to element Sign In
[INFO] 20-03-2025 11:53:15 [main] [MethodUtil] - ✅ Scrolled to element Email
[INFO] 20-03-2025 11:53:16 [main] [MethodUtil] - ✅ Scrolled to element Password
[INFO] 20-03-2025 11:53:16 [main] [MethodUtil] - ✅ Scrolled to element Submit
[INFO] 20-03-2025 11:56:04 [main] [MethodUtil] - ✅ Scrolled to element Account Button
[INFO] 20-03-2025 11:56:05 [main] [MethodUtil] - ✅ Scrolled to element Sign In
[INFO] 20-03-2025 11:56:13 [main] [MethodUtil] - ✅ Scrolled to element Email
[INFO] 20-03-2025 11:56:14 [main] [MethodUtil] - ✅ Scrolled to element Password
[INFO] 20-03-2025 11:56:14 [main] [MethodUtil] - ✅ Scrolled to element Submit
[INFO] 20-03-2025 12:00:34 [main] [MethodUtil] - ✅ Scrolled to element Account Button
[INFO] 20-03-2025 12:00:35 [main] [MethodUtil] - ✅ Scrolled to element Sign In
[INFO] 20-03-2025 12:00:43 [main] [MethodUtil] - ✅ Scrolled to element Email
[INFO] 20-03-2025 12:00:44 [main] [MethodUtil] - ✅ Scrolled to element Password
[INFO] 20-03-2025 12:00:44 [main] [MethodUtil] - ✅ Scrolled to element Submit
[INFO] 20-03-2025 12:01:01 [main] [MethodUtil] - ✅ Scrolled to element Approve Button
[INFO] 20-03-2025 12:01:22 [main] [MethodUtil] - ✅ Scrolled to element Terms Of Use Checkbox
[INFO] 20-03-2025 12:01:23 [main] [MethodUtil] - ✅ Scrolled to element Approve Quote
[INFO] 20-03-2025 12:01:25 [main] [MethodUtil] - ✅ Scrolled to element Select Address
[INFO] 20-03-2025 12:01:25 [main] [MethodUtil] - ✅ Scrolled to element Next
[INFO] 20-03-2025 12:01:29 [main] [MethodUtil] - ✅ Scrolled to element Next
[INFO] 20-03-2025 12:01:33 [main] [MethodUtil] - ✅ Scrolled to element Adfasf
[INFO] 20-03-2025 12:01:34 [main] [MethodUtil] - ✅ Scrolled to element Expiry Month
[INFO] 20-03-2025 12:01:34 [main] [MethodUtil] - ✅ Scrolled to element Year
[INFO] 20-03-2025 12:01:34 [main] [MethodUtil] - ✅ Scrolled to element Security Code
[INFO] 20-03-2025 12:01:35 [main] [MethodUtil] - ✅ Scrolled to element Submit Button
[INFO] 20-03-2025 12:47:55 [main] [MethodUtil] - ✅ Scrolled to element Account Button
[INFO] 20-03-2025 12:47:56 [main] [MethodUtil] - ✅ Scrolled to element Sign In
[INFO] 20-03-2025 12:48:14 [main] [MethodUtil] - ✅ Scrolled to element Email
[INFO] 20-03-2025 12:48:16 [main] [MethodUtil] - ✅ Scrolled to element Password
[INFO] 20-03-2025 12:48:17 [main] [MethodUtil] - ✅ Scrolled to element Submit
[INFO] 20-03-2025 12:48:36 [main] [MethodUtil] - ✅ Scrolled to element Approve Button
[INFO] 20-03-2025 12:48:57 [main] [MethodUtil] - ✅ Scrolled to element Terms Of Use Checkbox
[INFO] 20-03-2025 12:48:58 [main] [MethodUtil] - ✅ Scrolled to element Approve Quote
[INFO] 20-03-2025 12:49:01 [main] [MethodUtil] - ✅ Scrolled to element Select Address
[INFO] 20-03-2025 12:49:01 [main] [MethodUtil] - ✅ Scrolled to element Next
[INFO] 20-03-2025 12:49:06 [main] [MethodUtil] - ✅ Scrolled to element Next
[INFO] 20-03-2025 12:49:10 [main] [MethodUtil] - ✅ Scrolled to element Adfasf
[INFO] 20-03-2025 12:49:10 [main] [MethodUtil] - ✅ Scrolled to element Expiry Month
[INFO] 20-03-2025 12:49:11 [main] [MethodUtil] - ✅ Scrolled to element Year
[INFO] 20-03-2025 12:49:11 [main] [MethodUtil] - ✅ Scrolled to element Security Code
[INFO] 20-03-2025 12:49:12 [main] [MethodUtil] - ✅ Scrolled to element Submit Button
[INFO] 20-03-2025 13:04:50 [main] [MethodUtil] - ✅ Scrolled to element Account Button
[INFO] 20-03-2025 13:04:51 [main] [MethodUtil] - ✅ Scrolled to element Sign In
[INFO] 20-03-2025 13:05:00 [main] [MethodUtil] - ✅ Scrolled to element Email
[INFO] 20-03-2025 13:05:02 [main] [MethodUtil] - ✅ Scrolled to element Password
[INFO] 20-03-2025 13:05:03 [main] [MethodUtil] - ✅ Scrolled to element Submit
[INFO] 20-03-2025 13:05:21 [main] [MethodUtil] - ✅ Scrolled to element Approve Button
[INFO] 20-03-2025 13:05:42 [main] [MethodUtil] - ✅ Scrolled to element Terms Of Use Checkbox
[INFO] 20-03-2025 13:05:49 [main] [MethodUtil] - ✅ Scrolled to element Approve Quote
[INFO] 20-03-2025 13:05:51 [main] [MethodUtil] - ✅ Scrolled to element Select Address
[INFO] 20-03-2025 13:05:51 [main] [MethodUtil] - ✅ Scrolled to element Next
[INFO] 20-03-2025 13:05:56 [main] [MethodUtil] - ✅ Scrolled to element Next
[INFO] 20-03-2025 13:05:59 [main] [MethodUtil] - ✅ Scrolled to element Adfasf
[INFO] 20-03-2025 13:06:00 [main] [MethodUtil] - ✅ Scrolled to element Expiry Month
[INFO] 20-03-2025 13:06:00 [main] [MethodUtil] - ✅ Scrolled to element Year
[INFO] 20-03-2025 13:06:01 [main] [MethodUtil] - ✅ Scrolled to element Security Code
[INFO] 20-03-2025 13:06:01 [main] [MethodUtil] - ✅ Scrolled to element Submit Button
[INFO] 20-03-2025 13:36:55 [main] [MethodUtil] - ✅ Scrolled to element Account Button
[INFO] 20-03-2025 13:36:55 [main] [MethodUtil] - ✅ Scrolled to element Sign In
[INFO] 20-03-2025 13:37:05 [main] [MethodUtil] - ✅ Scrolled to element Email
[INFO] 20-03-2025 13:37:06 [main] [MethodUtil] - ✅ Scrolled to element Password
[INFO] 20-03-2025 13:37:07 [main] [MethodUtil] - ✅ Scrolled to element Submit
[INFO] 20-03-2025 13:37:24 [main] [MethodUtil] - ✅ Scrolled to element Approve Button
[INFO] 20-03-2025 13:37:46 [main] [MethodUtil] - ✅ Scrolled to element Terms Of Use Checkbox
[INFO] 20-03-2025 13:37:52 [main] [MethodUtil] - ✅ Scrolled to element Approve Quote
[INFO] 20-03-2025 13:37:54 [main] [MethodUtil] - ✅ Scrolled to element Select Address
[INFO] 20-03-2025 13:37:55 [main] [MethodUtil] - ✅ Scrolled to element Next
[INFO] 20-03-2025 13:37:59 [main] [MethodUtil] - ✅ Scrolled to element Next
[INFO] 20-03-2025 13:38:03 [main] [MethodUtil] - ✅ Scrolled to element Adfasf
[INFO] 20-03-2025 13:38:04 [main] [MethodUtil] - ✅ Scrolled to element Expiry Month
[INFO] 20-03-2025 13:38:04 [main] [MethodUtil] - ✅ Scrolled to element Year
[INFO] 20-03-2025 13:38:04 [main] [MethodUtil] - ✅ Scrolled to element Security Code
[INFO] 20-03-2025 13:38:05 [main] [MethodUtil] - ✅ Scrolled to element Submit Button
[INFO] 20-03-2025 13:44:38 [main] [MethodUtil] - ✅ Scrolled to element Account Button
[INFO] 20-03-2025 13:44:39 [main] [MethodUtil] - ✅ Scrolled to element Sign In
[INFO] 20-03-2025 13:44:49 [main] [MethodUtil] - ✅ Scrolled to element Email
[INFO] 20-03-2025 13:44:50 [main] [MethodUtil] - ✅ Scrolled to element Password
[INFO] 20-03-2025 13:44:51 [main] [MethodUtil] - ✅ Scrolled to element Submit
[INFO] 20-03-2025 13:45:07 [main] [MethodUtil] - ✅ Scrolled to element Approve Button
[INFO] 20-03-2025 13:45:27 [main] [MethodUtil] - ✅ Scrolled to element Terms Of Use Checkbox
[INFO] 20-03-2025 13:45:29 [main] [MethodUtil] - ✅ Scrolled to element Approve Quote
[INFO] 20-03-2025 13:45:31 [main] [MethodUtil] - ✅ Scrolled to element Select Address
[INFO] 20-03-2025 13:45:31 [main] [MethodUtil] - ✅ Scrolled to element Next
[INFO] 20-03-2025 13:45:36 [main] [MethodUtil] - ✅ Scrolled to element Next
[INFO] 20-03-2025 13:45:39 [main] [MethodUtil] - ✅ Scrolled to element Adfasf
[INFO] 20-03-2025 13:45:40 [main] [MethodUtil] - ✅ Scrolled to element Expiry Month
[INFO] 20-03-2025 13:45:40 [main] [MethodUtil] - ✅ Scrolled to element Year
[INFO] 20-03-2025 13:45:41 [main] [MethodUtil] - ✅ Scrolled to element Security Code
[INFO] 20-03-2025 13:45:41 [main] [MethodUtil] - ✅ Scrolled to element Submit Button
[INFO] 20-03-2025 13:46:30 [main] [MethodUtil] - ✅ Scrolled to element Account Button
[INFO] 20-03-2025 13:46:31 [main] [MethodUtil] - ✅ Scrolled to element Sign In
[INFO] 20-03-2025 13:46:41 [main] [MethodUtil] - ✅ Scrolled to element Email
[INFO] 20-03-2025 13:46:42 [main] [MethodUtil] - ✅ Scrolled to element Password
[INFO] 20-03-2025 13:46:43 [main] [MethodUtil] - ✅ Scrolled to element Submit
[INFO] 20-03-2025 13:47:00 [main] [MethodUtil] - ✅ Scrolled to element Approve Button
[INFO] 20-03-2025 13:47:21 [main] [MethodUtil] - ✅ Scrolled to element Terms Of Use Checkbox
[INFO] 20-03-2025 13:47:22 [main] [MethodUtil] - ✅ Scrolled to element Approve Quote
[INFO] 20-03-2025 13:47:24 [main] [MethodUtil] - ✅ Scrolled to element Select Address
[INFO] 20-03-2025 13:47:25 [main] [MethodUtil] - ✅ Scrolled to element Next
[INFO] 20-03-2025 13:47:28 [main] [MethodUtil] - ✅ Scrolled to element Next
[INFO] 20-03-2025 13:47:35 [main] [MethodUtil] - ✅ Scrolled to element Adfasf
[INFO] 20-03-2025 13:47:36 [main] [MethodUtil] - ✅ Scrolled to element Expiry Month
[INFO] 20-03-2025 13:47:36 [main] [MethodUtil] - ✅ Scrolled to element Year
[INFO] 20-03-2025 13:47:37 [main] [MethodUtil] - ✅ Scrolled to element Security Code
[INFO] 20-03-2025 13:47:37 [main] [MethodUtil] - ✅ Scrolled to element Submit Button
[INFO] 20-03-2025 13:50:27 [main] [MethodUtil] - ✅ Scrolled to element Account Button
[INFO] 20-03-2025 13:50:28 [main] [MethodUtil] - ✅ Scrolled to element Sign In
[INFO] 20-03-2025 13:50:37 [main] [MethodUtil] - ✅ Scrolled to element Email
[INFO] 20-03-2025 13:50:38 [main] [MethodUtil] - ✅ Scrolled to element Password
[INFO] 20-03-2025 13:50:39 [main] [MethodUtil] - ✅ Scrolled to element Submit
[INFO] 20-03-2025 13:50:56 [main] [MethodUtil] - ✅ Scrolled to element Approve Button
[INFO] 20-03-2025 13:51:17 [main] [MethodUtil] - ✅ Scrolled to element Terms Of Use Checkbox
[INFO] 20-03-2025 13:51:18 [main] [MethodUtil] - ✅ Scrolled to element Approve Quote
[INFO] 20-03-2025 13:51:20 [main] [MethodUtil] - ✅ Scrolled to element Select Address
[INFO] 20-03-2025 13:51:21 [main] [MethodUtil] - ✅ Scrolled to element Next
[INFO] 20-03-2025 13:51:25 [main] [MethodUtil] - ✅ Scrolled to element Next
[INFO] 20-03-2025 13:51:29 [main] [MethodUtil] - ✅ Scrolled to element Card Number
[INFO] 20-03-2025 13:51:32 [main] [MethodUtil] - ✅ Scrolled to element Adfasf
[INFO] 20-03-2025 13:51:33 [main] [MethodUtil] - ✅ Scrolled to element Expiry Month
[INFO] 20-03-2025 13:51:33 [main] [MethodUtil] - ✅ Scrolled to element Year
[INFO] 20-03-2025 13:51:34 [main] [MethodUtil] - ✅ Scrolled to element Security Code
[INFO] 20-03-2025 13:51:34 [main] [MethodUtil] - ✅ Scrolled to element Submit Button
[INFO] 20-03-2025 13:55:21 [main] [MethodUtil] - ✅ Scrolled to element Account Button
[INFO] 20-03-2025 13:55:22 [main] [MethodUtil] - ✅ Scrolled to element Sign In
[INFO] 20-03-2025 13:55:31 [main] [MethodUtil] - ✅ Scrolled to element Email
[INFO] 20-03-2025 13:55:32 [main] [MethodUtil] - ✅ Scrolled to element Password
[INFO] 20-03-2025 13:55:33 [main] [MethodUtil] - ✅ Scrolled to element Submit
[INFO] 20-03-2025 13:55:50 [main] [MethodUtil] - ✅ Scrolled to element Approve Button
[INFO] 20-03-2025 13:56:10 [main] [MethodUtil] - ✅ Scrolled to element Terms Of Use Checkbox
[INFO] 20-03-2025 13:56:12 [main] [MethodUtil] - ✅ Scrolled to element Approve Quote
[INFO] 20-03-2025 13:56:14 [main] [MethodUtil] - ✅ Scrolled to element Select Address
[INFO] 20-03-2025 13:56:14 [main] [MethodUtil] - ✅ Scrolled to element Next
[INFO] 20-03-2025 13:56:19 [main] [MethodUtil] - ✅ Scrolled to element Next
[INFO] 20-03-2025 13:56:23 [main] [MethodUtil] - ✅ Scrolled to element Card Number
[INFO] 20-03-2025 13:56:27 [main] [MethodUtil] - ✅ Scrolled to element Adfasf
[INFO] 20-03-2025 13:56:27 [main] [MethodUtil] - ✅ Scrolled to element Expiry Month
[INFO] 20-03-2025 13:56:27 [main] [MethodUtil] - ✅ Scrolled to element Year
[INFO] 20-03-2025 13:56:28 [main] [MethodUtil] - ✅ Scrolled to element Security Code
[INFO] 20-03-2025 13:56:28 [main] [MethodUtil] - ✅ Scrolled to element Submit Button
[INFO] 20-03-2025 14:03:04 [main] [MethodUtil] - ✅ Scrolled to element Account Button
[INFO] 20-03-2025 14:03:04 [main] [MethodUtil] - ✅ Scrolled to element Sign In
[INFO] 20-03-2025 14:03:14 [main] [MethodUtil] - ✅ Scrolled to element Email
[INFO] 20-03-2025 14:03:14 [main] [MethodUtil] - ✅ Scrolled to element Password
[INFO] 20-03-2025 14:03:15 [main] [MethodUtil] - ✅ Scrolled to element Submit
[INFO] 20-03-2025 14:03:32 [main] [MethodUtil] - ✅ Scrolled to element Approve Button
[INFO] 20-03-2025 14:03:53 [main] [MethodUtil] - ✅ Scrolled to element Terms Of Use Checkbox
[INFO] 20-03-2025 14:03:54 [main] [MethodUtil] - ✅ Scrolled to element Approve Quote
[INFO] 20-03-2025 14:03:56 [main] [MethodUtil] - ✅ Scrolled to element Select Address
[INFO] 20-03-2025 14:03:57 [main] [MethodUtil] - ✅ Scrolled to element Next
[INFO] 20-03-2025 14:04:01 [main] [MethodUtil] - ✅ Scrolled to element Next
[INFO] 20-03-2025 14:04:04 [main] [MethodUtil] - ✅ Scrolled to element Card Number
[INFO] 20-03-2025 14:04:08 [main] [MethodUtil] - ✅ Scrolled to element Adfasf
[INFO] 20-03-2025 14:04:08 [main] [MethodUtil] - ✅ Scrolled to element Expiry Month
[INFO] 20-03-2025 14:04:09 [main] [MethodUtil] - ✅ Scrolled to element Year
[INFO] 20-03-2025 14:04:09 [main] [MethodUtil] - ✅ Scrolled to element Security Code
[INFO] 20-03-2025 14:04:10 [main] [MethodUtil] - ✅ Scrolled to element Submit Button
[INFO] 20-03-2025 14:13:27 [main] [MethodUtil] - ✅ Scrolled to element Account Button
[INFO] 20-03-2025 14:13:28 [main] [MethodUtil] - ✅ Scrolled to element Sign In
[INFO] 20-03-2025 14:13:37 [main] [MethodUtil] - ✅ Scrolled to element Email
[INFO] 20-03-2025 14:13:38 [main] [MethodUtil] - ✅ Scrolled to element Password
[INFO] 20-03-2025 14:13:39 [main] [MethodUtil] - ✅ Scrolled to element Submit
[INFO] 20-03-2025 14:13:56 [main] [MethodUtil] - ✅ Scrolled to element Approve Button
[INFO] 20-03-2025 14:14:17 [main] [MethodUtil] - ✅ Scrolled to element Terms Of Use Checkbox
[INFO] 20-03-2025 14:14:18 [main] [MethodUtil] - ✅ Scrolled to element Approve Quote
[INFO] 20-03-2025 14:14:21 [main] [MethodUtil] - ✅ Scrolled to element Select Address
[INFO] 20-03-2025 14:14:21 [main] [MethodUtil] - ✅ Scrolled to element Next
[INFO] 20-03-2025 14:14:24 [main] [MethodUtil] - ✅ Scrolled to element Next
[INFO] 20-03-2025 14:14:28 [main] [MethodUtil] - ✅ Scrolled to element Card Number
[INFO] 20-03-2025 14:14:31 [main] [MethodUtil] - ✅ Scrolled to element Adfasf
[INFO] 20-03-2025 14:14:32 [main] [MethodUtil] - ✅ Scrolled to element Expiry Month
[INFO] 20-03-2025 14:14:32 [main] [MethodUtil] - ✅ Scrolled to element Year
[INFO] 20-03-2025 14:14:33 [main] [MethodUtil] - ✅ Scrolled to element Security Code
[INFO] 20-03-2025 14:14:33 [main] [MethodUtil] - ✅ Scrolled to element Submit Button
[INFO] 20-03-2025 14:18:30 [main] [MethodUtil] - ✅ Scrolled to element Account Button
[INFO] 20-03-2025 14:18:31 [main] [MethodUtil] - ✅ Scrolled to element Sign In
[INFO] 20-03-2025 14:18:40 [main] [MethodUtil] - ✅ Scrolled to element Email
[INFO] 20-03-2025 14:18:42 [main] [MethodUtil] - ✅ Scrolled to element Password
[INFO] 20-03-2025 14:18:43 [main] [MethodUtil] - ✅ Scrolled to element Submit
[INFO] 20-03-2025 14:19:00 [main] [MethodUtil] - ✅ Scrolled to element Approve Button
[INFO] 20-03-2025 14:19:21 [main] [MethodUtil] - ✅ Scrolled to element Terms Of Use Checkbox
[INFO] 20-03-2025 14:19:22 [main] [MethodUtil] - ✅ Scrolled to element Approve Quote
[INFO] 20-03-2025 14:19:24 [main] [MethodUtil] - ✅ Scrolled to element Select Address
[INFO] 20-03-2025 14:19:25 [main] [MethodUtil] - ✅ Scrolled to element Next
[INFO] 20-03-2025 14:19:29 [main] [MethodUtil] - ✅ Scrolled to element Next
[INFO] 20-03-2025 14:19:33 [main] [MethodUtil] - ✅ Scrolled to element Card Number
[INFO] 20-03-2025 14:19:36 [main] [MethodUtil] - ✅ Scrolled to element Adfasf
[INFO] 20-03-2025 14:19:37 [main] [MethodUtil] - ✅ Scrolled to element Expiry Month
[INFO] 20-03-2025 14:19:37 [main] [MethodUtil] - ✅ Scrolled to element Year
[INFO] 20-03-2025 14:19:38 [main] [MethodUtil] - ✅ Scrolled to element Security Code
[INFO] 20-03-2025 14:19:38 [main] [MethodUtil] - ✅ Scrolled to element Submit Button
[INFO] 20-03-2025 14:30:42 [main] [MethodUtil] - ✅ Scrolled to element Account Button
[INFO] 20-03-2025 14:30:43 [main] [MethodUtil] - ✅ Scrolled to element Sign In
[INFO] 20-03-2025 14:30:53 [main] [MethodUtil] - ✅ Scrolled to element Email
[INFO] 20-03-2025 14:30:54 [main] [MethodUtil] - ✅ Scrolled to element Password
[INFO] 20-03-2025 14:30:55 [main] [MethodUtil] - ✅ Scrolled to element Submit
[INFO] 20-03-2025 14:31:12 [main] [MethodUtil] - ✅ Scrolled to element Approve Button
[INFO] 20-03-2025 14:31:33 [main] [MethodUtil] - ✅ Scrolled to element Terms Of Use Checkbox
[INFO] 20-03-2025 14:31:34 [main] [MethodUtil] - ✅ Scrolled to element Approve Quote
[INFO] 20-03-2025 14:31:36 [main] [MethodUtil] - ✅ Scrolled to element Select Address
[INFO] 20-03-2025 14:31:37 [main] [MethodUtil] - ✅ Scrolled to element Next
[INFO] 20-03-2025 14:31:41 [main] [MethodUtil] - ✅ Scrolled to element Next
[INFO] 20-03-2025 14:32:56 [main] [MethodUtil] - ✅ Scrolled to element Account Button
[INFO] 20-03-2025 14:32:57 [main] [MethodUtil] - ✅ Scrolled to element Sign In
[INFO] 20-03-2025 14:33:06 [main] [MethodUtil] - ✅ Scrolled to element Email
[INFO] 20-03-2025 14:33:07 [main] [MethodUtil] - ✅ Scrolled to element Password
[INFO] 20-03-2025 14:33:08 [main] [MethodUtil] - ✅ Scrolled to element Submit
[INFO] 20-03-2025 14:33:25 [main] [MethodUtil] - ✅ Scrolled to element Approve Button
[INFO] 20-03-2025 14:33:46 [main] [MethodUtil] - ✅ Scrolled to element Terms Of Use Checkbox
[INFO] 20-03-2025 14:33:47 [main] [MethodUtil] - ✅ Scrolled to element Approve Quote
[INFO] 20-03-2025 14:33:49 [main] [MethodUtil] - ✅ Scrolled to element Select Address
[INFO] 20-03-2025 14:33:50 [main] [MethodUtil] - ✅ Scrolled to element Next
[INFO] 20-03-2025 14:33:52 [main] [MethodUtil] - ✅ Scrolled to element Next
[INFO] 20-03-2025 14:33:56 [main] [MethodUtil] - ✅ Scrolled to element Card Number
[INFO] 20-03-2025 14:34:00 [main] [MethodUtil] - ✅ Scrolled to element Adfasf
[INFO] 20-03-2025 14:34:00 [main] [MethodUtil] - ✅ Scrolled to element Expiry Month
[INFO] 20-03-2025 14:34:01 [main] [MethodUtil] - ✅ Scrolled to element Year
[INFO] 20-03-2025 14:34:01 [main] [MethodUtil] - ✅ Scrolled to element Security Code
[INFO] 20-03-2025 14:34:01 [main] [MethodUtil] - ✅ Scrolled to element Submit Button
[INFO] 20-03-2025 15:02:07 [main] [MethodUtil] - ✅ Scrolled to element Account Button
[INFO] 20-03-2025 15:02:08 [main] [MethodUtil] - ✅ Scrolled to element Sign In
[INFO] 20-03-2025 15:02:17 [main] [MethodUtil] - ✅ Scrolled to element Email
[INFO] 20-03-2025 15:02:18 [main] [MethodUtil] - ✅ Scrolled to element Password
[INFO] 20-03-2025 15:02:19 [main] [MethodUtil] - ✅ Scrolled to element Submit
[INFO] 20-03-2025 15:02:36 [main] [MethodUtil] - ✅ Scrolled to element Approve Button
[INFO] 20-03-2025 15:02:56 [main] [MethodUtil] - ✅ Scrolled to element Terms Of Use Checkbox
[INFO] 20-03-2025 15:02:57 [main] [MethodUtil] - ✅ Scrolled to element Approve Quote
[INFO] 20-03-2025 15:03:00 [main] [MethodUtil] - ✅ Scrolled to element Select Address
[INFO] 20-03-2025 15:03:00 [main] [MethodUtil] - ✅ Scrolled to element Next
[INFO] 20-03-2025 15:03:04 [main] [MethodUtil] - ✅ Scrolled to element Next
[INFO] 20-03-2025 15:03:08 [main] [MethodUtil] - ✅ Scrolled to element Card Number
[INFO] 20-03-2025 15:03:11 [main] [MethodUtil] - ✅ Scrolled to element Adfasf
[INFO] 20-03-2025 15:03:12 [main] [MethodUtil] - ✅ Scrolled to element Expiry Month
[INFO] 20-03-2025 15:03:12 [main] [MethodUtil] - ✅ Scrolled to element Year
[INFO] 20-03-2025 15:03:13 [main] [MethodUtil] - ✅ Scrolled to element Security Code
[INFO] 20-03-2025 15:03:13 [main] [MethodUtil] - ✅ Scrolled to element Submit Button
[INFO] 20-03-2025 15:07:26 [main] [MethodUtil] - ✅ Scrolled to element Account Button
[INFO] 20-03-2025 15:07:27 [main] [MethodUtil] - ✅ Scrolled to element Sign In
[INFO] 20-03-2025 15:07:36 [main] [MethodUtil] - ✅ Scrolled to element Email
[INFO] 20-03-2025 15:07:37 [main] [MethodUtil] - ✅ Scrolled to element Password
[INFO] 20-03-2025 15:07:38 [main] [MethodUtil] - ✅ Scrolled to element Submit
[INFO] 20-03-2025 15:07:55 [main] [MethodUtil] - ✅ Scrolled to element Approve Button
[INFO] 20-03-2025 15:08:16 [main] [MethodUtil] - ✅ Scrolled to element Terms Of Use Checkbox
[INFO] 20-03-2025 15:08:18 [main] [MethodUtil] - ✅ Scrolled to element Approve Quote
[INFO] 20-03-2025 15:08:20 [main] [MethodUtil] - ✅ Scrolled to element Select Address
[INFO] 20-03-2025 15:08:21 [main] [MethodUtil] - ✅ Scrolled to element Next
[INFO] 20-03-2025 15:08:26 [main] [MethodUtil] - ✅ Scrolled to element Next
[INFO] 20-03-2025 15:08:31 [main] [MethodUtil] - ✅ Scrolled to element Card Number
[INFO] 20-03-2025 15:08:35 [main] [MethodUtil] - ✅ Scrolled to element Adfasf
[INFO] 20-03-2025 15:08:36 [main] [MethodUtil] - ✅ Scrolled to element Expiry Month
[INFO] 20-03-2025 15:08:36 [main] [MethodUtil] - ✅ Scrolled to element Year
[INFO] 20-03-2025 15:08:37 [main] [MethodUtil] - ✅ Scrolled to element Security Code
[INFO] 20-03-2025 15:08:38 [main] [MethodUtil] - ✅ Scrolled to element Submit Button
[INFO] 20-03-2025 15:44:14 [main] [MethodUtil] - ✅ Scrolled to element Account Button
[INFO] 20-03-2025 15:44:15 [main] [MethodUtil] - ✅ Scrolled to element Sign In
[INFO] 20-03-2025 15:44:23 [main] [MethodUtil] - ✅ Scrolled to element Email
[INFO] 20-03-2025 15:44:24 [main] [MethodUtil] - ✅ Scrolled to element Password
[INFO] 20-03-2025 15:44:25 [main] [MethodUtil] - ✅ Scrolled to element Submit
[INFO] 20-03-2025 15:44:41 [main] [MethodUtil] - ✅ Scrolled to element Approve Button
[INFO] 20-03-2025 15:45:02 [main] [MethodUtil] - ✅ Scrolled to element Terms Of Use Checkbox
[INFO] 20-03-2025 15:45:03 [main] [MethodUtil] - ✅ Scrolled to element Approve Quote
[INFO] 20-03-2025 15:45:05 [main] [MethodUtil] - ✅ Scrolled to element Select Address
[INFO] 20-03-2025 15:45:05 [main] [MethodUtil] - ✅ Scrolled to element Next
[INFO] 20-03-2025 15:45:09 [main] [MethodUtil] - ✅ Scrolled to element Next
[INFO] 20-03-2025 15:45:13 [main] [MethodUtil] - ✅ Scrolled to element Card Number
[INFO] 20-03-2025 15:45:16 [main] [MethodUtil] - ✅ Scrolled to element Adfasf
[INFO] 20-03-2025 15:45:17 [main] [MethodUtil] - ✅ Scrolled to element Expiry Month
[INFO] 20-03-2025 15:45:17 [main] [MethodUtil] - ✅ Scrolled to element Year
[INFO] 20-03-2025 15:45:17 [main] [MethodUtil] - ✅ Scrolled to element Security Code
[INFO] 20-03-2025 15:45:18 [main] [MethodUtil] - ✅ Scrolled to element Submit Button
[INFO] 20-03-2025 15:49:30 [main] [MethodUtil] - ✅ Scrolled to element Account Button
[INFO] 20-03-2025 15:49:30 [main] [MethodUtil] - ✅ Scrolled to element Sign In
[INFO] 20-03-2025 15:49:39 [main] [MethodUtil] - ✅ Scrolled to element Email
[INFO] 20-03-2025 15:49:40 [main] [MethodUtil] - ✅ Scrolled to element Password
[INFO] 20-03-2025 15:49:40 [main] [MethodUtil] - ✅ Scrolled to element Submit
[INFO] 20-03-2025 15:49:56 [main] [MethodUtil] - ✅ Scrolled to element Approve Button
[INFO] 20-03-2025 15:50:17 [main] [MethodUtil] - ✅ Scrolled to element Terms Of Use Checkbox
[INFO] 20-03-2025 15:50:18 [main] [MethodUtil] - ✅ Scrolled to element Approve Quote
[INFO] 20-03-2025 15:50:20 [main] [MethodUtil] - ✅ Scrolled to element Select Address
[INFO] 20-03-2025 15:50:20 [main] [MethodUtil] - ✅ Scrolled to element Next
[INFO] 20-03-2025 15:50:24 [main] [MethodUtil] - ✅ Scrolled to element Next
[INFO] 20-03-2025 15:50:29 [main] [MethodUtil] - ✅ Scrolled to element Card Number
[INFO] 20-03-2025 15:50:32 [main] [MethodUtil] - ✅ Scrolled to element Adfasf
[INFO] 20-03-2025 15:50:32 [main] [MethodUtil] - ✅ Scrolled to element Expiry Month
[INFO] 20-03-2025 15:50:33 [main] [MethodUtil] - ✅ Scrolled to element Year
[INFO] 20-03-2025 15:50:33 [main] [MethodUtil] - ✅ Scrolled to element Security Code
[INFO] 20-03-2025 15:50:33 [main] [MethodUtil] - ✅ Scrolled to element Submit Button
[INFO] 20-03-2025 16:07:36 [main] [MethodUtil] - ✅ Scrolled to element Account Button
[INFO] 20-03-2025 16:07:36 [main] [MethodUtil] - ✅ Scrolled to element Sign In
[INFO] 20-03-2025 16:07:45 [main] [MethodUtil] - ✅ Scrolled to element Email
[INFO] 20-03-2025 16:07:46 [main] [MethodUtil] - ✅ Scrolled to element Password
[INFO] 20-03-2025 16:07:46 [main] [MethodUtil] - ✅ Scrolled to element Submit
[INFO] 20-03-2025 16:08:03 [main] [MethodUtil] - ✅ Scrolled to element Approve Button
[INFO] 20-03-2025 16:08:24 [main] [MethodUtil] - ✅ Scrolled to element Terms Of Use Checkbox
[INFO] 20-03-2025 16:08:25 [main] [MethodUtil] - ✅ Scrolled to element Approve Quote
[INFO] 20-03-2025 16:08:27 [main] [MethodUtil] - ✅ Scrolled to element Select Address
[INFO] 20-03-2025 16:08:27 [main] [MethodUtil] - ✅ Scrolled to element Next
[INFO] 20-03-2025 16:08:30 [main] [MethodUtil] - ✅ Scrolled to element Next
[INFO] 20-03-2025 16:08:34 [main] [MethodUtil] - ✅ Scrolled to element Card Number
[INFO] 20-03-2025 16:08:37 [main] [MethodUtil] - ✅ Scrolled to element Adfasf
[INFO] 20-03-2025 16:08:37 [main] [MethodUtil] - ✅ Scrolled to element Expiry Month
[INFO] 20-03-2025 16:08:37 [main] [MethodUtil] - ✅ Scrolled to element Year
[INFO] 20-03-2025 16:08:38 [main] [MethodUtil] - ✅ Scrolled to element Security Code
[INFO] 20-03-2025 16:08:38 [main] [MethodUtil] - ✅ Scrolled to element Submit Button
[INFO] 20-03-2025 16:14:08 [main] [MethodUtil] - ✅ Scrolled to element Account Button
[INFO] 20-03-2025 16:14:09 [main] [MethodUtil] - ✅ Scrolled to element Sign In
[INFO] 20-03-2025 16:14:17 [main] [MethodUtil] - ✅ Scrolled to element Email
[INFO] 20-03-2025 16:14:18 [main] [MethodUtil] - ✅ Scrolled to element Password
[INFO] 20-03-2025 16:14:18 [main] [MethodUtil] - ✅ Scrolled to element Submit
[INFO] 20-03-2025 16:14:35 [main] [MethodUtil] - ✅ Scrolled to element Approve Button
[INFO] 20-03-2025 16:14:55 [main] [MethodUtil] - ✅ Scrolled to element Terms Of Use Checkbox
[INFO] 20-03-2025 16:14:56 [main] [MethodUtil] - ✅ Scrolled to element Approve Quote
[INFO] 20-03-2025 16:14:59 [main] [MethodUtil] - ✅ Scrolled to element Select Address
[INFO] 20-03-2025 16:14:59 [main] [MethodUtil] - ✅ Scrolled to element Next
[INFO] 20-03-2025 16:15:02 [main] [MethodUtil] - ✅ Scrolled to element Next
[INFO] 20-03-2025 16:15:05 [main] [MethodUtil] - ✅ Scrolled to element Card Number
[INFO] 20-03-2025 16:15:09 [main] [MethodUtil] - ✅ Scrolled to element Adfasf
[INFO] 20-03-2025 16:15:09 [main] [MethodUtil] - ✅ Scrolled to element Expiry Month
[INFO] 20-03-2025 16:15:09 [main] [MethodUtil] - ✅ Scrolled to element Year
[INFO] 20-03-2025 16:15:10 [main] [MethodUtil] - ✅ Scrolled to element Security Code
[INFO] 20-03-2025 16:15:10 [main] [MethodUtil] - ✅ Scrolled to element Submit Button
[INFO] 20-03-2025 17:38:53 [main] [MethodUtil] - ✅ Scrolled to element Account Button
[INFO] 20-03-2025 17:38:54 [main] [MethodUtil] - ✅ Scrolled to element Sign In
[INFO] 20-03-2025 17:39:04 [main] [MethodUtil] - ✅ Scrolled to element Email
[INFO] 20-03-2025 17:39:05 [main] [MethodUtil] - ✅ Scrolled to element Password
[INFO] 20-03-2025 17:39:05 [main] [MethodUtil] - ✅ Scrolled to element Submit
[INFO] 20-03-2025 17:41:22 [main] [MethodUtil] - ✅ Scrolled to element Account Button
[INFO] 20-03-2025 17:41:23 [main] [MethodUtil] - ✅ Scrolled to element Sign In
[INFO] 20-03-2025 17:41:32 [main] [MethodUtil] - ✅ Scrolled to element Email
[INFO] 20-03-2025 17:41:33 [main] [MethodUtil] - ✅ Scrolled to element Password
[INFO] 20-03-2025 17:41:34 [main] [MethodUtil] - ✅ Scrolled to element Submit
