[INFO] 07-05-2025 10:29:01 [main] [MethodUtil] - ✅ Scrolled to element Account Button
[INFO] 07-05-2025 10:29:02 [main] [MethodUtil] - ✅ Scrolled to element Sign In
[INFO] 07-05-2025 10:29:13 [main] [MethodUtil] - ✅ Scrolled to element Email
[INFO] 07-05-2025 10:29:14 [main] [MethodUtil] - ✅ Scrolled to element Password
[INFO] 07-05-2025 10:29:15 [main] [MethodUtil] - ✅ Scrolled to element Submit
[INFO] 07-05-2025 10:29:29 [main] [MethodUtil] - ✅ Scrolled to element HomePage
[INFO] 07-05-2025 10:30:05 [main] [MethodUtil] - ✅ Scrolled to element Account Button
[INFO] 07-05-2025 10:30:05 [main] [MethodUtil] - ✅ Scrolled to element Manage Account
[INFO] 07-05-2025 10:30:07 [main] [MethodUtil] - ✅ Scrolled to element Profile Mangement
[INFO] 07-05-2025 10:31:08 [main] [MethodUtil] - ✅ Scrolled to element Account Button
[INFO] 07-05-2025 10:31:29 [main] [MethodUtil] - ✅ Scrolled to element HomePage
[INFO] 07-05-2025 10:32:04 [main] [MethodUtil] - ✅ Scrolled to element Account Button
[INFO] 07-05-2025 10:32:04 [main] [MethodUtil] - ✅ Scrolled to element Manage Account
[INFO] 07-05-2025 10:32:06 [main] [MethodUtil] - ✅ Scrolled to element Billing pref
[INFO] 07-05-2025 10:32:07 [main] [MethodUtil] - ✅ Scrolled to element Add Address
[INFO] 07-05-2025 10:32:11 [main] [MethodUtil] - ✅ Scrolled to element BusinessName
[INFO] 07-05-2025 10:32:11 [main] [MethodUtil] - ✅ Scrolled to element Address Name
[INFO] 07-05-2025 10:32:12 [main] [MethodUtil] - ✅ Scrolled to element AddressLine1 
[INFO] 07-05-2025 10:32:12 [main] [MethodUtil] - ✅ Scrolled to element AddressLine2 
[INFO] 07-05-2025 10:32:13 [main] [MethodUtil] - ✅ Scrolled to element citY
[INFO] 07-05-2025 10:32:14 [main] [MethodUtil] - ✅ Scrolled to element Country
[INFO] 07-05-2025 10:32:15 [main] [MethodUtil] - Text Afghanistan is retrieved from country
[INFO] 07-05-2025 10:32:15 [main] [MethodUtil] - ✅ Scrolled to element country
[INFO] 07-05-2025 10:32:15 [main] [MethodUtil] - ✅ Scrolled to element State
[INFO] 07-05-2025 10:32:16 [main] [MethodUtil] - ✅ Scrolled to element postal code
[INFO] 07-05-2025 10:32:16 [main] [MethodUtil] - ✅ Scrolled to element Save
[INFO] 07-05-2025 10:32:58 [main] [MethodUtil] - ✅ Scrolled to element Account Button
[INFO] 07-05-2025 10:33:19 [main] [MethodUtil] - ✅ Scrolled to element HomePage
[INFO] 07-05-2025 10:33:54 [main] [MethodUtil] - ✅ Scrolled to element Account Button
[INFO] 07-05-2025 10:33:55 [main] [MethodUtil] - ✅ Scrolled to element Manage Account
[INFO] 07-05-2025 10:33:56 [main] [MethodUtil] - ✅ Scrolled to element Billing pref
[INFO] 07-05-2025 10:33:57 [main] [MethodUtil] - ✅ Scrolled to element Add Address
[INFO] 07-05-2025 10:34:01 [main] [MethodUtil] - ✅ Scrolled to element BusinessName
[INFO] 07-05-2025 10:34:01 [main] [MethodUtil] - ✅ Scrolled to element Address Name
[INFO] 07-05-2025 10:34:02 [main] [MethodUtil] - ✅ Scrolled to element AddressLine1 
[INFO] 07-05-2025 10:34:02 [main] [MethodUtil] - ✅ Scrolled to element AddressLine2 
[INFO] 07-05-2025 10:34:03 [main] [MethodUtil] - ✅ Scrolled to element citY
[INFO] 07-05-2025 10:34:03 [main] [MethodUtil] - ✅ Scrolled to element Country
[INFO] 07-05-2025 10:34:04 [main] [MethodUtil] - Text Afghanistan is retrieved from country
[INFO] 07-05-2025 10:34:04 [main] [MethodUtil] - ✅ Scrolled to element country
[INFO] 07-05-2025 10:34:05 [main] [MethodUtil] - ✅ Scrolled to element State
[INFO] 07-05-2025 10:34:05 [main] [MethodUtil] - ✅ Scrolled to element postal code
[INFO] 07-05-2025 10:34:06 [main] [MethodUtil] - ✅ Scrolled to element Save
[INFO] 07-05-2025 10:34:07 [main] [MethodUtil] - ✅ Scrolled to element HomePage
[INFO] 07-05-2025 10:34:26 [main] [MethodUtil] - ✅ Scrolled to element Account Button
[INFO] 07-05-2025 10:34:53 [main] [MethodUtil] - ✅ Scrolled to element Clear Filter
[INFO] 07-05-2025 10:34:53 [main] [MethodUtil] - ✅ Scrolled to element Filter Button
[INFO] 07-05-2025 10:34:53 [main] [MethodUtil] - ✅ Scrolled to element Translate From Button
[INFO] 07-05-2025 10:34:56 [main] [MethodUtil] - ✅ Scrolled to element Translate from language
[INFO] 07-05-2025 10:34:57 [main] [MethodUtil] - ✅ Scrolled to element Translate From Language
[INFO] 07-05-2025 10:34:59 [main] [MethodUtil] - ✅ Scrolled to element Translate To Button
[INFO] 07-05-2025 10:35:00 [main] [MethodUtil] - ✅ Scrolled to element Translate to language
[INFO] 07-05-2025 10:35:00 [main] [MethodUtil] - ✅ Scrolled to element Translate to language
[INFO] 07-05-2025 10:35:02 [main] [MethodUtil] - ✅ Scrolled to element Apply Button
[INFO] 07-05-2025 10:35:03 [main] [MethodUtil] - ✅ Scrolled to element Account Button
[INFO] 07-05-2025 10:35:23 [main] [MethodUtil] - ✅ Scrolled to element HomePage
[INFO] 07-05-2025 10:35:59 [main] [MethodUtil] - ✅ Scrolled to element Path
[INFO] 07-05-2025 10:36:25 [main] [MethodUtil] - ✅ Scrolled to element Next Button
[INFO] 07-05-2025 10:36:26 [main] [MethodUtil] - ✅ Scrolled to element Translate From
[INFO] 07-05-2025 10:36:28 [main] [MethodUtil] - Text Arabic (Saudi Arabia) is retrieved from Translate From Option
[INFO] 07-05-2025 10:36:28 [main] [MethodUtil] - Text Chinese (Simplified, China) is retrieved from Translate From Option
[INFO] 07-05-2025 10:36:28 [main] [MethodUtil] - ✅ Scrolled to element Translate From Option
[INFO] 07-05-2025 10:36:28 [main] [MethodUtil] - ✅ Scrolled to element Translate to
[INFO] 07-05-2025 10:36:30 [main] [MethodUtil] - ✅ Scrolled to element Translate to
[INFO] 07-05-2025 10:36:30 [main] [MethodUtil] - ✅ Scrolled to element Next Button
[INFO] 07-05-2025 10:36:31 [main] [MethodUtil] - ✅ Scrolled to element Send Me A Quote
[INFO] 07-05-2025 10:36:43 [main] [MethodUtil] - ✅ Scrolled to element Account Button
[INFO] 07-05-2025 10:37:04 [main] [MethodUtil] - ✅ Scrolled to element HomePage
[INFO] 07-05-2025 10:37:20 [main] [MethodUtil] - ✅ Scrolled to element Account Button
[INFO] 07-05-2025 10:37:41 [main] [MethodUtil] - ✅ Scrolled to element HomePage
