[INFO] 30-04-2025 11:41:47 [main] [MethodUtil] - ✅ Scrolled to element Account Button
[INFO] 30-04-2025 11:41:49 [main] [MethodUtil] - ✅ Scrolled to element Sign In
[INFO] 30-04-2025 11:42:05 [main] [MethodUtil] - ✅ Scrolled to element Email
[INFO] 30-04-2025 11:42:07 [main] [MethodUtil] - ✅ Scrolled to element Password
[INFO] 30-04-2025 11:42:08 [main] [MethodUtil] - ✅ Scrolled to element Submit
[INFO] 30-04-2025 11:42:24 [main] [MethodUtil] - ✅ Scrolled to element HomePage
[INFO] 30-04-2025 11:43:00 [main] [MethodUtil] - ✅ Scrolled to element Account Button
[INFO] 30-04-2025 11:43:00 [main] [MethodUtil] - ✅ Scrolled to element Manage Account
[INFO] 30-04-2025 11:43:02 [main] [MethodUtil] - ✅ Scrolled to element Profile Mangement
[INFO] 30-04-2025 12:01:15 [main] [MethodUtil] - ✅ Scrolled to element Account Button
[INFO] 30-04-2025 12:01:16 [main] [MethodUtil] - ✅ Scrolled to element Sign In
[INFO] 30-04-2025 12:01:25 [main] [MethodUtil] - ✅ Scrolled to element Email
[INFO] 30-04-2025 12:01:26 [main] [MethodUtil] - ✅ Scrolled to element Password
[INFO] 30-04-2025 12:01:27 [main] [MethodUtil] - ✅ Scrolled to element Submit
[INFO] 30-04-2025 12:01:43 [main] [MethodUtil] - ✅ Scrolled to element HomePage
[INFO] 30-04-2025 12:02:19 [main] [MethodUtil] - ✅ Scrolled to element Account Button
[INFO] 30-04-2025 12:02:19 [main] [MethodUtil] - ✅ Scrolled to element Manage Account
[INFO] 30-04-2025 12:02:21 [main] [MethodUtil] - ✅ Scrolled to element Profile Mangement
[INFO] 30-04-2025 12:06:36 [main] [MethodUtil] - ✅ Scrolled to element Account Button
[INFO] 30-04-2025 12:06:37 [main] [MethodUtil] - ✅ Scrolled to element Sign In
[INFO] 30-04-2025 12:06:46 [main] [MethodUtil] - ✅ Scrolled to element Email
[INFO] 30-04-2025 12:06:47 [main] [MethodUtil] - ✅ Scrolled to element Password
[INFO] 30-04-2025 12:06:48 [main] [MethodUtil] - ✅ Scrolled to element Submit
[INFO] 30-04-2025 12:07:02 [main] [MethodUtil] - ✅ Scrolled to element HomePage
[INFO] 30-04-2025 12:07:38 [main] [MethodUtil] - ✅ Scrolled to element Account Button
[INFO] 30-04-2025 12:07:38 [main] [MethodUtil] - ✅ Scrolled to element Manage Account
[INFO] 30-04-2025 12:07:39 [main] [MethodUtil] - ✅ Scrolled to element Profile Mangement
[INFO] 30-04-2025 12:10:17 [main] [MethodUtil] - ✅ Scrolled to element Account Button
[INFO] 30-04-2025 12:10:18 [main] [MethodUtil] - ✅ Scrolled to element Sign In
[INFO] 30-04-2025 12:10:28 [main] [MethodUtil] - ✅ Scrolled to element Email
[INFO] 30-04-2025 12:10:29 [main] [MethodUtil] - ✅ Scrolled to element Password
[INFO] 30-04-2025 12:10:30 [main] [MethodUtil] - ✅ Scrolled to element Submit
[INFO] 30-04-2025 12:10:44 [main] [MethodUtil] - ✅ Scrolled to element HomePage
[INFO] 30-04-2025 12:11:19 [main] [MethodUtil] - ✅ Scrolled to element Account Button
[INFO] 30-04-2025 12:11:20 [main] [MethodUtil] - ✅ Scrolled to element Manage Account
[INFO] 30-04-2025 12:11:21 [main] [MethodUtil] - ✅ Scrolled to element Profile Mangement
[INFO] 30-04-2025 12:12:22 [main] [MethodUtil] - ✅ Scrolled to element Account Button
[INFO] 30-04-2025 12:12:42 [main] [MethodUtil] - ✅ Scrolled to element HomePage
[INFO] 30-04-2025 12:13:17 [main] [MethodUtil] - ✅ Scrolled to element Account Button
[INFO] 30-04-2025 12:13:18 [main] [MethodUtil] - ✅ Scrolled to element Manage Account
[INFO] 30-04-2025 12:13:19 [main] [MethodUtil] - ✅ Scrolled to element Billing pref
[INFO] 30-04-2025 12:13:20 [main] [MethodUtil] - ✅ Scrolled to element Add Address
[INFO] 30-04-2025 12:13:24 [main] [MethodUtil] - ✅ Scrolled to element BusinessName
[INFO] 30-04-2025 12:13:24 [main] [MethodUtil] - ✅ Scrolled to element Address Name
[INFO] 30-04-2025 12:13:24 [main] [MethodUtil] - ✅ Scrolled to element AddressLine1 
[INFO] 30-04-2025 12:13:25 [main] [MethodUtil] - ✅ Scrolled to element AddressLine2 
[INFO] 30-04-2025 12:13:25 [main] [MethodUtil] - ✅ Scrolled to element citY
[INFO] 30-04-2025 12:13:26 [main] [MethodUtil] - ✅ Scrolled to element Country
[INFO] 30-04-2025 12:13:27 [main] [MethodUtil] - Text Afghanistan is retrieved from country
[INFO] 30-04-2025 12:13:27 [main] [MethodUtil] - ✅ Scrolled to element country
[INFO] 30-04-2025 12:13:27 [main] [MethodUtil] - ✅ Scrolled to element State
[INFO] 30-04-2025 12:13:27 [main] [MethodUtil] - ✅ Scrolled to element postal code
[INFO] 30-04-2025 12:13:28 [main] [MethodUtil] - ✅ Scrolled to element Save
[INFO] 30-04-2025 12:41:21 [main] [MethodUtil] - ✅ Scrolled to element Account Button
[INFO] 30-04-2025 12:41:22 [main] [MethodUtil] - ✅ Scrolled to element Sign In
[INFO] 30-04-2025 12:41:31 [main] [MethodUtil] - ✅ Scrolled to element Email
[INFO] 30-04-2025 12:41:32 [main] [MethodUtil] - ✅ Scrolled to element Password
[INFO] 30-04-2025 12:41:32 [main] [MethodUtil] - ✅ Scrolled to element Submit
[INFO] 30-04-2025 12:47:05 [main] [MethodUtil] - ✅ Scrolled to element Account Button
[INFO] 30-04-2025 12:47:06 [main] [MethodUtil] - ✅ Scrolled to element Sign In
[INFO] 30-04-2025 12:47:15 [main] [MethodUtil] - ✅ Scrolled to element Email
[INFO] 30-04-2025 12:47:16 [main] [MethodUtil] - ✅ Scrolled to element Password
[INFO] 30-04-2025 12:47:16 [main] [MethodUtil] - ✅ Scrolled to element Submit
[INFO] 30-04-2025 12:47:27 [main] [MethodUtil] - ✅ Scrolled to element HomePage
[INFO] 30-04-2025 12:48:02 [main] [MethodUtil] - ✅ Scrolled to element Account Button
[INFO] 30-04-2025 12:48:03 [main] [MethodUtil] - ✅ Scrolled to element Manage Account
[INFO] 30-04-2025 12:48:04 [main] [MethodUtil] - ✅ Scrolled to element Profile Mangement
[INFO] 30-04-2025 12:48:05 [main] [MethodUtil] - ✅ Scrolled to element Add Contact
[INFO] 30-04-2025 12:48:06 [main] [MethodUtil] - ✅ Scrolled to element Enter Contact
[INFO] 30-04-2025 12:48:06 [main] [MethodUtil] - ✅ Scrolled to element Save Contact
[INFO] 30-04-2025 12:48:27 [main] [MethodUtil] - ✅ Scrolled to element Account Button
[INFO] 30-04-2025 12:48:47 [main] [MethodUtil] - ✅ Scrolled to element HomePage
[INFO] 30-04-2025 12:49:23 [main] [MethodUtil] - ✅ Scrolled to element Account Button
[INFO] 30-04-2025 12:49:23 [main] [MethodUtil] - ✅ Scrolled to element Manage Account
[INFO] 30-04-2025 12:49:25 [main] [MethodUtil] - ✅ Scrolled to element Billing pref
[INFO] 30-04-2025 12:49:26 [main] [MethodUtil] - ✅ Scrolled to element Add Address
[INFO] 30-04-2025 12:49:29 [main] [MethodUtil] - ✅ Scrolled to element BusinessName
[INFO] 30-04-2025 12:49:29 [main] [MethodUtil] - ✅ Scrolled to element Address Name
[INFO] 30-04-2025 12:49:30 [main] [MethodUtil] - ✅ Scrolled to element AddressLine1 
[INFO] 30-04-2025 12:49:30 [main] [MethodUtil] - ✅ Scrolled to element AddressLine2 
[INFO] 30-04-2025 12:49:30 [main] [MethodUtil] - ✅ Scrolled to element citY
[INFO] 30-04-2025 12:49:31 [main] [MethodUtil] - ✅ Scrolled to element Country
[INFO] 30-04-2025 12:49:31 [main] [MethodUtil] - Text Afghanistan is retrieved from country
[INFO] 30-04-2025 12:49:31 [main] [MethodUtil] - ✅ Scrolled to element country
[INFO] 30-04-2025 12:49:32 [main] [MethodUtil] - ✅ Scrolled to element State
[INFO] 30-04-2025 12:49:32 [main] [MethodUtil] - ✅ Scrolled to element postal code
[INFO] 30-04-2025 12:49:32 [main] [MethodUtil] - ✅ Scrolled to element Save
[INFO] 30-04-2025 12:49:33 [main] [MethodUtil] - ✅ Scrolled to element Save
[INFO] 30-04-2025 12:49:55 [main] [MethodUtil] - ✅ Scrolled to element Account Button
[INFO] 30-04-2025 12:50:15 [main] [MethodUtil] - ✅ Scrolled to element HomePage
[INFO] 30-04-2025 12:50:51 [main] [MethodUtil] - ✅ Scrolled to element Account Button
[INFO] 30-04-2025 12:50:51 [main] [MethodUtil] - ✅ Scrolled to element Manage Account
[INFO] 30-04-2025 12:50:52 [main] [MethodUtil] - ✅ Scrolled to element Billing pref
[INFO] 30-04-2025 12:50:53 [main] [MethodUtil] - ✅ Scrolled to element Add Address
[INFO] 30-04-2025 12:50:57 [main] [MethodUtil] - ✅ Scrolled to element BusinessName
[INFO] 30-04-2025 12:50:57 [main] [MethodUtil] - ✅ Scrolled to element Address Name
[INFO] 30-04-2025 12:50:57 [main] [MethodUtil] - ✅ Scrolled to element AddressLine1 
[INFO] 30-04-2025 12:50:57 [main] [MethodUtil] - ✅ Scrolled to element AddressLine2 
[INFO] 30-04-2025 12:50:57 [main] [MethodUtil] - ✅ Scrolled to element citY
[INFO] 30-04-2025 12:50:58 [main] [MethodUtil] - ✅ Scrolled to element Country
[INFO] 30-04-2025 12:50:59 [main] [MethodUtil] - Text Afghanistan is retrieved from country
[INFO] 30-04-2025 12:50:59 [main] [MethodUtil] - ✅ Scrolled to element country
[INFO] 30-04-2025 12:50:59 [main] [MethodUtil] - ✅ Scrolled to element State
[INFO] 30-04-2025 12:50:59 [main] [MethodUtil] - ✅ Scrolled to element postal code
[INFO] 30-04-2025 12:50:59 [main] [MethodUtil] - ✅ Scrolled to element Save
[INFO] 30-04-2025 12:51:01 [main] [MethodUtil] - ✅ Scrolled to element HomePage
[INFO] 30-04-2025 13:21:09 [main] [MethodUtil] - ✅ Scrolled to element Account Button
[INFO] 30-04-2025 13:21:10 [main] [MethodUtil] - ✅ Scrolled to element Sign In
[INFO] 30-04-2025 13:21:19 [main] [MethodUtil] - ✅ Scrolled to element Email
[INFO] 30-04-2025 13:21:20 [main] [MethodUtil] - ✅ Scrolled to element Password
[INFO] 30-04-2025 13:21:20 [main] [MethodUtil] - ✅ Scrolled to element Submit
[INFO] 30-04-2025 13:21:31 [main] [MethodUtil] - ✅ Scrolled to element HomePage
[INFO] 30-04-2025 13:22:06 [main] [MethodUtil] - ✅ Scrolled to element Account Button
[INFO] 30-04-2025 13:22:07 [main] [MethodUtil] - ✅ Scrolled to element Manage Account
[INFO] 30-04-2025 13:22:08 [main] [MethodUtil] - ✅ Scrolled to element Profile Mangement
[INFO] 30-04-2025 13:23:10 [main] [MethodUtil] - ✅ Scrolled to element Account Button
[INFO] 30-04-2025 13:23:31 [main] [MethodUtil] - ✅ Scrolled to element HomePage
[INFO] 30-04-2025 13:24:06 [main] [MethodUtil] - ✅ Scrolled to element Account Button
[INFO] 30-04-2025 13:24:07 [main] [MethodUtil] - ✅ Scrolled to element Manage Account
[INFO] 30-04-2025 13:24:08 [main] [MethodUtil] - ✅ Scrolled to element Billing pref
[INFO] 30-04-2025 13:24:09 [main] [MethodUtil] - ✅ Scrolled to element Add Address
[INFO] 30-04-2025 13:24:12 [main] [MethodUtil] - ✅ Scrolled to element BusinessName
[INFO] 30-04-2025 13:24:13 [main] [MethodUtil] - ✅ Scrolled to element Address Name
[INFO] 30-04-2025 13:24:13 [main] [MethodUtil] - ✅ Scrolled to element AddressLine1 
[INFO] 30-04-2025 13:24:13 [main] [MethodUtil] - ✅ Scrolled to element AddressLine2 
[INFO] 30-04-2025 13:24:14 [main] [MethodUtil] - ✅ Scrolled to element citY
[INFO] 30-04-2025 13:24:14 [main] [MethodUtil] - ✅ Scrolled to element Country
[INFO] 30-04-2025 13:24:15 [main] [MethodUtil] - Text Afghanistan is retrieved from country
[INFO] 30-04-2025 13:24:15 [main] [MethodUtil] - ✅ Scrolled to element country
[INFO] 30-04-2025 13:24:15 [main] [MethodUtil] - ✅ Scrolled to element State
[INFO] 30-04-2025 13:24:15 [main] [MethodUtil] - ✅ Scrolled to element postal code
[INFO] 30-04-2025 13:24:16 [main] [MethodUtil] - ✅ Scrolled to element Save
[INFO] 30-04-2025 13:24:57 [main] [MethodUtil] - ✅ Scrolled to element Account Button
[INFO] 30-04-2025 13:25:18 [main] [MethodUtil] - ✅ Scrolled to element HomePage
[INFO] 30-04-2025 13:25:54 [main] [MethodUtil] - ✅ Scrolled to element Account Button
[INFO] 30-04-2025 13:25:54 [main] [MethodUtil] - ✅ Scrolled to element Manage Account
[INFO] 30-04-2025 13:25:55 [main] [MethodUtil] - ✅ Scrolled to element Billing pref
[INFO] 30-04-2025 13:25:57 [main] [MethodUtil] - ✅ Scrolled to element Add Address
[INFO] 30-04-2025 13:26:00 [main] [MethodUtil] - ✅ Scrolled to element BusinessName
[INFO] 30-04-2025 13:26:00 [main] [MethodUtil] - ✅ Scrolled to element Address Name
[INFO] 30-04-2025 13:26:00 [main] [MethodUtil] - ✅ Scrolled to element AddressLine1 
[INFO] 30-04-2025 13:26:01 [main] [MethodUtil] - ✅ Scrolled to element AddressLine2 
[INFO] 30-04-2025 13:26:01 [main] [MethodUtil] - ✅ Scrolled to element citY
[INFO] 30-04-2025 13:26:01 [main] [MethodUtil] - ✅ Scrolled to element Country
[INFO] 30-04-2025 13:26:02 [main] [MethodUtil] - Text Afghanistan is retrieved from country
[INFO] 30-04-2025 13:26:02 [main] [MethodUtil] - ✅ Scrolled to element country
[INFO] 30-04-2025 13:26:02 [main] [MethodUtil] - ✅ Scrolled to element State
[INFO] 30-04-2025 13:26:03 [main] [MethodUtil] - ✅ Scrolled to element postal code
[INFO] 30-04-2025 13:26:03 [main] [MethodUtil] - ✅ Scrolled to element Save
[INFO] 30-04-2025 13:26:04 [main] [MethodUtil] - ✅ Scrolled to element HomePage
[INFO] 30-04-2025 13:36:48 [main] [MethodUtil] - ✅ Scrolled to element Account Button
[INFO] 30-04-2025 13:36:49 [main] [MethodUtil] - ✅ Scrolled to element Sign In
[INFO] 30-04-2025 13:36:59 [main] [MethodUtil] - ✅ Scrolled to element Email
[INFO] 30-04-2025 13:37:00 [main] [MethodUtil] - ✅ Scrolled to element Password
[INFO] 30-04-2025 13:37:00 [main] [MethodUtil] - ✅ Scrolled to element Submit
[INFO] 30-04-2025 13:37:16 [main] [MethodUtil] - ✅ Scrolled to element HomePage
[INFO] 30-04-2025 13:37:51 [main] [MethodUtil] - ✅ Scrolled to element Account Button
[INFO] 30-04-2025 13:37:52 [main] [MethodUtil] - ✅ Scrolled to element Manage Account
[INFO] 30-04-2025 13:37:53 [main] [MethodUtil] - ✅ Scrolled to element Profile Mangement
[INFO] 30-04-2025 13:38:55 [main] [MethodUtil] - ✅ Scrolled to element Account Button
[INFO] 30-04-2025 13:39:16 [main] [MethodUtil] - ✅ Scrolled to element HomePage
[INFO] 30-04-2025 13:39:52 [main] [MethodUtil] - ✅ Scrolled to element Account Button
[INFO] 30-04-2025 13:39:52 [main] [MethodUtil] - ✅ Scrolled to element Manage Account
[INFO] 30-04-2025 13:39:53 [main] [MethodUtil] - ✅ Scrolled to element Billing pref
[INFO] 30-04-2025 13:39:55 [main] [MethodUtil] - ✅ Scrolled to element Add Address
[INFO] 30-04-2025 13:39:58 [main] [MethodUtil] - ✅ Scrolled to element BusinessName
[INFO] 30-04-2025 13:39:59 [main] [MethodUtil] - ✅ Scrolled to element Address Name
[INFO] 30-04-2025 13:39:59 [main] [MethodUtil] - ✅ Scrolled to element AddressLine1 
[INFO] 30-04-2025 13:40:00 [main] [MethodUtil] - ✅ Scrolled to element AddressLine2 
[INFO] 30-04-2025 13:40:00 [main] [MethodUtil] - ✅ Scrolled to element citY
[INFO] 30-04-2025 13:40:01 [main] [MethodUtil] - ✅ Scrolled to element Country
[INFO] 30-04-2025 13:40:02 [main] [MethodUtil] - Text Afghanistan is retrieved from country
[INFO] 30-04-2025 13:40:02 [main] [MethodUtil] - ✅ Scrolled to element country
[INFO] 30-04-2025 13:40:02 [main] [MethodUtil] - ✅ Scrolled to element State
[INFO] 30-04-2025 13:40:03 [main] [MethodUtil] - ✅ Scrolled to element postal code
[INFO] 30-04-2025 13:40:03 [main] [MethodUtil] - ✅ Scrolled to element Save
[INFO] 30-04-2025 13:40:45 [main] [MethodUtil] - ✅ Scrolled to element Account Button
[INFO] 30-04-2025 13:41:06 [main] [MethodUtil] - ✅ Scrolled to element HomePage
[INFO] 30-04-2025 13:41:41 [main] [MethodUtil] - ✅ Scrolled to element Account Button
[INFO] 30-04-2025 13:41:42 [main] [MethodUtil] - ✅ Scrolled to element Manage Account
[INFO] 30-04-2025 13:41:43 [main] [MethodUtil] - ✅ Scrolled to element Billing pref
[INFO] 30-04-2025 13:41:44 [main] [MethodUtil] - ✅ Scrolled to element Add Address
[INFO] 30-04-2025 13:41:47 [main] [MethodUtil] - ✅ Scrolled to element BusinessName
[INFO] 30-04-2025 13:41:48 [main] [MethodUtil] - ✅ Scrolled to element Address Name
[INFO] 30-04-2025 13:41:48 [main] [MethodUtil] - ✅ Scrolled to element AddressLine1 
[INFO] 30-04-2025 13:41:48 [main] [MethodUtil] - ✅ Scrolled to element AddressLine2 
[INFO] 30-04-2025 13:41:49 [main] [MethodUtil] - ✅ Scrolled to element citY
[INFO] 30-04-2025 13:41:49 [main] [MethodUtil] - ✅ Scrolled to element Country
[INFO] 30-04-2025 13:41:50 [main] [MethodUtil] - Text Afghanistan is retrieved from country
[INFO] 30-04-2025 13:41:50 [main] [MethodUtil] - ✅ Scrolled to element country
[INFO] 30-04-2025 13:41:50 [main] [MethodUtil] - ✅ Scrolled to element State
[INFO] 30-04-2025 13:41:50 [main] [MethodUtil] - ✅ Scrolled to element postal code
[INFO] 30-04-2025 13:41:51 [main] [MethodUtil] - ✅ Scrolled to element Save
[INFO] 30-04-2025 13:41:52 [main] [MethodUtil] - ✅ Scrolled to element HomePage
[INFO] 30-04-2025 13:42:10 [main] [MethodUtil] - ✅ Scrolled to element Account Button
[INFO] 30-04-2025 13:42:57 [main] [MethodUtil] - ✅ Scrolled to element Filter Button
[INFO] 30-04-2025 13:42:57 [main] [MethodUtil] - ✅ Scrolled to element Translate From Button
[INFO] 30-04-2025 13:43:00 [main] [MethodUtil] - ✅ Scrolled to element Translate from language
[INFO] 30-04-2025 13:43:01 [main] [MethodUtil] - ✅ Scrolled to element Translate From Language
[INFO] 30-04-2025 13:43:03 [main] [MethodUtil] - ✅ Scrolled to element Translate To Button
[INFO] 30-04-2025 13:43:03 [main] [MethodUtil] - ✅ Scrolled to element Translate to language
[INFO] 30-04-2025 13:43:03 [main] [MethodUtil] - ✅ Scrolled to element Translate to language
[INFO] 30-04-2025 13:43:06 [main] [MethodUtil] - ✅ Scrolled to element Apply Button
