[INFO] 10-03-2025 11:39:40 [main] [MethodUtil] - ✅ Scrolled to element Register
[INFO] 10-03-2025 11:39:47 [main] [MethodUtil] - ✅ Scrolled to element Email
[INFO] 10-03-2025 11:39:48 [main] [MethodUtil] - ✅ Scrolled to element Password
[INFO] 10-03-2025 11:39:48 [main] [MethodUtil] - ✅ Scrolled to element Submit
[INFO] 10-03-2025 11:40:01 [main] [MethodUtil] - ✅ Scrolled to element Request Quote
[INFO] 10-03-2025 11:40:02 [main] [MethodUtil] - ✅ Scrolled to element Country List Button
[INFO] 10-03-2025 11:40:05 [main] [MethodUtil] - Text China (Mainland) is retrieved from Country List
[INFO] 10-03-2025 11:40:05 [main] [MethodUtil] - Text United Kingdom (UK) is retrieved from Country List
[INFO] 10-03-2025 11:40:05 [main] [MethodUtil] - Text Isle of Man is retrieved from Country List
[INFO] 10-03-2025 11:40:05 [main] [MethodUtil] - Text Guernsey is retrieved from Country List
[INFO] 10-03-2025 11:40:05 [main] [MethodUtil] - Text Singapore is retrieved from Country List
[INFO] 10-03-2025 11:40:05 [main] [MethodUtil] - Text Other countries/territories is retrieved from Country List
[INFO] 10-03-2025 11:40:05 [main] [MethodUtil] - Text Malaysia is retrieved from Country List
[INFO] 10-03-2025 11:40:05 [main] [MethodUtil] - Text Australia is retrieved from Country List
[INFO] 10-03-2025 11:40:05 [main] [MethodUtil] - Text Egypt is retrieved from Country List
[INFO] 10-03-2025 11:40:05 [main] [MethodUtil] - ✅ Scrolled to element Country List
[INFO] 10-03-2025 11:40:06 [main] [MethodUtil] - ✅ Scrolled to element Next Button
[INFO] 10-03-2025 11:40:26 [main] [MethodUtil] - ✅ Scrolled to element Upload Button
[INFO] 10-03-2025 11:40:31 [main] [MethodUtil] - ✅ Scrolled to element Next Button
[INFO] 10-03-2025 11:44:18 [main] [MethodUtil] - ✅ Scrolled to element Register
[INFO] 10-03-2025 11:44:26 [main] [MethodUtil] - ✅ Scrolled to element Email
[INFO] 10-03-2025 11:44:26 [main] [MethodUtil] - ✅ Scrolled to element Password
[INFO] 10-03-2025 11:44:27 [main] [MethodUtil] - ✅ Scrolled to element Submit
[INFO] 10-03-2025 11:44:37 [main] [MethodUtil] - ✅ Scrolled to element Request Quote
[INFO] 10-03-2025 11:44:38 [main] [MethodUtil] - ✅ Scrolled to element Country List Button
[INFO] 10-03-2025 11:44:41 [main] [MethodUtil] - Text China (Mainland) is retrieved from Country List
[INFO] 10-03-2025 11:44:41 [main] [MethodUtil] - Text United Kingdom (UK) is retrieved from Country List
[INFO] 10-03-2025 11:44:41 [main] [MethodUtil] - Text Isle of Man is retrieved from Country List
[INFO] 10-03-2025 11:44:41 [main] [MethodUtil] - Text Guernsey is retrieved from Country List
[INFO] 10-03-2025 11:44:41 [main] [MethodUtil] - Text Singapore is retrieved from Country List
[INFO] 10-03-2025 11:44:41 [main] [MethodUtil] - Text Other countries/territories is retrieved from Country List
[INFO] 10-03-2025 11:44:41 [main] [MethodUtil] - Text Malaysia is retrieved from Country List
[INFO] 10-03-2025 11:44:41 [main] [MethodUtil] - Text Australia is retrieved from Country List
[INFO] 10-03-2025 11:44:41 [main] [MethodUtil] - Text Egypt is retrieved from Country List
[INFO] 10-03-2025 11:44:41 [main] [MethodUtil] - ✅ Scrolled to element Country List
[INFO] 10-03-2025 11:44:42 [main] [MethodUtil] - ✅ Scrolled to element Next Button
[INFO] 10-03-2025 11:45:02 [main] [MethodUtil] - ✅ Scrolled to element Upload Button
[INFO] 10-03-2025 11:45:08 [main] [MethodUtil] - Upload File with Local Form: D:\HAI\Testing Files\500words.rtf
[INFO] 10-03-2025 11:45:13 [main] [MethodUtil] - ✅ Scrolled to element Next Button
[INFO] 10-03-2025 11:48:38 [main] [MethodUtil] - ✅ Scrolled to element Register
[INFO] 10-03-2025 11:48:46 [main] [MethodUtil] - ✅ Scrolled to element Email
[INFO] 10-03-2025 11:48:47 [main] [MethodUtil] - ✅ Scrolled to element Password
[INFO] 10-03-2025 11:48:47 [main] [MethodUtil] - ✅ Scrolled to element Submit
[INFO] 10-03-2025 11:48:57 [main] [MethodUtil] - ✅ Scrolled to element Request Quote
[INFO] 10-03-2025 11:48:58 [main] [MethodUtil] - ✅ Scrolled to element Country List Button
[INFO] 10-03-2025 11:49:01 [main] [MethodUtil] - Text China (Mainland) is retrieved from Country List
[INFO] 10-03-2025 11:49:01 [main] [MethodUtil] - Text United Kingdom (UK) is retrieved from Country List
[INFO] 10-03-2025 11:49:01 [main] [MethodUtil] - Text Isle of Man is retrieved from Country List
[INFO] 10-03-2025 11:49:01 [main] [MethodUtil] - Text Guernsey is retrieved from Country List
[INFO] 10-03-2025 11:49:01 [main] [MethodUtil] - Text Singapore is retrieved from Country List
[INFO] 10-03-2025 11:49:01 [main] [MethodUtil] - Text Other countries/territories is retrieved from Country List
[INFO] 10-03-2025 11:49:01 [main] [MethodUtil] - Text Malaysia is retrieved from Country List
[INFO] 10-03-2025 11:49:01 [main] [MethodUtil] - Text Australia is retrieved from Country List
[INFO] 10-03-2025 11:49:01 [main] [MethodUtil] - Text Egypt is retrieved from Country List
[INFO] 10-03-2025 11:49:01 [main] [MethodUtil] - ✅ Scrolled to element Country List
[INFO] 10-03-2025 11:49:02 [main] [MethodUtil] - ✅ Scrolled to element Next Button
[INFO] 10-03-2025 11:49:22 [main] [MethodUtil] - ✅ Scrolled to element Upload Button
[INFO] 10-03-2025 11:49:27 [main] [MethodUtil] - Upload File with Local Form: D:\HAI\Testing Files\500words.rtf
[INFO] 10-03-2025 11:49:32 [main] [MethodUtil] - ✅ Scrolled to element Next Button
[INFO] 10-03-2025 11:50:43 [main] [MethodUtil] - ✅ Scrolled to element Register
[INFO] 10-03-2025 11:50:52 [main] [MethodUtil] - ✅ Scrolled to element Email
[INFO] 10-03-2025 11:50:52 [main] [MethodUtil] - ✅ Scrolled to element Password
[INFO] 10-03-2025 11:50:52 [main] [MethodUtil] - ✅ Scrolled to element Submit
[INFO] 10-03-2025 11:51:03 [main] [MethodUtil] - ✅ Scrolled to element Request Quote
[INFO] 10-03-2025 11:51:04 [main] [MethodUtil] - ✅ Scrolled to element Country List Button
[INFO] 10-03-2025 11:51:07 [main] [MethodUtil] - Text China (Mainland) is retrieved from Country List
[INFO] 10-03-2025 11:51:07 [main] [MethodUtil] - Text United Kingdom (UK) is retrieved from Country List
[INFO] 10-03-2025 11:51:07 [main] [MethodUtil] - Text Isle of Man is retrieved from Country List
[INFO] 10-03-2025 11:51:07 [main] [MethodUtil] - Text Guernsey is retrieved from Country List
[INFO] 10-03-2025 11:51:07 [main] [MethodUtil] - Text Singapore is retrieved from Country List
[INFO] 10-03-2025 11:51:07 [main] [MethodUtil] - Text Other countries/territories is retrieved from Country List
[INFO] 10-03-2025 11:51:07 [main] [MethodUtil] - Text Malaysia is retrieved from Country List
[INFO] 10-03-2025 11:51:07 [main] [MethodUtil] - Text Australia is retrieved from Country List
[INFO] 10-03-2025 11:51:07 [main] [MethodUtil] - Text Egypt is retrieved from Country List
[INFO] 10-03-2025 11:51:07 [main] [MethodUtil] - ✅ Scrolled to element Country List
[INFO] 10-03-2025 11:51:07 [main] [MethodUtil] - ✅ Scrolled to element Next Button
[INFO] 10-03-2025 11:51:28 [main] [MethodUtil] - ✅ Scrolled to element Upload Button
[INFO] 10-03-2025 11:52:19 [main] [MethodUtil] - ✅ Scrolled to element Register
[INFO] 10-03-2025 11:52:26 [main] [MethodUtil] - ✅ Scrolled to element Email
[INFO] 10-03-2025 11:52:27 [main] [MethodUtil] - ✅ Scrolled to element Password
[INFO] 10-03-2025 11:52:27 [main] [MethodUtil] - ✅ Scrolled to element Submit
[INFO] 10-03-2025 11:52:38 [main] [MethodUtil] - ✅ Scrolled to element Request Quote
[INFO] 10-03-2025 11:52:39 [main] [MethodUtil] - ✅ Scrolled to element Country List Button
[INFO] 10-03-2025 11:52:42 [main] [MethodUtil] - Text China (Mainland) is retrieved from Country List
[INFO] 10-03-2025 11:52:42 [main] [MethodUtil] - Text United Kingdom (UK) is retrieved from Country List
[INFO] 10-03-2025 11:52:42 [main] [MethodUtil] - Text Isle of Man is retrieved from Country List
[INFO] 10-03-2025 11:52:42 [main] [MethodUtil] - Text Guernsey is retrieved from Country List
[INFO] 10-03-2025 11:52:42 [main] [MethodUtil] - Text Singapore is retrieved from Country List
[INFO] 10-03-2025 11:52:42 [main] [MethodUtil] - Text Other countries/territories is retrieved from Country List
[INFO] 10-03-2025 11:52:42 [main] [MethodUtil] - Text Malaysia is retrieved from Country List
[INFO] 10-03-2025 11:52:42 [main] [MethodUtil] - Text Australia is retrieved from Country List
[INFO] 10-03-2025 11:52:42 [main] [MethodUtil] - Text Egypt is retrieved from Country List
[INFO] 10-03-2025 11:52:42 [main] [MethodUtil] - ✅ Scrolled to element Country List
[INFO] 10-03-2025 11:52:42 [main] [MethodUtil] - ✅ Scrolled to element Next Button
[INFO] 10-03-2025 11:56:41 [main] [MethodUtil] - ✅ Scrolled to element Register
[INFO] 10-03-2025 11:56:53 [main] [MethodUtil] - ✅ Scrolled to element Email
[INFO] 10-03-2025 11:56:53 [main] [MethodUtil] - ✅ Scrolled to element Password
[INFO] 10-03-2025 11:56:53 [main] [MethodUtil] - ✅ Scrolled to element Submit
[INFO] 10-03-2025 11:57:06 [main] [MethodUtil] - ✅ Scrolled to element Request Quote
[INFO] 10-03-2025 11:57:06 [main] [MethodUtil] - ✅ Scrolled to element Country List Button
[INFO] 10-03-2025 11:57:10 [main] [MethodUtil] - Text China (Mainland) is retrieved from Country List
[INFO] 10-03-2025 11:57:10 [main] [MethodUtil] - Text United Kingdom (UK) is retrieved from Country List
[INFO] 10-03-2025 11:57:10 [main] [MethodUtil] - Text Isle of Man is retrieved from Country List
[INFO] 10-03-2025 11:57:10 [main] [MethodUtil] - Text Guernsey is retrieved from Country List
[INFO] 10-03-2025 11:57:10 [main] [MethodUtil] - Text Singapore is retrieved from Country List
[INFO] 10-03-2025 11:57:10 [main] [MethodUtil] - Text Other countries/territories is retrieved from Country List
[INFO] 10-03-2025 11:57:10 [main] [MethodUtil] - Text Malaysia is retrieved from Country List
[INFO] 10-03-2025 11:57:10 [main] [MethodUtil] - Text Australia is retrieved from Country List
[INFO] 10-03-2025 11:57:10 [main] [MethodUtil] - Text Egypt is retrieved from Country List
[INFO] 10-03-2025 11:57:10 [main] [MethodUtil] - ✅ Scrolled to element Country List
[INFO] 10-03-2025 11:57:10 [main] [MethodUtil] - ✅ Scrolled to element Next Button
[INFO] 10-03-2025 11:57:11 [main] [MethodUtil] - ✅ Scrolled to element Upload Button
[INFO] 10-03-2025 11:57:16 [main] [MethodUtil] - Upload File with Local Form: D:\HAI\Testing Files\500words.rtf
[INFO] 10-03-2025 11:57:21 [main] [MethodUtil] - ✅ Scrolled to element Next Button
[INFO] 10-03-2025 12:02:40 [main] [MethodUtil] - ✅ Scrolled to element Register
[INFO] 10-03-2025 12:02:48 [main] [MethodUtil] - ✅ Scrolled to element Email
[INFO] 10-03-2025 12:02:48 [main] [MethodUtil] - ✅ Scrolled to element Password
[INFO] 10-03-2025 12:02:48 [main] [MethodUtil] - ✅ Scrolled to element Submit
[INFO] 10-03-2025 12:02:58 [main] [MethodUtil] - ✅ Scrolled to element Request Quote
[INFO] 10-03-2025 12:02:59 [main] [MethodUtil] - ✅ Scrolled to element Country List Button
[INFO] 10-03-2025 12:03:02 [main] [MethodUtil] - Text China (Mainland) is retrieved from Country List
[INFO] 10-03-2025 12:03:02 [main] [MethodUtil] - Text United Kingdom (UK) is retrieved from Country List
[INFO] 10-03-2025 12:03:02 [main] [MethodUtil] - Text Isle of Man is retrieved from Country List
[INFO] 10-03-2025 12:03:02 [main] [MethodUtil] - Text Guernsey is retrieved from Country List
[INFO] 10-03-2025 12:03:02 [main] [MethodUtil] - Text Singapore is retrieved from Country List
[INFO] 10-03-2025 12:03:02 [main] [MethodUtil] - Text Other countries/territories is retrieved from Country List
[INFO] 10-03-2025 12:03:02 [main] [MethodUtil] - Text Malaysia is retrieved from Country List
[INFO] 10-03-2025 12:03:02 [main] [MethodUtil] - Text Australia is retrieved from Country List
[INFO] 10-03-2025 12:03:02 [main] [MethodUtil] - Text Egypt is retrieved from Country List
[INFO] 10-03-2025 12:03:02 [main] [MethodUtil] - ✅ Scrolled to element Country List
[INFO] 10-03-2025 12:03:02 [main] [MethodUtil] - ✅ Scrolled to element Next Button
[INFO] 10-03-2025 12:03:03 [main] [MethodUtil] - ✅ Scrolled to element Upload Button
[INFO] 10-03-2025 12:03:08 [main] [MethodUtil] - Upload File with Local Form: D:\HAI\Testing Files\500words.rtf
[INFO] 10-03-2025 12:03:18 [main] [MethodUtil] - ✅ Scrolled to element Next Button
[INFO] 10-03-2025 12:03:22 [main] [MethodUtil] - ✅ Scrolled to element Translate From
[INFO] 10-03-2025 12:03:25 [main] [MethodUtil] - Text Arabic (United Arab Emirates) is retrieved from Translate From Option
[INFO] 10-03-2025 12:03:25 [main] [MethodUtil] - Text Bengali (India) is retrieved from Translate From Option
[INFO] 10-03-2025 12:03:25 [main] [MethodUtil] - Text Chinese (Simplified, China) is retrieved from Translate From Option
[INFO] 10-03-2025 12:03:25 [main] [MethodUtil] - ✅ Scrolled to element Translate From Option
[INFO] 10-03-2025 12:03:27 [main] [MethodUtil] - ✅ Scrolled to element Translate to
[INFO] 10-03-2025 12:03:49 [main] [MethodUtil] - ✅ Scrolled to element Translate to
[INFO] 10-03-2025 12:03:49 [main] [MethodUtil] - ✅ Scrolled to element Next Button
[INFO] 10-03-2025 12:07:02 [main] [MethodUtil] - ✅ Scrolled to element Register
[INFO] 10-03-2025 12:07:09 [main] [MethodUtil] - ✅ Scrolled to element Email
[INFO] 10-03-2025 12:07:10 [main] [MethodUtil] - ✅ Scrolled to element Password
[INFO] 10-03-2025 12:07:10 [main] [MethodUtil] - ✅ Scrolled to element Submit
[INFO] 10-03-2025 12:07:20 [main] [MethodUtil] - ✅ Scrolled to element Request Quote
[INFO] 10-03-2025 12:07:21 [main] [MethodUtil] - ✅ Scrolled to element Country List Button
[INFO] 10-03-2025 12:07:24 [main] [MethodUtil] - Text China (Mainland) is retrieved from Country List
[INFO] 10-03-2025 12:07:24 [main] [MethodUtil] - Text United Kingdom (UK) is retrieved from Country List
[INFO] 10-03-2025 12:07:24 [main] [MethodUtil] - Text Isle of Man is retrieved from Country List
[INFO] 10-03-2025 12:07:24 [main] [MethodUtil] - Text Guernsey is retrieved from Country List
[INFO] 10-03-2025 12:07:24 [main] [MethodUtil] - Text Singapore is retrieved from Country List
[INFO] 10-03-2025 12:07:24 [main] [MethodUtil] - Text Other countries/territories is retrieved from Country List
[INFO] 10-03-2025 12:07:24 [main] [MethodUtil] - Text Malaysia is retrieved from Country List
[INFO] 10-03-2025 12:07:24 [main] [MethodUtil] - Text Australia is retrieved from Country List
[INFO] 10-03-2025 12:07:24 [main] [MethodUtil] - Text Egypt is retrieved from Country List
[INFO] 10-03-2025 12:07:24 [main] [MethodUtil] - ✅ Scrolled to element Country List
[INFO] 10-03-2025 12:07:24 [main] [MethodUtil] - ✅ Scrolled to element Next Button
[INFO] 10-03-2025 12:07:25 [main] [MethodUtil] - ✅ Scrolled to element Upload Button
[INFO] 10-03-2025 12:07:30 [main] [MethodUtil] - Upload File with Local Form: D:\HAI\Testing Files\500words.rtf
[INFO] 10-03-2025 12:07:40 [main] [MethodUtil] - ✅ Scrolled to element Next Button
[INFO] 10-03-2025 12:07:44 [main] [MethodUtil] - ✅ Scrolled to element Translate From
[INFO] 10-03-2025 12:07:47 [main] [MethodUtil] - Text Arabic (United Arab Emirates) is retrieved from Translate From Option
[INFO] 10-03-2025 12:07:47 [main] [MethodUtil] - Text Bengali (India) is retrieved from Translate From Option
[INFO] 10-03-2025 12:07:47 [main] [MethodUtil] - Text Chinese (Simplified, China) is retrieved from Translate From Option
[INFO] 10-03-2025 12:07:47 [main] [MethodUtil] - ✅ Scrolled to element Translate From Option
[INFO] 10-03-2025 12:07:49 [main] [MethodUtil] - ✅ Scrolled to element Translate to
[INFO] 10-03-2025 12:08:11 [main] [MethodUtil] - ✅ Scrolled to element Translate to
[INFO] 10-03-2025 12:08:11 [main] [MethodUtil] - ✅ Scrolled to element Next Button
[INFO] 10-03-2025 12:08:12 [main] [MethodUtil] - ✅ Scrolled to element Send Me A Quote
[INFO] 10-03-2025 12:16:03 [main] [MethodUtil] - ✅ Scrolled to element Register
[INFO] 10-03-2025 12:16:11 [main] [MethodUtil] - ✅ Scrolled to element Email
[INFO] 10-03-2025 12:16:11 [main] [MethodUtil] - ✅ Scrolled to element Password
[INFO] 10-03-2025 12:16:11 [main] [MethodUtil] - ✅ Scrolled to element Submit
[INFO] 10-03-2025 12:16:23 [main] [MethodUtil] - ✅ Scrolled to element Request Quote
[INFO] 10-03-2025 12:16:23 [main] [MethodUtil] - ✅ Scrolled to element Country List Button
[INFO] 10-03-2025 12:16:26 [main] [MethodUtil] - Text China (Mainland) is retrieved from Country List
[INFO] 10-03-2025 12:16:27 [main] [MethodUtil] - Text United Kingdom (UK) is retrieved from Country List
[INFO] 10-03-2025 12:16:27 [main] [MethodUtil] - Text Isle of Man is retrieved from Country List
[INFO] 10-03-2025 12:16:27 [main] [MethodUtil] - Text Guernsey is retrieved from Country List
[INFO] 10-03-2025 12:16:27 [main] [MethodUtil] - Text Singapore is retrieved from Country List
[INFO] 10-03-2025 12:16:27 [main] [MethodUtil] - Text Other countries/territories is retrieved from Country List
[INFO] 10-03-2025 12:16:27 [main] [MethodUtil] - Text Malaysia is retrieved from Country List
[INFO] 10-03-2025 12:16:27 [main] [MethodUtil] - Text Australia is retrieved from Country List
[INFO] 10-03-2025 12:16:27 [main] [MethodUtil] - Text Egypt is retrieved from Country List
[INFO] 10-03-2025 12:16:27 [main] [MethodUtil] - ✅ Scrolled to element Country List
[INFO] 10-03-2025 12:16:27 [main] [MethodUtil] - ✅ Scrolled to element Next Button
[INFO] 10-03-2025 12:16:28 [main] [MethodUtil] - ✅ Scrolled to element Upload Button
[INFO] 10-03-2025 12:16:33 [main] [MethodUtil] - Upload File with Local Form: D:\HAI\Testing Files\500words.rtf
[INFO] 10-03-2025 12:16:43 [main] [MethodUtil] - ✅ Scrolled to element Next Button
[INFO] 10-03-2025 12:20:12 [main] [MethodUtil] - ✅ Scrolled to element Register
[INFO] 10-03-2025 12:20:21 [main] [MethodUtil] - ✅ Scrolled to element Email
[INFO] 10-03-2025 12:20:21 [main] [MethodUtil] - ✅ Scrolled to element Password
[INFO] 10-03-2025 12:20:21 [main] [MethodUtil] - ✅ Scrolled to element Submit
[INFO] 10-03-2025 12:20:33 [main] [MethodUtil] - ✅ Scrolled to element Request Quote
[INFO] 10-03-2025 12:20:34 [main] [MethodUtil] - ✅ Scrolled to element Country List Button
[INFO] 10-03-2025 12:20:37 [main] [MethodUtil] - Text China (Mainland) is retrieved from Country List
[INFO] 10-03-2025 12:20:37 [main] [MethodUtil] - Text United Kingdom (UK) is retrieved from Country List
[INFO] 10-03-2025 12:20:37 [main] [MethodUtil] - Text Isle of Man is retrieved from Country List
[INFO] 10-03-2025 12:20:37 [main] [MethodUtil] - Text Guernsey is retrieved from Country List
[INFO] 10-03-2025 12:20:37 [main] [MethodUtil] - Text Singapore is retrieved from Country List
[INFO] 10-03-2025 12:20:37 [main] [MethodUtil] - Text Other countries/territories is retrieved from Country List
[INFO] 10-03-2025 12:20:37 [main] [MethodUtil] - Text Malaysia is retrieved from Country List
[INFO] 10-03-2025 12:20:37 [main] [MethodUtil] - Text Australia is retrieved from Country List
[INFO] 10-03-2025 12:20:37 [main] [MethodUtil] - Text Egypt is retrieved from Country List
[INFO] 10-03-2025 12:20:37 [main] [MethodUtil] - ✅ Scrolled to element Country List
[INFO] 10-03-2025 12:20:38 [main] [MethodUtil] - ✅ Scrolled to element Next Button
[INFO] 10-03-2025 12:20:38 [main] [MethodUtil] - ✅ Scrolled to element Upload Button
[INFO] 10-03-2025 12:20:44 [main] [MethodUtil] - Upload File with Local Form: D:\HAI\Testing Files\500words.rtf
[INFO] 10-03-2025 12:20:54 [main] [MethodUtil] - ✅ Scrolled to element Next Button
[INFO] 10-03-2025 12:20:58 [main] [MethodUtil] - ✅ Scrolled to element Translate From
[INFO] 10-03-2025 12:21:00 [main] [MethodUtil] - Text Arabic (United Arab Emirates) is retrieved from Translate From Option
[INFO] 10-03-2025 12:21:00 [main] [MethodUtil] - Text Bengali (India) is retrieved from Translate From Option
[INFO] 10-03-2025 12:21:00 [main] [MethodUtil] - Text Chinese (Simplified, China) is retrieved from Translate From Option
[INFO] 10-03-2025 12:21:00 [main] [MethodUtil] - ✅ Scrolled to element Translate From Option
[INFO] 10-03-2025 12:21:03 [main] [MethodUtil] - ✅ Scrolled to element Translate to
[INFO] 10-03-2025 12:21:26 [main] [MethodUtil] - ✅ Scrolled to element Translate to
[INFO] 10-03-2025 12:21:26 [main] [MethodUtil] - ✅ Scrolled to element Next Button
[INFO] 10-03-2025 12:21:26 [main] [MethodUtil] - ✅ Scrolled to element Send Me A Quote
[INFO] 10-03-2025 12:25:52 [main] [MethodUtil] - ✅ Scrolled to element Register
[INFO] 10-03-2025 12:26:01 [main] [MethodUtil] - ✅ Scrolled to element Email
[INFO] 10-03-2025 12:26:02 [main] [MethodUtil] - ✅ Scrolled to element Password
[INFO] 10-03-2025 12:26:02 [main] [MethodUtil] - ✅ Scrolled to element Submit
[INFO] 10-03-2025 12:26:13 [main] [MethodUtil] - ✅ Scrolled to element Request Quote
[INFO] 10-03-2025 12:26:14 [main] [MethodUtil] - ✅ Scrolled to element Country List Button
[INFO] 10-03-2025 12:26:14 [main] [MethodUtil] - Text China (Mainland) is retrieved from Country List
[INFO] 10-03-2025 12:26:14 [main] [MethodUtil] - Text United Kingdom (UK) is retrieved from Country List
[INFO] 10-03-2025 12:26:14 [main] [MethodUtil] - Text Isle of Man is retrieved from Country List
[INFO] 10-03-2025 12:26:14 [main] [MethodUtil] - Text Guernsey is retrieved from Country List
[INFO] 10-03-2025 12:26:14 [main] [MethodUtil] - Text Singapore is retrieved from Country List
[INFO] 10-03-2025 12:26:14 [main] [MethodUtil] - Text Other countries/territories is retrieved from Country List
[INFO] 10-03-2025 12:26:14 [main] [MethodUtil] - Text Malaysia is retrieved from Country List
[INFO] 10-03-2025 12:26:14 [main] [MethodUtil] - Text Australia is retrieved from Country List
[INFO] 10-03-2025 12:26:15 [main] [MethodUtil] - Text Egypt is retrieved from Country List
[INFO] 10-03-2025 12:26:15 [main] [MethodUtil] - ✅ Scrolled to element Country List
[INFO] 10-03-2025 12:26:15 [main] [MethodUtil] - ✅ Scrolled to element Next Button
[INFO] 10-03-2025 12:26:16 [main] [MethodUtil] - ✅ Scrolled to element Upload Button
[INFO] 10-03-2025 12:26:21 [main] [MethodUtil] - Upload File with Local Form: D:\HAI\Testing Files\500words.rtf
[INFO] 10-03-2025 12:26:21 [main] [MethodUtil] - ✅ Scrolled to element Next Button
[INFO] 10-03-2025 12:41:13 [main] [MethodUtil] - ✅ Scrolled to element Register
[INFO] 10-03-2025 12:41:21 [main] [MethodUtil] - ✅ Scrolled to element Email
[INFO] 10-03-2025 12:41:22 [main] [MethodUtil] - ✅ Scrolled to element Password
[INFO] 10-03-2025 12:41:22 [main] [MethodUtil] - ✅ Scrolled to element Submit
[INFO] 10-03-2025 12:41:33 [main] [MethodUtil] - ✅ Scrolled to element Request Quote
[INFO] 10-03-2025 12:41:34 [main] [MethodUtil] - ✅ Scrolled to element Country List Button
[INFO] 10-03-2025 12:41:35 [main] [MethodUtil] - Text China (Mainland) is retrieved from Country List
[INFO] 10-03-2025 12:41:35 [main] [MethodUtil] - Text United Kingdom (UK) is retrieved from Country List
[INFO] 10-03-2025 12:41:35 [main] [MethodUtil] - Text Isle of Man is retrieved from Country List
[INFO] 10-03-2025 12:41:35 [main] [MethodUtil] - Text Guernsey is retrieved from Country List
[INFO] 10-03-2025 12:41:35 [main] [MethodUtil] - Text Singapore is retrieved from Country List
[INFO] 10-03-2025 12:41:35 [main] [MethodUtil] - Text Other countries/territories is retrieved from Country List
[INFO] 10-03-2025 12:41:35 [main] [MethodUtil] - Text Malaysia is retrieved from Country List
[INFO] 10-03-2025 12:41:35 [main] [MethodUtil] - Text Australia is retrieved from Country List
[INFO] 10-03-2025 12:41:35 [main] [MethodUtil] - Text Egypt is retrieved from Country List
[INFO] 10-03-2025 12:41:35 [main] [MethodUtil] - ✅ Scrolled to element Country List
[INFO] 10-03-2025 12:41:35 [main] [MethodUtil] - ✅ Scrolled to element Next Button
[INFO] 10-03-2025 12:41:55 [main] [MethodUtil] - ✅ Scrolled to element Upload Button
[INFO] 10-03-2025 12:42:16 [main] [MethodUtil] - ✅ Scrolled to element Path
[INFO] 10-03-2025 12:42:16 [main] [MethodUtil] - ✅ Scrolled to element Next Button
[INFO] 10-03-2025 12:45:36 [main] [MethodUtil] - ✅ Scrolled to element Register
[INFO] 10-03-2025 12:45:48 [main] [MethodUtil] - ✅ Scrolled to element Email
[INFO] 10-03-2025 12:45:48 [main] [MethodUtil] - ✅ Scrolled to element Password
[INFO] 10-03-2025 12:45:48 [main] [MethodUtil] - ✅ Scrolled to element Submit
[INFO] 10-03-2025 12:46:01 [main] [MethodUtil] - ✅ Scrolled to element Request Quote
[INFO] 10-03-2025 12:46:02 [main] [MethodUtil] - ✅ Scrolled to element Country List Button
[INFO] 10-03-2025 12:46:02 [main] [MethodUtil] - Text China (Mainland) is retrieved from Country List
[INFO] 10-03-2025 12:46:02 [main] [MethodUtil] - Text United Kingdom (UK) is retrieved from Country List
[INFO] 10-03-2025 12:46:02 [main] [MethodUtil] - Text Isle of Man is retrieved from Country List
[INFO] 10-03-2025 12:46:02 [main] [MethodUtil] - Text Guernsey is retrieved from Country List
[INFO] 10-03-2025 12:46:02 [main] [MethodUtil] - Text Singapore is retrieved from Country List
[INFO] 10-03-2025 12:46:02 [main] [MethodUtil] - Text Other countries/territories is retrieved from Country List
[INFO] 10-03-2025 12:46:02 [main] [MethodUtil] - Text Malaysia is retrieved from Country List
[INFO] 10-03-2025 12:46:02 [main] [MethodUtil] - Text Australia is retrieved from Country List
[INFO] 10-03-2025 12:46:02 [main] [MethodUtil] - Text Egypt is retrieved from Country List
[INFO] 10-03-2025 12:46:02 [main] [MethodUtil] - ✅ Scrolled to element Country List
[INFO] 10-03-2025 12:46:03 [main] [MethodUtil] - ✅ Scrolled to element Next Button
[INFO] 10-03-2025 12:46:23 [main] [MethodUtil] - ✅ Scrolled to element Upload Button
[INFO] 10-03-2025 12:46:44 [main] [MethodUtil] - ✅ Scrolled to element Path
[INFO] 10-03-2025 12:46:44 [main] [MethodUtil] - ✅ Scrolled to element Next Button
[INFO] 10-03-2025 12:48:05 [main] [MethodUtil] - ✅ Scrolled to element Register
[INFO] 10-03-2025 12:48:13 [main] [MethodUtil] - ✅ Scrolled to element Email
[INFO] 10-03-2025 12:48:13 [main] [MethodUtil] - ✅ Scrolled to element Password
[INFO] 10-03-2025 12:48:13 [main] [MethodUtil] - ✅ Scrolled to element Submit
[INFO] 10-03-2025 12:48:25 [main] [MethodUtil] - ✅ Scrolled to element Request Quote
[INFO] 10-03-2025 12:48:25 [main] [MethodUtil] - ✅ Scrolled to element Country List Button
[INFO] 10-03-2025 12:48:26 [main] [MethodUtil] - Text China (Mainland) is retrieved from Country List
[INFO] 10-03-2025 12:48:26 [main] [MethodUtil] - Text United Kingdom (UK) is retrieved from Country List
[INFO] 10-03-2025 12:48:26 [main] [MethodUtil] - Text Isle of Man is retrieved from Country List
[INFO] 10-03-2025 12:48:26 [main] [MethodUtil] - Text Guernsey is retrieved from Country List
[INFO] 10-03-2025 12:48:26 [main] [MethodUtil] - Text Singapore is retrieved from Country List
[INFO] 10-03-2025 12:48:26 [main] [MethodUtil] - Text Other countries/territories is retrieved from Country List
[INFO] 10-03-2025 12:48:26 [main] [MethodUtil] - Text Malaysia is retrieved from Country List
[INFO] 10-03-2025 12:48:26 [main] [MethodUtil] - Text Australia is retrieved from Country List
[INFO] 10-03-2025 12:48:26 [main] [MethodUtil] - Text Egypt is retrieved from Country List
[INFO] 10-03-2025 12:48:26 [main] [MethodUtil] - ✅ Scrolled to element Country List
[INFO] 10-03-2025 12:48:26 [main] [MethodUtil] - ✅ Scrolled to element Next Button
[INFO] 10-03-2025 12:48:47 [main] [MethodUtil] - ✅ Scrolled to element Upload Button
[INFO] 10-03-2025 12:49:07 [main] [MethodUtil] - ✅ Scrolled to element Path
[INFO] 10-03-2025 12:49:08 [main] [MethodUtil] - ✅ Scrolled to element Next Button
[INFO] 10-03-2025 13:12:35 [main] [MethodUtil] - ✅ Scrolled to element Register
[INFO] 10-03-2025 13:12:43 [main] [MethodUtil] - ✅ Scrolled to element Email
[INFO] 10-03-2025 13:12:43 [main] [MethodUtil] - ✅ Scrolled to element Password
[INFO] 10-03-2025 13:12:43 [main] [MethodUtil] - ✅ Scrolled to element Submit
[INFO] 10-03-2025 13:12:54 [main] [MethodUtil] - ✅ Scrolled to element Request Quote
[INFO] 10-03-2025 13:12:55 [main] [MethodUtil] - ✅ Scrolled to element Country List Button
[INFO] 10-03-2025 13:12:55 [main] [MethodUtil] - Text China (Mainland) is retrieved from Country List
[INFO] 10-03-2025 13:12:55 [main] [MethodUtil] - Text United Kingdom (UK) is retrieved from Country List
[INFO] 10-03-2025 13:12:55 [main] [MethodUtil] - Text Isle of Man is retrieved from Country List
[INFO] 10-03-2025 13:12:55 [main] [MethodUtil] - Text Guernsey is retrieved from Country List
[INFO] 10-03-2025 13:12:55 [main] [MethodUtil] - Text Singapore is retrieved from Country List
[INFO] 10-03-2025 13:12:55 [main] [MethodUtil] - Text Other countries/territories is retrieved from Country List
[INFO] 10-03-2025 13:12:55 [main] [MethodUtil] - Text Malaysia is retrieved from Country List
[INFO] 10-03-2025 13:12:55 [main] [MethodUtil] - Text Australia is retrieved from Country List
[INFO] 10-03-2025 13:12:55 [main] [MethodUtil] - Text Egypt is retrieved from Country List
[INFO] 10-03-2025 13:12:55 [main] [MethodUtil] - ✅ Scrolled to element Country List
[INFO] 10-03-2025 13:12:56 [main] [MethodUtil] - ✅ Scrolled to element Next Button
[INFO] 10-03-2025 13:13:16 [main] [MethodUtil] - ✅ Scrolled to element Upload Button
[INFO] 10-03-2025 13:13:36 [main] [MethodUtil] - ✅ Scrolled to element Path
[INFO] 10-03-2025 13:13:41 [main] [MethodUtil] - ✅ Scrolled to element Next Button
[INFO] 10-03-2025 13:18:16 [main] [MethodUtil] - ✅ Scrolled to element Register
[INFO] 10-03-2025 13:18:24 [main] [MethodUtil] - ✅ Scrolled to element Email
[INFO] 10-03-2025 13:18:24 [main] [MethodUtil] - ✅ Scrolled to element Password
[INFO] 10-03-2025 13:18:24 [main] [MethodUtil] - ✅ Scrolled to element Submit
[INFO] 10-03-2025 13:18:35 [main] [MethodUtil] - ✅ Scrolled to element Request Quote
[INFO] 10-03-2025 13:18:36 [main] [MethodUtil] - ✅ Scrolled to element Country List Button
[INFO] 10-03-2025 13:18:36 [main] [MethodUtil] - Text China (Mainland) is retrieved from Country List
[INFO] 10-03-2025 13:18:36 [main] [MethodUtil] - Text United Kingdom (UK) is retrieved from Country List
[INFO] 10-03-2025 13:18:36 [main] [MethodUtil] - Text Isle of Man is retrieved from Country List
[INFO] 10-03-2025 13:18:36 [main] [MethodUtil] - Text Guernsey is retrieved from Country List
[INFO] 10-03-2025 13:18:36 [main] [MethodUtil] - Text Singapore is retrieved from Country List
[INFO] 10-03-2025 13:18:36 [main] [MethodUtil] - Text Other countries/territories is retrieved from Country List
[INFO] 10-03-2025 13:18:36 [main] [MethodUtil] - Text Malaysia is retrieved from Country List
[INFO] 10-03-2025 13:18:36 [main] [MethodUtil] - Text Australia is retrieved from Country List
[INFO] 10-03-2025 13:18:36 [main] [MethodUtil] - Text Egypt is retrieved from Country List
[INFO] 10-03-2025 13:18:36 [main] [MethodUtil] - ✅ Scrolled to element Country List
[INFO] 10-03-2025 13:18:37 [main] [MethodUtil] - ✅ Scrolled to element Next Button
[INFO] 10-03-2025 13:18:57 [main] [MethodUtil] - ✅ Scrolled to element Upload Button
[INFO] 10-03-2025 13:19:18 [main] [MethodUtil] - ✅ Scrolled to element Path
[INFO] 10-03-2025 13:19:22 [main] [MethodUtil] - ✅ Scrolled to element Next Button
[INFO] 10-03-2025 13:23:00 [main] [MethodUtil] - ✅ Scrolled to element Register
[INFO] 10-03-2025 13:23:09 [main] [MethodUtil] - ✅ Scrolled to element Email
[INFO] 10-03-2025 13:23:09 [main] [MethodUtil] - ✅ Scrolled to element Password
[INFO] 10-03-2025 13:23:09 [main] [MethodUtil] - ✅ Scrolled to element Submit
[INFO] 10-03-2025 13:23:20 [main] [MethodUtil] - ✅ Scrolled to element Request Quote
[INFO] 10-03-2025 13:23:21 [main] [MethodUtil] - ✅ Scrolled to element Country List Button
[INFO] 10-03-2025 13:23:22 [main] [MethodUtil] - Text China (Mainland) is retrieved from Country List
[INFO] 10-03-2025 13:23:22 [main] [MethodUtil] - Text United Kingdom (UK) is retrieved from Country List
[INFO] 10-03-2025 13:23:22 [main] [MethodUtil] - Text Isle of Man is retrieved from Country List
[INFO] 10-03-2025 13:23:22 [main] [MethodUtil] - Text Guernsey is retrieved from Country List
[INFO] 10-03-2025 13:23:22 [main] [MethodUtil] - Text Singapore is retrieved from Country List
[INFO] 10-03-2025 13:23:22 [main] [MethodUtil] - Text Other countries/territories is retrieved from Country List
[INFO] 10-03-2025 13:23:22 [main] [MethodUtil] - Text Malaysia is retrieved from Country List
[INFO] 10-03-2025 13:23:22 [main] [MethodUtil] - Text Australia is retrieved from Country List
[INFO] 10-03-2025 13:23:22 [main] [MethodUtil] - Text Egypt is retrieved from Country List
[INFO] 10-03-2025 13:23:22 [main] [MethodUtil] - ✅ Scrolled to element Country List
[INFO] 10-03-2025 13:23:22 [main] [MethodUtil] - ✅ Scrolled to element Next Button
[INFO] 10-03-2025 13:23:43 [main] [MethodUtil] - ✅ Scrolled to element Upload Button
[INFO] 10-03-2025 13:24:04 [main] [MethodUtil] - ✅ Scrolled to element Path
[INFO] 10-03-2025 13:24:24 [main] [MethodUtil] - ✅ Scrolled to element Path
[INFO] 10-03-2025 13:24:28 [main] [MethodUtil] - ✅ Scrolled to element Next Button
[INFO] 10-03-2025 13:46:21 [main] [MethodUtil] - ✅ Scrolled to element Register
[INFO] 10-03-2025 13:46:31 [main] [MethodUtil] - ✅ Scrolled to element Email
[INFO] 10-03-2025 13:46:32 [main] [MethodUtil] - ✅ Scrolled to element Password
[INFO] 10-03-2025 13:46:32 [main] [MethodUtil] - ✅ Scrolled to element Submit
[INFO] 10-03-2025 13:46:43 [main] [MethodUtil] - ✅ Scrolled to element Request Quote
[INFO] 10-03-2025 13:46:44 [main] [MethodUtil] - ✅ Scrolled to element Country List Button
[INFO] 10-03-2025 13:46:44 [main] [MethodUtil] - Text China (Mainland) is retrieved from Country List
[INFO] 10-03-2025 13:46:45 [main] [MethodUtil] - Text United Kingdom (UK) is retrieved from Country List
[INFO] 10-03-2025 13:46:45 [main] [MethodUtil] - Text Isle of Man is retrieved from Country List
[INFO] 10-03-2025 13:46:45 [main] [MethodUtil] - Text Guernsey is retrieved from Country List
[INFO] 10-03-2025 13:46:45 [main] [MethodUtil] - Text Singapore is retrieved from Country List
[INFO] 10-03-2025 13:46:45 [main] [MethodUtil] - Text Other countries/territories is retrieved from Country List
[INFO] 10-03-2025 13:46:45 [main] [MethodUtil] - Text Malaysia is retrieved from Country List
[INFO] 10-03-2025 13:46:45 [main] [MethodUtil] - Text Australia is retrieved from Country List
[INFO] 10-03-2025 13:46:45 [main] [MethodUtil] - Text Egypt is retrieved from Country List
[INFO] 10-03-2025 13:46:45 [main] [MethodUtil] - ✅ Scrolled to element Country List
[INFO] 10-03-2025 13:46:45 [main] [MethodUtil] - ✅ Scrolled to element Next Button
[INFO] 10-03-2025 13:47:06 [main] [MethodUtil] - ✅ Scrolled to element Upload Button
[INFO] 10-03-2025 13:47:26 [main] [MethodUtil] - ✅ Scrolled to element Path
[INFO] 10-03-2025 13:47:47 [main] [MethodUtil] - ✅ Scrolled to element Path
[INFO] 10-03-2025 13:47:51 [main] [MethodUtil] - ✅ Scrolled to element Next Button
[INFO] 10-03-2025 13:51:19 [main] [MethodUtil] - ✅ Scrolled to element Register
[INFO] 10-03-2025 13:51:28 [main] [MethodUtil] - ✅ Scrolled to element Email
[INFO] 10-03-2025 13:51:29 [main] [MethodUtil] - ✅ Scrolled to element Password
[INFO] 10-03-2025 13:51:29 [main] [MethodUtil] - ✅ Scrolled to element Submit
[INFO] 10-03-2025 13:51:40 [main] [MethodUtil] - ✅ Scrolled to element Request Quote
[INFO] 10-03-2025 13:51:41 [main] [MethodUtil] - ✅ Scrolled to element Country List Button
[INFO] 10-03-2025 13:51:41 [main] [MethodUtil] - Text China (Mainland) is retrieved from Country List
[INFO] 10-03-2025 13:51:41 [main] [MethodUtil] - Text United Kingdom (UK) is retrieved from Country List
[INFO] 10-03-2025 13:51:41 [main] [MethodUtil] - Text Isle of Man is retrieved from Country List
[INFO] 10-03-2025 13:51:41 [main] [MethodUtil] - Text Guernsey is retrieved from Country List
[INFO] 10-03-2025 13:51:41 [main] [MethodUtil] - Text Singapore is retrieved from Country List
[INFO] 10-03-2025 13:51:41 [main] [MethodUtil] - Text Other countries/territories is retrieved from Country List
[INFO] 10-03-2025 13:51:41 [main] [MethodUtil] - Text Malaysia is retrieved from Country List
[INFO] 10-03-2025 13:51:41 [main] [MethodUtil] - Text Australia is retrieved from Country List
[INFO] 10-03-2025 13:51:41 [main] [MethodUtil] - Text Egypt is retrieved from Country List
[INFO] 10-03-2025 13:51:42 [main] [MethodUtil] - ✅ Scrolled to element Country List
[INFO] 10-03-2025 13:51:42 [main] [MethodUtil] - ✅ Scrolled to element Next Button
[INFO] 10-03-2025 13:52:02 [main] [MethodUtil] - ✅ Scrolled to element Upload Button
[INFO] 10-03-2025 13:52:23 [main] [MethodUtil] - ✅ Scrolled to element Path
[INFO] 10-03-2025 13:52:43 [main] [MethodUtil] - ✅ Scrolled to element Path
[INFO] 10-03-2025 14:01:09 [main] [MethodUtil] - ✅ Scrolled to element Register
[INFO] 10-03-2025 14:01:17 [main] [MethodUtil] - ✅ Scrolled to element Email
[INFO] 10-03-2025 14:01:18 [main] [MethodUtil] - ✅ Scrolled to element Password
[INFO] 10-03-2025 14:01:18 [main] [MethodUtil] - ✅ Scrolled to element Submit
[INFO] 10-03-2025 14:01:30 [main] [MethodUtil] - ✅ Scrolled to element Request Quote
[INFO] 10-03-2025 14:01:31 [main] [MethodUtil] - ✅ Scrolled to element Country List Button
[INFO] 10-03-2025 14:01:31 [main] [MethodUtil] - Text China (Mainland) is retrieved from Country List
[INFO] 10-03-2025 14:01:31 [main] [MethodUtil] - Text United Kingdom (UK) is retrieved from Country List
[INFO] 10-03-2025 14:01:31 [main] [MethodUtil] - Text Isle of Man is retrieved from Country List
[INFO] 10-03-2025 14:01:31 [main] [MethodUtil] - Text Guernsey is retrieved from Country List
[INFO] 10-03-2025 14:01:31 [main] [MethodUtil] - Text Singapore is retrieved from Country List
[INFO] 10-03-2025 14:01:32 [main] [MethodUtil] - Text Other countries/territories is retrieved from Country List
[INFO] 10-03-2025 14:01:32 [main] [MethodUtil] - Text Malaysia is retrieved from Country List
[INFO] 10-03-2025 14:01:32 [main] [MethodUtil] - Text Australia is retrieved from Country List
[INFO] 10-03-2025 14:01:32 [main] [MethodUtil] - Text Egypt is retrieved from Country List
[INFO] 10-03-2025 14:01:32 [main] [MethodUtil] - ✅ Scrolled to element Country List
[INFO] 10-03-2025 14:01:32 [main] [MethodUtil] - ✅ Scrolled to element Next Button
[INFO] 10-03-2025 14:01:52 [main] [MethodUtil] - ✅ Scrolled to element Upload Button
[INFO] 10-03-2025 14:02:13 [main] [MethodUtil] - ✅ Scrolled to element Path
[INFO] 10-03-2025 14:02:23 [main] [MethodUtil] - ✅ Scrolled to element Next Button
[INFO] 10-03-2025 14:04:48 [main] [MethodUtil] - ✅ Scrolled to element Register
[INFO] 10-03-2025 14:04:56 [main] [MethodUtil] - ✅ Scrolled to element Email
[INFO] 10-03-2025 14:04:57 [main] [MethodUtil] - ✅ Scrolled to element Password
[INFO] 10-03-2025 14:04:57 [main] [MethodUtil] - ✅ Scrolled to element Submit
[INFO] 10-03-2025 14:05:08 [main] [MethodUtil] - ✅ Scrolled to element Request Quote
[INFO] 10-03-2025 14:05:09 [main] [MethodUtil] - ✅ Scrolled to element Country List Button
[INFO] 10-03-2025 14:05:09 [main] [MethodUtil] - Text China (Mainland) is retrieved from Country List
[INFO] 10-03-2025 14:05:09 [main] [MethodUtil] - Text United Kingdom (UK) is retrieved from Country List
[INFO] 10-03-2025 14:05:09 [main] [MethodUtil] - Text Isle of Man is retrieved from Country List
[INFO] 10-03-2025 14:05:09 [main] [MethodUtil] - Text Guernsey is retrieved from Country List
[INFO] 10-03-2025 14:05:10 [main] [MethodUtil] - Text Singapore is retrieved from Country List
[INFO] 10-03-2025 14:05:10 [main] [MethodUtil] - Text Other countries/territories is retrieved from Country List
[INFO] 10-03-2025 14:05:10 [main] [MethodUtil] - Text Malaysia is retrieved from Country List
[INFO] 10-03-2025 14:05:10 [main] [MethodUtil] - Text Australia is retrieved from Country List
[INFO] 10-03-2025 14:05:10 [main] [MethodUtil] - Text Egypt is retrieved from Country List
[INFO] 10-03-2025 14:05:10 [main] [MethodUtil] - ✅ Scrolled to element Country List
[INFO] 10-03-2025 14:05:10 [main] [MethodUtil] - ✅ Scrolled to element Next Button
[INFO] 10-03-2025 14:05:30 [main] [MethodUtil] - ✅ Scrolled to element Upload Button
[INFO] 10-03-2025 14:05:51 [main] [MethodUtil] - ✅ Scrolled to element Path
[INFO] 10-03-2025 14:06:05 [main] [MethodUtil] - ✅ Scrolled to element Next Button
[INFO] 10-03-2025 14:06:05 [main] [MethodUtil] - ✅ Scrolled to element Translate From
[INFO] 10-03-2025 14:06:06 [main] [MethodUtil] - Text Arabic (United Arab Emirates) is retrieved from Translate From Option
[INFO] 10-03-2025 14:06:06 [main] [MethodUtil] - Text Bengali (India) is retrieved from Translate From Option
[INFO] 10-03-2025 14:06:06 [main] [MethodUtil] - Text Chinese (Simplified, China) is retrieved from Translate From Option
[INFO] 10-03-2025 14:06:06 [main] [MethodUtil] - ✅ Scrolled to element Translate From Option
[INFO] 10-03-2025 14:06:06 [main] [MethodUtil] - ✅ Scrolled to element Translate to
[INFO] 10-03-2025 14:06:27 [main] [MethodUtil] - ✅ Scrolled to element Translate to
[INFO] 10-03-2025 14:06:27 [main] [MethodUtil] - ✅ Scrolled to element Next Button
[INFO] 10-03-2025 14:06:27 [main] [MethodUtil] - ✅ Scrolled to element Send Me A Quote
[INFO] 10-03-2025 14:11:08 [main] [MethodUtil] - ✅ Scrolled to element Register
[INFO] 10-03-2025 14:11:16 [main] [MethodUtil] - ✅ Scrolled to element Email
[INFO] 10-03-2025 14:11:17 [main] [MethodUtil] - ✅ Scrolled to element Password
[INFO] 10-03-2025 14:11:17 [main] [MethodUtil] - ✅ Scrolled to element Submit
[INFO] 10-03-2025 14:11:28 [main] [MethodUtil] - ✅ Scrolled to element Request Quote
[INFO] 10-03-2025 14:11:29 [main] [MethodUtil] - ✅ Scrolled to element Country List Button
[INFO] 10-03-2025 14:11:30 [main] [MethodUtil] - Text China (Mainland) is retrieved from Country List
[INFO] 10-03-2025 14:11:30 [main] [MethodUtil] - Text United Kingdom (UK) is retrieved from Country List
[INFO] 10-03-2025 14:11:30 [main] [MethodUtil] - Text Isle of Man is retrieved from Country List
[INFO] 10-03-2025 14:11:30 [main] [MethodUtil] - Text Guernsey is retrieved from Country List
[INFO] 10-03-2025 14:11:30 [main] [MethodUtil] - Text Singapore is retrieved from Country List
[INFO] 10-03-2025 14:11:30 [main] [MethodUtil] - Text Other countries/territories is retrieved from Country List
[INFO] 10-03-2025 14:11:30 [main] [MethodUtil] - Text Malaysia is retrieved from Country List
[INFO] 10-03-2025 14:11:30 [main] [MethodUtil] - Text Australia is retrieved from Country List
[INFO] 10-03-2025 14:11:30 [main] [MethodUtil] - Text Egypt is retrieved from Country List
[INFO] 10-03-2025 14:11:30 [main] [MethodUtil] - ✅ Scrolled to element Country List
[INFO] 10-03-2025 14:11:30 [main] [MethodUtil] - ✅ Scrolled to element Next Button
[INFO] 10-03-2025 14:11:51 [main] [MethodUtil] - ✅ Scrolled to element Upload Button
[INFO] 10-03-2025 14:12:11 [main] [MethodUtil] - ✅ Scrolled to element Path
[INFO] 10-03-2025 14:12:26 [main] [MethodUtil] - ✅ Scrolled to element Next Button
[INFO] 10-03-2025 14:12:26 [main] [MethodUtil] - ✅ Scrolled to element Translate From
[INFO] 10-03-2025 14:12:26 [main] [MethodUtil] - Text Arabic (United Arab Emirates) is retrieved from Translate From Option
[INFO] 10-03-2025 14:12:26 [main] [MethodUtil] - Text Bengali (India) is retrieved from Translate From Option
[INFO] 10-03-2025 14:12:26 [main] [MethodUtil] - Text Chinese (Simplified, China) is retrieved from Translate From Option
[INFO] 10-03-2025 14:12:26 [main] [MethodUtil] - ✅ Scrolled to element Translate From Option
[INFO] 10-03-2025 14:12:26 [main] [MethodUtil] - ✅ Scrolled to element Translate to
[INFO] 10-03-2025 14:12:47 [main] [MethodUtil] - ✅ Scrolled to element Translate to
[INFO] 10-03-2025 14:12:47 [main] [MethodUtil] - ✅ Scrolled to element Next Button
[INFO] 10-03-2025 14:12:48 [main] [MethodUtil] - ✅ Scrolled to element Send Me A Quote
[INFO] 10-03-2025 14:17:20 [main] [MethodUtil] - ✅ Scrolled to element Register
[INFO] 10-03-2025 14:17:28 [main] [MethodUtil] - ✅ Scrolled to element Email
[INFO] 10-03-2025 14:17:28 [main] [MethodUtil] - ✅ Scrolled to element Password
[INFO] 10-03-2025 14:17:29 [main] [MethodUtil] - ✅ Scrolled to element Submit
[INFO] 10-03-2025 14:17:40 [main] [MethodUtil] - ✅ Scrolled to element Request Quote
[INFO] 10-03-2025 14:17:42 [main] [MethodUtil] - ✅ Scrolled to element Country List Button
[INFO] 10-03-2025 14:17:42 [main] [MethodUtil] - Text China (Mainland) is retrieved from Country List
[INFO] 10-03-2025 14:17:42 [main] [MethodUtil] - Text United Kingdom (UK) is retrieved from Country List
[INFO] 10-03-2025 14:17:42 [main] [MethodUtil] - Text Isle of Man is retrieved from Country List
[INFO] 10-03-2025 14:17:42 [main] [MethodUtil] - Text Guernsey is retrieved from Country List
[INFO] 10-03-2025 14:17:42 [main] [MethodUtil] - Text Singapore is retrieved from Country List
[INFO] 10-03-2025 14:17:42 [main] [MethodUtil] - Text Other countries/territories is retrieved from Country List
[INFO] 10-03-2025 14:17:42 [main] [MethodUtil] - Text Malaysia is retrieved from Country List
[INFO] 10-03-2025 14:17:42 [main] [MethodUtil] - Text Australia is retrieved from Country List
[INFO] 10-03-2025 14:17:42 [main] [MethodUtil] - Text Egypt is retrieved from Country List
[INFO] 10-03-2025 14:17:42 [main] [MethodUtil] - ✅ Scrolled to element Country List
[INFO] 10-03-2025 14:17:42 [main] [MethodUtil] - ✅ Scrolled to element Next Button
[INFO] 10-03-2025 14:18:03 [main] [MethodUtil] - ✅ Scrolled to element Upload Button
[INFO] 10-03-2025 14:18:23 [main] [MethodUtil] - ✅ Scrolled to element Path
[INFO] 10-03-2025 14:18:38 [main] [MethodUtil] - ✅ Scrolled to element Next Button
[INFO] 10-03-2025 14:18:38 [main] [MethodUtil] - ✅ Scrolled to element Translate From
[INFO] 10-03-2025 14:18:38 [main] [MethodUtil] - Text Arabic (United Arab Emirates) is retrieved from Translate From Option
[INFO] 10-03-2025 14:18:38 [main] [MethodUtil] - Text Bengali (India) is retrieved from Translate From Option
[INFO] 10-03-2025 14:18:38 [main] [MethodUtil] - Text Chinese (Simplified, China) is retrieved from Translate From Option
[INFO] 10-03-2025 14:18:38 [main] [MethodUtil] - ✅ Scrolled to element Translate From Option
[INFO] 10-03-2025 14:18:39 [main] [MethodUtil] - ✅ Scrolled to element Translate to
[INFO] 10-03-2025 14:18:59 [main] [MethodUtil] - ✅ Scrolled to element Translate to
[INFO] 10-03-2025 14:19:00 [main] [MethodUtil] - ✅ Scrolled to element Next Button
[INFO] 10-03-2025 14:19:00 [main] [MethodUtil] - ✅ Scrolled to element Send Me A Quote
[INFO] 10-03-2025 14:20:27 [main] [MethodUtil] - ✅ Scrolled to element Register
[INFO] 10-03-2025 14:20:35 [main] [MethodUtil] - ✅ Scrolled to element Email
[INFO] 10-03-2025 14:20:36 [main] [MethodUtil] - ✅ Scrolled to element Password
[INFO] 10-03-2025 14:20:36 [main] [MethodUtil] - ✅ Scrolled to element Submit
[INFO] 10-03-2025 14:20:50 [main] [MethodUtil] - ✅ Scrolled to element Request Quote
[INFO] 10-03-2025 14:20:51 [main] [MethodUtil] - ✅ Scrolled to element Country List Button
[INFO] 10-03-2025 14:20:52 [main] [MethodUtil] - Text China (Mainland) is retrieved from Country List
[INFO] 10-03-2025 14:20:52 [main] [MethodUtil] - Text United Kingdom (UK) is retrieved from Country List
[INFO] 10-03-2025 14:20:52 [main] [MethodUtil] - Text Isle of Man is retrieved from Country List
[INFO] 10-03-2025 14:20:52 [main] [MethodUtil] - Text Guernsey is retrieved from Country List
[INFO] 10-03-2025 14:20:52 [main] [MethodUtil] - Text Singapore is retrieved from Country List
[INFO] 10-03-2025 14:20:52 [main] [MethodUtil] - Text Other countries/territories is retrieved from Country List
[INFO] 10-03-2025 14:20:52 [main] [MethodUtil] - Text Malaysia is retrieved from Country List
[INFO] 10-03-2025 14:20:52 [main] [MethodUtil] - Text Australia is retrieved from Country List
[INFO] 10-03-2025 14:20:52 [main] [MethodUtil] - Text Egypt is retrieved from Country List
[INFO] 10-03-2025 14:20:52 [main] [MethodUtil] - ✅ Scrolled to element Country List
[INFO] 10-03-2025 14:20:52 [main] [MethodUtil] - ✅ Scrolled to element Next Button
[INFO] 10-03-2025 14:21:13 [main] [MethodUtil] - ✅ Scrolled to element Upload Button
[INFO] 10-03-2025 14:21:34 [main] [MethodUtil] - ✅ Scrolled to element Path
[INFO] 10-03-2025 14:21:48 [main] [MethodUtil] - ✅ Scrolled to element Next Button
[INFO] 10-03-2025 14:21:48 [main] [MethodUtil] - ✅ Scrolled to element Translate From
[INFO] 10-03-2025 14:21:49 [main] [MethodUtil] - Text Arabic (United Arab Emirates) is retrieved from Translate From Option
[INFO] 10-03-2025 14:21:49 [main] [MethodUtil] - Text Bengali (India) is retrieved from Translate From Option
[INFO] 10-03-2025 14:21:49 [main] [MethodUtil] - Text Chinese (Simplified, China) is retrieved from Translate From Option
[INFO] 10-03-2025 14:21:49 [main] [MethodUtil] - ✅ Scrolled to element Translate From Option
[INFO] 10-03-2025 14:21:49 [main] [MethodUtil] - ✅ Scrolled to element Translate to
[INFO] 10-03-2025 14:22:09 [main] [MethodUtil] - ✅ Scrolled to element Translate to
[INFO] 10-03-2025 14:22:10 [main] [MethodUtil] - ✅ Scrolled to element Next Button
[INFO] 10-03-2025 14:22:10 [main] [MethodUtil] - ✅ Scrolled to element Send Me A Quote
[INFO] 10-03-2025 14:32:02 [main] [MethodUtil] - ✅ Scrolled to element Register
[INFO] 10-03-2025 14:32:10 [main] [MethodUtil] - ✅ Scrolled to element Email
[INFO] 10-03-2025 14:32:11 [main] [MethodUtil] - ✅ Scrolled to element Password
[INFO] 10-03-2025 14:32:11 [main] [MethodUtil] - ✅ Scrolled to element Submit
[INFO] 10-03-2025 14:32:27 [main] [MethodUtil] - ✅ Scrolled to element Request Quote
[INFO] 10-03-2025 14:32:28 [main] [MethodUtil] - ✅ Scrolled to element Country List Button
[INFO] 10-03-2025 14:32:28 [main] [MethodUtil] - Text China (Mainland) is retrieved from Country List
[INFO] 10-03-2025 14:32:28 [main] [MethodUtil] - Text United Kingdom (UK) is retrieved from Country List
[INFO] 10-03-2025 14:32:28 [main] [MethodUtil] - Text Isle of Man is retrieved from Country List
[INFO] 10-03-2025 14:32:28 [main] [MethodUtil] - Text Guernsey is retrieved from Country List
[INFO] 10-03-2025 14:32:28 [main] [MethodUtil] - Text Singapore is retrieved from Country List
[INFO] 10-03-2025 14:32:28 [main] [MethodUtil] - Text Other countries/territories is retrieved from Country List
[INFO] 10-03-2025 14:32:28 [main] [MethodUtil] - Text Malaysia is retrieved from Country List
[INFO] 10-03-2025 14:32:28 [main] [MethodUtil] - Text Australia is retrieved from Country List
[INFO] 10-03-2025 14:32:28 [main] [MethodUtil] - Text Egypt is retrieved from Country List
[INFO] 10-03-2025 14:32:28 [main] [MethodUtil] - ✅ Scrolled to element Country List
[INFO] 10-03-2025 14:32:28 [main] [MethodUtil] - ✅ Scrolled to element Next Button
[INFO] 10-03-2025 14:32:49 [main] [MethodUtil] - ✅ Scrolled to element Upload Button
[INFO] 10-03-2025 14:33:09 [main] [MethodUtil] - ✅ Scrolled to element Path
[INFO] 10-03-2025 14:33:24 [main] [MethodUtil] - ✅ Scrolled to element Next Button
[INFO] 10-03-2025 14:33:24 [main] [MethodUtil] - ✅ Scrolled to element Translate From
[INFO] 10-03-2025 14:33:24 [main] [MethodUtil] - Text Arabic (United Arab Emirates) is retrieved from Translate From Option
[INFO] 10-03-2025 14:33:24 [main] [MethodUtil] - Text Bengali (India) is retrieved from Translate From Option
[INFO] 10-03-2025 14:33:24 [main] [MethodUtil] - Text Chinese (Simplified, China) is retrieved from Translate From Option
[INFO] 10-03-2025 14:33:24 [main] [MethodUtil] - ✅ Scrolled to element Translate From Option
[INFO] 10-03-2025 14:33:25 [main] [MethodUtil] - ✅ Scrolled to element Translate to
[INFO] 10-03-2025 14:33:45 [main] [MethodUtil] - ✅ Scrolled to element Translate to
[INFO] 10-03-2025 14:33:46 [main] [MethodUtil] - ✅ Scrolled to element Next Button
[INFO] 10-03-2025 14:33:46 [main] [MethodUtil] - ✅ Scrolled to element Send Me A Quote
[INFO] 10-03-2025 14:36:20 [main] [MethodUtil] - ✅ Scrolled to element Register
[INFO] 10-03-2025 14:36:29 [main] [MethodUtil] - ✅ Scrolled to element Email
[INFO] 10-03-2025 14:36:30 [main] [MethodUtil] - ✅ Scrolled to element Password
[INFO] 10-03-2025 14:36:30 [main] [MethodUtil] - ✅ Scrolled to element Submit
[INFO] 10-03-2025 14:36:41 [main] [MethodUtil] - ✅ Scrolled to element Request Quote
[INFO] 10-03-2025 14:36:42 [main] [MethodUtil] - ✅ Scrolled to element Country List Button
[INFO] 10-03-2025 14:36:42 [main] [MethodUtil] - Text China (Mainland) is retrieved from Country List
[INFO] 10-03-2025 14:36:42 [main] [MethodUtil] - Text United Kingdom (UK) is retrieved from Country List
[INFO] 10-03-2025 14:36:42 [main] [MethodUtil] - Text Isle of Man is retrieved from Country List
[INFO] 10-03-2025 14:36:42 [main] [MethodUtil] - Text Guernsey is retrieved from Country List
[INFO] 10-03-2025 14:36:42 [main] [MethodUtil] - Text Singapore is retrieved from Country List
[INFO] 10-03-2025 14:36:42 [main] [MethodUtil] - Text Other countries/territories is retrieved from Country List
[INFO] 10-03-2025 14:36:42 [main] [MethodUtil] - Text Malaysia is retrieved from Country List
[INFO] 10-03-2025 14:36:42 [main] [MethodUtil] - Text Australia is retrieved from Country List
[INFO] 10-03-2025 14:36:42 [main] [MethodUtil] - Text Egypt is retrieved from Country List
[INFO] 10-03-2025 14:36:42 [main] [MethodUtil] - ✅ Scrolled to element Country List
[INFO] 10-03-2025 14:36:42 [main] [MethodUtil] - ✅ Scrolled to element Next Button
[INFO] 10-03-2025 14:37:03 [main] [MethodUtil] - ✅ Scrolled to element Upload Button
[INFO] 10-03-2025 14:37:23 [main] [MethodUtil] - ✅ Scrolled to element Path
[INFO] 10-03-2025 14:37:37 [main] [MethodUtil] - ✅ Scrolled to element Next Button
[INFO] 10-03-2025 14:37:38 [main] [MethodUtil] - ✅ Scrolled to element Translate From
[INFO] 10-03-2025 14:37:38 [main] [MethodUtil] - Text Arabic (United Arab Emirates) is retrieved from Translate From Option
[INFO] 10-03-2025 14:37:38 [main] [MethodUtil] - Text Bengali (India) is retrieved from Translate From Option
[INFO] 10-03-2025 14:37:38 [main] [MethodUtil] - Text Chinese (Simplified, China) is retrieved from Translate From Option
[INFO] 10-03-2025 14:37:38 [main] [MethodUtil] - ✅ Scrolled to element Translate From Option
[INFO] 10-03-2025 14:37:39 [main] [MethodUtil] - ✅ Scrolled to element Translate to
[INFO] 10-03-2025 14:37:59 [main] [MethodUtil] - ✅ Scrolled to element Translate to
[INFO] 10-03-2025 14:38:00 [main] [MethodUtil] - ✅ Scrolled to element Next Button
[INFO] 10-03-2025 14:38:00 [main] [MethodUtil] - ✅ Scrolled to element Send Me A Quote
[INFO] 10-03-2025 14:43:03 [main] [MethodUtil] - ✅ Scrolled to element Register
[INFO] 10-03-2025 14:43:13 [main] [MethodUtil] - ✅ Scrolled to element Email
[INFO] 10-03-2025 14:43:14 [main] [MethodUtil] - ✅ Scrolled to element Password
[INFO] 10-03-2025 14:43:15 [main] [MethodUtil] - ✅ Scrolled to element Submit
[INFO] 10-03-2025 14:43:27 [main] [MethodUtil] - ✅ Scrolled to element Request Quote
[INFO] 10-03-2025 14:43:28 [main] [MethodUtil] - ✅ Scrolled to element Country List Button
[INFO] 10-03-2025 14:43:28 [main] [MethodUtil] - Text China (Mainland) is retrieved from Country List
[INFO] 10-03-2025 14:43:28 [main] [MethodUtil] - Text United Kingdom (UK) is retrieved from Country List
[INFO] 10-03-2025 14:43:28 [main] [MethodUtil] - Text Isle of Man is retrieved from Country List
[INFO] 10-03-2025 14:43:28 [main] [MethodUtil] - Text Guernsey is retrieved from Country List
[INFO] 10-03-2025 14:43:28 [main] [MethodUtil] - Text Singapore is retrieved from Country List
[INFO] 10-03-2025 14:43:28 [main] [MethodUtil] - Text Other countries/territories is retrieved from Country List
[INFO] 10-03-2025 14:43:28 [main] [MethodUtil] - Text Malaysia is retrieved from Country List
[INFO] 10-03-2025 14:43:28 [main] [MethodUtil] - Text Australia is retrieved from Country List
[INFO] 10-03-2025 14:43:28 [main] [MethodUtil] - Text Egypt is retrieved from Country List
[INFO] 10-03-2025 14:43:28 [main] [MethodUtil] - ✅ Scrolled to element Country List
[INFO] 10-03-2025 14:43:29 [main] [MethodUtil] - ✅ Scrolled to element Next Button
[INFO] 10-03-2025 14:43:49 [main] [MethodUtil] - ✅ Scrolled to element Upload Button
[INFO] 10-03-2025 14:44:09 [main] [MethodUtil] - ✅ Scrolled to element Path
[INFO] 10-03-2025 14:44:23 [main] [MethodUtil] - ✅ Scrolled to element Next Button
[INFO] 10-03-2025 14:44:24 [main] [MethodUtil] - ✅ Scrolled to element Translate From
[INFO] 10-03-2025 14:44:24 [main] [MethodUtil] - Text Arabic (United Arab Emirates) is retrieved from Translate From Option
[INFO] 10-03-2025 14:44:24 [main] [MethodUtil] - Text Bengali (India) is retrieved from Translate From Option
[INFO] 10-03-2025 14:44:24 [main] [MethodUtil] - Text Chinese (Simplified, China) is retrieved from Translate From Option
[INFO] 10-03-2025 14:44:24 [main] [MethodUtil] - ✅ Scrolled to element Translate From Option
[INFO] 10-03-2025 14:44:24 [main] [MethodUtil] - ✅ Scrolled to element Translate to
[INFO] 10-03-2025 14:44:45 [main] [MethodUtil] - ✅ Scrolled to element Translate to
[INFO] 10-03-2025 14:44:45 [main] [MethodUtil] - ✅ Scrolled to element Next Button
[INFO] 10-03-2025 14:44:46 [main] [MethodUtil] - ✅ Scrolled to element Send Me A Quote
[INFO] 10-03-2025 14:53:03 [main] [MethodUtil] - ✅ Scrolled to element Register
[INFO] 10-03-2025 14:53:12 [main] [MethodUtil] - ✅ Scrolled to element Email
[INFO] 10-03-2025 14:53:12 [main] [MethodUtil] - ✅ Scrolled to element Password
[INFO] 10-03-2025 14:53:12 [main] [MethodUtil] - ✅ Scrolled to element Submit
[INFO] 10-03-2025 14:53:23 [main] [MethodUtil] - ✅ Scrolled to element Request Quote
[INFO] 10-03-2025 14:53:24 [main] [MethodUtil] - ✅ Scrolled to element Country List Button
[INFO] 10-03-2025 14:53:24 [main] [MethodUtil] - Text China (Mainland) is retrieved from Country List
[INFO] 10-03-2025 14:53:24 [main] [MethodUtil] - Text United Kingdom (UK) is retrieved from Country List
[INFO] 10-03-2025 14:53:24 [main] [MethodUtil] - Text Isle of Man is retrieved from Country List
[INFO] 10-03-2025 14:53:24 [main] [MethodUtil] - Text Guernsey is retrieved from Country List
[INFO] 10-03-2025 14:53:24 [main] [MethodUtil] - Text Singapore is retrieved from Country List
[INFO] 10-03-2025 14:53:24 [main] [MethodUtil] - Text Other countries/territories is retrieved from Country List
[INFO] 10-03-2025 14:53:24 [main] [MethodUtil] - Text Malaysia is retrieved from Country List
[INFO] 10-03-2025 14:53:24 [main] [MethodUtil] - Text Australia is retrieved from Country List
[INFO] 10-03-2025 14:53:24 [main] [MethodUtil] - Text Egypt is retrieved from Country List
[INFO] 10-03-2025 14:53:24 [main] [MethodUtil] - ✅ Scrolled to element Country List
[INFO] 10-03-2025 14:53:24 [main] [MethodUtil] - ✅ Scrolled to element Next Button
[INFO] 10-03-2025 14:53:45 [main] [MethodUtil] - ✅ Scrolled to element Upload Button
[INFO] 10-03-2025 14:54:05 [main] [MethodUtil] - ✅ Scrolled to element Path
[INFO] 10-03-2025 14:54:20 [main] [MethodUtil] - ✅ Scrolled to element Next Button
[INFO] 10-03-2025 14:55:47 [main] [MethodUtil] - ✅ Scrolled to element Register
[INFO] 10-03-2025 14:55:57 [main] [MethodUtil] - ✅ Scrolled to element Email
[INFO] 10-03-2025 14:55:58 [main] [MethodUtil] - ✅ Scrolled to element Password
[INFO] 10-03-2025 14:55:58 [main] [MethodUtil] - ✅ Scrolled to element Submit
[INFO] 10-03-2025 14:56:08 [main] [MethodUtil] - ✅ Scrolled to element Request Quote
[INFO] 10-03-2025 14:56:09 [main] [MethodUtil] - ✅ Scrolled to element Country List Button
[INFO] 10-03-2025 14:56:10 [main] [MethodUtil] - Text China (Mainland) is retrieved from Country List
[INFO] 10-03-2025 14:56:10 [main] [MethodUtil] - Text United Kingdom (UK) is retrieved from Country List
[INFO] 10-03-2025 14:56:10 [main] [MethodUtil] - Text Isle of Man is retrieved from Country List
[INFO] 10-03-2025 14:56:10 [main] [MethodUtil] - Text Guernsey is retrieved from Country List
[INFO] 10-03-2025 14:56:10 [main] [MethodUtil] - Text Singapore is retrieved from Country List
[INFO] 10-03-2025 14:56:10 [main] [MethodUtil] - Text Other countries/territories is retrieved from Country List
[INFO] 10-03-2025 14:56:10 [main] [MethodUtil] - Text Malaysia is retrieved from Country List
[INFO] 10-03-2025 14:56:10 [main] [MethodUtil] - Text Australia is retrieved from Country List
[INFO] 10-03-2025 14:56:10 [main] [MethodUtil] - Text Egypt is retrieved from Country List
[INFO] 10-03-2025 14:56:10 [main] [MethodUtil] - ✅ Scrolled to element Country List
[INFO] 10-03-2025 14:56:10 [main] [MethodUtil] - ✅ Scrolled to element Next Button
[INFO] 10-03-2025 14:56:31 [main] [MethodUtil] - ✅ Scrolled to element Upload Button
[INFO] 10-03-2025 14:56:51 [main] [MethodUtil] - ✅ Scrolled to element Path
[INFO] 10-03-2025 14:57:05 [main] [MethodUtil] - ✅ Scrolled to element Next Button
[INFO] 10-03-2025 14:57:05 [main] [MethodUtil] - ✅ Scrolled to element Translate From
[INFO] 10-03-2025 14:57:05 [main] [MethodUtil] - Text Arabic (United Arab Emirates) is retrieved from Translate From Option
[INFO] 10-03-2025 14:57:05 [main] [MethodUtil] - Text Bengali (India) is retrieved from Translate From Option
[INFO] 10-03-2025 14:57:05 [main] [MethodUtil] - Text Chinese (Simplified, China) is retrieved from Translate From Option
[INFO] 10-03-2025 14:57:05 [main] [MethodUtil] - ✅ Scrolled to element Translate From Option
[INFO] 10-03-2025 14:57:06 [main] [MethodUtil] - ✅ Scrolled to element Translate to
[INFO] 10-03-2025 14:57:26 [main] [MethodUtil] - ✅ Scrolled to element Translate to
[INFO] 10-03-2025 14:57:26 [main] [MethodUtil] - ✅ Scrolled to element Next Button
[INFO] 10-03-2025 14:57:26 [main] [MethodUtil] - ✅ Scrolled to element Send Me A Quote
[INFO] 10-03-2025 15:23:26 [main] [MethodUtil] - ✅ Scrolled to element Register
[INFO] 10-03-2025 15:23:44 [main] [MethodUtil] - ✅ Scrolled to element Email
[INFO] 10-03-2025 15:23:45 [main] [MethodUtil] - ✅ Scrolled to element Password
[INFO] 10-03-2025 15:23:45 [main] [MethodUtil] - ✅ Scrolled to element Submit
[INFO] 10-03-2025 15:23:55 [main] [MethodUtil] - ✅ Scrolled to element Request Quote
[INFO] 10-03-2025 15:24:15 [main] [MethodUtil] - ✅ Scrolled to element Country List Button
[INFO] 10-03-2025 15:24:16 [main] [MethodUtil] - Text China (Mainland) is retrieved from Country List
[INFO] 10-03-2025 15:24:16 [main] [MethodUtil] - Text United Kingdom (UK) is retrieved from Country List
[INFO] 10-03-2025 15:24:16 [main] [MethodUtil] - Text Isle of Man is retrieved from Country List
[INFO] 10-03-2025 15:24:16 [main] [MethodUtil] - Text Guernsey is retrieved from Country List
[INFO] 10-03-2025 15:24:16 [main] [MethodUtil] - Text Singapore is retrieved from Country List
[INFO] 10-03-2025 15:24:16 [main] [MethodUtil] - Text Other countries/territories is retrieved from Country List
[INFO] 10-03-2025 15:24:16 [main] [MethodUtil] - Text Malaysia is retrieved from Country List
[INFO] 10-03-2025 15:24:16 [main] [MethodUtil] - Text Australia is retrieved from Country List
[INFO] 10-03-2025 15:24:16 [main] [MethodUtil] - Text Egypt is retrieved from Country List
[INFO] 10-03-2025 15:24:16 [main] [MethodUtil] - ✅ Scrolled to element Country List
[INFO] 10-03-2025 15:24:36 [main] [MethodUtil] - ✅ Scrolled to element Next Button
[INFO] 10-03-2025 15:24:56 [main] [MethodUtil] - ✅ Scrolled to element Upload Button
[INFO] 10-03-2025 15:25:16 [main] [MethodUtil] - ✅ Scrolled to element Path
[INFO] 10-03-2025 15:26:02 [main] [MethodUtil] - ✅ Scrolled to element Next Button
[INFO] 10-03-2025 15:26:22 [main] [MethodUtil] - ✅ Scrolled to element Translate From
[INFO] 10-03-2025 15:26:28 [main] [MethodUtil] - Text Arabic (United Arab Emirates) is retrieved from Translate From Option
[INFO] 10-03-2025 15:26:28 [main] [MethodUtil] - Text Bengali (India) is retrieved from Translate From Option
[INFO] 10-03-2025 15:26:28 [main] [MethodUtil] - Text Chinese (Simplified, China) is retrieved from Translate From Option
[INFO] 10-03-2025 15:26:28 [main] [MethodUtil] - ✅ Scrolled to element Translate From Option
[INFO] 10-03-2025 15:26:48 [main] [MethodUtil] - ✅ Scrolled to element Translate to
[INFO] 10-03-2025 15:27:13 [main] [MethodUtil] - ✅ Scrolled to element Translate to
[INFO] 10-03-2025 15:27:39 [main] [MethodUtil] - ✅ Scrolled to element Next Button
[INFO] 10-03-2025 15:27:59 [main] [MethodUtil] - ✅ Scrolled to element Send Me A Quote
[INFO] 10-03-2025 15:34:53 [main] [MethodUtil] - ✅ Scrolled to element Register
[INFO] 10-03-2025 15:35:01 [main] [MethodUtil] - ✅ Scrolled to element Email
[INFO] 10-03-2025 15:35:01 [main] [MethodUtil] - ✅ Scrolled to element Password
[INFO] 10-03-2025 15:35:02 [main] [MethodUtil] - ✅ Scrolled to element Submit
[INFO] 10-03-2025 15:35:12 [main] [MethodUtil] - ✅ Scrolled to element Request Quote
[INFO] 10-03-2025 15:35:13 [main] [MethodUtil] - ✅ Scrolled to element Country List Button
[INFO] 10-03-2025 15:35:13 [main] [MethodUtil] - Text China (Mainland) is retrieved from Country List
[INFO] 10-03-2025 15:35:13 [main] [MethodUtil] - Text United Kingdom (UK) is retrieved from Country List
[INFO] 10-03-2025 15:35:13 [main] [MethodUtil] - Text Isle of Man is retrieved from Country List
[INFO] 10-03-2025 15:35:13 [main] [MethodUtil] - Text Guernsey is retrieved from Country List
[INFO] 10-03-2025 15:35:13 [main] [MethodUtil] - Text Singapore is retrieved from Country List
[INFO] 10-03-2025 15:35:13 [main] [MethodUtil] - Text Other countries/territories is retrieved from Country List
[INFO] 10-03-2025 15:35:13 [main] [MethodUtil] - Text Malaysia is retrieved from Country List
[INFO] 10-03-2025 15:35:13 [main] [MethodUtil] - Text Australia is retrieved from Country List
[INFO] 10-03-2025 15:35:13 [main] [MethodUtil] - Text Egypt is retrieved from Country List
[INFO] 10-03-2025 15:35:13 [main] [MethodUtil] - ✅ Scrolled to element Country List
[INFO] 10-03-2025 15:35:13 [main] [MethodUtil] - ✅ Scrolled to element Next Button
[INFO] 10-03-2025 15:35:34 [main] [MethodUtil] - ✅ Scrolled to element Upload Button
[INFO] 10-03-2025 15:35:54 [main] [MethodUtil] - ✅ Scrolled to element Path
[INFO] 10-03-2025 15:36:08 [main] [MethodUtil] - ✅ Scrolled to element Next Button
[INFO] 10-03-2025 15:36:08 [main] [MethodUtil] - ✅ Scrolled to element Translate From
[INFO] 10-03-2025 15:36:08 [main] [MethodUtil] - Text Arabic (United Arab Emirates) is retrieved from Translate From Option
[INFO] 10-03-2025 15:36:08 [main] [MethodUtil] - Text Bengali (India) is retrieved from Translate From Option
[INFO] 10-03-2025 15:36:08 [main] [MethodUtil] - Text Chinese (Simplified, China) is retrieved from Translate From Option
[INFO] 10-03-2025 15:36:08 [main] [MethodUtil] - ✅ Scrolled to element Translate From Option
[INFO] 10-03-2025 15:36:09 [main] [MethodUtil] - ✅ Scrolled to element Translate to
[INFO] 10-03-2025 15:36:29 [main] [MethodUtil] - ✅ Scrolled to element Translate to
[INFO] 10-03-2025 15:36:30 [main] [MethodUtil] - ✅ Scrolled to element Next Button
[INFO] 10-03-2025 15:36:30 [main] [MethodUtil] - ✅ Scrolled to element Send Me A Quote
[INFO] 10-03-2025 15:45:55 [main] [MethodUtil] - ✅ Scrolled to element Register
[INFO] 10-03-2025 15:46:03 [main] [MethodUtil] - ✅ Scrolled to element Email
[INFO] 10-03-2025 15:46:03 [main] [MethodUtil] - ✅ Scrolled to element Password
[INFO] 10-03-2025 15:46:04 [main] [MethodUtil] - ✅ Scrolled to element Submit
[INFO] 10-03-2025 15:52:44 [main] [MethodUtil] - ✅ Scrolled to element Register
[INFO] 10-03-2025 15:52:52 [main] [MethodUtil] - ✅ Scrolled to element Email
[INFO] 10-03-2025 15:52:52 [main] [MethodUtil] - ✅ Scrolled to element Password
[INFO] 10-03-2025 15:52:52 [main] [MethodUtil] - ✅ Scrolled to element Submit
[INFO] 10-03-2025 15:53:03 [main] [MethodUtil] - ✅ Scrolled to element Request Quote
[INFO] 10-03-2025 15:53:04 [main] [MethodUtil] - ✅ Scrolled to element Country List Button
[INFO] 10-03-2025 15:53:04 [main] [MethodUtil] - Text China (Mainland) is retrieved from Country List
[INFO] 10-03-2025 15:53:04 [main] [MethodUtil] - Text United Kingdom (UK) is retrieved from Country List
[INFO] 10-03-2025 15:53:04 [main] [MethodUtil] - Text Isle of Man is retrieved from Country List
[INFO] 10-03-2025 15:53:04 [main] [MethodUtil] - Text Guernsey is retrieved from Country List
[INFO] 10-03-2025 15:53:04 [main] [MethodUtil] - Text Singapore is retrieved from Country List
[INFO] 10-03-2025 15:53:04 [main] [MethodUtil] - Text Other countries/territories is retrieved from Country List
[INFO] 10-03-2025 15:53:04 [main] [MethodUtil] - Text Malaysia is retrieved from Country List
[INFO] 10-03-2025 15:53:04 [main] [MethodUtil] - Text Australia is retrieved from Country List
[INFO] 10-03-2025 15:53:04 [main] [MethodUtil] - Text Egypt is retrieved from Country List
[INFO] 10-03-2025 15:53:04 [main] [MethodUtil] - ✅ Scrolled to element Country List
[INFO] 10-03-2025 15:53:04 [main] [MethodUtil] - ✅ Scrolled to element Next Button
[INFO] 10-03-2025 15:53:25 [main] [MethodUtil] - ✅ Scrolled to element Upload Button
[INFO] 10-03-2025 15:53:45 [main] [MethodUtil] - ✅ Scrolled to element Path
[INFO] 10-03-2025 15:53:59 [main] [MethodUtil] - ✅ Scrolled to element Next Button
[INFO] 10-03-2025 15:53:59 [main] [MethodUtil] - ✅ Scrolled to element Translate From
[INFO] 10-03-2025 15:54:00 [main] [MethodUtil] - Text Arabic (United Arab Emirates) is retrieved from Translate From Option
[INFO] 10-03-2025 15:54:00 [main] [MethodUtil] - Text Bengali (India) is retrieved from Translate From Option
[INFO] 10-03-2025 15:54:00 [main] [MethodUtil] - Text Chinese (Simplified, China) is retrieved from Translate From Option
[INFO] 10-03-2025 15:54:00 [main] [MethodUtil] - ✅ Scrolled to element Translate From Option
[INFO] 10-03-2025 15:54:00 [main] [MethodUtil] - ✅ Scrolled to element Translate to
[INFO] 10-03-2025 15:54:20 [main] [MethodUtil] - ✅ Scrolled to element Translate to
[INFO] 10-03-2025 15:54:20 [main] [MethodUtil] - ✅ Scrolled to element Next Button
[INFO] 10-03-2025 15:54:20 [main] [MethodUtil] - ✅ Scrolled to element Send Me A Quote
[INFO] 10-03-2025 16:02:35 [main] [MethodUtil] - ✅ Scrolled to element Register
[INFO] 10-03-2025 16:02:57 [main] [MethodUtil] - ✅ Scrolled to element Email
[INFO] 10-03-2025 16:02:58 [main] [MethodUtil] - ✅ Scrolled to element Password
[INFO] 10-03-2025 16:02:58 [main] [MethodUtil] - ✅ Scrolled to element Submit
[INFO] 10-03-2025 16:03:08 [main] [MethodUtil] - ✅ Scrolled to element Request Quote
[INFO] 10-03-2025 16:03:29 [main] [MethodUtil] - ✅ Scrolled to element Country List Button
[INFO] 10-03-2025 16:03:29 [main] [MethodUtil] - Text China (Mainland) is retrieved from Country List
[INFO] 10-03-2025 16:03:29 [main] [MethodUtil] - Text United Kingdom (UK) is retrieved from Country List
[INFO] 10-03-2025 16:03:29 [main] [MethodUtil] - Text Isle of Man is retrieved from Country List
[INFO] 10-03-2025 16:03:29 [main] [MethodUtil] - Text Guernsey is retrieved from Country List
[INFO] 10-03-2025 16:03:29 [main] [MethodUtil] - Text Singapore is retrieved from Country List
[INFO] 10-03-2025 16:03:29 [main] [MethodUtil] - Text Other countries/territories is retrieved from Country List
[INFO] 10-03-2025 16:03:29 [main] [MethodUtil] - Text Malaysia is retrieved from Country List
[INFO] 10-03-2025 16:03:29 [main] [MethodUtil] - Text Australia is retrieved from Country List
[INFO] 10-03-2025 16:03:29 [main] [MethodUtil] - Text Egypt is retrieved from Country List
[INFO] 10-03-2025 16:03:29 [main] [MethodUtil] - ✅ Scrolled to element Country List
[INFO] 10-03-2025 16:03:50 [main] [MethodUtil] - ✅ Scrolled to element Next Button
[INFO] 10-03-2025 16:04:10 [main] [MethodUtil] - ✅ Scrolled to element Upload Button
[INFO] 10-03-2025 16:04:30 [main] [MethodUtil] - ✅ Scrolled to element Path
[INFO] 10-03-2025 16:05:16 [main] [MethodUtil] - ✅ Scrolled to element Next Button
[INFO] 10-03-2025 16:05:37 [main] [MethodUtil] - ✅ Scrolled to element Translate From
[INFO] 10-03-2025 16:05:42 [main] [MethodUtil] - Text Arabic (United Arab Emirates) is retrieved from Translate From Option
[INFO] 10-03-2025 16:05:42 [main] [MethodUtil] - Text Bengali (India) is retrieved from Translate From Option
[INFO] 10-03-2025 16:05:42 [main] [MethodUtil] - Text Chinese (Simplified, China) is retrieved from Translate From Option
[INFO] 10-03-2025 16:05:42 [main] [MethodUtil] - ✅ Scrolled to element Translate From Option
[INFO] 10-03-2025 16:06:02 [main] [MethodUtil] - ✅ Scrolled to element Translate to
[INFO] 10-03-2025 16:06:28 [main] [MethodUtil] - ✅ Scrolled to element Translate to
[INFO] 10-03-2025 16:06:54 [main] [MethodUtil] - ✅ Scrolled to element Next Button
[INFO] 10-03-2025 16:07:14 [main] [MethodUtil] - ✅ Scrolled to element Send Me A Quote
[INFO] 10-03-2025 18:11:00 [main] [MethodUtil] - ✅ Scrolled to element Register
[INFO] 10-03-2025 18:11:08 [main] [MethodUtil] - ✅ Scrolled to element Email
[INFO] 10-03-2025 18:11:08 [main] [MethodUtil] - ✅ Scrolled to element Password
[INFO] 10-03-2025 18:11:09 [main] [MethodUtil] - ✅ Scrolled to element Submit
[INFO] 10-03-2025 18:11:19 [main] [MethodUtil] - ✅ Scrolled to element Request Quote
[INFO] 10-03-2025 18:11:20 [main] [MethodUtil] - ✅ Scrolled to element Country List Button
[INFO] 10-03-2025 18:11:21 [main] [MethodUtil] - Text China (Mainland) is retrieved from Country List
[INFO] 10-03-2025 18:11:21 [main] [MethodUtil] - Text United Kingdom (UK) is retrieved from Country List
[INFO] 10-03-2025 18:11:21 [main] [MethodUtil] - Text Isle of Man is retrieved from Country List
[INFO] 10-03-2025 18:11:21 [main] [MethodUtil] - Text Guernsey is retrieved from Country List
[INFO] 10-03-2025 18:11:21 [main] [MethodUtil] - Text Singapore is retrieved from Country List
[INFO] 10-03-2025 18:11:21 [main] [MethodUtil] - Text Other countries/territories is retrieved from Country List
[INFO] 10-03-2025 18:11:21 [main] [MethodUtil] - Text Malaysia is retrieved from Country List
[INFO] 10-03-2025 18:11:21 [main] [MethodUtil] - Text Australia is retrieved from Country List
[INFO] 10-03-2025 18:11:21 [main] [MethodUtil] - Text Egypt is retrieved from Country List
[INFO] 10-03-2025 18:11:21 [main] [MethodUtil] - ✅ Scrolled to element Country List
[INFO] 10-03-2025 18:11:21 [main] [MethodUtil] - ✅ Scrolled to element Next Button
[INFO] 10-03-2025 18:11:42 [main] [MethodUtil] - ✅ Scrolled to element Upload Button
[INFO] 10-03-2025 18:12:02 [main] [MethodUtil] - ✅ Scrolled to element Path
[INFO] 10-03-2025 18:12:16 [main] [MethodUtil] - ✅ Scrolled to element Next Button
[INFO] 10-03-2025 18:12:17 [main] [MethodUtil] - ✅ Scrolled to element Translate From
[INFO] 10-03-2025 18:12:17 [main] [MethodUtil] - Text Arabic (United Arab Emirates) is retrieved from Translate From Option
[INFO] 10-03-2025 18:12:17 [main] [MethodUtil] - Text Bengali (India) is retrieved from Translate From Option
[INFO] 10-03-2025 18:12:17 [main] [MethodUtil] - Text Chinese (Simplified, China) is retrieved from Translate From Option
[INFO] 10-03-2025 18:12:17 [main] [MethodUtil] - ✅ Scrolled to element Translate From Option
[INFO] 10-03-2025 18:12:17 [main] [MethodUtil] - ✅ Scrolled to element Translate to
[INFO] 10-03-2025 18:12:38 [main] [MethodUtil] - ✅ Scrolled to element Translate to
[INFO] 10-03-2025 18:12:38 [main] [MethodUtil] - ✅ Scrolled to element Next Button
[INFO] 10-03-2025 18:12:39 [main] [MethodUtil] - ✅ Scrolled to element Send Me A Quote
[INFO] 10-03-2025 18:17:20 [main] [MethodUtil] - ✅ Scrolled to element Register
[INFO] 10-03-2025 18:17:28 [main] [MethodUtil] - ✅ Scrolled to element Email
[INFO] 10-03-2025 18:17:29 [main] [MethodUtil] - ✅ Scrolled to element Password
[INFO] 10-03-2025 18:17:29 [main] [MethodUtil] - ✅ Scrolled to element Submit
[INFO] 10-03-2025 18:17:42 [main] [MethodUtil] - ✅ Scrolled to element Request Quote
[INFO] 10-03-2025 18:17:43 [main] [MethodUtil] - ✅ Scrolled to element Country List Button
[INFO] 10-03-2025 18:17:43 [main] [MethodUtil] - Text China (Mainland) is retrieved from Country List
[INFO] 10-03-2025 18:17:43 [main] [MethodUtil] - Text United Kingdom (UK) is retrieved from Country List
[INFO] 10-03-2025 18:17:43 [main] [MethodUtil] - Text Isle of Man is retrieved from Country List
[INFO] 10-03-2025 18:17:43 [main] [MethodUtil] - Text Guernsey is retrieved from Country List
[INFO] 10-03-2025 18:17:43 [main] [MethodUtil] - Text Singapore is retrieved from Country List
[INFO] 10-03-2025 18:17:43 [main] [MethodUtil] - Text Other countries/territories is retrieved from Country List
[INFO] 10-03-2025 18:17:44 [main] [MethodUtil] - Text Malaysia is retrieved from Country List
[INFO] 10-03-2025 18:17:44 [main] [MethodUtil] - Text Australia is retrieved from Country List
[INFO] 10-03-2025 18:17:44 [main] [MethodUtil] - Text Egypt is retrieved from Country List
[INFO] 10-03-2025 18:17:44 [main] [MethodUtil] - ✅ Scrolled to element Country List
[INFO] 10-03-2025 18:17:44 [main] [MethodUtil] - ✅ Scrolled to element Next Button
[INFO] 10-03-2025 18:18:05 [main] [MethodUtil] - ✅ Scrolled to element Upload Button
[INFO] 10-03-2025 18:18:25 [main] [MethodUtil] - ✅ Scrolled to element Path
[INFO] 10-03-2025 18:18:40 [main] [MethodUtil] - ✅ Scrolled to element Next Button
[INFO] 10-03-2025 18:18:40 [main] [MethodUtil] - ✅ Scrolled to element Translate From
[INFO] 10-03-2025 18:18:40 [main] [MethodUtil] - Text Arabic (United Arab Emirates) is retrieved from Translate From Option
[INFO] 10-03-2025 18:18:40 [main] [MethodUtil] - Text Bengali (India) is retrieved from Translate From Option
[INFO] 10-03-2025 18:18:40 [main] [MethodUtil] - Text Chinese (Simplified, China) is retrieved from Translate From Option
[INFO] 10-03-2025 18:18:40 [main] [MethodUtil] - ✅ Scrolled to element Translate From Option
[INFO] 10-03-2025 18:18:41 [main] [MethodUtil] - ✅ Scrolled to element Translate to
[INFO] 10-03-2025 18:19:02 [main] [MethodUtil] - ✅ Scrolled to element Translate to
[INFO] 10-03-2025 18:19:02 [main] [MethodUtil] - ✅ Scrolled to element Next Button
[INFO] 10-03-2025 18:19:02 [main] [MethodUtil] - ✅ Scrolled to element Send Me A Quote
[INFO] 10-03-2025 18:20:48 [main] [MethodUtil] - ✅ Scrolled to element Register
[INFO] 10-03-2025 18:20:58 [main] [MethodUtil] - ✅ Scrolled to element Email
[INFO] 10-03-2025 18:20:59 [main] [MethodUtil] - ✅ Scrolled to element Password
[INFO] 10-03-2025 18:20:59 [main] [MethodUtil] - ✅ Scrolled to element Submit
[INFO] 10-03-2025 18:21:09 [main] [MethodUtil] - ✅ Scrolled to element Request Quote
[INFO] 10-03-2025 18:21:10 [main] [MethodUtil] - ✅ Scrolled to element Country List Button
[INFO] 10-03-2025 18:21:11 [main] [MethodUtil] - Text China (Mainland) is retrieved from Country List
[INFO] 10-03-2025 18:21:11 [main] [MethodUtil] - Text United Kingdom (UK) is retrieved from Country List
[INFO] 10-03-2025 18:21:11 [main] [MethodUtil] - Text Isle of Man is retrieved from Country List
[INFO] 10-03-2025 18:21:11 [main] [MethodUtil] - Text Guernsey is retrieved from Country List
[INFO] 10-03-2025 18:21:11 [main] [MethodUtil] - Text Singapore is retrieved from Country List
[INFO] 10-03-2025 18:21:11 [main] [MethodUtil] - Text Other countries/territories is retrieved from Country List
[INFO] 10-03-2025 18:21:11 [main] [MethodUtil] - Text Malaysia is retrieved from Country List
[INFO] 10-03-2025 18:21:11 [main] [MethodUtil] - Text Australia is retrieved from Country List
[INFO] 10-03-2025 18:21:11 [main] [MethodUtil] - Text Egypt is retrieved from Country List
[INFO] 10-03-2025 18:21:11 [main] [MethodUtil] - ✅ Scrolled to element Country List
[INFO] 10-03-2025 18:21:11 [main] [MethodUtil] - ✅ Scrolled to element Next Button
[INFO] 10-03-2025 18:21:32 [main] [MethodUtil] - ✅ Scrolled to element Upload Button
[INFO] 10-03-2025 18:21:52 [main] [MethodUtil] - ✅ Scrolled to element Path
[INFO] 10-03-2025 18:22:07 [main] [MethodUtil] - ✅ Scrolled to element Next Button
[INFO] 10-03-2025 18:22:07 [main] [MethodUtil] - ✅ Scrolled to element Translate From
[INFO] 10-03-2025 18:22:07 [main] [MethodUtil] - Text Arabic (United Arab Emirates) is retrieved from Translate From Option
[INFO] 10-03-2025 18:22:07 [main] [MethodUtil] - Text Bengali (India) is retrieved from Translate From Option
[INFO] 10-03-2025 18:22:07 [main] [MethodUtil] - Text Chinese (Simplified, China) is retrieved from Translate From Option
[INFO] 10-03-2025 18:22:07 [main] [MethodUtil] - ✅ Scrolled to element Translate From Option
[INFO] 10-03-2025 18:22:08 [main] [MethodUtil] - ✅ Scrolled to element Translate to
[INFO] 10-03-2025 18:22:28 [main] [MethodUtil] - ✅ Scrolled to element Translate to
[INFO] 10-03-2025 18:22:29 [main] [MethodUtil] - ✅ Scrolled to element Next Button
[INFO] 10-03-2025 18:22:29 [main] [MethodUtil] - ✅ Scrolled to element Send Me A Quote
[INFO] 10-03-2025 18:24:40 [main] [MethodUtil] - ✅ Scrolled to element Register
[INFO] 10-03-2025 18:24:48 [main] [MethodUtil] - ✅ Scrolled to element Email
[INFO] 10-03-2025 18:24:49 [main] [MethodUtil] - ✅ Scrolled to element Password
[INFO] 10-03-2025 18:24:49 [main] [MethodUtil] - ✅ Scrolled to element Submit
[INFO] 10-03-2025 18:25:01 [main] [MethodUtil] - ✅ Scrolled to element Request Quote
[INFO] 10-03-2025 18:25:02 [main] [MethodUtil] - ✅ Scrolled to element Country List Button
[INFO] 10-03-2025 18:25:02 [main] [MethodUtil] - Text China (Mainland) is retrieved from Country List
[INFO] 10-03-2025 18:25:02 [main] [MethodUtil] - Text United Kingdom (UK) is retrieved from Country List
[INFO] 10-03-2025 18:25:02 [main] [MethodUtil] - Text Isle of Man is retrieved from Country List
[INFO] 10-03-2025 18:25:02 [main] [MethodUtil] - Text Guernsey is retrieved from Country List
[INFO] 10-03-2025 18:25:03 [main] [MethodUtil] - Text Singapore is retrieved from Country List
[INFO] 10-03-2025 18:25:03 [main] [MethodUtil] - Text Other countries/territories is retrieved from Country List
[INFO] 10-03-2025 18:25:03 [main] [MethodUtil] - Text Malaysia is retrieved from Country List
[INFO] 10-03-2025 18:25:03 [main] [MethodUtil] - Text Australia is retrieved from Country List
[INFO] 10-03-2025 18:25:03 [main] [MethodUtil] - Text Egypt is retrieved from Country List
[INFO] 10-03-2025 18:25:03 [main] [MethodUtil] - ✅ Scrolled to element Country List
[INFO] 10-03-2025 18:25:03 [main] [MethodUtil] - ✅ Scrolled to element Next Button
[INFO] 10-03-2025 18:25:23 [main] [MethodUtil] - ✅ Scrolled to element Upload Button
[INFO] 10-03-2025 18:25:44 [main] [MethodUtil] - ✅ Scrolled to element Path
[INFO] 10-03-2025 18:25:58 [main] [MethodUtil] - ✅ Scrolled to element Next Button
[INFO] 10-03-2025 18:25:59 [main] [MethodUtil] - ✅ Scrolled to element Translate From
[INFO] 10-03-2025 18:25:59 [main] [MethodUtil] - Text Arabic (United Arab Emirates) is retrieved from Translate From Option
[INFO] 10-03-2025 18:25:59 [main] [MethodUtil] - Text Bengali (India) is retrieved from Translate From Option
[INFO] 10-03-2025 18:25:59 [main] [MethodUtil] - Text Chinese (Simplified, China) is retrieved from Translate From Option
[INFO] 10-03-2025 18:25:59 [main] [MethodUtil] - ✅ Scrolled to element Translate From Option
[INFO] 10-03-2025 18:25:59 [main] [MethodUtil] - ✅ Scrolled to element Translate to
[INFO] 10-03-2025 18:26:20 [main] [MethodUtil] - ✅ Scrolled to element Translate to
[INFO] 10-03-2025 18:26:20 [main] [MethodUtil] - ✅ Scrolled to element Next Button
[INFO] 10-03-2025 18:26:21 [main] [MethodUtil] - ✅ Scrolled to element Send Me A Quote
[INFO] 10-03-2025 18:40:53 [main] [MethodUtil] - ✅ Scrolled to element Register
[INFO] 10-03-2025 18:41:01 [main] [MethodUtil] - ✅ Scrolled to element Email
[INFO] 10-03-2025 18:41:01 [main] [MethodUtil] - ✅ Scrolled to element Password
[INFO] 10-03-2025 18:41:01 [main] [MethodUtil] - ✅ Scrolled to element Submit
[INFO] 10-03-2025 18:41:13 [main] [MethodUtil] - ✅ Scrolled to element Request Quote
[INFO] 10-03-2025 18:41:14 [main] [MethodUtil] - ✅ Scrolled to element Country List Button
[INFO] 10-03-2025 18:41:14 [main] [MethodUtil] - Text China (Mainland) is retrieved from Country List
[INFO] 10-03-2025 18:41:14 [main] [MethodUtil] - Text United Kingdom (UK) is retrieved from Country List
[INFO] 10-03-2025 18:41:14 [main] [MethodUtil] - Text Isle of Man is retrieved from Country List
[INFO] 10-03-2025 18:41:14 [main] [MethodUtil] - Text Guernsey is retrieved from Country List
[INFO] 10-03-2025 18:41:14 [main] [MethodUtil] - Text Singapore is retrieved from Country List
[INFO] 10-03-2025 18:41:14 [main] [MethodUtil] - Text Other countries/territories is retrieved from Country List
[INFO] 10-03-2025 18:41:14 [main] [MethodUtil] - Text Malaysia is retrieved from Country List
[INFO] 10-03-2025 18:41:14 [main] [MethodUtil] - Text Australia is retrieved from Country List
[INFO] 10-03-2025 18:41:14 [main] [MethodUtil] - Text Egypt is retrieved from Country List
[INFO] 10-03-2025 18:41:14 [main] [MethodUtil] - ✅ Scrolled to element Country List
[INFO] 10-03-2025 18:41:15 [main] [MethodUtil] - ✅ Scrolled to element Next Button
[INFO] 10-03-2025 18:41:35 [main] [MethodUtil] - ✅ Scrolled to element Path
[INFO] 10-03-2025 18:41:51 [main] [MethodUtil] - ✅ Scrolled to element Next Button
[INFO] 10-03-2025 18:41:51 [main] [MethodUtil] - ✅ Scrolled to element Translate From
[INFO] 10-03-2025 18:41:51 [main] [MethodUtil] - Text Arabic (United Arab Emirates) is retrieved from Translate From Option
[INFO] 10-03-2025 18:41:51 [main] [MethodUtil] - Text Bengali (India) is retrieved from Translate From Option
[INFO] 10-03-2025 18:41:51 [main] [MethodUtil] - Text Chinese (Simplified, China) is retrieved from Translate From Option
[INFO] 10-03-2025 18:41:51 [main] [MethodUtil] - ✅ Scrolled to element Translate From Option
[INFO] 10-03-2025 18:41:52 [main] [MethodUtil] - ✅ Scrolled to element Translate to
[INFO] 10-03-2025 18:42:12 [main] [MethodUtil] - ✅ Scrolled to element Translate to
[INFO] 10-03-2025 18:42:12 [main] [MethodUtil] - ✅ Scrolled to element Next Button
[INFO] 10-03-2025 18:42:12 [main] [MethodUtil] - ✅ Scrolled to element Send Me A Quote
[INFO] 10-03-2025 18:45:08 [main] [MethodUtil] - ✅ Scrolled to element Register
[INFO] 10-03-2025 18:45:15 [main] [MethodUtil] - ✅ Scrolled to element Email
[INFO] 10-03-2025 18:45:16 [main] [MethodUtil] - ✅ Scrolled to element Password
[INFO] 10-03-2025 18:45:16 [main] [MethodUtil] - ✅ Scrolled to element Submit
[INFO] 10-03-2025 18:45:28 [main] [MethodUtil] - ✅ Scrolled to element Request Quote
[INFO] 10-03-2025 18:45:29 [main] [MethodUtil] - ✅ Scrolled to element Country List Button
[INFO] 10-03-2025 18:45:29 [main] [MethodUtil] - Text China (Mainland) is retrieved from Country List
[INFO] 10-03-2025 18:45:29 [main] [MethodUtil] - Text United Kingdom (UK) is retrieved from Country List
[INFO] 10-03-2025 18:45:29 [main] [MethodUtil] - Text Isle of Man is retrieved from Country List
[INFO] 10-03-2025 18:45:29 [main] [MethodUtil] - Text Guernsey is retrieved from Country List
[INFO] 10-03-2025 18:45:29 [main] [MethodUtil] - Text Singapore is retrieved from Country List
[INFO] 10-03-2025 18:45:29 [main] [MethodUtil] - Text Other countries/territories is retrieved from Country List
[INFO] 10-03-2025 18:45:29 [main] [MethodUtil] - Text Malaysia is retrieved from Country List
[INFO] 10-03-2025 18:45:29 [main] [MethodUtil] - Text Australia is retrieved from Country List
[INFO] 10-03-2025 18:45:29 [main] [MethodUtil] - Text Egypt is retrieved from Country List
[INFO] 10-03-2025 18:45:29 [main] [MethodUtil] - ✅ Scrolled to element Country List
[INFO] 10-03-2025 18:45:29 [main] [MethodUtil] - ✅ Scrolled to element Next Button
[INFO] 10-03-2025 18:45:50 [main] [MethodUtil] - ✅ Scrolled to element Path
[INFO] 10-03-2025 18:46:20 [main] [MethodUtil] - ✅ Scrolled to element Next Button
[INFO] 10-03-2025 18:46:21 [main] [MethodUtil] - ✅ Scrolled to element Translate From
[INFO] 10-03-2025 18:46:21 [main] [MethodUtil] - Text Arabic (United Arab Emirates) is retrieved from Translate From Option
[INFO] 10-03-2025 18:46:21 [main] [MethodUtil] - Text Bengali (India) is retrieved from Translate From Option
[INFO] 10-03-2025 18:46:21 [main] [MethodUtil] - Text Chinese (Simplified, China) is retrieved from Translate From Option
[INFO] 10-03-2025 18:46:21 [main] [MethodUtil] - ✅ Scrolled to element Translate From Option
[INFO] 10-03-2025 18:46:21 [main] [MethodUtil] - ✅ Scrolled to element Translate to
[INFO] 10-03-2025 18:46:42 [main] [MethodUtil] - ✅ Scrolled to element Translate to
[INFO] 10-03-2025 18:46:43 [main] [MethodUtil] - ✅ Scrolled to element Next Button
[INFO] 10-03-2025 18:46:43 [main] [MethodUtil] - ✅ Scrolled to element Send Me A Quote
