[INFO] 18-03-2025 10:30:07 [main] [MethodUtil] - ✅ Scrolled to element Account Button
[INFO] 18-03-2025 10:30:08 [main] [MethodUtil] - ✅ Scrolled to element Sign In
[INFO] 18-03-2025 10:30:19 [main] [MethodUtil] - ✅ Scrolled to element Email
[INFO] 18-03-2025 10:30:20 [main] [MethodUtil] - ✅ Scrolled to element Password
[INFO] 18-03-2025 10:30:21 [main] [MethodUtil] - ✅ Scrolled to element Submit
[INFO] 18-03-2025 10:30:35 [main] [MethodUtil] - ✅ Scrolled to element Start New Project
[INFO] 18-03-2025 10:30:36 [main] [MethodUtil] - ✅ Scrolled to element Translate from
[INFO] 18-03-2025 10:30:40 [main] [MethodUtil] - ✅ Scrolled to element hui
[INFO] 18-03-2025 10:30:44 [main] [MethodUtil] - ✅ Scrolled to element Arabic (Saudi Arabia)
[INFO] 18-03-2025 10:38:19 [main] [MethodUtil] - ✅ Scrolled to element Account Button
[INFO] 18-03-2025 10:38:20 [main] [MethodUtil] - ✅ Scrolled to element Sign In
[INFO] 18-03-2025 10:38:30 [main] [MethodUtil] - ✅ Scrolled to element Email
[INFO] 18-03-2025 10:38:32 [main] [MethodUtil] - ✅ Scrolled to element Password
[INFO] 18-03-2025 10:38:33 [main] [MethodUtil] - ✅ Scrolled to element Submit
[INFO] 18-03-2025 10:38:48 [main] [MethodUtil] - ✅ Scrolled to element Start New Project
[INFO] 18-03-2025 10:38:49 [main] [MethodUtil] - ✅ Scrolled to element Translate from
[INFO] 18-03-2025 10:38:53 [main] [MethodUtil] - ✅ Scrolled to element hui
[INFO] 18-03-2025 10:38:57 [main] [MethodUtil] - ✅ Scrolled to element Arabic (Saudi Arabia)
[INFO] 18-03-2025 11:19:48 [main] [MethodUtil] - ✅ Scrolled to element Account Button
[INFO] 18-03-2025 11:19:49 [main] [MethodUtil] - ✅ Scrolled to element Sign In
[INFO] 18-03-2025 11:19:58 [main] [MethodUtil] - ✅ Scrolled to element Email
[INFO] 18-03-2025 11:19:59 [main] [MethodUtil] - ✅ Scrolled to element Password
[INFO] 18-03-2025 11:19:59 [main] [MethodUtil] - ✅ Scrolled to element Submit
[INFO] 18-03-2025 11:20:11 [main] [MethodUtil] - ✅ Scrolled to element Start New Project
[INFO] 18-03-2025 11:22:15 [main] [MethodUtil] - ✅ Scrolled to element Account Button
[INFO] 18-03-2025 11:22:15 [main] [MethodUtil] - ✅ Scrolled to element Sign In
[INFO] 18-03-2025 11:22:24 [main] [MethodUtil] - ✅ Scrolled to element Email
[INFO] 18-03-2025 11:22:25 [main] [MethodUtil] - ✅ Scrolled to element Password
[INFO] 18-03-2025 11:22:26 [main] [MethodUtil] - ✅ Scrolled to element Submit
[INFO] 18-03-2025 11:22:38 [main] [MethodUtil] - ✅ Scrolled to element Start New Project
[INFO] 18-03-2025 11:23:28 [main] [MethodUtil] - ✅ Scrolled to element Account Button
[INFO] 18-03-2025 11:23:29 [main] [MethodUtil] - ✅ Scrolled to element Sign In
[INFO] 18-03-2025 11:23:38 [main] [MethodUtil] - ✅ Scrolled to element Email
[INFO] 18-03-2025 11:23:38 [main] [MethodUtil] - ✅ Scrolled to element Password
[INFO] 18-03-2025 11:23:39 [main] [MethodUtil] - ✅ Scrolled to element Submit
[INFO] 18-03-2025 11:23:50 [main] [MethodUtil] - ✅ Scrolled to element Start New Project
[INFO] 18-03-2025 11:24:44 [main] [MethodUtil] - ✅ Scrolled to element Account Button
[INFO] 18-03-2025 11:24:45 [main] [MethodUtil] - ✅ Scrolled to element Sign In
[INFO] 18-03-2025 11:24:53 [main] [MethodUtil] - ✅ Scrolled to element Email
[INFO] 18-03-2025 11:24:54 [main] [MethodUtil] - ✅ Scrolled to element Password
[INFO] 18-03-2025 11:24:55 [main] [MethodUtil] - ✅ Scrolled to element Submit
[INFO] 18-03-2025 11:28:12 [main] [MethodUtil] - ✅ Scrolled to element Account Button
[INFO] 18-03-2025 11:28:13 [main] [MethodUtil] - ✅ Scrolled to element Sign In
[INFO] 18-03-2025 11:28:22 [main] [MethodUtil] - ✅ Scrolled to element Email
[INFO] 18-03-2025 11:28:22 [main] [MethodUtil] - ✅ Scrolled to element Password
[INFO] 18-03-2025 11:28:23 [main] [MethodUtil] - ✅ Scrolled to element Submit
[INFO] 18-03-2025 11:28:33 [main] [MethodUtil] - ✅ Scrolled to element Account Button
[INFO] 18-03-2025 11:28:34 [main] [MethodUtil] - ✅ Scrolled to element Manage Account
[INFO] 18-03-2025 11:28:35 [main] [MethodUtil] - ✅ Scrolled to element Profile Mangement
[INFO] 18-03-2025 11:28:36 [main] [MethodUtil] - ✅ Scrolled to element Add Contact
[INFO] 18-03-2025 11:28:36 [main] [MethodUtil] - ✅ Scrolled to element Enter Contact
[INFO] 18-03-2025 12:20:17 [main] [MethodUtil] - ✅ Scrolled to element Account Button
[INFO] 18-03-2025 12:20:17 [main] [MethodUtil] - ✅ Scrolled to element Sign In
[INFO] 18-03-2025 12:20:27 [main] [MethodUtil] - ✅ Scrolled to element Email
[INFO] 18-03-2025 12:20:27 [main] [MethodUtil] - ✅ Scrolled to element Password
[INFO] 18-03-2025 12:20:28 [main] [MethodUtil] - ✅ Scrolled to element Submit
[INFO] 18-03-2025 12:20:39 [main] [MethodUtil] - ✅ Scrolled to element Account Button
[INFO] 18-03-2025 12:22:07 [main] [MethodUtil] - ✅ Scrolled to element Account Button
[INFO] 18-03-2025 12:22:07 [main] [MethodUtil] - ✅ Scrolled to element Sign In
[INFO] 18-03-2025 12:22:16 [main] [MethodUtil] - ✅ Scrolled to element Email
[INFO] 18-03-2025 12:22:17 [main] [MethodUtil] - ✅ Scrolled to element Password
[INFO] 18-03-2025 12:22:17 [main] [MethodUtil] - ✅ Scrolled to element Submit
[INFO] 18-03-2025 12:22:31 [main] [MethodUtil] - ✅ Scrolled to element Account Button
[INFO] 18-03-2025 12:27:13 [main] [MethodUtil] - ✅ Scrolled to element Account Button
[INFO] 18-03-2025 12:27:13 [main] [MethodUtil] - ✅ Scrolled to element Sign In
[INFO] 18-03-2025 12:27:22 [main] [MethodUtil] - ✅ Scrolled to element Email
[INFO] 18-03-2025 12:27:23 [main] [MethodUtil] - ✅ Scrolled to element Password
[INFO] 18-03-2025 12:27:23 [main] [MethodUtil] - ✅ Scrolled to element Submit
[INFO] 18-03-2025 12:27:34 [main] [MethodUtil] - ✅ Scrolled to element Account Button
[INFO] 18-03-2025 12:28:56 [main] [MethodUtil] - ✅ Scrolled to element Account Button
[INFO] 18-03-2025 12:28:57 [main] [MethodUtil] - ✅ Scrolled to element Sign In
[INFO] 18-03-2025 12:29:06 [main] [MethodUtil] - ✅ Scrolled to element Email
[INFO] 18-03-2025 12:29:07 [main] [MethodUtil] - ✅ Scrolled to element Password
[INFO] 18-03-2025 12:29:07 [main] [MethodUtil] - ✅ Scrolled to element Submit
[INFO] 18-03-2025 12:29:21 [main] [MethodUtil] - ✅ Scrolled to element Account Button
[INFO] 18-03-2025 12:37:22 [main] [MethodUtil] - ✅ Scrolled to element Account Button
[INFO] 18-03-2025 12:37:23 [main] [MethodUtil] - ✅ Scrolled to element Sign In
[INFO] 18-03-2025 12:37:32 [main] [MethodUtil] - ✅ Scrolled to element Email
[INFO] 18-03-2025 12:37:33 [main] [MethodUtil] - ✅ Scrolled to element Password
[INFO] 18-03-2025 12:37:33 [main] [MethodUtil] - ✅ Scrolled to element Submit
[INFO] 18-03-2025 12:37:46 [main] [MethodUtil] - ✅ Scrolled to element Account Button
[INFO] 18-03-2025 12:37:47 [main] [MethodUtil] - ✅ Scrolled to element Manage Account
[INFO] 18-03-2025 12:48:29 [main] [MethodUtil] - ✅ Scrolled to element Account Button
[INFO] 18-03-2025 12:48:30 [main] [MethodUtil] - ✅ Scrolled to element Sign In
[INFO] 18-03-2025 12:48:40 [main] [MethodUtil] - ✅ Scrolled to element Email
[INFO] 18-03-2025 12:48:40 [main] [MethodUtil] - ✅ Scrolled to element Password
[INFO] 18-03-2025 12:48:41 [main] [MethodUtil] - ✅ Scrolled to element Submit
[INFO] 18-03-2025 12:48:55 [main] [MethodUtil] - ✅ Scrolled to element Account Button
[INFO] 18-03-2025 12:48:56 [main] [MethodUtil] - ✅ Scrolled to element Manage Account
[INFO] 18-03-2025 12:48:57 [main] [MethodUtil] - ✅ Scrolled to element Billing pref
[INFO] 18-03-2025 12:50:10 [main] [MethodUtil] - ✅ Scrolled to element Account Button
[INFO] 18-03-2025 12:50:11 [main] [MethodUtil] - ✅ Scrolled to element Sign In
[INFO] 18-03-2025 12:50:20 [main] [MethodUtil] - ✅ Scrolled to element Email
[INFO] 18-03-2025 12:50:21 [main] [MethodUtil] - ✅ Scrolled to element Password
[INFO] 18-03-2025 12:50:22 [main] [MethodUtil] - ✅ Scrolled to element Submit
[INFO] 18-03-2025 12:50:33 [main] [MethodUtil] - ✅ Scrolled to element Account Button
[INFO] 18-03-2025 12:50:33 [main] [MethodUtil] - ✅ Scrolled to element Manage Account
[INFO] 18-03-2025 12:50:34 [main] [MethodUtil] - ✅ Scrolled to element Billing pref
[INFO] 18-03-2025 12:50:35 [main] [MethodUtil] - ✅ Scrolled to element Add Address
[INFO] 18-03-2025 12:52:25 [main] [MethodUtil] - ✅ Scrolled to element Account Button
[INFO] 18-03-2025 12:52:26 [main] [MethodUtil] - ✅ Scrolled to element Sign In
[INFO] 18-03-2025 12:52:36 [main] [MethodUtil] - ✅ Scrolled to element Email
[INFO] 18-03-2025 12:52:37 [main] [MethodUtil] - ✅ Scrolled to element Password
[INFO] 18-03-2025 12:52:37 [main] [MethodUtil] - ✅ Scrolled to element Submit
[INFO] 18-03-2025 12:52:51 [main] [MethodUtil] - ✅ Scrolled to element Account Button
[INFO] 18-03-2025 12:52:52 [main] [MethodUtil] - ✅ Scrolled to element Manage Account
[INFO] 18-03-2025 12:52:53 [main] [MethodUtil] - ✅ Scrolled to element Billing pref
[INFO] 18-03-2025 12:52:54 [main] [MethodUtil] - ✅ Scrolled to element Add Address
[INFO] 18-03-2025 12:55:47 [main] [MethodUtil] - ✅ Scrolled to element Account Button
[INFO] 18-03-2025 12:55:48 [main] [MethodUtil] - ✅ Scrolled to element Sign In
[INFO] 18-03-2025 12:55:58 [main] [MethodUtil] - ✅ Scrolled to element Email
[INFO] 18-03-2025 12:55:59 [main] [MethodUtil] - ✅ Scrolled to element Password
[INFO] 18-03-2025 12:56:00 [main] [MethodUtil] - ✅ Scrolled to element Submit
[INFO] 18-03-2025 12:56:11 [main] [MethodUtil] - ✅ Scrolled to element Account Button
[INFO] 18-03-2025 12:56:11 [main] [MethodUtil] - ✅ Scrolled to element Manage Account
[INFO] 18-03-2025 12:56:13 [main] [MethodUtil] - ✅ Scrolled to element Billing pref
[INFO] 18-03-2025 12:56:14 [main] [MethodUtil] - ✅ Scrolled to element Add Address
[INFO] 18-03-2025 12:57:15 [main] [MethodUtil] - ✅ Scrolled to element Account Button
[INFO] 18-03-2025 12:57:16 [main] [MethodUtil] - ✅ Scrolled to element Sign In
[INFO] 18-03-2025 12:57:26 [main] [MethodUtil] - ✅ Scrolled to element Email
[INFO] 18-03-2025 12:57:26 [main] [MethodUtil] - ✅ Scrolled to element Password
[INFO] 18-03-2025 12:57:27 [main] [MethodUtil] - ✅ Scrolled to element Submit
[INFO] 18-03-2025 12:57:41 [main] [MethodUtil] - ✅ Scrolled to element Account Button
[INFO] 18-03-2025 12:57:42 [main] [MethodUtil] - ✅ Scrolled to element Manage Account
[INFO] 18-03-2025 12:57:43 [main] [MethodUtil] - ✅ Scrolled to element Billing pref
[INFO] 18-03-2025 12:57:44 [main] [MethodUtil] - ✅ Scrolled to element Add Address
[INFO] 18-03-2025 12:57:44 [main] [MethodUtil] - ✅ Scrolled to element BusinessName
[INFO] 18-03-2025 12:57:44 [main] [MethodUtil] - ✅ Scrolled to element Address Name
[INFO] 18-03-2025 12:57:45 [main] [MethodUtil] - ✅ Scrolled to element AddressLine1 
[INFO] 18-03-2025 12:57:46 [main] [MethodUtil] - ✅ Scrolled to element AddressLine2 
[INFO] 18-03-2025 12:57:46 [main] [MethodUtil] - ✅ Scrolled to element postal code
[INFO] 18-03-2025 12:57:47 [main] [MethodUtil] - ✅ Scrolled to element vat
[INFO] 18-03-2025 12:57:47 [main] [MethodUtil] - ✅ Scrolled to element cith
[INFO] 18-03-2025 13:17:24 [main] [MethodUtil] - ✅ Scrolled to element Account Button
[INFO] 18-03-2025 13:17:25 [main] [MethodUtil] - ✅ Scrolled to element Sign In
[INFO] 18-03-2025 13:17:35 [main] [MethodUtil] - ✅ Scrolled to element Email
[INFO] 18-03-2025 13:17:35 [main] [MethodUtil] - ✅ Scrolled to element Password
[INFO] 18-03-2025 13:17:36 [main] [MethodUtil] - ✅ Scrolled to element Submit
[INFO] 18-03-2025 13:17:50 [main] [MethodUtil] - ✅ Scrolled to element Account Button
[INFO] 18-03-2025 13:17:51 [main] [MethodUtil] - ✅ Scrolled to element Manage Account
[INFO] 18-03-2025 13:17:52 [main] [MethodUtil] - ✅ Scrolled to element Billing pref
[INFO] 18-03-2025 13:17:53 [main] [MethodUtil] - ✅ Scrolled to element Add Address
[INFO] 18-03-2025 13:17:53 [main] [MethodUtil] - ✅ Scrolled to element BusinessName
[INFO] 18-03-2025 13:17:54 [main] [MethodUtil] - ✅ Scrolled to element Address Name
[INFO] 18-03-2025 13:17:54 [main] [MethodUtil] - ✅ Scrolled to element AddressLine1 
[INFO] 18-03-2025 13:17:55 [main] [MethodUtil] - ✅ Scrolled to element AddressLine2 
[INFO] 18-03-2025 13:17:55 [main] [MethodUtil] - ✅ Scrolled to element Country
[INFO] 18-03-2025 13:17:56 [main] [MethodUtil] - ✅ Scrolled to element Madhya Pradesh
[INFO] 18-03-2025 13:17:56 [main] [MethodUtil] - ✅ Scrolled to element postal code
[INFO] 18-03-2025 13:17:57 [main] [MethodUtil] - ✅ Scrolled to element vat
[INFO] 18-03-2025 13:17:57 [main] [MethodUtil] - ✅ Scrolled to element cith
[INFO] 18-03-2025 13:20:43 [main] [MethodUtil] - ✅ Scrolled to element Account Button
[INFO] 18-03-2025 13:20:44 [main] [MethodUtil] - ✅ Scrolled to element Sign In
[INFO] 18-03-2025 13:20:54 [main] [MethodUtil] - ✅ Scrolled to element Email
[INFO] 18-03-2025 13:20:55 [main] [MethodUtil] - ✅ Scrolled to element Password
[INFO] 18-03-2025 13:20:56 [main] [MethodUtil] - ✅ Scrolled to element Submit
[INFO] 18-03-2025 13:21:09 [main] [MethodUtil] - ✅ Scrolled to element Account Button
[INFO] 18-03-2025 13:21:10 [main] [MethodUtil] - ✅ Scrolled to element Manage Account
[INFO] 18-03-2025 13:21:11 [main] [MethodUtil] - ✅ Scrolled to element Billing pref
[INFO] 18-03-2025 13:21:12 [main] [MethodUtil] - ✅ Scrolled to element Add Address
[INFO] 18-03-2025 13:21:13 [main] [MethodUtil] - ✅ Scrolled to element BusinessName
[INFO] 18-03-2025 13:21:13 [main] [MethodUtil] - ✅ Scrolled to element Address Name
[INFO] 18-03-2025 13:21:14 [main] [MethodUtil] - ✅ Scrolled to element AddressLine1 
[INFO] 18-03-2025 13:21:14 [main] [MethodUtil] - ✅ Scrolled to element AddressLine2 
[INFO] 18-03-2025 13:21:15 [main] [MethodUtil] - ✅ Scrolled to element cith
[INFO] 18-03-2025 13:21:15 [main] [MethodUtil] - ✅ Scrolled to element Country
[INFO] 18-03-2025 13:21:16 [main] [MethodUtil] - ✅ Scrolled to element Madhya Pradesh
[INFO] 18-03-2025 13:21:16 [main] [MethodUtil] - ✅ Scrolled to element postal code
[INFO] 18-03-2025 13:21:17 [main] [MethodUtil] - ✅ Scrolled to element vat
[INFO] 18-03-2025 13:31:45 [main] [MethodUtil] - ✅ Scrolled to element Account Button
[INFO] 18-03-2025 13:31:47 [main] [MethodUtil] - ✅ Scrolled to element Sign In
[INFO] 18-03-2025 13:31:58 [main] [MethodUtil] - ✅ Scrolled to element Email
[INFO] 18-03-2025 13:32:00 [main] [MethodUtil] - ✅ Scrolled to element Password
[INFO] 18-03-2025 13:32:01 [main] [MethodUtil] - ✅ Scrolled to element Submit
[INFO] 18-03-2025 13:32:17 [main] [MethodUtil] - ✅ Scrolled to element Account Button
[INFO] 18-03-2025 13:32:18 [main] [MethodUtil] - ✅ Scrolled to element Manage Account
[INFO] 18-03-2025 13:32:19 [main] [MethodUtil] - ✅ Scrolled to element Billing pref
[INFO] 18-03-2025 13:32:21 [main] [MethodUtil] - ✅ Scrolled to element Add Address
[INFO] 18-03-2025 13:32:22 [main] [MethodUtil] - ✅ Scrolled to element BusinessName
[INFO] 18-03-2025 13:32:22 [main] [MethodUtil] - ✅ Scrolled to element Address Name
[INFO] 18-03-2025 13:32:23 [main] [MethodUtil] - ✅ Scrolled to element AddressLine1 
[INFO] 18-03-2025 13:32:24 [main] [MethodUtil] - ✅ Scrolled to element AddressLine2 
[INFO] 18-03-2025 13:32:25 [main] [MethodUtil] - ✅ Scrolled to element cith
[INFO] 18-03-2025 13:32:26 [main] [MethodUtil] - ✅ Scrolled to element Country
[INFO] 18-03-2025 13:35:12 [main] [MethodUtil] - ✅ Scrolled to element Account Button
[INFO] 18-03-2025 13:35:13 [main] [MethodUtil] - ✅ Scrolled to element Sign In
[INFO] 18-03-2025 13:35:23 [main] [MethodUtil] - ✅ Scrolled to element Email
[INFO] 18-03-2025 13:35:24 [main] [MethodUtil] - ✅ Scrolled to element Password
[INFO] 18-03-2025 13:35:25 [main] [MethodUtil] - ✅ Scrolled to element Submit
[INFO] 18-03-2025 13:35:39 [main] [MethodUtil] - ✅ Scrolled to element Account Button
[INFO] 18-03-2025 13:35:39 [main] [MethodUtil] - ✅ Scrolled to element Manage Account
[INFO] 18-03-2025 13:35:41 [main] [MethodUtil] - ✅ Scrolled to element Billing pref
[INFO] 18-03-2025 13:35:41 [main] [MethodUtil] - ✅ Scrolled to element Add Address
[INFO] 18-03-2025 13:35:42 [main] [MethodUtil] - ✅ Scrolled to element BusinessName
[INFO] 18-03-2025 13:35:42 [main] [MethodUtil] - ✅ Scrolled to element Address Name
[INFO] 18-03-2025 13:35:43 [main] [MethodUtil] - ✅ Scrolled to element AddressLine1 
[INFO] 18-03-2025 13:35:44 [main] [MethodUtil] - ✅ Scrolled to element AddressLine2 
[INFO] 18-03-2025 13:35:44 [main] [MethodUtil] - ✅ Scrolled to element cith
[INFO] 18-03-2025 13:35:45 [main] [MethodUtil] - ✅ Scrolled to element Country
[INFO] 18-03-2025 13:37:49 [main] [MethodUtil] - ✅ Scrolled to element Account Button
[INFO] 18-03-2025 13:37:50 [main] [MethodUtil] - ✅ Scrolled to element Sign In
[INFO] 18-03-2025 13:38:01 [main] [MethodUtil] - ✅ Scrolled to element Email
[INFO] 18-03-2025 13:38:02 [main] [MethodUtil] - ✅ Scrolled to element Password
[INFO] 18-03-2025 13:38:04 [main] [MethodUtil] - ✅ Scrolled to element Submit
[INFO] 18-03-2025 13:38:19 [main] [MethodUtil] - ✅ Scrolled to element Account Button
[INFO] 18-03-2025 13:38:20 [main] [MethodUtil] - ✅ Scrolled to element Manage Account
[INFO] 18-03-2025 13:38:21 [main] [MethodUtil] - ✅ Scrolled to element Billing pref
[INFO] 18-03-2025 13:38:22 [main] [MethodUtil] - ✅ Scrolled to element Add Address
[INFO] 18-03-2025 13:38:23 [main] [MethodUtil] - ✅ Scrolled to element BusinessName
[INFO] 18-03-2025 13:38:24 [main] [MethodUtil] - ✅ Scrolled to element Address Name
[INFO] 18-03-2025 13:38:25 [main] [MethodUtil] - ✅ Scrolled to element AddressLine1 
[INFO] 18-03-2025 13:38:26 [main] [MethodUtil] - ✅ Scrolled to element AddressLine2 
[INFO] 18-03-2025 13:38:27 [main] [MethodUtil] - ✅ Scrolled to element cith
[INFO] 18-03-2025 13:38:28 [main] [MethodUtil] - ✅ Scrolled to element Country
[INFO] 18-03-2025 13:38:29 [main] [MethodUtil] - Text Afghanistan is retrieved from country
[INFO] 18-03-2025 13:38:29 [main] [MethodUtil] - ✅ Scrolled to element country
[INFO] 18-03-2025 13:38:30 [main] [MethodUtil] - ✅ Scrolled to element Madhya Pradesh
[INFO] 18-03-2025 13:38:30 [main] [MethodUtil] - ✅ Scrolled to element postal code
[INFO] 18-03-2025 13:38:31 [main] [MethodUtil] - ✅ Scrolled to element vat
[INFO] 18-03-2025 13:40:03 [main] [MethodUtil] - ✅ Scrolled to element Account Button
[INFO] 18-03-2025 13:40:03 [main] [MethodUtil] - ✅ Scrolled to element Sign In
[INFO] 18-03-2025 13:40:13 [main] [MethodUtil] - ✅ Scrolled to element Email
[INFO] 18-03-2025 13:40:13 [main] [MethodUtil] - ✅ Scrolled to element Password
[INFO] 18-03-2025 13:40:14 [main] [MethodUtil] - ✅ Scrolled to element Submit
[INFO] 18-03-2025 13:40:28 [main] [MethodUtil] - ✅ Scrolled to element Account Button
[INFO] 18-03-2025 13:40:29 [main] [MethodUtil] - ✅ Scrolled to element Manage Account
[INFO] 18-03-2025 13:40:30 [main] [MethodUtil] - ✅ Scrolled to element Billing pref
[INFO] 18-03-2025 13:40:31 [main] [MethodUtil] - ✅ Scrolled to element Add Address
[INFO] 18-03-2025 13:40:32 [main] [MethodUtil] - ✅ Scrolled to element BusinessName
[INFO] 18-03-2025 13:40:32 [main] [MethodUtil] - ✅ Scrolled to element Address Name
[INFO] 18-03-2025 13:40:33 [main] [MethodUtil] - ✅ Scrolled to element AddressLine1 
[INFO] 18-03-2025 13:40:33 [main] [MethodUtil] - ✅ Scrolled to element AddressLine2 
[INFO] 18-03-2025 13:40:34 [main] [MethodUtil] - ✅ Scrolled to element cith
[INFO] 18-03-2025 13:40:34 [main] [MethodUtil] - ✅ Scrolled to element Country
[INFO] 18-03-2025 13:40:35 [main] [MethodUtil] - Text Afghanistan is retrieved from country
[INFO] 18-03-2025 13:40:35 [main] [MethodUtil] - ✅ Scrolled to element country
[INFO] 18-03-2025 13:40:36 [main] [MethodUtil] - ✅ Scrolled to element State
[INFO] 18-03-2025 13:40:37 [main] [MethodUtil] - ✅ Scrolled to element postal code
[INFO] 18-03-2025 13:40:37 [main] [MethodUtil] - ✅ Scrolled to element vat
[INFO] 18-03-2025 13:45:36 [main] [MethodUtil] - ✅ Scrolled to element Account Button
[INFO] 18-03-2025 13:45:37 [main] [MethodUtil] - ✅ Scrolled to element Sign In
[INFO] 18-03-2025 13:45:46 [main] [MethodUtil] - ✅ Scrolled to element Email
[INFO] 18-03-2025 13:45:47 [main] [MethodUtil] - ✅ Scrolled to element Password
[INFO] 18-03-2025 13:45:48 [main] [MethodUtil] - ✅ Scrolled to element Submit
[INFO] 18-03-2025 13:46:02 [main] [MethodUtil] - ✅ Scrolled to element Account Button
[INFO] 18-03-2025 13:46:02 [main] [MethodUtil] - ✅ Scrolled to element Manage Account
[INFO] 18-03-2025 13:46:03 [main] [MethodUtil] - ✅ Scrolled to element Billing pref
[INFO] 18-03-2025 13:46:05 [main] [MethodUtil] - ✅ Scrolled to element Add Address
[INFO] 18-03-2025 13:46:05 [main] [MethodUtil] - ✅ Scrolled to element BusinessName
[INFO] 18-03-2025 13:46:06 [main] [MethodUtil] - ✅ Scrolled to element Address Name
[INFO] 18-03-2025 13:46:06 [main] [MethodUtil] - ✅ Scrolled to element AddressLine1 
[INFO] 18-03-2025 13:46:07 [main] [MethodUtil] - ✅ Scrolled to element AddressLine2 
[INFO] 18-03-2025 13:46:08 [main] [MethodUtil] - ✅ Scrolled to element cith
[INFO] 18-03-2025 13:46:08 [main] [MethodUtil] - ✅ Scrolled to element Country
[INFO] 18-03-2025 13:46:09 [main] [MethodUtil] - Text Afghanistan is retrieved from country
[INFO] 18-03-2025 13:46:09 [main] [MethodUtil] - ✅ Scrolled to element country
[INFO] 18-03-2025 13:46:10 [main] [MethodUtil] - ✅ Scrolled to element State
[INFO] 18-03-2025 13:46:10 [main] [MethodUtil] - ✅ Scrolled to element postal code
[INFO] 18-03-2025 13:46:11 [main] [MethodUtil] - ✅ Scrolled to element vat
[INFO] 18-03-2025 13:59:30 [main] [MethodUtil] - ✅ Scrolled to element Account Button
[INFO] 18-03-2025 13:59:31 [main] [MethodUtil] - ✅ Scrolled to element Sign In
[INFO] 18-03-2025 13:59:41 [main] [MethodUtil] - ✅ Scrolled to element Email
[INFO] 18-03-2025 13:59:42 [main] [MethodUtil] - ✅ Scrolled to element Password
[INFO] 18-03-2025 13:59:42 [main] [MethodUtil] - ✅ Scrolled to element Submit
[INFO] 18-03-2025 13:59:57 [main] [MethodUtil] - ✅ Scrolled to element Account Button
[INFO] 18-03-2025 13:59:57 [main] [MethodUtil] - ✅ Scrolled to element Manage Account
[INFO] 18-03-2025 13:59:58 [main] [MethodUtil] - ✅ Scrolled to element Billing pref
[INFO] 18-03-2025 14:00:00 [main] [MethodUtil] - ✅ Scrolled to element Add Address
[INFO] 18-03-2025 14:00:00 [main] [MethodUtil] - ✅ Scrolled to element BusinessName
[INFO] 18-03-2025 14:00:01 [main] [MethodUtil] - ✅ Scrolled to element Address Name
[INFO] 18-03-2025 14:00:01 [main] [MethodUtil] - ✅ Scrolled to element AddressLine1 
[INFO] 18-03-2025 14:00:02 [main] [MethodUtil] - ✅ Scrolled to element AddressLine2 
[INFO] 18-03-2025 14:00:02 [main] [MethodUtil] - ✅ Scrolled to element cith
[INFO] 18-03-2025 14:00:03 [main] [MethodUtil] - ✅ Scrolled to element Country
[INFO] 18-03-2025 14:00:04 [main] [MethodUtil] - Text Afghanistan is retrieved from country
[INFO] 18-03-2025 14:00:04 [main] [MethodUtil] - ✅ Scrolled to element country
[INFO] 18-03-2025 14:00:05 [main] [MethodUtil] - ✅ Scrolled to element State
[INFO] 18-03-2025 14:00:05 [main] [MethodUtil] - ✅ Scrolled to element postal code
[INFO] 18-03-2025 14:00:06 [main] [MethodUtil] - ✅ Scrolled to element vat
[INFO] 18-03-2025 14:00:06 [main] [MethodUtil] - ✅ Scrolled to element Save
[INFO] 18-03-2025 14:07:27 [main] [MethodUtil] - ✅ Scrolled to element Account Button
[INFO] 18-03-2025 14:07:28 [main] [MethodUtil] - ✅ Scrolled to element Sign In
[INFO] 18-03-2025 14:07:37 [main] [MethodUtil] - ✅ Scrolled to element Email
[INFO] 18-03-2025 14:07:38 [main] [MethodUtil] - ✅ Scrolled to element Password
[INFO] 18-03-2025 14:07:38 [main] [MethodUtil] - ✅ Scrolled to element Submit
[INFO] 18-03-2025 14:07:53 [main] [MethodUtil] - ✅ Scrolled to element Account Button
[INFO] 18-03-2025 14:07:53 [main] [MethodUtil] - ✅ Scrolled to element Manage Account
[INFO] 18-03-2025 14:07:54 [main] [MethodUtil] - ✅ Scrolled to element Billing pref
[INFO] 18-03-2025 14:07:55 [main] [MethodUtil] - ✅ Scrolled to element Add Address
[INFO] 18-03-2025 14:07:56 [main] [MethodUtil] - ✅ Scrolled to element BusinessName
[INFO] 18-03-2025 14:07:56 [main] [MethodUtil] - ✅ Scrolled to element Address Name
[INFO] 18-03-2025 14:07:57 [main] [MethodUtil] - ✅ Scrolled to element AddressLine1 
[INFO] 18-03-2025 14:07:57 [main] [MethodUtil] - ✅ Scrolled to element AddressLine2 
[INFO] 18-03-2025 14:07:58 [main] [MethodUtil] - ✅ Scrolled to element cith
[INFO] 18-03-2025 14:07:59 [main] [MethodUtil] - ✅ Scrolled to element Country
[INFO] 18-03-2025 14:08:00 [main] [MethodUtil] - Text Afghanistan is retrieved from country
[INFO] 18-03-2025 14:08:00 [main] [MethodUtil] - ✅ Scrolled to element country
[INFO] 18-03-2025 14:08:00 [main] [MethodUtil] - ✅ Scrolled to element State
[INFO] 18-03-2025 14:08:01 [main] [MethodUtil] - ✅ Scrolled to element postal code
[INFO] 18-03-2025 14:08:01 [main] [MethodUtil] - ✅ Scrolled to element Save
[INFO] 18-03-2025 14:10:32 [main] [MethodUtil] - ✅ Scrolled to element Account Button
[INFO] 18-03-2025 14:10:32 [main] [MethodUtil] - ✅ Scrolled to element Sign In
[INFO] 18-03-2025 14:10:43 [main] [MethodUtil] - ✅ Scrolled to element Email
[INFO] 18-03-2025 14:10:43 [main] [MethodUtil] - ✅ Scrolled to element Password
[INFO] 18-03-2025 14:10:44 [main] [MethodUtil] - ✅ Scrolled to element Submit
[INFO] 18-03-2025 14:10:55 [main] [MethodUtil] - ✅ Scrolled to element Account Button
[INFO] 18-03-2025 14:10:56 [main] [MethodUtil] - ✅ Scrolled to element Manage Account
[INFO] 18-03-2025 14:10:57 [main] [MethodUtil] - ✅ Scrolled to element Billing pref
[INFO] 18-03-2025 14:10:58 [main] [MethodUtil] - ✅ Scrolled to element Add Address
[INFO] 18-03-2025 14:10:58 [main] [MethodUtil] - ✅ Scrolled to element BusinessName
[INFO] 18-03-2025 14:10:59 [main] [MethodUtil] - ✅ Scrolled to element Address Name
[INFO] 18-03-2025 14:10:59 [main] [MethodUtil] - ✅ Scrolled to element AddressLine1 
[INFO] 18-03-2025 14:11:00 [main] [MethodUtil] - ✅ Scrolled to element AddressLine2 
[INFO] 18-03-2025 14:11:00 [main] [MethodUtil] - ✅ Scrolled to element cith
[INFO] 18-03-2025 14:11:01 [main] [MethodUtil] - ✅ Scrolled to element Country
[INFO] 18-03-2025 14:11:02 [main] [MethodUtil] - Text Afghanistan is retrieved from country
[INFO] 18-03-2025 14:11:02 [main] [MethodUtil] - ✅ Scrolled to element country
[INFO] 18-03-2025 14:11:03 [main] [MethodUtil] - ✅ Scrolled to element State
[INFO] 18-03-2025 14:11:03 [main] [MethodUtil] - ✅ Scrolled to element postal code
[INFO] 18-03-2025 14:11:04 [main] [MethodUtil] - ✅ Scrolled to element Save
[INFO] 18-03-2025 14:19:00 [main] [MethodUtil] - ✅ Scrolled to element Account Button
[INFO] 18-03-2025 14:19:01 [main] [MethodUtil] - ✅ Scrolled to element Sign In
[INFO] 18-03-2025 14:19:10 [main] [MethodUtil] - ✅ Scrolled to element Email
[INFO] 18-03-2025 14:19:11 [main] [MethodUtil] - ✅ Scrolled to element Password
[INFO] 18-03-2025 14:19:12 [main] [MethodUtil] - ✅ Scrolled to element Submit
[INFO] 18-03-2025 14:19:23 [main] [MethodUtil] - ✅ Scrolled to element Account Button
[INFO] 18-03-2025 14:19:24 [main] [MethodUtil] - ✅ Scrolled to element Manage Account
[INFO] 18-03-2025 14:19:24 [main] [MethodUtil] - ✅ Scrolled to element Billing pref
[INFO] 18-03-2025 14:19:25 [main] [MethodUtil] - ✅ Scrolled to element Add Address
[INFO] 18-03-2025 14:19:26 [main] [MethodUtil] - ✅ Scrolled to element BusinessName
[INFO] 18-03-2025 14:19:26 [main] [MethodUtil] - ✅ Scrolled to element Address Name
[INFO] 18-03-2025 14:19:27 [main] [MethodUtil] - ✅ Scrolled to element AddressLine1 
[INFO] 18-03-2025 14:19:28 [main] [MethodUtil] - ✅ Scrolled to element AddressLine2 
[INFO] 18-03-2025 14:19:28 [main] [MethodUtil] - ✅ Scrolled to element cith
[INFO] 18-03-2025 14:19:29 [main] [MethodUtil] - ✅ Scrolled to element Country
[INFO] 18-03-2025 14:19:30 [main] [MethodUtil] - Text Afghanistan is retrieved from country
[INFO] 18-03-2025 14:19:30 [main] [MethodUtil] - ✅ Scrolled to element country
[INFO] 18-03-2025 14:19:30 [main] [MethodUtil] - ✅ Scrolled to element State
[INFO] 18-03-2025 14:19:31 [main] [MethodUtil] - ✅ Scrolled to element postal code
[INFO] 18-03-2025 14:19:32 [main] [MethodUtil] - ✅ Scrolled to element Save
[INFO] 18-03-2025 15:16:58 [main] [MethodUtil] - ✅ Scrolled to element Account Button
[INFO] 18-03-2025 15:16:59 [main] [MethodUtil] - ✅ Scrolled to element Sign In
[INFO] 18-03-2025 15:17:08 [main] [MethodUtil] - ✅ Scrolled to element Email
[INFO] 18-03-2025 15:17:09 [main] [MethodUtil] - ✅ Scrolled to element Password
[INFO] 18-03-2025 15:17:09 [main] [MethodUtil] - ✅ Scrolled to element Submit
[INFO] 18-03-2025 15:19:46 [main] [MethodUtil] - ✅ Scrolled to element Account Button
[INFO] 18-03-2025 15:19:47 [main] [MethodUtil] - ✅ Scrolled to element Sign In
[INFO] 18-03-2025 15:19:56 [main] [MethodUtil] - ✅ Scrolled to element Email
[INFO] 18-03-2025 15:19:56 [main] [MethodUtil] - ✅ Scrolled to element Password
[INFO] 18-03-2025 15:19:57 [main] [MethodUtil] - ✅ Scrolled to element Submit
[INFO] 18-03-2025 15:23:08 [main] [MethodUtil] - ✅ Scrolled to element Account Button
[INFO] 18-03-2025 15:23:09 [main] [MethodUtil] - ✅ Scrolled to element Sign In
[INFO] 18-03-2025 15:23:17 [main] [MethodUtil] - ✅ Scrolled to element Email
[INFO] 18-03-2025 15:23:18 [main] [MethodUtil] - ✅ Scrolled to element Password
[INFO] 18-03-2025 15:23:18 [main] [MethodUtil] - ✅ Scrolled to element Submit
[INFO] 18-03-2025 18:12:47 [main] [MethodUtil] - ✅ Scrolled to element Account Button
[INFO] 18-03-2025 18:12:48 [main] [MethodUtil] - ✅ Scrolled to element Sign In
[INFO] 18-03-2025 18:12:58 [main] [MethodUtil] - ✅ Scrolled to element Email
[INFO] 18-03-2025 18:13:00 [main] [MethodUtil] - ✅ Scrolled to element Password
[INFO] 18-03-2025 18:13:01 [main] [MethodUtil] - ✅ Scrolled to element Submit
[INFO] 18-03-2025 18:13:19 [main] [MethodUtil] - ✅ Scrolled to element Approve Button
[INFO] 18-03-2025 18:15:33 [main] [MethodUtil] - ✅ Scrolled to element Account Button
[INFO] 18-03-2025 18:15:34 [main] [MethodUtil] - ✅ Scrolled to element Sign In
[INFO] 18-03-2025 18:15:44 [main] [MethodUtil] - ✅ Scrolled to element Email
[INFO] 18-03-2025 18:15:44 [main] [MethodUtil] - ✅ Scrolled to element Password
[INFO] 18-03-2025 18:15:45 [main] [MethodUtil] - ✅ Scrolled to element Submit
[INFO] 18-03-2025 18:16:02 [main] [MethodUtil] - ✅ Scrolled to element Approve Button
[INFO] 18-03-2025 18:16:23 [main] [MethodUtil] - ✅ Scrolled to element Terms Of Use Checkbox
[INFO] 18-03-2025 18:16:24 [main] [MethodUtil] - ✅ Scrolled to element Approve Quote
[INFO] 18-03-2025 18:16:27 [main] [MethodUtil] - ✅ Scrolled to element Select Address
[INFO] 18-03-2025 18:16:27 [main] [MethodUtil] - ✅ Scrolled to element Next
[INFO] 18-03-2025 18:16:30 [main] [MethodUtil] - ✅ Scrolled to element Next
[INFO] 18-03-2025 18:22:42 [main] [MethodUtil] - ✅ Scrolled to element Account Button
[INFO] 18-03-2025 18:22:43 [main] [MethodUtil] - ✅ Scrolled to element Sign In
[INFO] 18-03-2025 18:22:54 [main] [MethodUtil] - ✅ Scrolled to element Email
[INFO] 18-03-2025 18:22:56 [main] [MethodUtil] - ✅ Scrolled to element Password
[INFO] 18-03-2025 18:22:57 [main] [MethodUtil] - ✅ Scrolled to element Submit
[INFO] 18-03-2025 18:23:15 [main] [MethodUtil] - ✅ Scrolled to element Approve Button
[INFO] 18-03-2025 18:23:37 [main] [MethodUtil] - ✅ Scrolled to element Terms Of Use Checkbox
[INFO] 18-03-2025 18:23:38 [main] [MethodUtil] - ✅ Scrolled to element Approve Quote
[INFO] 18-03-2025 18:23:41 [main] [MethodUtil] - ✅ Scrolled to element Select Address
[INFO] 18-03-2025 18:23:41 [main] [MethodUtil] - ✅ Scrolled to element Next
[INFO] 18-03-2025 18:23:45 [main] [MethodUtil] - ✅ Scrolled to element Next
[INFO] 18-03-2025 18:51:45 [main] [MethodUtil] - ✅ Scrolled to element Account Button
[INFO] 18-03-2025 18:51:46 [main] [MethodUtil] - ✅ Scrolled to element Sign In
[INFO] 18-03-2025 18:51:56 [main] [MethodUtil] - ✅ Scrolled to element Email
[INFO] 18-03-2025 18:51:57 [main] [MethodUtil] - ✅ Scrolled to element Password
[INFO] 18-03-2025 18:51:59 [main] [MethodUtil] - ✅ Scrolled to element Submit
[INFO] 18-03-2025 18:52:17 [main] [MethodUtil] - ✅ Scrolled to element Approve Button
[INFO] 18-03-2025 18:52:39 [main] [MethodUtil] - ✅ Scrolled to element Terms Of Use Checkbox
[INFO] 18-03-2025 18:52:40 [main] [MethodUtil] - ✅ Scrolled to element Approve Quote
[INFO] 18-03-2025 18:52:43 [main] [MethodUtil] - ✅ Scrolled to element Select Address
[INFO] 18-03-2025 18:52:43 [main] [MethodUtil] - ✅ Scrolled to element Next
[INFO] 18-03-2025 18:52:48 [main] [MethodUtil] - ✅ Scrolled to element Next
[INFO] 18-03-2025 19:02:12 [main] [MethodUtil] - ✅ Scrolled to element Account Button
[INFO] 18-03-2025 19:02:13 [main] [MethodUtil] - ✅ Scrolled to element Sign In
[INFO] 18-03-2025 19:02:22 [main] [MethodUtil] - ✅ Scrolled to element Email
[INFO] 18-03-2025 19:02:23 [main] [MethodUtil] - ✅ Scrolled to element Password
[INFO] 18-03-2025 19:02:24 [main] [MethodUtil] - ✅ Scrolled to element Submit
[INFO] 18-03-2025 19:02:37 [main] [MethodUtil] - ✅ Scrolled to element Approve Button
[INFO] 18-03-2025 19:02:59 [main] [MethodUtil] - ✅ Scrolled to element Terms Of Use Checkbox
[INFO] 18-03-2025 19:03:00 [main] [MethodUtil] - ✅ Scrolled to element Approve Quote
[INFO] 18-03-2025 19:03:03 [main] [MethodUtil] - ✅ Scrolled to element Select Address
[INFO] 18-03-2025 19:03:04 [main] [MethodUtil] - ✅ Scrolled to element Next
[INFO] 18-03-2025 19:03:08 [main] [MethodUtil] - ✅ Scrolled to element Next
[INFO] 18-03-2025 19:04:55 [main] [MethodUtil] - ✅ Scrolled to element Account Button
[INFO] 18-03-2025 19:04:56 [main] [MethodUtil] - ✅ Scrolled to element Sign In
[INFO] 18-03-2025 19:05:06 [main] [MethodUtil] - ✅ Scrolled to element Email
[INFO] 18-03-2025 19:05:07 [main] [MethodUtil] - ✅ Scrolled to element Password
[INFO] 18-03-2025 19:05:08 [main] [MethodUtil] - ✅ Scrolled to element Submit
[INFO] 18-03-2025 19:05:22 [main] [MethodUtil] - ✅ Scrolled to element Approve Button
[INFO] 18-03-2025 19:05:42 [main] [MethodUtil] - ✅ Scrolled to element Terms Of Use Checkbox
[INFO] 18-03-2025 19:05:44 [main] [MethodUtil] - ✅ Scrolled to element Approve Quote
[INFO] 18-03-2025 19:05:46 [main] [MethodUtil] - ✅ Scrolled to element Select Address
[INFO] 18-03-2025 19:05:46 [main] [MethodUtil] - ✅ Scrolled to element Next
[INFO] 18-03-2025 19:05:50 [main] [MethodUtil] - ✅ Scrolled to element Next
[INFO] 18-03-2025 19:08:15 [main] [MethodUtil] - ✅ Scrolled to element Account Button
[INFO] 18-03-2025 19:08:16 [main] [MethodUtil] - ✅ Scrolled to element Sign In
[INFO] 18-03-2025 19:08:25 [main] [MethodUtil] - ✅ Scrolled to element Email
[INFO] 18-03-2025 19:08:26 [main] [MethodUtil] - ✅ Scrolled to element Password
[INFO] 18-03-2025 19:08:27 [main] [MethodUtil] - ✅ Scrolled to element Submit
[INFO] 18-03-2025 19:08:41 [main] [MethodUtil] - ✅ Scrolled to element Approve Button
[INFO] 18-03-2025 19:09:01 [main] [MethodUtil] - ✅ Scrolled to element Terms Of Use Checkbox
[INFO] 18-03-2025 19:09:02 [main] [MethodUtil] - ✅ Scrolled to element Approve Quote
[INFO] 18-03-2025 19:09:05 [main] [MethodUtil] - ✅ Scrolled to element Select Address
[INFO] 18-03-2025 19:09:05 [main] [MethodUtil] - ✅ Scrolled to element Next
[INFO] 18-03-2025 19:09:09 [main] [MethodUtil] - ✅ Scrolled to element Next
[INFO] 18-03-2025 19:11:05 [main] [MethodUtil] - ✅ Scrolled to element Account Button
[INFO] 18-03-2025 19:11:05 [main] [MethodUtil] - ✅ Scrolled to element Sign In
[INFO] 18-03-2025 19:11:15 [main] [MethodUtil] - ✅ Scrolled to element Email
[INFO] 18-03-2025 19:11:16 [main] [MethodUtil] - ✅ Scrolled to element Password
[INFO] 18-03-2025 19:11:17 [main] [MethodUtil] - ✅ Scrolled to element Submit
[INFO] 18-03-2025 19:11:33 [main] [MethodUtil] - ✅ Scrolled to element Approve Button
[INFO] 18-03-2025 19:11:54 [main] [MethodUtil] - ✅ Scrolled to element Terms Of Use Checkbox
[INFO] 18-03-2025 19:11:55 [main] [MethodUtil] - ✅ Scrolled to element Approve Quote
[INFO] 18-03-2025 19:11:57 [main] [MethodUtil] - ✅ Scrolled to element Select Address
[INFO] 18-03-2025 19:11:58 [main] [MethodUtil] - ✅ Scrolled to element Next
[INFO] 18-03-2025 19:12:01 [main] [MethodUtil] - ✅ Scrolled to element Next
[INFO] 18-03-2025 19:14:04 [main] [MethodUtil] - ✅ Scrolled to element Account Button
[INFO] 18-03-2025 19:14:05 [main] [MethodUtil] - ✅ Scrolled to element Sign In
[INFO] 18-03-2025 19:14:14 [main] [MethodUtil] - ✅ Scrolled to element Email
[INFO] 18-03-2025 19:14:15 [main] [MethodUtil] - ✅ Scrolled to element Password
[INFO] 18-03-2025 19:14:16 [main] [MethodUtil] - ✅ Scrolled to element Submit
[INFO] 18-03-2025 19:14:33 [main] [MethodUtil] - ✅ Scrolled to element Approve Button
[INFO] 18-03-2025 19:14:53 [main] [MethodUtil] - ✅ Scrolled to element Terms Of Use Checkbox
[INFO] 18-03-2025 19:14:55 [main] [MethodUtil] - ✅ Scrolled to element Approve Quote
[INFO] 18-03-2025 19:14:57 [main] [MethodUtil] - ✅ Scrolled to element Select Address
[INFO] 18-03-2025 19:14:57 [main] [MethodUtil] - ✅ Scrolled to element Next
[INFO] 18-03-2025 19:15:01 [main] [MethodUtil] - ✅ Scrolled to element Next
[INFO] 18-03-2025 19:16:05 [main] [MethodUtil] - ✅ Scrolled to element Account Button
[INFO] 18-03-2025 19:16:07 [main] [MethodUtil] - ✅ Scrolled to element Sign In
[INFO] 18-03-2025 19:16:17 [main] [MethodUtil] - ✅ Scrolled to element Email
[INFO] 18-03-2025 19:16:19 [main] [MethodUtil] - ✅ Scrolled to element Password
[INFO] 18-03-2025 19:16:20 [main] [MethodUtil] - ✅ Scrolled to element Submit
[INFO] 18-03-2025 19:16:39 [main] [MethodUtil] - ✅ Scrolled to element Approve Button
[INFO] 18-03-2025 19:17:00 [main] [MethodUtil] - ✅ Scrolled to element Terms Of Use Checkbox
[INFO] 18-03-2025 19:17:02 [main] [MethodUtil] - ✅ Scrolled to element Approve Quote
[INFO] 18-03-2025 19:17:04 [main] [MethodUtil] - ✅ Scrolled to element Select Address
[INFO] 18-03-2025 19:17:05 [main] [MethodUtil] - ✅ Scrolled to element Next
[INFO] 18-03-2025 19:17:10 [main] [MethodUtil] - ✅ Scrolled to element Next
