16:29:32.616 [ApplicationImpl pooled thread 59] INFO  c.b.l.BrowserStackRunExtension - testng
16:29:32.621 [ApplicationImpl pooled thread 59] INFO  com.browserstack.utils.Helpers - null
16:29:32.622 [ApplicationImpl pooled thread 59] INFO  c.b.l.BrowserStackRunExtension - Agent path: null
16:51:46.728 [ApplicationImpl pooled thread 66] INFO  c.b.l.BrowserStackRunExtension - testng
16:51:46.728 [ApplicationImpl pooled thread 66] INFO  com.browserstack.utils.Helpers - null
16:51:46.729 [ApplicationImpl pooled thread 66] INFO  c.b.l.BrowserStackRunExtension - Agent path: null
17:39:14.118 [ApplicationImpl pooled thread 76] INFO  c.b.l.BrowserStackRunExtension - testng
17:39:14.119 [ApplicationImpl pooled thread 76] INFO  com.browserstack.utils.Helpers - null
17:39:14.119 [ApplicationImpl pooled thread 76] INFO  c.b.l.BrowserStackRunExtension - Agent path: null
17:55:52.826 [ApplicationImpl pooled thread 3] INFO  c.b.l.BrowserStackRunExtension - testng
17:55:52.826 [ApplicationImpl pooled thread 3] INFO  com.browserstack.utils.Helpers - null
17:55:52.826 [ApplicationImpl pooled thread 3] INFO  c.b.l.BrowserStackRunExtension - Agent path: null
15:53:50.606 [ApplicationImpl pooled thread 5] INFO  c.b.l.BrowserStackRunExtension - testng
15:53:50.609 [ApplicationImpl pooled thread 5] INFO  com.browserstack.utils.Helpers - null
15:53:50.612 [ApplicationImpl pooled thread 5] INFO  c.b.l.BrowserStackRunExtension - Agent path: null
16:12:47.242 [ApplicationImpl pooled thread 8] INFO  c.b.l.BrowserStackRunExtension - testng
16:12:47.243 [ApplicationImpl pooled thread 8] INFO  com.browserstack.utils.Helpers - null
16:12:47.243 [ApplicationImpl pooled thread 8] INFO  c.b.l.BrowserStackRunExtension - Agent path: null
16:20:44.452 [ApplicationImpl pooled thread 21] INFO  c.b.l.BrowserStackRunExtension - testng
16:20:44.452 [ApplicationImpl pooled thread 21] INFO  com.browserstack.utils.Helpers - null
16:20:44.458 [ApplicationImpl pooled thread 21] INFO  c.b.l.BrowserStackRunExtension - Agent path: null
16:43:08.677 [ApplicationImpl pooled thread 33] INFO  c.b.l.BrowserStackRunExtension - testng
16:43:08.677 [ApplicationImpl pooled thread 33] INFO  com.browserstack.utils.Helpers - null
16:43:08.677 [ApplicationImpl pooled thread 33] INFO  c.b.l.BrowserStackRunExtension - Agent path: null
16:50:07.262 [ApplicationImpl pooled thread 32] INFO  c.b.l.BrowserStackRunExtension - testng
16:50:07.262 [ApplicationImpl pooled thread 32] INFO  com.browserstack.utils.Helpers - null
16:50:07.263 [ApplicationImpl pooled thread 32] INFO  c.b.l.BrowserStackRunExtension - Agent path: null
16:52:06.414 [ApplicationImpl pooled thread 32] INFO  c.b.l.BrowserStackRunExtension - testng
16:52:06.415 [ApplicationImpl pooled thread 32] INFO  com.browserstack.utils.Helpers - null
16:52:06.415 [ApplicationImpl pooled thread 32] INFO  c.b.l.BrowserStackRunExtension - Agent path: null
17:00:22.711 [ApplicationImpl pooled thread 34] INFO  c.b.l.BrowserStackRunExtension - testng
17:00:22.711 [ApplicationImpl pooled thread 34] INFO  com.browserstack.utils.Helpers - null
17:00:22.711 [ApplicationImpl pooled thread 34] INFO  c.b.l.BrowserStackRunExtension - Agent path: null
17:02:28.990 [ApplicationImpl pooled thread 43] INFO  c.b.l.BrowserStackRunExtension - testng
17:02:28.990 [ApplicationImpl pooled thread 43] INFO  com.browserstack.utils.Helpers - null
17:02:28.990 [ApplicationImpl pooled thread 43] INFO  c.b.l.BrowserStackRunExtension - Agent path: null
17:04:19.174 [ApplicationImpl pooled thread 49] INFO  c.b.l.BrowserStackRunExtension - testng
17:04:19.174 [ApplicationImpl pooled thread 49] INFO  com.browserstack.utils.Helpers - null
17:04:19.174 [ApplicationImpl pooled thread 49] INFO  c.b.l.BrowserStackRunExtension - Agent path: null
17:07:02.535 [ApplicationImpl pooled thread 52] INFO  c.b.l.BrowserStackRunExtension - testng
17:07:02.535 [ApplicationImpl pooled thread 52] INFO  com.browserstack.utils.Helpers - null
17:07:02.546 [ApplicationImpl pooled thread 52] INFO  c.b.l.BrowserStackRunExtension - Agent path: null
17:10:20.397 [ApplicationImpl pooled thread 47] INFO  c.b.l.BrowserStackRunExtension - testng
17:10:20.397 [ApplicationImpl pooled thread 47] INFO  com.browserstack.utils.Helpers - null
17:10:20.423 [ApplicationImpl pooled thread 47] INFO  c.b.l.BrowserStackRunExtension - Agent path: null
17:13:52.288 [ApplicationImpl pooled thread 55] INFO  c.b.l.BrowserStackRunExtension - testng
17:13:52.288 [ApplicationImpl pooled thread 55] INFO  com.browserstack.utils.Helpers - null
17:13:52.288 [ApplicationImpl pooled thread 55] INFO  c.b.l.BrowserStackRunExtension - Agent path: null
17:30:23.451 [ApplicationImpl pooled thread 57] INFO  c.b.l.BrowserStackRunExtension - testng
17:30:23.451 [ApplicationImpl pooled thread 57] INFO  com.browserstack.utils.Helpers - null
17:30:23.451 [ApplicationImpl pooled thread 57] INFO  c.b.l.BrowserStackRunExtension - Agent path: null
17:37:24.413 [ApplicationImpl pooled thread 71] INFO  c.b.l.BrowserStackRunExtension - testng
17:37:24.414 [ApplicationImpl pooled thread 71] INFO  com.browserstack.utils.Helpers - null
17:37:24.414 [ApplicationImpl pooled thread 71] INFO  c.b.l.BrowserStackRunExtension - Agent path: null
18:01:25.707 [ApplicationImpl pooled thread 79] INFO  c.b.l.BrowserStackRunExtension - testng
18:01:25.707 [ApplicationImpl pooled thread 79] INFO  com.browserstack.utils.Helpers - null
18:01:25.707 [ApplicationImpl pooled thread 79] INFO  c.b.l.BrowserStackRunExtension - Agent path: null
18:01:32.472 [ApplicationImpl pooled thread 80] INFO  c.b.l.BrowserStackRunExtension - testng
18:01:32.472 [ApplicationImpl pooled thread 80] INFO  com.browserstack.utils.Helpers - null
18:01:32.472 [ApplicationImpl pooled thread 80] INFO  c.b.l.BrowserStackRunExtension - Agent path: null
18:13:47.468 [ApplicationImpl pooled thread 73] INFO  c.b.l.BrowserStackRunExtension - testng
18:13:47.468 [ApplicationImpl pooled thread 73] INFO  com.browserstack.utils.Helpers - null
18:13:47.468 [ApplicationImpl pooled thread 73] INFO  c.b.l.BrowserStackRunExtension - Agent path: null
10:32:03.500 [ApplicationImpl pooled thread 6] INFO  c.b.l.BrowserStackRunExtension - testng
10:32:03.504 [ApplicationImpl pooled thread 6] INFO  com.browserstack.utils.Helpers - null
10:32:03.507 [ApplicationImpl pooled thread 6] INFO  c.b.l.BrowserStackRunExtension - Agent path: null
10:47:04.370 [ApplicationImpl pooled thread 6] INFO  c.b.l.BrowserStackRunExtension - testng
10:47:04.370 [ApplicationImpl pooled thread 6] INFO  com.browserstack.utils.Helpers - null
10:47:04.371 [ApplicationImpl pooled thread 6] INFO  c.b.l.BrowserStackRunExtension - Agent path: null
11:00:40.723 [ApplicationImpl pooled thread 32] INFO  c.b.l.BrowserStackRunExtension - testng
11:00:40.723 [ApplicationImpl pooled thread 32] INFO  com.browserstack.utils.Helpers - null
11:00:40.724 [ApplicationImpl pooled thread 32] INFO  c.b.l.BrowserStackRunExtension - Agent path: null
11:08:50.900 [ApplicationImpl pooled thread 32] INFO  c.b.l.BrowserStackRunExtension - testng
11:08:50.901 [ApplicationImpl pooled thread 32] INFO  com.browserstack.utils.Helpers - null
11:08:50.902 [ApplicationImpl pooled thread 32] INFO  c.b.l.BrowserStackRunExtension - Agent path: null
11:12:09.535 [ApplicationImpl pooled thread 39] INFO  c.b.l.BrowserStackRunExtension - testng
11:12:09.535 [ApplicationImpl pooled thread 39] INFO  com.browserstack.utils.Helpers - null
11:12:09.536 [ApplicationImpl pooled thread 39] INFO  c.b.l.BrowserStackRunExtension - Agent path: null
11:22:17.943 [ApplicationImpl pooled thread 47] INFO  c.b.l.BrowserStackRunExtension - testng
11:22:17.943 [ApplicationImpl pooled thread 47] INFO  com.browserstack.utils.Helpers - null
11:22:17.944 [ApplicationImpl pooled thread 47] INFO  c.b.l.BrowserStackRunExtension - Agent path: null
11:24:07.180 [ApplicationImpl pooled thread 52] INFO  c.b.l.BrowserStackRunExtension - testng
11:24:07.181 [ApplicationImpl pooled thread 52] INFO  com.browserstack.utils.Helpers - null
11:24:07.181 [ApplicationImpl pooled thread 52] INFO  c.b.l.BrowserStackRunExtension - Agent path: null
11:26:56.908 [ApplicationImpl pooled thread 52] INFO  c.b.l.BrowserStackRunExtension - testng
11:26:56.908 [ApplicationImpl pooled thread 52] INFO  com.browserstack.utils.Helpers - null
11:26:56.908 [ApplicationImpl pooled thread 52] INFO  c.b.l.BrowserStackRunExtension - Agent path: null
11:30:12.321 [ApplicationImpl pooled thread 39] INFO  c.b.l.BrowserStackRunExtension - testng
11:30:12.321 [ApplicationImpl pooled thread 39] INFO  com.browserstack.utils.Helpers - null
11:30:12.321 [ApplicationImpl pooled thread 39] INFO  c.b.l.BrowserStackRunExtension - Agent path: null
11:32:00.940 [ApplicationImpl pooled thread 55] INFO  c.b.l.BrowserStackRunExtension - testng
11:32:00.940 [ApplicationImpl pooled thread 55] INFO  com.browserstack.utils.Helpers - null
11:32:00.941 [ApplicationImpl pooled thread 55] INFO  c.b.l.BrowserStackRunExtension - Agent path: null
11:33:56.675 [ApplicationImpl pooled thread 55] INFO  c.b.l.BrowserStackRunExtension - testng
11:33:56.675 [ApplicationImpl pooled thread 55] INFO  com.browserstack.utils.Helpers - null
11:33:56.691 [ApplicationImpl pooled thread 55] INFO  c.b.l.BrowserStackRunExtension - Agent path: null
11:37:15.403 [ApplicationImpl pooled thread 59] INFO  c.b.l.BrowserStackRunExtension - testng
11:37:15.403 [ApplicationImpl pooled thread 59] INFO  com.browserstack.utils.Helpers - null
11:37:15.403 [ApplicationImpl pooled thread 59] INFO  c.b.l.BrowserStackRunExtension - Agent path: null
11:41:34.518 [ApplicationImpl pooled thread 59] INFO  c.b.l.BrowserStackRunExtension - testng
11:41:34.518 [ApplicationImpl pooled thread 59] INFO  com.browserstack.utils.Helpers - null
11:41:34.521 [ApplicationImpl pooled thread 59] INFO  c.b.l.BrowserStackRunExtension - Agent path: null
11:46:32.488 [ApplicationImpl pooled thread 68] INFO  c.b.l.BrowserStackRunExtension - testng
11:46:32.488 [ApplicationImpl pooled thread 68] INFO  com.browserstack.utils.Helpers - null
11:46:32.490 [ApplicationImpl pooled thread 68] INFO  c.b.l.BrowserStackRunExtension - Agent path: null
11:47:36.561 [ApplicationImpl pooled thread 47] INFO  c.b.l.BrowserStackRunExtension - testng
11:47:36.561 [ApplicationImpl pooled thread 47] INFO  com.browserstack.utils.Helpers - null
11:47:36.573 [ApplicationImpl pooled thread 47] INFO  c.b.l.BrowserStackRunExtension - Agent path: null
11:55:00.247 [ApplicationImpl pooled thread 68] INFO  c.b.l.BrowserStackRunExtension - testng
11:55:00.247 [ApplicationImpl pooled thread 68] INFO  com.browserstack.utils.Helpers - null
11:55:00.255 [ApplicationImpl pooled thread 68] INFO  c.b.l.BrowserStackRunExtension - Agent path: null
11:58:10.216 [ApplicationImpl pooled thread 68] INFO  c.b.l.BrowserStackRunExtension - testng
11:58:10.216 [ApplicationImpl pooled thread 68] INFO  com.browserstack.utils.Helpers - null
11:58:10.216 [ApplicationImpl pooled thread 68] INFO  c.b.l.BrowserStackRunExtension - Agent path: null
12:01:28.494 [ApplicationImpl pooled thread 74] INFO  c.b.l.BrowserStackRunExtension - testng
12:01:28.494 [ApplicationImpl pooled thread 74] INFO  com.browserstack.utils.Helpers - null
12:01:28.508 [ApplicationImpl pooled thread 74] INFO  c.b.l.BrowserStackRunExtension - Agent path: null
12:03:15.168 [ApplicationImpl pooled thread 79] INFO  c.b.l.BrowserStackRunExtension - testng
12:03:15.168 [ApplicationImpl pooled thread 79] INFO  com.browserstack.utils.Helpers - null
12:03:15.168 [ApplicationImpl pooled thread 79] INFO  c.b.l.BrowserStackRunExtension - Agent path: null
12:04:35.625 [ApplicationImpl pooled thread 74] INFO  c.b.l.BrowserStackRunExtension - testng
12:04:35.625 [ApplicationImpl pooled thread 74] INFO  com.browserstack.utils.Helpers - null
12:04:35.625 [ApplicationImpl pooled thread 74] INFO  c.b.l.BrowserStackRunExtension - Agent path: null
12:06:35.718 [ApplicationImpl pooled thread 83] INFO  c.b.l.BrowserStackRunExtension - testng
12:06:35.719 [ApplicationImpl pooled thread 83] INFO  com.browserstack.utils.Helpers - null
12:06:35.719 [ApplicationImpl pooled thread 83] INFO  c.b.l.BrowserStackRunExtension - Agent path: null
12:07:53.975 [ApplicationImpl pooled thread 74] INFO  c.b.l.BrowserStackRunExtension - testng
12:07:53.975 [ApplicationImpl pooled thread 74] INFO  com.browserstack.utils.Helpers - null
12:07:53.976 [ApplicationImpl pooled thread 74] INFO  c.b.l.BrowserStackRunExtension - Agent path: null
12:11:12.884 [ApplicationImpl pooled thread 90] INFO  c.b.l.BrowserStackRunExtension - testng
12:11:12.885 [ApplicationImpl pooled thread 90] INFO  com.browserstack.utils.Helpers - null
12:11:12.892 [ApplicationImpl pooled thread 90] INFO  c.b.l.BrowserStackRunExtension - Agent path: null
12:13:10.719 [ApplicationImpl pooled thread 74] INFO  c.b.l.BrowserStackRunExtension - testng
12:13:10.719 [ApplicationImpl pooled thread 74] INFO  com.browserstack.utils.Helpers - null
12:13:10.722 [ApplicationImpl pooled thread 74] INFO  c.b.l.BrowserStackRunExtension - Agent path: null
12:16:10.718 [ApplicationImpl pooled thread 89] INFO  c.b.l.BrowserStackRunExtension - testng
12:16:10.718 [ApplicationImpl pooled thread 89] INFO  com.browserstack.utils.Helpers - null
12:16:10.718 [ApplicationImpl pooled thread 89] INFO  c.b.l.BrowserStackRunExtension - Agent path: null
12:18:57.333 [ApplicationImpl pooled thread 97] INFO  c.b.l.BrowserStackRunExtension - testng
12:18:57.334 [ApplicationImpl pooled thread 97] INFO  com.browserstack.utils.Helpers - null
12:18:57.345 [ApplicationImpl pooled thread 97] INFO  c.b.l.BrowserStackRunExtension - Agent path: null
12:20:43.922 [ApplicationImpl pooled thread 99] INFO  c.b.l.BrowserStackRunExtension - testng
12:20:43.922 [ApplicationImpl pooled thread 99] INFO  com.browserstack.utils.Helpers - null
12:20:43.922 [ApplicationImpl pooled thread 99] INFO  c.b.l.BrowserStackRunExtension - Agent path: null
12:22:01.142 [ApplicationImpl pooled thread 97] INFO  c.b.l.BrowserStackRunExtension - testng
12:22:01.142 [ApplicationImpl pooled thread 97] INFO  com.browserstack.utils.Helpers - null
12:22:01.143 [ApplicationImpl pooled thread 97] INFO  c.b.l.BrowserStackRunExtension - Agent path: null
12:23:52.657 [ApplicationImpl pooled thread 105] INFO  c.b.l.BrowserStackRunExtension - testng
12:23:52.657 [ApplicationImpl pooled thread 105] INFO  com.browserstack.utils.Helpers - null
12:23:52.664 [ApplicationImpl pooled thread 105] INFO  c.b.l.BrowserStackRunExtension - Agent path: null
12:32:50.478 [ApplicationImpl pooled thread 116] INFO  c.b.l.BrowserStackRunExtension - testng
12:32:50.478 [ApplicationImpl pooled thread 116] INFO  com.browserstack.utils.Helpers - null
12:32:50.479 [ApplicationImpl pooled thread 116] INFO  c.b.l.BrowserStackRunExtension - Agent path: null
13:02:05.345 [ApplicationImpl pooled thread 124] INFO  c.b.l.BrowserStackRunExtension - testng
13:02:05.345 [ApplicationImpl pooled thread 124] INFO  com.browserstack.utils.Helpers - null
13:02:05.345 [ApplicationImpl pooled thread 124] INFO  c.b.l.BrowserStackRunExtension - Agent path: null
13:04:03.719 [ApplicationImpl pooled thread 124] INFO  c.b.l.BrowserStackRunExtension - testng
13:04:03.719 [ApplicationImpl pooled thread 124] INFO  com.browserstack.utils.Helpers - null
13:04:03.719 [ApplicationImpl pooled thread 124] INFO  c.b.l.BrowserStackRunExtension - Agent path: null
13:05:25.407 [ApplicationImpl pooled thread 128] INFO  c.b.l.BrowserStackRunExtension - testng
13:05:25.407 [ApplicationImpl pooled thread 128] INFO  com.browserstack.utils.Helpers - null
13:05:25.422 [ApplicationImpl pooled thread 128] INFO  c.b.l.BrowserStackRunExtension - Agent path: null
13:08:13.565 [ApplicationImpl pooled thread 128] INFO  c.b.l.BrowserStackRunExtension - testng
13:08:13.565 [ApplicationImpl pooled thread 128] INFO  com.browserstack.utils.Helpers - null
13:08:13.572 [ApplicationImpl pooled thread 128] INFO  c.b.l.BrowserStackRunExtension - Agent path: null
13:09:12.408 [ApplicationImpl pooled thread 133] INFO  c.b.l.BrowserStackRunExtension - testng
13:09:12.408 [ApplicationImpl pooled thread 133] INFO  com.browserstack.utils.Helpers - null
13:09:12.408 [ApplicationImpl pooled thread 133] INFO  c.b.l.BrowserStackRunExtension - Agent path: null
13:10:29.150 [ApplicationImpl pooled thread 141] INFO  c.b.l.BrowserStackRunExtension - testng
13:10:29.150 [ApplicationImpl pooled thread 141] INFO  com.browserstack.utils.Helpers - null
13:10:29.153 [ApplicationImpl pooled thread 141] INFO  c.b.l.BrowserStackRunExtension - Agent path: null
13:15:35.923 [ApplicationImpl pooled thread 151] INFO  c.b.l.BrowserStackRunExtension - testng
13:15:35.923 [ApplicationImpl pooled thread 151] INFO  com.browserstack.utils.Helpers - null
13:15:35.923 [ApplicationImpl pooled thread 151] INFO  c.b.l.BrowserStackRunExtension - Agent path: null
13:17:53.785 [ApplicationImpl pooled thread 147] INFO  c.b.l.BrowserStackRunExtension - testng
13:17:53.785 [ApplicationImpl pooled thread 147] INFO  com.browserstack.utils.Helpers - null
13:17:53.786 [ApplicationImpl pooled thread 147] INFO  c.b.l.BrowserStackRunExtension - Agent path: null
13:23:14.446 [ApplicationImpl pooled thread 152] INFO  c.b.l.BrowserStackRunExtension - testng
13:23:14.446 [ApplicationImpl pooled thread 152] INFO  com.browserstack.utils.Helpers - null
13:23:14.451 [ApplicationImpl pooled thread 152] INFO  c.b.l.BrowserStackRunExtension - Agent path: null
13:25:34.447 [ApplicationImpl pooled thread 133] INFO  c.b.l.BrowserStackRunExtension - testng
13:25:34.448 [ApplicationImpl pooled thread 133] INFO  com.browserstack.utils.Helpers - null
13:25:34.448 [ApplicationImpl pooled thread 133] INFO  c.b.l.BrowserStackRunExtension - Agent path: null
13:27:08.285 [ApplicationImpl pooled thread 157] INFO  c.b.l.BrowserStackRunExtension - testng
13:27:08.285 [ApplicationImpl pooled thread 157] INFO  com.browserstack.utils.Helpers - null
13:27:08.286 [ApplicationImpl pooled thread 157] INFO  c.b.l.BrowserStackRunExtension - Agent path: null
13:29:05.593 [ApplicationImpl pooled thread 157] INFO  c.b.l.BrowserStackRunExtension - testng
13:29:05.594 [ApplicationImpl pooled thread 157] INFO  com.browserstack.utils.Helpers - null
13:29:05.595 [ApplicationImpl pooled thread 157] INFO  c.b.l.BrowserStackRunExtension - Agent path: null
13:41:00.941 [ApplicationImpl pooled thread 162] INFO  c.b.l.BrowserStackRunExtension - testng
13:41:00.941 [ApplicationImpl pooled thread 162] INFO  com.browserstack.utils.Helpers - null
13:41:00.942 [ApplicationImpl pooled thread 162] INFO  c.b.l.BrowserStackRunExtension - Agent path: null
13:50:56.972 [ApplicationImpl pooled thread 173] INFO  c.b.l.BrowserStackRunExtension - testng
13:50:56.973 [ApplicationImpl pooled thread 173] INFO  com.browserstack.utils.Helpers - null
13:50:56.974 [ApplicationImpl pooled thread 173] INFO  c.b.l.BrowserStackRunExtension - Agent path: null
13:52:30.904 [ApplicationImpl pooled thread 173] INFO  c.b.l.BrowserStackRunExtension - testng
13:52:30.904 [ApplicationImpl pooled thread 173] INFO  com.browserstack.utils.Helpers - null
13:52:30.904 [ApplicationImpl pooled thread 173] INFO  c.b.l.BrowserStackRunExtension - Agent path: null
13:55:05.457 [ApplicationImpl pooled thread 183] INFO  c.b.l.BrowserStackRunExtension - testng
13:55:05.457 [ApplicationImpl pooled thread 183] INFO  com.browserstack.utils.Helpers - null
13:55:05.458 [ApplicationImpl pooled thread 183] INFO  c.b.l.BrowserStackRunExtension - Agent path: null
14:06:00.349 [ApplicationImpl pooled thread 186] INFO  c.b.l.BrowserStackRunExtension - testng
14:06:00.349 [ApplicationImpl pooled thread 186] INFO  com.browserstack.utils.Helpers - null
14:06:00.350 [ApplicationImpl pooled thread 186] INFO  c.b.l.BrowserStackRunExtension - Agent path: null
14:07:09.767 [ApplicationImpl pooled thread 188] INFO  c.b.l.BrowserStackRunExtension - testng
14:07:09.767 [ApplicationImpl pooled thread 188] INFO  com.browserstack.utils.Helpers - null
14:07:09.776 [ApplicationImpl pooled thread 188] INFO  c.b.l.BrowserStackRunExtension - Agent path: null
15:12:22.655 [ApplicationImpl pooled thread 201] INFO  c.b.l.BrowserStackRunExtension - testng
15:12:22.655 [ApplicationImpl pooled thread 201] INFO  com.browserstack.utils.Helpers - null
15:12:22.656 [ApplicationImpl pooled thread 201] INFO  c.b.l.BrowserStackRunExtension - Agent path: null
15:20:01.816 [AWT-EventQueue-0] INFO  c.b.actions.DisableBrowserStack - Setting disable browserstack run update
15:20:01.833 [AWT-EventQueue-0] INFO  c.b.actions.EnableBrowserStack - Setting enable browserstack run update
15:22:03.535 [AWT-EventQueue-0] INFO  c.b.actions.EnableBrowserStack - Setting enable browserstack run update
15:22:03.558 [AWT-EventQueue-0] INFO  c.b.actions.DisableBrowserStack - Setting disable browserstack run update
